#
# There is insufficient memory for the Java Runtime Environment to continue.
# Native memory allocation (mmap) failed to map 1048576 bytes for G1 virtual space
# Possible reasons:
#   The system is out of physical RAM or swap space
#   The process is running with CompressedOops enabled, and the Java Heap may be blocking the growth of the native heap
# Possible solutions:
#   Reduce memory load on the system
#   Increase physical memory or swap space
#   Check if swap backing store is full
#   Decrease Java heap size (-Xmx/-Xms)
#   Decrease number of Java threads
#   Decrease Java thread stack sizes (-Xss)
#   Set larger code cache with -XX:ReservedCodeCacheSize=
#   JVM is running with Unscaled Compressed Oops mode in which the Java heap is
#     placed in the first 4GB address space. The Java Heap base address is the
#     maximum limit for the native heap growth. Please use -XX:HeapBaseMinAddress
#     to set the Java Heap base and to place the Java Heap above 4GB virtual address.
# This output file may be truncated or incomplete.
#
#  Out of Memory Error (os_windows.cpp:3548), pid=9608, tid=15160
#
# JRE version: Java(TM) SE Runtime Environment (17.0.12+8) (build 17.0.12+8-LTS-286)
# Java VM: Java HotSpot(TM) 64-Bit Server VM (17.0.12+8-LTS-286, mixed mode, emulated-client, sharing, tiered, compressed oops, compressed class ptrs, g1 gc, windows-amd64)
# No core dump will be written. Minidumps are not enabled by default on client versions of Windows
#

---------------  S U M M A R Y ------------

Command Line: -XX:TieredStopAtLevel=1 com.ai_service.AiServiceApplication

Host: Intel(R) Core(TM) i5-8250U CPU @ 1.60GHz, 8 cores, 7G,  Windows 10 , 64 bit Build 19041 (10.0.19041.7663)
Time: Sun Aug 23 17:58:35 2026 India Standard Time elapsed time: 10.745880 seconds (0d 0h 0m 10s)

---------------  T H R E A D  ---------------

Current thread (0x0000025f87240780):  JavaThread "main" [_thread_in_vm, id=15160, stack(0x000000a502300000,0x000000a502400000)]

Stack: [0x000000a502300000,0x000000a502400000]
Native frames: (J=compiled Java code, j=interpreted, Vv=VM code, C=native code)
V  [jvm.dll+0x67a04a]
V  [jvm.dll+0x7da4ed]
V  [jvm.dll+0x7dbe33]
V  [jvm.dll+0x7dc4a3]
V  [jvm.dll+0x24508f]
V  [jvm.dll+0x677089]
V  [jvm.dll+0x66bd32]
V  [jvm.dll+0x301fa6]
V  [jvm.dll+0x309546]
V  [jvm.dll+0x359a0b]
V  [jvm.dll+0x35a044]
V  [jvm.dll+0x359bf6]
V  [jvm.dll+0x2d95b4]
V  [jvm.dll+0x2d5686]
V  [jvm.dll+0x60f093]
V  [jvm.dll+0x20e515]
V  [jvm.dll+0x7a4f56]
V  [jvm.dll+0x186a4e]
C  0x0000025f8ebe42f2

Java frames: (J=compiled Java code, j=interpreted, Vv=VM code)
v  ~RuntimeStub::new_type_array Runtime1 stub
J 897 c1 java.io.ByteArrayOutputStream.write([BII)V java.base@17.0.12 (43 bytes) @ 0x0000025f8edeb476 [0x0000025f8edeb0e0+0x0000000000000396]
J 4479% c1 dev.langchain4j.model.embedding.onnx.OnnxBertBiEncoder.loadModel(Ljava/io/InputStream;)[B (139 bytes) @ 0x0000025f8eebad8c [0x0000025f8eebac00+0x000000000000018c]
j  dev.langchain4j.model.embedding.onnx.OnnxBertBiEncoder.<init>(Ljava/io/InputStream;Ljava/io/InputStream;Ldev/langchain4j/model/embedding/onnx/PoolingMode;)V+18
j  dev.langchain4j.model.embedding.onnx.AbstractInProcessEmbeddingModel.loadFromJar(Ljava/lang/String;Ljava/lang/String;Ldev/langchain4j/model/embedding/onnx/PoolingMode;)Ldev/langchain4j/model/embedding/onnx/OnnxBertBiEncoder;+31
j  dev.langchain4j.model.embedding.onnx.allminilml6v2.AllMiniLmL6V2EmbeddingModel.<clinit>()V+7
v  ~StubRoutines::call_stub
j  com.ai_service.config.RagConfig.embeddingModel()Ldev/langchain4j/model/embedding/EmbeddingModel;+0
j  com.ai_service.config.RagConfig$$SpringCGLIB$$0.CGLIB$embeddingModel$0()Ldev/langchain4j/model/embedding/EmbeddingModel;+1
j  com.ai_service.config.RagConfig$$SpringCGLIB$$FastClass$$1.invoke(ILjava/lang/Object;[Ljava/lang/Object;)Ljava/lang/Object;+151
j  org.springframework.cglib.proxy.MethodProxy.invokeSuper(Ljava/lang/Object;[Ljava/lang/Object;)Ljava/lang/Object;+19
j  org.springframework.context.annotation.ConfigurationClassEnhancer$BeanMethodInterceptor.intercept(Ljava/lang/Object;Ljava/lang/reflect/Method;[Ljava/lang/Object;Lorg/springframework/cglib/proxy/MethodProxy;)Ljava/lang/Object;+181
j  com.ai_service.config.RagConfig$$SpringCGLIB$$0.embeddingModel()Ldev/langchain4j/model/embedding/EmbeddingModel;+31
v  ~StubRoutines::call_stub
j  jdk.internal.reflect.NativeMethodAccessorImpl.invoke0(Ljava/lang/reflect/Method;Ljava/lang/Object;[Ljava/lang/Object;)Ljava/lang/Object;+0 java.base@17.0.12
j  jdk.internal.reflect.NativeMethodAccessorImpl.invoke(Ljava/lang/Object;[Ljava/lang/Object;)Ljava/lang/Object;+133 java.base@17.0.12
j  jdk.internal.reflect.DelegatingMethodAccessorImpl.invoke(Ljava/lang/Object;[Ljava/lang/Object;)Ljava/lang/Object;+6 java.base@17.0.12
j  java.lang.reflect.Method.invoke(Ljava/lang/Object;[Ljava/lang/Object;)Ljava/lang/Object;+59 java.base@17.0.12
j  org.springframework.beans.factory.support.SimpleInstantiationStrategy.lambda$instantiate$0(Ljava/lang/reflect/Method;Ljava/lang/Object;[Ljava/lang/Object;Lorg/springframework/beans/factory/support/RootBeanDefinition;Lorg/springframework/beans/factory/BeanFactory;)Ljava/lang/Object;+7
j  org.springframework.beans.factory.support.SimpleInstantiationStrategy$$Lambda$948+0x0000025f9b4ac538.get()Ljava/lang/Object;+20
j  org.springframework.beans.factory.support.SimpleInstantiationStrategy.instantiateWithFactoryMethod(Ljava/lang/reflect/Method;Ljava/util/function/Supplier;)Ljava/lang/Object;+18
j  org.springframework.beans.factory.support.SimpleInstantiationStrategy.instantiate(Lorg/springframework/beans/factory/support/RootBeanDefinition;Ljava/lang/String;Lorg/springframework/beans/factory/BeanFactory;Ljava/lang/Object;Ljava/lang/reflect/Method;[Ljava/lang/Object;)Ljava/lang/Object;+15
j  org.springframework.beans.factory.support.ConstructorResolver.instantiate(Ljava/lang/String;Lorg/springframework/beans/factory/support/RootBeanDefinition;Ljava/lang/Object;Ljava/lang/reflect/Method;[Ljava/lang/Object;)Ljava/lang/Object;+18
j  org.springframework.beans.factory.support.ConstructorResolver.instantiateUsingFactoryMethod(Ljava/lang/String;Lorg/springframework/beans/factory/support/RootBeanDefinition;[Ljava/lang/Object;)Lorg/springframework/beans/BeanWrapper;+491
j  org.springframework.beans.factory.support.AbstractAutowireCapableBeanFactory.instantiateUsingFactoryMethod(Ljava/lang/String;Lorg/springframework/beans/factory/support/RootBeanDefinition;[Ljava/lang/Object;)Lorg/springframework/beans/BeanWrapper;+11
j  org.springframework.beans.factory.support.AbstractAutowireCapableBeanFactory.createBeanInstance(Ljava/lang/String;Lorg/springframework/beans/factory/support/RootBeanDefinition;[Ljava/lang/Object;)Lorg/springframework/beans/BeanWrapper;+93
j  org.springframework.beans.factory.support.AbstractAutowireCapableBeanFactory.doCreateBean(Ljava/lang/String;Lorg/springframework/beans/factory/support/RootBeanDefinition;[Ljava/lang/Object;)Ljava/lang/Object;+34
j  org.springframework.beans.factory.support.AbstractAutowireCapableBeanFactory.createBean(Ljava/lang/String;Lorg/springframework/beans/factory/support/RootBeanDefinition;[Ljava/lang/Object;)Ljava/lang/Object;+153
j  org.springframework.beans.factory.support.AbstractBeanFactory.lambda$doGetBean$0(Ljava/lang/String;Lorg/springframework/beans/factory/support/RootBeanDefinition;[Ljava/lang/Object;)Ljava/lang/Object;+4
j  org.springframework.beans.factory.support.AbstractBeanFactory$$Lambda$849+0x0000025f9b4032c8.getObject()Ljava/lang/Object;+16
j  org.springframework.beans.factory.support.DefaultSingletonBeanRegistry.getSingleton(Ljava/lang/String;Lorg/springframework/beans/factory/ObjectFactory;)Ljava/lang/Object;+336
J 3208 c1 org.springframework.beans.factory.support.AbstractBeanFactory.doGetBean(Ljava/lang/String;Ljava/lang/Class;[Ljava/lang/Object;Z)Ljava/lang/Object; (787 bytes) @ 0x0000025f8f21b4dc [0x0000025f8f21af00+0x00000000000005dc]
j  org.springframework.beans.factory.support.AbstractBeanFactory.getBean(Ljava/lang/String;)Ljava/lang/Object;+5
j  org.springframework.beans.factory.support.DefaultListableBeanFactory.doResolveDependency(Lorg/springframework/beans/factory/config/DependencyDescriptor;Ljava/lang/String;Ljava/util/Set;Lorg/springframework/beans/TypeConverter;)Ljava/lang/Object;+346
j  org.springframework.beans.factory.support.DefaultListableBeanFactory.resolveDependency(Lorg/springframework/beans/factory/config/DependencyDescriptor;Ljava/lang/String;Ljava/util/Set;Lorg/springframework/beans/TypeConverter;)Ljava/lang/Object;+117
j  org.springframework.beans.factory.support.ConstructorResolver.resolveAutowiredArgument(Lorg/springframework/beans/factory/config/DependencyDescriptor;Ljava/lang/Class;Ljava/lang/String;Ljava/util/Set;Lorg/springframework/beans/TypeConverter;Z)Ljava/lang/Object;+53
j  org.springframework.beans.factory.support.ConstructorResolver.createArgumentArray(Ljava/lang/String;Lorg/springframework/beans/factory/support/RootBeanDefinition;Lorg/springframework/beans/factory/config/ConstructorArgumentValues;Lorg/springframework/beans/BeanWrapper;[Ljava/lang/Class;[Ljava/lang/String;Ljava/lang/reflect/Executable;ZZ)Lorg/springframework/beans/factory/support/ConstructorResolver$ArgumentsHolder;+420
j  org.springframework.beans.factory.support.ConstructorResolver.autowireConstructor(Ljava/lang/String;Lorg/springframework/beans/factory/support/RootBeanDefinition;[Ljava/lang/reflect/Constructor;[Ljava/lang/Object;)Lorg/springframework/beans/BeanWrapper;+530
j  org.springframework.beans.factory.support.AbstractAutowireCapableBeanFactory.autowireConstructor(Ljava/lang/String;Lorg/springframework/beans/factory/support/RootBeanDefinition;[Ljava/lang/reflect/Constructor;[Ljava/lang/Object;)Lorg/springframework/beans/BeanWrapper;+13
j  org.springframework.beans.factory.support.AbstractAutowireCapableBeanFactory.createBeanInstance(Ljava/lang/String;Lorg/springframework/beans/factory/support/RootBeanDefinition;[Ljava/lang/Object;)Lorg/springframework/beans/BeanWrapper;+213
j  org.springframework.beans.factory.support.AbstractAutowireCapableBeanFactory.doCreateBean(Ljava/lang/String;Lorg/springframework/beans/factory/support/RootBeanDefinition;[Ljava/lang/Object;)Ljava/lang/Object;+34
j  org.springframework.beans.factory.support.AbstractAutowireCapableBeanFactory.createBean(Ljava/lang/String;Lorg/springframework/beans/factory/support/RootBeanDefinition;[Ljava/lang/Object;)Ljava/lang/Object;+153
j  org.springframework.beans.factory.support.AbstractBeanFactory.lambda$doGetBean$0(Ljava/lang/String;Lorg/springframework/beans/factory/support/RootBeanDefinition;[Ljava/lang/Object;)Ljava/lang/Object;+4
j  org.springframework.beans.factory.support.AbstractBeanFactory$$Lambda$849+0x0000025f9b4032c8.getObject()Ljava/lang/Object;+16
j  org.springframework.beans.factory.support.DefaultSingletonBeanRegistry.getSingleton(Ljava/lang/String;Lorg/springframework/beans/factory/ObjectFactory;)Ljava/lang/Object;+336
J 3208 c1 org.springframework.beans.factory.support.AbstractBeanFactory.doGetBean(Ljava/lang/String;Ljava/lang/Class;[Ljava/lang/Object;Z)Ljava/lang/Object; (787 bytes) @ 0x0000025f8f21b4dc [0x0000025f8f21af00+0x00000000000005dc]
j  org.springframework.beans.factory.support.AbstractBeanFactory.getBean(Ljava/lang/String;)Ljava/lang/Object;+5
j  org.springframework.beans.factory.support.DefaultListableBeanFactory.instantiateSingleton(Ljava/lang/String;)V+51
j  org.springframework.beans.factory.support.DefaultListableBeanFactory.preInstantiateSingleton(Ljava/lang/String;Lorg/springframework/beans/factory/support/RootBeanDefinition;)Ljava/util/concurrent/CompletableFuture;+141
j  org.springframework.beans.factory.support.DefaultListableBeanFactory.preInstantiateSingletons()V+118
j  org.springframework.context.support.AbstractApplicationContext.finishBeanFactoryInitialization(Lorg/springframework/beans/factory/config/ConfigurableListableBeanFactory;)V+284
j  org.springframework.context.support.AbstractApplicationContext.refresh()V+94
j  org.springframework.boot.web.servlet.context.ServletWebServerApplicationContext.refresh()V+1
j  org.springframework.boot.SpringApplication.refresh(Lorg/springframework/context/ConfigurableApplicationContext;)V+1
j  org.springframework.boot.SpringApplication.refreshContext(Lorg/springframework/context/ConfigurableApplicationContext;)V+19
j  org.springframework.boot.SpringApplication.run([Ljava/lang/String;)Lorg/springframework/context/ConfigurableApplicationContext;+113
j  com.ai_service.AiServiceApplication.main([Ljava/lang/String;)V+37
v  ~StubRoutines::call_stub

---------------  P R O C E S S  ---------------

Threads class SMR info:
_java_thread_list=0x0000025fdf5dc240, length=16, elements={
0x0000025f87240780, 0x0000025f9914bc50, 0x0000025f9914c8d0, 0x0000025f991607f0,
0x0000025f99161470, 0x0000025f99162e40, 0x0000025f99163800, 0x0000025f991676c0,
0x0000025f991700d0, 0x0000025f9943b1f0, 0x0000025f99443b40, 0x0000025f994482c0,
0x0000025fe0015840, 0x0000025fe0015d20, 0x0000025fe0016a10, 0x0000025fdf86a040
}

Java Threads: ( => current thread )
=>0x0000025f87240780 JavaThread "main" [_thread_in_vm, id=15160, stack(0x000000a502300000,0x000000a502400000)]
  0x0000025f9914bc50 JavaThread "Reference Handler" daemon [_thread_blocked, id=13044, stack(0x000000a502a00000,0x000000a502b00000)]
  0x0000025f9914c8d0 JavaThread "Finalizer" daemon [_thread_blocked, id=996, stack(0x000000a502b00000,0x000000a502c00000)]
  0x0000025f991607f0 JavaThread "Signal Dispatcher" daemon [_thread_blocked, id=14788, stack(0x000000a502c00000,0x000000a502d00000)]
  0x0000025f99161470 JavaThread "Attach Listener" daemon [_thread_blocked, id=10780, stack(0x000000a502d00000,0x000000a502e00000)]
  0x0000025f99162e40 JavaThread "Service Thread" daemon [_thread_blocked, id=17320, stack(0x000000a502e00000,0x000000a502f00000)]
  0x0000025f99163800 JavaThread "Monitor Deflation Thread" daemon [_thread_blocked, id=16876, stack(0x000000a502f00000,0x000000a503000000)]
  0x0000025f991676c0 JavaThread "C1 CompilerThread0" daemon [_thread_blocked, id=3724, stack(0x000000a503000000,0x000000a503100000)]
  0x0000025f991700d0 JavaThread "Sweeper thread" daemon [_thread_blocked, id=6396, stack(0x000000a503100000,0x000000a503200000)]
  0x0000025f9943b1f0 JavaThread "C1 CompilerThread1" daemon [_thread_blocked, id=15256, stack(0x000000a503200000,0x000000a503300000)]
  0x0000025f99443b40 JavaThread "Notification Thread" daemon [_thread_blocked, id=11352, stack(0x000000a503300000,0x000000a503400000)]
  0x0000025f994482c0 JavaThread "Common-Cleaner" daemon [_thread_blocked, id=4748, stack(0x000000a503500000,0x000000a503600000)]
  0x0000025fe0015840 JavaThread "Catalina-utility-1" [_thread_blocked, id=11388, stack(0x000000a504400000,0x000000a504500000)]
  0x0000025fe0015d20 JavaThread "Catalina-utility-2" [_thread_blocked, id=7160, stack(0x000000a504500000,0x000000a504600000)]
  0x0000025fe0016a10 JavaThread "container-0" [_thread_blocked, id=7108, stack(0x000000a504600000,0x000000a504700000)]
  0x0000025fdf86a040 JavaThread "spring.cloud.inetutils" daemon [_thread_blocked, id=3292, stack(0x000000a504700000,0x000000a504800000)]

Other Threads:
  0x0000025f99146130 VMThread "VM Thread" [stack: 0x000000a502900000,0x000000a502a00000] [id=7404]
  0x0000025f99448030 WatcherThread [stack: 0x000000a503400000,0x000000a503500000] [id=15484]
  0x0000025f872a2390 GCTaskThread "GC Thread#0" [stack: 0x000000a502400000,0x000000a502500000] [id=6380]
  0x0000025f99ececf0 GCTaskThread "GC Thread#1" [stack: 0x000000a503600000,0x000000a503700000] [id=18500]
  0x0000025f99e86d00 GCTaskThread "GC Thread#2" [stack: 0x000000a503700000,0x000000a503800000] [id=1108]
  0x0000025f99e753f0 GCTaskThread "GC Thread#3" [stack: 0x000000a503800000,0x000000a503900000] [id=10264]
  0x0000025fdf257c20 GCTaskThread "GC Thread#4" [stack: 0x000000a503c00000,0x000000a503d00000] [id=620]
  0x0000025fdf257ee0 GCTaskThread "GC Thread#5" [stack: 0x000000a503d00000,0x000000a503e00000] [id=16728]
  0x0000025fdf61d020 GCTaskThread "GC Thread#6" [stack: 0x000000a504000000,0x000000a504100000] [id=9272]
  0x0000025fdf661fb0 GCTaskThread "GC Thread#7" [stack: 0x000000a504100000,0x000000a504200000] [id=17884]
  0x0000025f872b2d20 ConcurrentGCThread "G1 Main Marker" [stack: 0x000000a502500000,0x000000a502600000] [id=11460]
  0x0000025f872b3dd0 ConcurrentGCThread "G1 Conc#0" [stack: 0x000000a502600000,0x000000a502700000] [id=10988]
  0x0000025fdf8ab020 ConcurrentGCThread "G1 Conc#1" [stack: 0x000000a504200000,0x000000a504300000] [id=11344]
  0x0000025f990024c0 ConcurrentGCThread "G1 Refine#0" [stack: 0x000000a502700000,0x000000a502800000] [id=14020]
  0x0000025f99e79810 ConcurrentGCThread "G1 Refine#1" [stack: 0x000000a503900000,0x000000a503a00000] [id=18376]
  0x0000025f99e79b00 ConcurrentGCThread "G1 Refine#2" [stack: 0x000000a503a00000,0x000000a503b00000] [id=7976]
  0x0000025f99ea7760 ConcurrentGCThread "G1 Refine#3" [stack: 0x000000a503b00000,0x000000a503c00000] [id=1220]
  0x0000025f99002df0 ConcurrentGCThread "G1 Service" [stack: 0x000000a502800000,0x000000a502900000] [id=18276]

Threads with active compile tasks:

VM state: not at safepoint (normal execution)

VM Mutex/Monitor currently owned by a thread:  ([mutex/lock_event])
[0x0000025f8723b490] Heap_lock - owner thread: 0x0000025f87240780

Heap address: 0x0000000082600000, size: 2010 MB, Compressed Oops mode: 32-bit

CDS archive(s) mapped at: [0x0000025f9a000000-0x0000025f9abd0000-0x0000025f9abd0000), size 12386304, SharedBaseAddress: 0x0000025f9a000000, ArchiveRelocationMode: 1.
Compressed class space mapped at: 0x0000025f9b000000-0x0000025fdb000000, reserved size: 1073741824
Narrow klass base: 0x0000025f9a000000, Narrow klass shift: 0, Narrow klass range: 0x100000000

GC Precious Log:
 CPUs: 8 total, 8 available
 Memory: 8035M
 Large Page Support: Disabled
 NUMA Support: Disabled
 Compressed Oops: Enabled (32-bit)
 Heap Region Size: 1M
 Heap Min Capacity: 8M
 Heap Initial Capacity: 126M
 Heap Max Capacity: 2010M
 Pre-touch: Disabled
 Parallel Workers: 8
 Concurrent Workers: 2
 Concurrent Refinement Workers: 8
 Periodic GC: Disabled

Heap:
 garbage-first heap   total 240640K, used 129912K [0x0000000082600000, 0x0000000100000000)
  region size 1024K, 1 young (1024K), 0 survivors (0K)
 Metaspace       used 40092K, committed 40576K, reserved 1114112K
  class space    used 5504K, committed 5760K, reserved 1048576K

Heap Regions: E=young(eden), S=young(survivor), O=old, HS=humongous(starts), HC=humongous(continues), CS=collection set, F=free, OA=open archive, CA=closed archive, TAMS=top-at-mark-start (previous, next)
|   0|0x0000000082600000, 0x0000000082700000, 0x0000000082700000|100%|HS|  |TAMS 0x0000000082700000, 0x0000000082600000| Complete 
|   1|0x0000000082700000, 0x0000000082800000, 0x0000000082800000|100%| O|  |TAMS 0x0000000082800000, 0x0000000082700000| Untracked 
|   2|0x0000000082800000, 0x0000000082900000, 0x0000000082900000|100%| O|  |TAMS 0x0000000082900000, 0x0000000082800000| Untracked 
|   3|0x0000000082900000, 0x0000000082a00000, 0x0000000082a00000|100%| O|  |TAMS 0x0000000082a00000, 0x0000000082900000| Untracked 
|   4|0x0000000082a00000, 0x0000000082b00000, 0x0000000082b00000|100%| O|  |TAMS 0x0000000082b00000, 0x0000000082a00000| Untracked 
|   5|0x0000000082b00000, 0x0000000082c00000, 0x0000000082c00000|100%| O|  |TAMS 0x0000000082c00000, 0x0000000082b00000| Untracked 
|   6|0x0000000082c00000, 0x0000000082d00000, 0x0000000082d00000|100%| O|  |TAMS 0x0000000082d00000, 0x0000000082c00000| Untracked 
|   7|0x0000000082d00000, 0x0000000082e00000, 0x0000000082e00000|100%| O|  |TAMS 0x0000000082e00000, 0x0000000082d00000| Untracked 
|   8|0x0000000082e00000, 0x0000000082f00000, 0x0000000082f00000|100%| O|  |TAMS 0x0000000082f00000, 0x0000000082e00000| Untracked 
|   9|0x0000000082f00000, 0x0000000083000000, 0x0000000083000000|100%| O|  |TAMS 0x0000000083000000, 0x0000000082f00000| Untracked 
|  10|0x0000000083000000, 0x0000000083100000, 0x0000000083100000|100%| O|  |TAMS 0x0000000083100000, 0x0000000083000000| Untracked 
|  11|0x0000000083100000, 0x0000000083200000, 0x0000000083200000|100%| O|  |TAMS 0x0000000083200000, 0x0000000083100000| Untracked 
|  12|0x0000000083200000, 0x0000000083300000, 0x0000000083300000|100%| O|  |TAMS 0x0000000083300000, 0x0000000083200000| Untracked 
|  13|0x0000000083300000, 0x0000000083400000, 0x0000000083400000|100%| O|  |TAMS 0x0000000083400000, 0x0000000083300000| Untracked 
|  14|0x0000000083400000, 0x0000000083500000, 0x0000000083500000|100%| O|  |TAMS 0x0000000083500000, 0x0000000083400000| Untracked 
|  15|0x0000000083500000, 0x0000000083600000, 0x0000000083600000|100%| O|  |TAMS 0x0000000083600000, 0x0000000083500000| Untracked 
|  16|0x0000000083600000, 0x0000000083700000, 0x0000000083700000|100%| O|  |TAMS 0x0000000083700000, 0x0000000083600000| Untracked 
|  17|0x0000000083700000, 0x0000000083800000, 0x0000000083800000|100%| O|  |TAMS 0x0000000083800000, 0x0000000083700000| Untracked 
|  18|0x0000000083800000, 0x0000000083900000, 0x0000000083900000|100%| O|  |TAMS 0x0000000083900000, 0x0000000083800000| Untracked 
|  19|0x0000000083900000, 0x0000000083a00000, 0x0000000083a00000|100%| O|  |TAMS 0x0000000083a00000, 0x0000000083900000| Untracked 
|  20|0x0000000083a00000, 0x0000000083b00000, 0x0000000083b00000|100%| O|  |TAMS 0x0000000083b00000, 0x0000000083a00000| Complete 
|  21|0x0000000083b00000, 0x0000000083c00000, 0x0000000083c00000|100%| O|  |TAMS 0x0000000083c00000, 0x0000000083b00000| Untracked 
|  22|0x0000000083c00000, 0x0000000083cd8200, 0x0000000083d00000| 84%| O|  |TAMS 0x0000000083cd8200, 0x0000000083c00000| Untracked 
|  23|0x0000000083d00000, 0x0000000083d00000, 0x0000000083e00000|  0%| F|  |TAMS 0x0000000083d00000, 0x0000000083d00000| Untracked 
|  24|0x0000000083e00000, 0x0000000083e00000, 0x0000000083f00000|  0%| F|  |TAMS 0x0000000083e00000, 0x0000000083e00000| Untracked 
|  25|0x0000000083f00000, 0x0000000083f00000, 0x0000000084000000|  0%| F|  |TAMS 0x0000000083f00000, 0x0000000083f00000| Untracked 
|  26|0x0000000084000000, 0x0000000084100000, 0x0000000084100000|100%| O|  |TAMS 0x0000000084100000, 0x0000000084000000| Untracked 
|  27|0x0000000084100000, 0x0000000084200000, 0x0000000084200000|100%| O|  |TAMS 0x0000000084200000, 0x0000000084100000| Untracked 
|  28|0x0000000084200000, 0x0000000084300000, 0x0000000084300000|100%| O|  |TAMS 0x0000000084300000, 0x0000000084200000| Untracked 
|  29|0x0000000084300000, 0x0000000084400000, 0x0000000084400000|100%| O|  |TAMS 0x0000000084400000, 0x0000000084300000| Untracked 
|  30|0x0000000084400000, 0x0000000084500000, 0x0000000084500000|100%| O|  |TAMS 0x0000000084500000, 0x0000000084400000| Untracked 
|  31|0x0000000084500000, 0x0000000084500000, 0x0000000084600000|  0%| F|  |TAMS 0x0000000084500000, 0x0000000084500000| Untracked 
|  32|0x0000000084600000, 0x0000000084600000, 0x0000000084700000|  0%| F|  |TAMS 0x0000000084600000, 0x0000000084600000| Untracked 
|  33|0x0000000084700000, 0x0000000084700000, 0x0000000084800000|  0%| F|  |TAMS 0x0000000084700000, 0x0000000084700000| Untracked 
|  34|0x0000000084800000, 0x0000000084800000, 0x0000000084900000|  0%| F|  |TAMS 0x0000000084800000, 0x0000000084800000| Untracked 
|  35|0x0000000084900000, 0x0000000084900000, 0x0000000084a00000|  0%| F|  |TAMS 0x0000000084900000, 0x0000000084900000| Untracked 
|  36|0x0000000084a00000, 0x0000000084a00000, 0x0000000084b00000|  0%| F|  |TAMS 0x0000000084a00000, 0x0000000084a00000| Untracked 
|  37|0x0000000084b00000, 0x0000000084b00000, 0x0000000084c00000|  0%| F|  |TAMS 0x0000000084b00000, 0x0000000084b00000| Untracked 
|  38|0x0000000084c00000, 0x0000000084c00000, 0x0000000084d00000|  0%| F|  |TAMS 0x0000000084c00000, 0x0000000084c00000| Untracked 
|  39|0x0000000084d00000, 0x0000000084d00000, 0x0000000084e00000|  0%| F|  |TAMS 0x0000000084d00000, 0x0000000084d00000| Untracked 
|  40|0x0000000084e00000, 0x0000000084e00000, 0x0000000084f00000|  0%| F|  |TAMS 0x0000000084e00000, 0x0000000084e00000| Untracked 
|  41|0x0000000084f00000, 0x0000000084f00000, 0x0000000085000000|  0%| F|  |TAMS 0x0000000084f00000, 0x0000000084f00000| Untracked 
|  42|0x0000000085000000, 0x0000000085000000, 0x0000000085100000|  0%| F|  |TAMS 0x0000000085000000, 0x0000000085000000| Untracked 
|  43|0x0000000085100000, 0x0000000085100000, 0x0000000085200000|  0%| F|  |TAMS 0x0000000085100000, 0x0000000085100000| Untracked 
|  44|0x0000000085200000, 0x0000000085200000, 0x0000000085300000|  0%| F|  |TAMS 0x0000000085200000, 0x0000000085200000| Untracked 
|  45|0x0000000085300000, 0x0000000085300000, 0x0000000085400000|  0%| F|  |TAMS 0x0000000085300000, 0x0000000085300000| Untracked 
|  46|0x0000000085400000, 0x0000000085500000, 0x0000000085500000|100%| O|  |TAMS 0x0000000085500000, 0x0000000085400000| Untracked 
|  47|0x0000000085500000, 0x0000000085500000, 0x0000000085600000|  0%| F|  |TAMS 0x0000000085500000, 0x0000000085500000| Untracked 
|  48|0x0000000085600000, 0x0000000085600000, 0x0000000085700000|  0%| F|  |TAMS 0x0000000085600000, 0x0000000085600000| Untracked 
|  49|0x0000000085700000, 0x0000000085700000, 0x0000000085800000|  0%| F|  |TAMS 0x0000000085700000, 0x0000000085700000| Untracked 
|  50|0x0000000085800000, 0x0000000085800000, 0x0000000085900000|  0%| F|  |TAMS 0x0000000085800000, 0x0000000085800000| Untracked 
|  51|0x0000000085900000, 0x0000000085900000, 0x0000000085a00000|  0%| F|  |TAMS 0x0000000085900000, 0x0000000085900000| Untracked 
|  52|0x0000000085a00000, 0x0000000085a00000, 0x0000000085b00000|  0%| F|  |TAMS 0x0000000085a00000, 0x0000000085a00000| Untracked 
|  53|0x0000000085b00000, 0x0000000085b00000, 0x0000000085c00000|  0%| F|  |TAMS 0x0000000085b00000, 0x0000000085b00000| Untracked 
|  54|0x0000000085c00000, 0x0000000085c00000, 0x0000000085d00000|  0%| F|  |TAMS 0x0000000085c00000, 0x0000000085c00000| Untracked 
|  55|0x0000000085d00000, 0x0000000085d00000, 0x0000000085e00000|  0%| F|  |TAMS 0x0000000085d00000, 0x0000000085d00000| Untracked 
|  56|0x0000000085e00000, 0x0000000085e00000, 0x0000000085f00000|  0%| F|  |TAMS 0x0000000085e00000, 0x0000000085e00000| Untracked 
|  57|0x0000000085f00000, 0x0000000085f00000, 0x0000000086000000|  0%| F|  |TAMS 0x0000000085f00000, 0x0000000085f00000| Untracked 
|  58|0x0000000086000000, 0x0000000086000000, 0x0000000086100000|  0%| F|  |TAMS 0x0000000086000000, 0x0000000086000000| Untracked 
|  59|0x0000000086100000, 0x0000000086100000, 0x0000000086200000|  0%| F|  |TAMS 0x0000000086100000, 0x0000000086100000| Untracked 
|  60|0x0000000086200000, 0x0000000086200000, 0x0000000086300000|  0%| F|  |TAMS 0x0000000086200000, 0x0000000086200000| Untracked 
|  61|0x0000000086300000, 0x0000000086300000, 0x0000000086400000|  0%| F|  |TAMS 0x0000000086300000, 0x0000000086300000| Untracked 
|  62|0x0000000086400000, 0x0000000086400000, 0x0000000086500000|  0%| F|  |TAMS 0x0000000086400000, 0x0000000086400000| Untracked 
|  63|0x0000000086500000, 0x0000000086500000, 0x0000000086600000|  0%| F|  |TAMS 0x0000000086500000, 0x0000000086500000| Untracked 
|  64|0x0000000086600000, 0x0000000086600000, 0x0000000086700000|  0%| F|  |TAMS 0x0000000086600000, 0x0000000086600000| Untracked 
|  65|0x0000000086700000, 0x0000000086700000, 0x0000000086800000|  0%| F|  |TAMS 0x0000000086700000, 0x0000000086700000| Untracked 
|  66|0x0000000086800000, 0x0000000086800000, 0x0000000086900000|  0%| F|  |TAMS 0x0000000086800000, 0x0000000086800000| Untracked 
|  67|0x0000000086900000, 0x0000000086900000, 0x0000000086a00000|  0%| F|  |TAMS 0x0000000086900000, 0x0000000086900000| Untracked 
|  68|0x0000000086a00000, 0x0000000086a00000, 0x0000000086b00000|  0%| F|  |TAMS 0x0000000086a00000, 0x0000000086a00000| Untracked 
|  69|0x0000000086b00000, 0x0000000086b00000, 0x0000000086c00000|  0%| F|  |TAMS 0x0000000086b00000, 0x0000000086b00000| Untracked 
|  70|0x0000000086c00000, 0x0000000086c00000, 0x0000000086d00000|  0%| F|  |TAMS 0x0000000086c00000, 0x0000000086c00000| Untracked 
|  71|0x0000000086d00000, 0x0000000086d00000, 0x0000000086e00000|  0%| F|  |TAMS 0x0000000086d00000, 0x0000000086d00000| Untracked 
|  72|0x0000000086e00000, 0x0000000086e00000, 0x0000000086f00000|  0%| F|  |TAMS 0x0000000086e00000, 0x0000000086e00000| Untracked 
|  73|0x0000000086f00000, 0x0000000086f00000, 0x0000000087000000|  0%| F|  |TAMS 0x0000000086f00000, 0x0000000086f00000| Untracked 
|  74|0x0000000087000000, 0x0000000087000000, 0x0000000087100000|  0%| F|  |TAMS 0x0000000087000000, 0x0000000087000000| Untracked 
|  75|0x0000000087100000, 0x0000000087100000, 0x0000000087200000|  0%| F|  |TAMS 0x0000000087100000, 0x0000000087100000| Untracked 
|  76|0x0000000087200000, 0x0000000087200000, 0x0000000087300000|  0%| F|  |TAMS 0x0000000087200000, 0x0000000087200000| Untracked 
|  77|0x0000000087300000, 0x0000000087300000, 0x0000000087400000|  0%| F|  |TAMS 0x0000000087300000, 0x0000000087300000| Untracked 
|  78|0x0000000087400000, 0x0000000087500000, 0x0000000087500000|100%|HS|  |TAMS 0x0000000087500000, 0x0000000087400000| Complete 
|  79|0x0000000087500000, 0x0000000087600000, 0x0000000087600000|100%|HC|  |TAMS 0x0000000087600000, 0x0000000087500000| Complete 
|  80|0x0000000087600000, 0x0000000087700000, 0x0000000087700000|100%|HC|  |TAMS 0x0000000087700000, 0x0000000087600000| Complete 
|  81|0x0000000087700000, 0x0000000087800000, 0x0000000087800000|100%|HC|  |TAMS 0x0000000087800000, 0x0000000087700000| Complete 
|  82|0x0000000087800000, 0x0000000087900000, 0x0000000087900000|100%|HC|  |TAMS 0x0000000087900000, 0x0000000087800000| Complete 
|  83|0x0000000087900000, 0x0000000087a00000, 0x0000000087a00000|100%|HC|  |TAMS 0x0000000087a00000, 0x0000000087900000| Complete 
|  84|0x0000000087a00000, 0x0000000087b00000, 0x0000000087b00000|100%|HC|  |TAMS 0x0000000087b00000, 0x0000000087a00000| Complete 
|  85|0x0000000087b00000, 0x0000000087c00000, 0x0000000087c00000|100%|HC|  |TAMS 0x0000000087c00000, 0x0000000087b00000| Complete 
|  86|0x0000000087c00000, 0x0000000087d00000, 0x0000000087d00000|100%|HC|  |TAMS 0x0000000087d00000, 0x0000000087c00000| Complete 
|  87|0x0000000087d00000, 0x0000000087e00000, 0x0000000087e00000|100%|HC|  |TAMS 0x0000000087e00000, 0x0000000087d00000| Complete 
|  88|0x0000000087e00000, 0x0000000087f00000, 0x0000000087f00000|100%|HC|  |TAMS 0x0000000087f00000, 0x0000000087e00000| Complete 
|  89|0x0000000087f00000, 0x0000000088000000, 0x0000000088000000|100%|HC|  |TAMS 0x0000000088000000, 0x0000000087f00000| Complete 
|  90|0x0000000088000000, 0x0000000088100000, 0x0000000088100000|100%|HC|  |TAMS 0x0000000088100000, 0x0000000088000000| Complete 
|  91|0x0000000088100000, 0x0000000088200000, 0x0000000088200000|100%|HC|  |TAMS 0x0000000088200000, 0x0000000088100000| Complete 
|  92|0x0000000088200000, 0x0000000088300000, 0x0000000088300000|100%|HC|  |TAMS 0x0000000088300000, 0x0000000088200000| Complete 
|  93|0x0000000088300000, 0x0000000088400000, 0x0000000088400000|100%|HC|  |TAMS 0x0000000088400000, 0x0000000088300000| Complete 
|  94|0x0000000088400000, 0x0000000088500000, 0x0000000088500000|100%|HC|  |TAMS 0x0000000088500000, 0x0000000088400000| Complete 
|  95|0x0000000088500000, 0x0000000088600000, 0x0000000088600000|100%|HC|  |TAMS 0x0000000088600000, 0x0000000088500000| Complete 
|  96|0x0000000088600000, 0x0000000088700000, 0x0000000088700000|100%|HC|  |TAMS 0x0000000088700000, 0x0000000088600000| Complete 
|  97|0x0000000088700000, 0x0000000088800000, 0x0000000088800000|100%|HC|  |TAMS 0x0000000088800000, 0x0000000088700000| Complete 
|  98|0x0000000088800000, 0x0000000088900000, 0x0000000088900000|100%|HC|  |TAMS 0x0000000088900000, 0x0000000088800000| Complete 
|  99|0x0000000088900000, 0x0000000088a00000, 0x0000000088a00000|100%|HC|  |TAMS 0x0000000088a00000, 0x0000000088900000| Complete 
| 100|0x0000000088a00000, 0x0000000088b00000, 0x0000000088b00000|100%|HC|  |TAMS 0x0000000088b00000, 0x0000000088a00000| Complete 
| 101|0x0000000088b00000, 0x0000000088c00000, 0x0000000088c00000|100%|HC|  |TAMS 0x0000000088c00000, 0x0000000088b00000| Complete 
| 102|0x0000000088c00000, 0x0000000088d00000, 0x0000000088d00000|100%|HC|  |TAMS 0x0000000088d00000, 0x0000000088c00000| Complete 
| 103|0x0000000088d00000, 0x0000000088e00000, 0x0000000088e00000|100%|HC|  |TAMS 0x0000000088e00000, 0x0000000088d00000| Complete 
| 104|0x0000000088e00000, 0x0000000088f00000, 0x0000000088f00000|100%|HC|  |TAMS 0x0000000088f00000, 0x0000000088e00000| Complete 
| 105|0x0000000088f00000, 0x0000000089000000, 0x0000000089000000|100%|HC|  |TAMS 0x0000000089000000, 0x0000000088f00000| Complete 
| 106|0x0000000089000000, 0x0000000089100000, 0x0000000089100000|100%|HC|  |TAMS 0x0000000089100000, 0x0000000089000000| Complete 
| 107|0x0000000089100000, 0x0000000089200000, 0x0000000089200000|100%|HC|  |TAMS 0x0000000089200000, 0x0000000089100000| Complete 
| 108|0x0000000089200000, 0x0000000089300000, 0x0000000089300000|100%|HC|  |TAMS 0x0000000089300000, 0x0000000089200000| Complete 
| 109|0x0000000089300000, 0x0000000089400000, 0x0000000089400000|100%|HC|  |TAMS 0x0000000089400000, 0x0000000089300000| Complete 
| 110|0x0000000089400000, 0x0000000089500000, 0x0000000089500000|100%|HC|  |TAMS 0x0000000089500000, 0x0000000089400000| Complete 
| 111|0x0000000089500000, 0x0000000089600000, 0x0000000089600000|100%|HS|  |TAMS 0x0000000089500000, 0x0000000089500000| Complete 
| 112|0x0000000089600000, 0x0000000089700000, 0x0000000089700000|100%|HC|  |TAMS 0x0000000089600000, 0x0000000089600000| Complete 
| 113|0x0000000089700000, 0x0000000089800000, 0x0000000089800000|100%|HC|  |TAMS 0x0000000089700000, 0x0000000089700000| Complete 
| 114|0x0000000089800000, 0x0000000089900000, 0x0000000089900000|100%|HC|  |TAMS 0x0000000089800000, 0x0000000089800000| Complete 
| 115|0x0000000089900000, 0x0000000089a00000, 0x0000000089a00000|100%|HC|  |TAMS 0x0000000089900000, 0x0000000089900000| Complete 
| 116|0x0000000089a00000, 0x0000000089b00000, 0x0000000089b00000|100%|HC|  |TAMS 0x0000000089a00000, 0x0000000089a00000| Complete 
| 117|0x0000000089b00000, 0x0000000089c00000, 0x0000000089c00000|100%|HC|  |TAMS 0x0000000089b00000, 0x0000000089b00000| Complete 
| 118|0x0000000089c00000, 0x0000000089d00000, 0x0000000089d00000|100%|HC|  |TAMS 0x0000000089c00000, 0x0000000089c00000| Complete 
| 119|0x0000000089d00000, 0x0000000089e00000, 0x0000000089e00000|100%|HC|  |TAMS 0x0000000089d00000, 0x0000000089d00000| Complete 
| 120|0x0000000089e00000, 0x0000000089f00000, 0x0000000089f00000|100%|HC|  |TAMS 0x0000000089e00000, 0x0000000089e00000| Complete 
| 121|0x0000000089f00000, 0x000000008a000000, 0x000000008a000000|100%|HC|  |TAMS 0x0000000089f00000, 0x0000000089f00000| Complete 
| 122|0x000000008a000000, 0x000000008a100000, 0x000000008a100000|100%|HC|  |TAMS 0x000000008a000000, 0x000000008a000000| Complete 
| 123|0x000000008a100000, 0x000000008a200000, 0x000000008a200000|100%|HC|  |TAMS 0x000000008a100000, 0x000000008a100000| Complete 
| 124|0x000000008a200000, 0x000000008a300000, 0x000000008a300000|100%|HC|  |TAMS 0x000000008a200000, 0x000000008a200000| Complete 
| 125|0x000000008a300000, 0x000000008a400000, 0x000000008a400000|100%|HC|  |TAMS 0x000000008a300000, 0x000000008a300000| Complete 
| 126|0x000000008a400000, 0x000000008a500000, 0x000000008a500000|100%|HC|  |TAMS 0x000000008a400000, 0x000000008a400000| Complete 
| 127|0x000000008a500000, 0x000000008a600000, 0x000000008a600000|100%|HC|  |TAMS 0x000000008a500000, 0x000000008a500000| Complete 
| 128|0x000000008a600000, 0x000000008a700000, 0x000000008a700000|100%|HC|  |TAMS 0x000000008a600000, 0x000000008a600000| Complete 
| 129|0x000000008a700000, 0x000000008a800000, 0x000000008a800000|100%|HC|  |TAMS 0x000000008a700000, 0x000000008a700000| Complete 
| 130|0x000000008a800000, 0x000000008a900000, 0x000000008a900000|100%|HC|  |TAMS 0x000000008a800000, 0x000000008a800000| Complete 
| 131|0x000000008a900000, 0x000000008aa00000, 0x000000008aa00000|100%|HC|  |TAMS 0x000000008a900000, 0x000000008a900000| Complete 
| 132|0x000000008aa00000, 0x000000008ab00000, 0x000000008ab00000|100%|HC|  |TAMS 0x000000008aa00000, 0x000000008aa00000| Complete 
| 133|0x000000008ab00000, 0x000000008ac00000, 0x000000008ac00000|100%|HC|  |TAMS 0x000000008ab00000, 0x000000008ab00000| Complete 
| 134|0x000000008ac00000, 0x000000008ad00000, 0x000000008ad00000|100%|HC|  |TAMS 0x000000008ac00000, 0x000000008ac00000| Complete 
| 135|0x000000008ad00000, 0x000000008ae00000, 0x000000008ae00000|100%|HC|  |TAMS 0x000000008ad00000, 0x000000008ad00000| Complete 
| 136|0x000000008ae00000, 0x000000008af00000, 0x000000008af00000|100%|HC|  |TAMS 0x000000008ae00000, 0x000000008ae00000| Complete 
| 137|0x000000008af00000, 0x000000008b000000, 0x000000008b000000|100%|HC|  |TAMS 0x000000008af00000, 0x000000008af00000| Complete 
| 138|0x000000008b000000, 0x000000008b100000, 0x000000008b100000|100%|HC|  |TAMS 0x000000008b000000, 0x000000008b000000| Complete 
| 139|0x000000008b100000, 0x000000008b200000, 0x000000008b200000|100%|HC|  |TAMS 0x000000008b100000, 0x000000008b100000| Complete 
| 140|0x000000008b200000, 0x000000008b300000, 0x000000008b300000|100%|HC|  |TAMS 0x000000008b200000, 0x000000008b200000| Complete 
| 141|0x000000008b300000, 0x000000008b400000, 0x000000008b400000|100%|HC|  |TAMS 0x000000008b300000, 0x000000008b300000| Complete 
| 142|0x000000008b400000, 0x000000008b500000, 0x000000008b500000|100%|HC|  |TAMS 0x000000008b400000, 0x000000008b400000| Complete 
| 143|0x000000008b500000, 0x000000008b600000, 0x000000008b600000|100%|HC|  |TAMS 0x000000008b500000, 0x000000008b500000| Complete 
| 144|0x000000008b600000, 0x000000008b700000, 0x000000008b700000|100%|HC|  |TAMS 0x000000008b600000, 0x000000008b600000| Complete 
| 145|0x000000008b700000, 0x000000008b800000, 0x000000008b800000|100%|HC|  |TAMS 0x000000008b700000, 0x000000008b700000| Complete 
| 146|0x000000008b800000, 0x000000008b900000, 0x000000008b900000|100%|HC|  |TAMS 0x000000008b800000, 0x000000008b800000| Complete 
| 147|0x000000008b900000, 0x000000008ba00000, 0x000000008ba00000|100%|HC|  |TAMS 0x000000008b900000, 0x000000008b900000| Complete 
| 148|0x000000008ba00000, 0x000000008bb00000, 0x000000008bb00000|100%|HC|  |TAMS 0x000000008ba00000, 0x000000008ba00000| Complete 
| 149|0x000000008bb00000, 0x000000008bc00000, 0x000000008bc00000|100%|HC|  |TAMS 0x000000008bb00000, 0x000000008bb00000| Complete 
| 150|0x000000008bc00000, 0x000000008bd00000, 0x000000008bd00000|100%|HC|  |TAMS 0x000000008bc00000, 0x000000008bc00000| Complete 
| 151|0x000000008bd00000, 0x000000008be00000, 0x000000008be00000|100%|HC|  |TAMS 0x000000008bd00000, 0x000000008bd00000| Complete 
| 152|0x000000008be00000, 0x000000008bf00000, 0x000000008bf00000|100%|HC|  |TAMS 0x000000008be00000, 0x000000008be00000| Complete 
| 153|0x000000008bf00000, 0x000000008c000000, 0x000000008c000000|100%|HC|  |TAMS 0x000000008bf00000, 0x000000008bf00000| Complete 
| 154|0x000000008c000000, 0x000000008c100000, 0x000000008c100000|100%|HC|  |TAMS 0x000000008c000000, 0x000000008c000000| Complete 
| 155|0x000000008c100000, 0x000000008c200000, 0x000000008c200000|100%|HC|  |TAMS 0x000000008c100000, 0x000000008c100000| Complete 
| 156|0x000000008c200000, 0x000000008c300000, 0x000000008c300000|100%|HC|  |TAMS 0x000000008c200000, 0x000000008c200000| Complete 
| 157|0x000000008c300000, 0x000000008c400000, 0x000000008c400000|100%|HC|  |TAMS 0x000000008c300000, 0x000000008c300000| Complete 
| 158|0x000000008c400000, 0x000000008c500000, 0x000000008c500000|100%|HC|  |TAMS 0x000000008c400000, 0x000000008c400000| Complete 
| 159|0x000000008c500000, 0x000000008c600000, 0x000000008c600000|100%|HC|  |TAMS 0x000000008c500000, 0x000000008c500000| Complete 
| 160|0x000000008c600000, 0x000000008c700000, 0x000000008c700000|100%|HC|  |TAMS 0x000000008c600000, 0x000000008c600000| Complete 
| 161|0x000000008c700000, 0x000000008c800000, 0x000000008c800000|100%|HC|  |TAMS 0x000000008c700000, 0x000000008c700000| Complete 
| 162|0x000000008c800000, 0x000000008c900000, 0x000000008c900000|100%|HC|  |TAMS 0x000000008c800000, 0x000000008c800000| Complete 
| 163|0x000000008c900000, 0x000000008ca00000, 0x000000008ca00000|100%|HC|  |TAMS 0x000000008c900000, 0x000000008c900000| Complete 
| 164|0x000000008ca00000, 0x000000008cb00000, 0x000000008cb00000|100%|HC|  |TAMS 0x000000008ca00000, 0x000000008ca00000| Complete 
| 165|0x000000008cb00000, 0x000000008cc00000, 0x000000008cc00000|100%|HC|  |TAMS 0x000000008cb00000, 0x000000008cb00000| Complete 
| 166|0x000000008cc00000, 0x000000008cd00000, 0x000000008cd00000|100%|HC|  |TAMS 0x000000008cc00000, 0x000000008cc00000| Complete 
| 167|0x000000008cd00000, 0x000000008ce00000, 0x000000008ce00000|100%|HC|  |TAMS 0x000000008cd00000, 0x000000008cd00000| Complete 
| 168|0x000000008ce00000, 0x000000008cf00000, 0x000000008cf00000|100%|HC|  |TAMS 0x000000008ce00000, 0x000000008ce00000| Complete 
| 169|0x000000008cf00000, 0x000000008d000000, 0x000000008d000000|100%|HC|  |TAMS 0x000000008cf00000, 0x000000008cf00000| Complete 
| 170|0x000000008d000000, 0x000000008d100000, 0x000000008d100000|100%|HC|  |TAMS 0x000000008d000000, 0x000000008d000000| Complete 
| 171|0x000000008d100000, 0x000000008d200000, 0x000000008d200000|100%|HC|  |TAMS 0x000000008d100000, 0x000000008d100000| Complete 
| 172|0x000000008d200000, 0x000000008d300000, 0x000000008d300000|100%|HC|  |TAMS 0x000000008d200000, 0x000000008d200000| Complete 
| 173|0x000000008d300000, 0x000000008d400000, 0x000000008d400000|100%|HC|  |TAMS 0x000000008d300000, 0x000000008d300000| Complete 
| 174|0x000000008d400000, 0x000000008d500000, 0x000000008d500000|100%|HC|  |TAMS 0x000000008d400000, 0x000000008d400000| Complete 
| 175|0x000000008d500000, 0x000000008d600000, 0x000000008d600000|100%|HC|  |TAMS 0x000000008d500000, 0x000000008d500000| Complete 
| 176|0x000000008d600000, 0x000000008d600000, 0x000000008d700000|  0%| F|  |TAMS 0x000000008d600000, 0x000000008d600000| Untracked 
| 177|0x000000008d700000, 0x000000008d700000, 0x000000008d800000|  0%| F|  |TAMS 0x000000008d700000, 0x000000008d700000| Untracked 
| 178|0x000000008d800000, 0x000000008d800000, 0x000000008d900000|  0%| F|  |TAMS 0x000000008d800000, 0x000000008d800000| Untracked 
| 179|0x000000008d900000, 0x000000008d900000, 0x000000008da00000|  0%| F|  |TAMS 0x000000008d900000, 0x000000008d900000| Untracked 
| 180|0x000000008da00000, 0x000000008da00000, 0x000000008db00000|  0%| F|  |TAMS 0x000000008da00000, 0x000000008da00000| Untracked 
| 181|0x000000008db00000, 0x000000008db00000, 0x000000008dc00000|  0%| F|  |TAMS 0x000000008db00000, 0x000000008db00000| Untracked 
| 182|0x000000008dc00000, 0x000000008dc00000, 0x000000008dd00000|  0%| F|  |TAMS 0x000000008dc00000, 0x000000008dc00000| Untracked 
| 183|0x000000008dd00000, 0x000000008dd00000, 0x000000008de00000|  0%| F|  |TAMS 0x000000008dd00000, 0x000000008dd00000| Untracked 
| 184|0x000000008de00000, 0x000000008de00000, 0x000000008df00000|  0%| F|  |TAMS 0x000000008de00000, 0x000000008de00000| Untracked 
| 185|0x000000008df00000, 0x000000008df00000, 0x000000008e000000|  0%| F|  |TAMS 0x000000008df00000, 0x000000008df00000| Untracked 
| 186|0x000000008e000000, 0x000000008e000000, 0x000000008e100000|  0%| F|  |TAMS 0x000000008e000000, 0x000000008e000000| Untracked 
| 187|0x000000008e100000, 0x000000008e100000, 0x000000008e200000|  0%| F|  |TAMS 0x000000008e100000, 0x000000008e100000| Untracked 
| 188|0x000000008e200000, 0x000000008e200000, 0x000000008e300000|  0%| F|  |TAMS 0x000000008e200000, 0x000000008e200000| Untracked 
| 189|0x000000008e300000, 0x000000008e300000, 0x000000008e400000|  0%| F|  |TAMS 0x000000008e300000, 0x000000008e300000| Untracked 
| 190|0x000000008e400000, 0x000000008e400000, 0x000000008e500000|  0%| F|  |TAMS 0x000000008e400000, 0x000000008e400000| Untracked 
| 191|0x000000008e500000, 0x000000008e500000, 0x000000008e600000|  0%| F|  |TAMS 0x000000008e500000, 0x000000008e500000| Untracked 
| 192|0x000000008e600000, 0x000000008e600000, 0x000000008e700000|  0%| F|  |TAMS 0x000000008e600000, 0x000000008e600000| Untracked 
| 193|0x000000008e700000, 0x000000008e700000, 0x000000008e800000|  0%| F|  |TAMS 0x000000008e700000, 0x000000008e700000| Untracked 
| 194|0x000000008e800000, 0x000000008e800000, 0x000000008e900000|  0%| F|  |TAMS 0x000000008e800000, 0x000000008e800000| Untracked 
| 195|0x000000008e900000, 0x000000008e900000, 0x000000008ea00000|  0%| F|  |TAMS 0x000000008e900000, 0x000000008e900000| Untracked 
| 196|0x000000008ea00000, 0x000000008ea00000, 0x000000008eb00000|  0%| F|  |TAMS 0x000000008ea00000, 0x000000008ea00000| Untracked 
| 197|0x000000008eb00000, 0x000000008eb00000, 0x000000008ec00000|  0%| F|  |TAMS 0x000000008eb00000, 0x000000008eb00000| Untracked 
| 198|0x000000008ec00000, 0x000000008ec00000, 0x000000008ed00000|  0%| F|  |TAMS 0x000000008ec00000, 0x000000008ec00000| Untracked 
| 199|0x000000008ed00000, 0x000000008ed00000, 0x000000008ee00000|  0%| F|  |TAMS 0x000000008ed00000, 0x000000008ed00000| Untracked 
| 200|0x000000008ee00000, 0x000000008ee00000, 0x000000008ef00000|  0%| F|  |TAMS 0x000000008ee00000, 0x000000008ee00000| Untracked 
| 201|0x000000008ef00000, 0x000000008ef00000, 0x000000008f000000|  0%| F|  |TAMS 0x000000008ef00000, 0x000000008ef00000| Untracked 
| 202|0x000000008f000000, 0x000000008f000000, 0x000000008f100000|  0%| F|  |TAMS 0x000000008f000000, 0x000000008f000000| Untracked 
| 203|0x000000008f100000, 0x000000008f100000, 0x000000008f200000|  0%| F|  |TAMS 0x000000008f100000, 0x000000008f100000| Untracked 
| 204|0x000000008f200000, 0x000000008f200000, 0x000000008f300000|  0%| F|  |TAMS 0x000000008f200000, 0x000000008f200000| Untracked 
| 205|0x000000008f300000, 0x000000008f300000, 0x000000008f400000|  0%| F|  |TAMS 0x000000008f300000, 0x000000008f300000| Untracked 
| 206|0x000000008f400000, 0x000000008f400000, 0x000000008f500000|  0%| F|  |TAMS 0x000000008f400000, 0x000000008f400000| Untracked 
| 207|0x000000008f500000, 0x000000008f500000, 0x000000008f600000|  0%| F|  |TAMS 0x000000008f500000, 0x000000008f500000| Untracked 
| 208|0x000000008f600000, 0x000000008f600000, 0x000000008f700000|  0%| F|  |TAMS 0x000000008f600000, 0x000000008f600000| Untracked 
| 209|0x000000008f700000, 0x000000008f700000, 0x000000008f800000|  0%| F|  |TAMS 0x000000008f700000, 0x000000008f700000| Untracked 
| 210|0x000000008f800000, 0x000000008f800000, 0x000000008f900000|  0%| F|  |TAMS 0x000000008f800000, 0x000000008f800000| Untracked 
| 211|0x000000008f900000, 0x000000008f905ff0, 0x000000008fa00000|  2%| E|  |TAMS 0x000000008f900000, 0x000000008f900000| Complete 
| 212|0x000000008fa00000, 0x000000008fa00000, 0x000000008fb00000|  0%| F|  |TAMS 0x000000008fa00000, 0x000000008fa00000| Untracked 
| 213|0x000000008fb00000, 0x000000008fb00000, 0x000000008fc00000|  0%| F|  |TAMS 0x000000008fb00000, 0x000000008fb00000| Untracked 
| 214|0x000000008fc00000, 0x000000008fc00000, 0x000000008fd00000|  0%| F|  |TAMS 0x000000008fc00000, 0x000000008fc00000| Untracked 
| 215|0x000000008fd00000, 0x000000008fd00000, 0x000000008fe00000|  0%| F|  |TAMS 0x000000008fd00000, 0x000000008fd00000| Untracked 
| 216|0x000000008fe00000, 0x000000008fe00000, 0x000000008ff00000|  0%| F|  |TAMS 0x000000008fe00000, 0x000000008fe00000| Untracked 
| 217|0x000000008ff00000, 0x000000008ff00000, 0x0000000090000000|  0%| F|  |TAMS 0x000000008ff00000, 0x000000008ff00000| Untracked 
| 218|0x0000000090000000, 0x0000000090000000, 0x0000000090100000|  0%| F|  |TAMS 0x0000000090000000, 0x0000000090000000| Untracked 
| 219|0x0000000090100000, 0x0000000090100000, 0x0000000090200000|  0%| F|  |TAMS 0x0000000090100000, 0x0000000090100000| Untracked 
| 220|0x0000000090200000, 0x0000000090200000, 0x0000000090300000|  0%| F|  |TAMS 0x0000000090200000, 0x0000000090200000| Untracked 
| 221|0x0000000090300000, 0x0000000090300000, 0x0000000090400000|  0%| F|  |TAMS 0x0000000090300000, 0x0000000090300000| Untracked 
| 222|0x0000000090400000, 0x0000000090400000, 0x0000000090500000|  0%| F|  |TAMS 0x0000000090400000, 0x0000000090400000| Untracked 
| 223|0x0000000090500000, 0x0000000090500000, 0x0000000090600000|  0%| F|  |TAMS 0x0000000090500000, 0x0000000090500000| Untracked 
| 224|0x0000000090600000, 0x0000000090600000, 0x0000000090700000|  0%| F|  |TAMS 0x0000000090600000, 0x0000000090600000| Untracked 
| 225|0x0000000090700000, 0x0000000090700000, 0x0000000090800000|  0%| F|  |TAMS 0x0000000090700000, 0x0000000090700000| Untracked 
| 226|0x0000000090800000, 0x0000000090800000, 0x0000000090900000|  0%| F|  |TAMS 0x0000000090800000, 0x0000000090800000| Untracked 
| 227|0x0000000090900000, 0x0000000090900000, 0x0000000090a00000|  0%| F|  |TAMS 0x0000000090900000, 0x0000000090900000| Untracked 
| 228|0x0000000090a00000, 0x0000000090a00000, 0x0000000090b00000|  0%| F|  |TAMS 0x0000000090a00000, 0x0000000090a00000| Untracked 
| 229|0x0000000090b00000, 0x0000000090b00000, 0x0000000090c00000|  0%| F|  |TAMS 0x0000000090b00000, 0x0000000090b00000| Untracked 
| 230|0x0000000090c00000, 0x0000000090c00000, 0x0000000090d00000|  0%| F|  |TAMS 0x0000000090c00000, 0x0000000090c00000| Untracked 
| 231|0x0000000090d00000, 0x0000000090d00000, 0x0000000090e00000|  0%| F|  |TAMS 0x0000000090d00000, 0x0000000090d00000| Untracked 
| 232|0x0000000090e00000, 0x0000000090e00000, 0x0000000090f00000|  0%| F|  |TAMS 0x0000000090e00000, 0x0000000090e00000| Untracked 
| 233|0x0000000090f00000, 0x0000000090f00000, 0x0000000091000000|  0%| F|  |TAMS 0x0000000090f00000, 0x0000000090f00000| Untracked 
| 234|0x0000000091000000, 0x0000000091000000, 0x0000000091100000|  0%| F|  |TAMS 0x0000000091000000, 0x0000000091000000| Untracked 

Card table byte_map: [0x0000025f91ff0000,0x0000025f923e0000] _byte_map_base: 0x0000025f91bdd000

Marking Bits (Prev, Next): (CMBitMap*) 0x0000025f872a28f0, (CMBitMap*) 0x0000025f872a28b0
 Prev Bits: [0x0000025f94740000, 0x0000025f966a8000)
 Next Bits: [0x0000025f927d0000, 0x0000025f94738000)

Polling page: 0x0000025f851c0000

Metaspace:

Usage:
  Non-class:     33.78 MB used.
      Class:      5.38 MB used.
       Both:     39.15 MB used.

Virtual space:
  Non-class space:       64.00 MB reserved,      34.00 MB ( 53%) committed,  1 nodes.
      Class space:        1.00 GB reserved,       5.62 MB ( <1%) committed,  1 nodes.
             Both:        1.06 GB reserved,      39.62 MB (  4%) committed. 

Chunk freelists:
   Non-Class:  13.75 MB
       Class:  10.42 MB
        Both:  24.17 MB

MaxMetaspaceSize: unlimited
CompressedClassSpaceSize: 1.00 GB
Initial GC threshold: 21.00 MB
Current GC threshold: 66.06 MB
CDS: on
MetaspaceReclaimPolicy: balanced
 - commit_granule_bytes: 65536.
 - commit_granule_words: 8192.
 - virtual_space_node_default_size: 8388608.
 - enlarge_chunks_in_place: 1.
 - new_chunks_are_fully_committed: 0.
 - uncommit_free_chunks: 1.
 - use_allocation_guard: 0.
 - handle_deallocations: 1.


Internal statistics:

num_allocs_failed_limit: 6.
num_arena_births: 626.
num_arena_deaths: 0.
num_vsnodes_births: 2.
num_vsnodes_deaths: 0.
num_space_committed: 634.
num_space_uncommitted: 0.
num_chunks_returned_to_freelist: 6.
num_chunks_taken_from_freelist: 2065.
num_chunk_merges: 6.
num_chunk_splits: 1399.
num_chunks_enlarged: 1030.
num_inconsistent_stats: 0.

CodeCache: size=49152Kb used=8830Kb max_used=9948Kb free=40321Kb
 bounds [0x0000025f8eaf0000, 0x0000025f8f4b0000, 0x0000025f91af0000]
 total_blobs=5053 nmethods=4480 adapters=499
 compilation: enabled
              stopped_count=0, restarted_count=0
 full_count=0

Compilation events (20 events):
Event: 9.698 Thread 0x0000025f991676c0 4471       1       org.springframework.core.annotation.AnnotationUtils::isCandidateClass (22 bytes)
Event: 9.698 Thread 0x0000025f9943b1f0 4472       1       org.springframework.beans.factory.annotation.AutowiredAnnotationBeanPostProcessor$$Lambda$991/0x0000025f9b4ff128::doWith (13 bytes)
Event: 9.698 Thread 0x0000025fdf2f5aa0 nmethod 4470 0x0000025f8f4a3410 code [0x0000025f8f4a35e0, 0x0000025f8f4a39b8]
Event: 9.698 Thread 0x0000025fdf2f5aa0 4473   !   1       org.springframework.beans.factory.annotation.AutowiredAnnotationBeanPostProcessor::lambda$checkLookupMethods$0 (92 bytes)
Event: 9.699 Thread 0x0000025f9943b1f0 nmethod 4472 0x0000025f8f4a3b90 code [0x0000025f8f4a3d20, 0x0000025f8f4a3e08]
Event: 9.699 Thread 0x0000025fdfffdb20 nmethod 4469 0x0000025f8f4a3f10 code [0x0000025f8f4a4120, 0x0000025f8f4a46d8]
Event: 9.699 Thread 0x0000025f991676c0 nmethod 4471 0x0000025f8f4a4b10 code [0x0000025f8f4a4ce0, 0x0000025f8f4a4ee8]
Event: 9.699 Thread 0x0000025fdf2f5aa0 nmethod 4473 0x0000025f8f4a5090 code [0x0000025f8f4a52e0, 0x0000025f8f4a59b8]
Event: 9.700 Thread 0x0000025fdf2f5aa0 4474       1       org.springframework.beans.PropertyValue::getValue (5 bytes)
Event: 9.700 Thread 0x0000025fdf2f5aa0 nmethod 4474 0x0000025f8f4a5e90 code [0x0000025f8f4a6020, 0x0000025f8f4a60f8]
Event: 9.730 Thread 0x0000025fdf2f5aa0 4475       1       java.io.FilterInputStream::read (9 bytes)
Event: 9.730 Thread 0x0000025fdf2f5aa0 nmethod 4475 0x0000025f8f4a6490 code [0x0000025f8f4a6620, 0x0000025f8f4a6728]
Event: 9.737 Thread 0x0000025fdf2f5aa0 4476       1       java.io.FileDescriptor$1::getAppend (5 bytes)
Event: 9.737 Thread 0x0000025fdf2f5aa0 nmethod 4476 0x0000025f8f4a6810 code [0x0000025f8f4a69a0, 0x0000025f8f4a6a78]
Event: 9.744 Thread 0x0000025fdfffdb20 4477       1       java.io.FileOutputStream::write (20 bytes)
Event: 9.744 Thread 0x0000025fdfffdb20 nmethod 4477 0x0000025f8f4a6f10 code [0x0000025f8f4a70a0, 0x0000025f8f4a7188]
Event: 10.665 Thread 0x0000025f991676c0 4479 % !   1       dev.langchain4j.model.embedding.onnx.OnnxBertBiEncoder::loadModel @ 32 (139 bytes)
Event: 10.666 Thread 0x0000025f991676c0 nmethod 4479% 0x0000025f8eeba990 code [0x0000025f8eebac00, 0x0000025f8eebb648]
Event: 10.672 Thread 0x0000025f9943b1f0 4480   !   1       dev.langchain4j.model.embedding.onnx.OnnxBertBiEncoder::loadModel (139 bytes)
Event: 10.673 Thread 0x0000025f9943b1f0 nmethod 4480 0x0000025f8eeb9a90 code [0x0000025f8eeb9cc0, 0x0000025f8eeba428]

GC Heap History (20 events):
Event: 0.868 GC heap before
{Heap before GC invocations=1 (full 0):
 garbage-first heap   total 129024K, used 26688K [0x0000000082600000, 0x0000000100000000)
  region size 1024K, 15 young (15360K), 3 survivors (3072K)
 Metaspace       used 5556K, committed 5696K, reserved 1114112K
  class space    used 641K, committed 704K, reserved 1048576K
}
Event: 0.873 GC heap after
{Heap after GC invocations=2 (full 0):
 garbage-first heap   total 129024K, used 16293K [0x0000000082600000, 0x0000000100000000)
  region size 1024K, 2 young (2048K), 2 survivors (2048K)
 Metaspace       used 5556K, committed 5696K, reserved 1114112K
  class space    used 641K, committed 704K, reserved 1048576K
}
Event: 2.903 GC heap before
{Heap before GC invocations=2 (full 0):
 garbage-first heap   total 129024K, used 60325K [0x0000000082600000, 0x0000000100000000)
  region size 1024K, 45 young (46080K), 2 survivors (2048K)
 Metaspace       used 14607K, committed 14976K, reserved 1114112K
  class space    used 1936K, committed 2112K, reserved 1048576K
}
Event: 2.908 GC heap after
{Heap after GC invocations=3 (full 0):
 garbage-first heap   total 129024K, used 19527K [0x0000000082600000, 0x0000000100000000)
  region size 1024K, 5 young (5120K), 5 survivors (5120K)
 Metaspace       used 14607K, committed 14976K, reserved 1114112K
  class space    used 1936K, committed 2112K, reserved 1048576K
}
Event: 5.195 GC heap before
{Heap before GC invocations=3 (full 0):
 garbage-first heap   total 129024K, used 56391K [0x0000000082600000, 0x0000000100000000)
  region size 1024K, 42 young (43008K), 5 survivors (5120K)
 Metaspace       used 21188K, committed 21504K, reserved 1114112K
  class space    used 2815K, committed 3008K, reserved 1048576K
}
Event: 5.204 GC heap after
{Heap after GC invocations=4 (full 0):
 garbage-first heap   total 129024K, used 24320K [0x0000000082600000, 0x0000000100000000)
  region size 1024K, 8 young (8192K), 8 survivors (8192K)
 Metaspace       used 21188K, committed 21504K, reserved 1114112K
  class space    used 2815K, committed 3008K, reserved 1048576K
}
Event: 6.981 GC heap before
{Heap before GC invocations=5 (full 0):
 garbage-first heap   total 75776K, used 58112K [0x0000000082600000, 0x0000000100000000)
  region size 1024K, 46 young (47104K), 8 survivors (8192K)
 Metaspace       used 30655K, committed 30976K, reserved 1114112K
  class space    used 4138K, committed 4288K, reserved 1048576K
}
Event: 6.996 GC heap after
{Heap after GC invocations=6 (full 0):
 garbage-first heap   total 75776K, used 23931K [0x0000000082600000, 0x0000000100000000)
  region size 1024K, 8 young (8192K), 8 survivors (8192K)
 Metaspace       used 30655K, committed 30976K, reserved 1114112K
  class space    used 4138K, committed 4288K, reserved 1048576K
}
Event: 7.015 GC heap before
{Heap before GC invocations=6 (full 0):
 garbage-first heap   total 75776K, used 24955K [0x0000000082600000, 0x0000000100000000)
  region size 1024K, 9 young (9216K), 8 survivors (8192K)
 Metaspace       used 30703K, committed 31040K, reserved 1114112K
  class space    used 4146K, committed 4288K, reserved 1048576K
}
Event: 7.025 GC heap after
{Heap after GC invocations=7 (full 0):
 garbage-first heap   total 75776K, used 24576K [0x0000000082600000, 0x0000000100000000)
  region size 1024K, 1 young (1024K), 1 survivors (1024K)
 Metaspace       used 30703K, committed 31040K, reserved 1114112K
  class space    used 4146K, committed 4288K, reserved 1048576K
}
Event: 7.897 GC heap before
{Heap before GC invocations=7 (full 0):
 garbage-first heap   total 75776K, used 52224K [0x0000000082600000, 0x0000000100000000)
  region size 1024K, 28 young (28672K), 1 survivors (1024K)
 Metaspace       used 32723K, committed 33088K, reserved 1114112K
  class space    used 4449K, committed 4608K, reserved 1048576K
}
Event: 7.907 GC heap after
{Heap after GC invocations=8 (full 0):
 garbage-first heap   total 151552K, used 25979K [0x0000000082600000, 0x0000000100000000)
  region size 1024K, 3 young (3072K), 3 survivors (3072K)
 Metaspace       used 32723K, committed 33088K, reserved 1114112K
  class space    used 4449K, committed 4608K, reserved 1048576K
}
Event: 8.650 GC heap before
{Heap before GC invocations=8 (full 0):
 garbage-first heap   total 151552K, used 51579K [0x0000000082600000, 0x0000000100000000)
  region size 1024K, 29 young (29696K), 3 survivors (3072K)
 Metaspace       used 35503K, committed 35968K, reserved 1114112K
  class space    used 4863K, committed 5120K, reserved 1048576K
}
Event: 8.656 GC heap after
{Heap after GC invocations=9 (full 0):
 garbage-first heap   total 151552K, used 27473K [0x0000000082600000, 0x0000000100000000)
  region size 1024K, 4 young (4096K), 4 survivors (4096K)
 Metaspace       used 35503K, committed 35968K, reserved 1114112K
  class space    used 4863K, committed 5120K, reserved 1048576K
}
Event: 10.109 GC heap before
{Heap before GC invocations=10 (full 0):
 garbage-first heap   total 96256K, used 77649K [0x0000000082600000, 0x0000000100000000)
  region size 1024K, 33 young (33792K), 4 survivors (4096K)
 Metaspace       used 40092K, committed 40576K, reserved 1114112K
  class space    used 5504K, committed 5760K, reserved 1048576K
}
Event: 10.115 GC heap after
{Heap after GC invocations=11 (full 0):
 garbage-first heap   total 96256K, used 39362K [0x0000000082600000, 0x0000000100000000)
  region size 1024K, 5 young (5120K), 5 survivors (5120K)
 Metaspace       used 40092K, committed 40576K, reserved 1114112K
  class space    used 5504K, committed 5760K, reserved 1048576K
}
Event: 10.216 GC heap before
{Heap before GC invocations=11 (full 0):
 garbage-first heap   total 96256K, used 56770K [0x0000000082600000, 0x0000000100000000)
  region size 1024K, 5 young (5120K), 5 survivors (5120K)
 Metaspace       used 40092K, committed 40576K, reserved 1114112K
  class space    used 5504K, committed 5760K, reserved 1048576K
}
Event: 10.220 GC heap after
{Heap after GC invocations=12 (full 0):
 garbage-first heap   total 96256K, used 46944K [0x0000000082600000, 0x0000000100000000)
  region size 1024K, 0 young (0K), 0 survivors (0K)
 Metaspace       used 40092K, committed 40576K, reserved 1114112K
  class space    used 5504K, committed 5760K, reserved 1048576K
}
Event: 10.375 GC heap before
{Heap before GC invocations=12 (full 0):
 garbage-first heap   total 118784K, used 80736K [0x0000000082600000, 0x0000000100000000)
  region size 1024K, 0 young (0K), 0 survivors (0K)
 Metaspace       used 40092K, committed 40576K, reserved 1114112K
  class space    used 5504K, committed 5760K, reserved 1048576K
}
Event: 10.376 GC heap after
{Heap after GC invocations=13 (full 0):
 garbage-first heap   total 118784K, used 63328K [0x0000000082600000, 0x0000000100000000)
  region size 1024K, 0 young (0K), 0 survivors (0K)
 Metaspace       used 40092K, committed 40576K, reserved 1114112K
  class space    used 5504K, committed 5760K, reserved 1048576K
}

Deoptimization events (8 events):
Event: 4.167 Thread 0x0000025f87240780 DEOPT PACKING pc=0x0000025f8ef4ed1c sp=0x000000a5023faee0
Event: 4.167 Thread 0x0000025f87240780 DEOPT UNPACKING pc=0x0000025f8eb42b43 sp=0x000000a5023fa3a8 mode 0
Event: 4.698 Thread 0x0000025f87240780 DEOPT PACKING pc=0x0000025f8f00779a sp=0x000000a5023fe1b0
Event: 4.698 Thread 0x0000025f87240780 DEOPT UNPACKING pc=0x0000025f8eb42b43 sp=0x000000a5023fd6b8 mode 3
Event: 9.549 Thread 0x0000025f87240780 DEOPT PACKING pc=0x0000025f8f119e99 sp=0x000000a5023fedc0
Event: 9.549 Thread 0x0000025f87240780 DEOPT UNPACKING pc=0x0000025f8eb42b43 sp=0x000000a5023fe260 mode 3
Event: 9.549 Thread 0x0000025fe0015d20 DEOPT PACKING pc=0x0000025f8f0f1e2f sp=0x000000a5045feda0
Event: 9.549 Thread 0x0000025fe0015d20 DEOPT UNPACKING pc=0x0000025f8eb42b43 sp=0x000000a5045fe208 mode 3

Classes unloaded (0 events):
No events

Classes redefined (0 events):
No events

Internal exceptions (20 events):
Event: 8.357 Thread 0x0000025f87240780 Exception <a 'java/lang/NoSuchMethodError'{0x000000008a992da0}: 'int java.lang.invoke.DirectMethodHandle$Holder.invokeSpecial(java.lang.Object, java.lang.Object, int)'> (0x000000008a992da0) 
thrown [s\open\src\hotspot\share\interpreter\linkResolver.cpp, line 759]
Event: 8.358 Thread 0x0000025f87240780 Exception <a 'java/lang/NoSuchMethodError'{0x000000008a99a9a8}: 'int java.lang.invoke.Invokers$Holder.linkToTargetMethod(java.lang.Object, java.lang.Object)'> (0x000000008a99a9a8) 
thrown [s\open\src\hotspot\share\interpreter\linkResolver.cpp, line 759]
Event: 8.401 Thread 0x0000025f87240780 Exception <a 'java/lang/NoSuchMethodError'{0x000000008a85b0d8}: 'java.lang.Object java.lang.invoke.DirectMethodHandle$Holder.invokeSpecial(java.lang.Object, java.lang.Object, java.lang.Object, java.lang.Object, java.lang.Object, java.lang.Object, java.lang.Object, java.lang.Object, java.lang.Object, java.lang.Object)'> (0x000000008a85b0d8) 
thrown [s\open\src\hotspot\share\interpreter\linkResolver.cpp, line 759]
Event: 8.401 Thread 0x0000025f87240780 Exception <a 'java/lang/NoSuchMethodError'{0x000000008a85f968}: 'java.lang.Object java.lang.invoke.Invokers$Holder.invoke_MT(java.lang.Object, java.lang.Object, java.lang.Object, java.lang.Object, java.lang.Object, java.lang.Object, java.lang.Object, java.lang.Object, java.lang.Object, java.lang.Object)'> (0x000000008a85f968) 
thrown [s\open\src\hotspot\share\interpreter\linkResolver.cpp, line 759]
Event: 8.410 Thread 0x0000025f87240780 Exception <a 'java/lang/NoSuchMethodError'{0x000000008a8a3be0}: 'java.lang.Object java.lang.invoke.DirectMethodHandle$Holder.invokeSpecial(java.lang.Object, java.lang.Object, int, java.lang.Object, java.lang.Object)'> (0x000000008a8a3be0) 
thrown [s\open\src\hotspot\share\interpreter\linkResolver.cpp, line 759]
Event: 8.411 Thread 0x0000025f87240780 Exception <a 'java/lang/NoSuchMethodError'{0x000000008a8a7888}: 'java.lang.Object java.lang.invoke.DelegatingMethodHandle$Holder.delegate(java.lang.Object, int, java.lang.Object, java.lang.Object)'> (0x000000008a8a7888) 
thrown [s\open\src\hotspot\share\interpreter\linkResolver.cpp, line 759]
Event: 8.416 Thread 0x0000025f87240780 Exception <a 'java/lang/NoSuchMethodError'{0x000000008a8b89b8}: 'int java.lang.invoke.Invokers$Holder.linkToTargetMethod(java.lang.Object, java.lang.Object, java.lang.Object)'> (0x000000008a8b89b8) 
thrown [s\open\src\hotspot\share\interpreter\linkResolver.cpp, line 759]
Event: 8.512 Thread 0x0000025f87240780 Exception <a 'sun/nio/fs/WindowsException'{0x000000008a5a0b30}> (0x000000008a5a0b30) 
thrown [s\open\src\hotspot\share\prims\jni.cpp, line 516]
Event: 8.609 Thread 0x0000025f87240780 Exception <a 'java/lang/NoClassDefFoundError'{0x000000008a19fe40}: org/flywaydb/core/Flyway> (0x000000008a19fe40) 
thrown [s\open\src\hotspot\share\classfile\systemDictionary.cpp, line 245]
Event: 8.609 Thread 0x0000025f87240780 Exception <a 'java/lang/NoClassDefFoundError'{0x000000008a1a3588}: liquibase/integration/spring/SpringLiquibase> (0x000000008a1a3588) 
thrown [s\open\src\hotspot\share\classfile\systemDictionary.cpp, line 245]
Event: 8.747 Thread 0x0000025f87240780 Exception <a 'java/lang/NoSuchMethodError'{0x0000000087d9be30}: 'void java.lang.invoke.DirectMethodHandle$Holder.invokeSpecial(java.lang.Object, java.lang.Object, java.lang.Object, java.lang.Object, java.lang.Object, java.lang.Object)'> (0x0000000087d9be30) 
thrown [s\open\src\hotspot\share\interpreter\linkResolver.cpp, line 759]
Event: 8.926 Thread 0x0000025f87240780 Exception <a 'java/lang/NoSuchMethodError'{0x00000000878e3758}: 'void java.lang.invoke.DirectMethodHandle$Holder.invokeInterface(java.lang.Object, java.lang.Object, int)'> (0x00000000878e3758) 
thrown [s\open\src\hotspot\share\interpreter\linkResolver.cpp, line 759]
Event: 8.930 Thread 0x0000025f87240780 Exception <a 'java/lang/IncompatibleClassChangeError'{0x00000000877337e0}: Found class java.lang.Object, but interface was expected> (0x00000000877337e0) 
thrown [s\open\src\hotspot\share\interpreter\linkResolver.cpp, line 826]
Event: 8.931 Thread 0x0000025f87240780 Exception <a 'java/lang/NoSuchMethodError'{0x00000000877443a0}: 'int java.lang.invoke.DirectMethodHandle$Holder.invokeSpecialIFC(java.lang.Object, java.lang.Object, java.lang.Object)'> (0x00000000877443a0) 
thrown [s\open\src\hotspot\share\interpreter\linkResolver.cpp, line 759]
Event: 8.932 Thread 0x0000025f87240780 Exception <a 'java/lang/NoSuchMethodError'{0x000000008775cc58}: 'void java.lang.invoke.DirectMethodHandle$Holder.invokeStatic(java.lang.Object, int, java.lang.Object)'> (0x000000008775cc58) 
thrown [s\open\src\hotspot\share\interpreter\linkResolver.cpp, line 759]
Event: 8.940 Thread 0x0000025f87240780 Exception <a 'java/lang/NoSuchMethodError'{0x000000008779a320}: 'void java.lang.invoke.DirectMethodHandle$Holder.invokeVirtual(java.lang.Object, java.lang.Object, int)'> (0x000000008779a320) 
thrown [s\open\src\hotspot\share\interpreter\linkResolver.cpp, line 759]
Event: 8.941 Thread 0x0000025f87240780 Exception <a 'java/lang/NoSuchMethodError'{0x00000000877a0580}: 'void java.lang.invoke.DirectMethodHandle$Holder.invokeStatic(java.lang.Object, java.lang.Object, java.lang.Object, int, java.lang.Object)'> (0x00000000877a0580) 
thrown [s\open\src\hotspot\share\interpreter\linkResolver.cpp, line 759]
Event: 9.427 Thread 0x0000025f87240780 Exception <a 'java/io/FileNotFoundException'{0x0000000086d7bd50}> (0x0000000086d7bd50) 
thrown [s\open\src\hotspot\share\prims\jni.cpp, line 516]
Event: 9.482 Thread 0x0000025f87240780 Exception <a 'java/lang/NoSuchMethodError'{0x0000000086a6d650}: 'int java.lang.invoke.DirectMethodHandle$Holder.invokeInterface(java.lang.Object, java.lang.Object, java.lang.Object, java.lang.Object)'> (0x0000000086a6d650) 
thrown [s\open\src\hotspot\share\interpreter\linkResolver.cpp, line 759]
Event: 9.519 Thread 0x0000025f87240780 Exception <a 'java/lang/NoSuchMethodError'{0x0000000086839178}: 'long java.lang.invoke.DirectMethodHandle$Holder.invokeVirtual(java.lang.Object, java.lang.Object)'> (0x0000000086839178) 
thrown [s\open\src\hotspot\share\interpreter\linkResolver.cpp, line 759]

VM Operations (20 events):
Event: 9.268 Executing VM operation: HandshakeAllThreads
Event: 9.268 Executing VM operation: HandshakeAllThreads done
Event: 9.419 Executing VM operation: HandshakeAllThreads
Event: 9.419 Executing VM operation: HandshakeAllThreads done
Event: 9.496 Executing VM operation: HandshakeAllThreads
Event: 9.496 Executing VM operation: HandshakeAllThreads done
Event: 9.497 Executing VM operation: HandshakeAllThreads
Event: 9.497 Executing VM operation: HandshakeAllThreads done
Event: 9.537 Executing VM operation: HandshakeAllThreads
Event: 9.537 Executing VM operation: HandshakeAllThreads done
Event: 10.109 Executing VM operation: G1CollectForAllocation
Event: 10.115 Executing VM operation: G1CollectForAllocation done
Event: 10.215 Executing VM operation: G1CollectForAllocation
Event: 10.220 Executing VM operation: G1CollectForAllocation done
Event: 10.375 Executing VM operation: G1TryInitiateConcMark
Event: 10.376 Executing VM operation: G1TryInitiateConcMark done
Event: 10.399 Executing VM operation: G1Concurrent
Event: 10.424 Executing VM operation: G1Concurrent done
Event: 10.435 Executing VM operation: G1Concurrent
Event: 10.435 Executing VM operation: G1Concurrent done

Events (20 events):
Event: 9.548 loading class java/util/concurrent/TimeUnit$1 done
Event: 9.549 Thread 0x0000025fe0015d20 Thread added: 0x0000025fe0015d20
Event: 9.549 loading class java/util/concurrent/locks/AbstractQueuedSynchronizer$ConditionNode
Event: 9.549 loading class java/util/concurrent/locks/AbstractQueuedSynchronizer$Node
Event: 9.549 loading class java/util/concurrent/locks/AbstractQueuedSynchronizer$Node done
Event: 9.549 loading class java/util/concurrent/locks/AbstractQueuedSynchronizer$ConditionNode done
Event: 9.549 loading class java/util/concurrent/locks/AbstractQueuedSynchronizer$ExclusiveNode
Event: 9.549 loading class java/util/concurrent/locks/AbstractQueuedSynchronizer$ExclusiveNode done
Event: 9.561 Thread 0x0000025fe0016a10 Thread added: 0x0000025fe0016a10
Event: 9.572 loading class jdk/internal/reflect/UnsafeIntegerFieldAccessorImpl
Event: 9.572 loading class jdk/internal/reflect/UnsafeIntegerFieldAccessorImpl done
Event: 9.672 Thread 0x0000025fdf86a040 Thread added: 0x0000025fdf86a040
Event: 9.697 loading class java/util/LinkedList$LLSpliterator
Event: 9.698 loading class java/util/LinkedList$LLSpliterator done
Event: 9.899 loading class java/io/FileOutputStream$1
Event: 9.900 loading class java/io/FileOutputStream$1 done
Event: 9.964 Loaded shared library C:\Users\PC\AppData\Local\Temp\onnxruntime-java16910726192059361358\onnxruntime.dll
Event: 9.980 Loaded shared library C:\Users\PC\AppData\Local\Temp\onnxruntime-java16910726192059361358\onnxruntime4j_jni.dll
Event: 10.665 Thread 0x0000025fdfffdb20 Thread exited: 0x0000025fdfffdb20
Event: 10.665 Thread 0x0000025fdf2f5aa0 Thread exited: 0x0000025fdf2f5aa0


Dynamic libraries:
0x00007ff7d63f0000 - 0x00007ff7d6400000 	C:\Program Files\Java\jdk-17\bin\java.exe
0x00007ffaeb970000 - 0x00007ffaebb69000 	C:\Windows\SYSTEM32\ntdll.dll
0x00007ffaeb110000 - 0x00007ffaeb1d2000 	C:\Windows\System32\KERNEL32.DLL
0x00007ffae9010000 - 0x00007ffae9307000 	C:\Windows\System32\KERNELBASE.dll
0x00007ffae93b0000 - 0x00007ffae94b0000 	C:\Windows\System32\ucrtbase.dll
0x00007ffade560000 - 0x00007ffade579000 	C:\Program Files\Java\jdk-17\bin\jli.dll
0x00007ffade540000 - 0x00007ffade55b000 	C:\Program Files\Java\jdk-17\bin\VCRUNTIME140.dll
0x00007ffaeb400000 - 0x00007ffaeb4b2000 	C:\Windows\System32\ADVAPI32.dll
0x00007ffaeb060000 - 0x00007ffaeb0fe000 	C:\Windows\System32\msvcrt.dll
0x00007ffaeb820000 - 0x00007ffaeb8c0000 	C:\Windows\System32\sechost.dll
0x00007ffae9fa0000 - 0x00007ffaea0c6000 	C:\Windows\System32\RPCRT4.dll
0x00007ffae96d0000 - 0x00007ffae96f7000 	C:\Windows\System32\bcrypt.dll
0x00007ffaeab00000 - 0x00007ffaeac9d000 	C:\Windows\System32\USER32.dll
0x00007ffae8fe0000 - 0x00007ffae9002000 	C:\Windows\System32\win32u.dll
0x00007ffaeb3d0000 - 0x00007ffaeb3fb000 	C:\Windows\System32\GDI32.dll
0x00007ffad0660000 - 0x00007ffad08fb000 	C:\Windows\WinSxS\amd64_microsoft.windows.common-controls_6595b64144ccf1df_6.0.19041.7663_none_60b9ed0b71f50c93\COMCTL32.dll
0x00007ffae95b0000 - 0x00007ffae96ca000 	C:\Windows\System32\gdi32full.dll
0x00007ffae9310000 - 0x00007ffae93ad000 	C:\Windows\System32\msvcp_win.dll
0x00007ffae17d0000 - 0x00007ffae17da000 	C:\Windows\SYSTEM32\VERSION.dll
0x00007ffae9b00000 - 0x00007ffae9b2f000 	C:\Windows\System32\IMM32.DLL
0x00007ffade530000 - 0x00007ffade53c000 	C:\Program Files\Java\jdk-17\bin\vcruntime140_1.dll
0x00007ffa9ea80000 - 0x00007ffa9eb0e000 	C:\Program Files\Java\jdk-17\bin\msvcp140.dll
0x00007ffa4e4a0000 - 0x00007ffa4f080000 	C:\Program Files\Java\jdk-17\bin\server\jvm.dll
0x00007ffaeb8c0000 - 0x00007ffaeb8c8000 	C:\Windows\System32\PSAPI.DLL
0x00007ffad11f0000 - 0x00007ffad1217000 	C:\Windows\SYSTEM32\WINMM.dll
0x00007ffad0480000 - 0x00007ffad0489000 	C:\Windows\SYSTEM32\WSOCK32.dll
0x00007ffaeb5f0000 - 0x00007ffaeb65b000 	C:\Windows\System32\WS2_32.dll
0x00007ffae6e40000 - 0x00007ffae6e52000 	C:\Windows\SYSTEM32\kernel.appcore.dll
0x00007ffade520000 - 0x00007ffade52a000 	C:\Program Files\Java\jdk-17\bin\jimage.dll
0x00007ffae3310000 - 0x00007ffae3511000 	C:\Windows\SYSTEM32\DBGHELP.DLL
0x00007ffad2110000 - 0x00007ffad2144000 	C:\Windows\SYSTEM32\dbgcore.DLL
0x00007ffae98e0000 - 0x00007ffae9962000 	C:\Windows\System32\bcryptPrimitives.dll
0x00007ffab8480000 - 0x00007ffab84a5000 	C:\Program Files\Java\jdk-17\bin\java.dll
0x00007ffa9e9a0000 - 0x00007ffa9ea77000 	C:\Program Files\Java\jdk-17\bin\jsvml.dll
0x00007ffaea200000 - 0x00007ffaea971000 	C:\Windows\System32\SHELL32.dll
0x00007ffae7050000 - 0x00007ffae77fc000 	C:\Windows\SYSTEM32\windows.storage.dll
0x00007ffaeaca0000 - 0x00007ffaeaff3000 	C:\Windows\System32\combase.dll
0x00007ffae8a00000 - 0x00007ffae8a2b000 	C:\Windows\SYSTEM32\Wldp.dll
0x00007ffae9970000 - 0x00007ffae9a46000 	C:\Windows\System32\OLEAUT32.dll
0x00007ffae9a50000 - 0x00007ffae9afd000 	C:\Windows\System32\SHCORE.dll
0x00007ffaeb8d0000 - 0x00007ffaeb92b000 	C:\Windows\System32\shlwapi.dll
0x00007ffae8f00000 - 0x00007ffae8f25000 	C:\Windows\SYSTEM32\profapi.dll
0x00007ffade500000 - 0x00007ffade519000 	C:\Program Files\Java\jdk-17\bin\net.dll
0x00007ffadcff0000 - 0x00007ffadd0fd000 	C:\Windows\SYSTEM32\WINHTTP.dll
0x00007ffae8730000 - 0x00007ffae879a000 	C:\Windows\system32\mswsock.dll
0x00007ffaa1ea0000 - 0x00007ffaa1eb6000 	C:\Program Files\Java\jdk-17\bin\nio.dll
0x00007ffaa1e80000 - 0x00007ffaa1e98000 	C:\Program Files\Java\jdk-17\bin\zip.dll
0x00007ffae83c0000 - 0x00007ffae83fb000 	C:\Windows\SYSTEM32\IPHLPAPI.DLL
0x00007ffaeb810000 - 0x00007ffaeb818000 	C:\Windows\System32\NSI.dll
0x00007ffadd600000 - 0x00007ffadd617000 	C:\Windows\SYSTEM32\dhcpcsvc6.DLL
0x00007ffaddb60000 - 0x00007ffaddb7e000 	C:\Windows\SYSTEM32\dhcpcsvc.DLL
0x00007ffae8400000 - 0x00007ffae84cc000 	C:\Windows\SYSTEM32\DNSAPI.dll
0x00007ffade790000 - 0x00007ffade79a000 	C:\Windows\System32\rasadhlp.dll
0x00007ffad3d20000 - 0x00007ffad3da0000 	C:\Windows\System32\fwpuclnt.dll
0x00007ffac4260000 - 0x00007ffac426e000 	C:\Program Files\Java\jdk-17\bin\sunmscapi.dll
0x00007ffae9780000 - 0x00007ffae98dd000 	C:\Windows\System32\CRYPT32.dll
0x00007ffae8a70000 - 0x00007ffae8a97000 	C:\Windows\SYSTEM32\ncrypt.dll
0x00007ffae8a30000 - 0x00007ffae8a6b000 	C:\Windows\SYSTEM32\NTASN1.dll
0x00007ffae8960000 - 0x00007ffae8978000 	C:\Windows\SYSTEM32\CRYPTSP.dll
0x00007ffae7fe0000 - 0x00007ffae8018000 	C:\Windows\system32\rsaenh.dll
0x00007ffae8e80000 - 0x00007ffae8eae000 	C:\Windows\SYSTEM32\USERENV.dll
0x00007ffae8950000 - 0x00007ffae895c000 	C:\Windows\SYSTEM32\CRYPTBASE.dll
0x00007ffac7730000 - 0x00007ffac7740000 	C:\Program Files\Java\jdk-17\bin\verify.dll
0x00007ffac4230000 - 0x00007ffac423a000 	C:\Program Files\Java\jdk-17\bin\management.dll
0x00007ffac3bb0000 - 0x00007ffac3bbb000 	C:\Program Files\Java\jdk-17\bin\management_ext.dll
0x00007ffa3dc10000 - 0x00007ffa3e71f000 	C:\Users\PC\AppData\Local\Temp\onnxruntime-java16910726192059361358\onnxruntime.dll
0x00007ffac9070000 - 0x00007ffac9079000 	C:\Windows\SYSTEM32\MSVCP140_1.dll
0x00007ffac1250000 - 0x00007ffac1267000 	C:\Users\PC\AppData\Local\Temp\onnxruntime-java16910726192059361358\onnxruntime4j_jni.dll

dbghelp: loaded successfully - version: 4.0.5 - missing functions: none
symbol engine: initialized successfully - sym options: 0x614 - pdb path: .;C:\Program Files\Java\jdk-17\bin;C:\Windows\SYSTEM32;C:\Windows\WinSxS\amd64_microsoft.windows.common-controls_6595b64144ccf1df_6.0.19041.7663_none_60b9ed0b71f50c93;C:\Program Files\Java\jdk-17\bin\server;C:\Users\PC\AppData\Local\Temp\onnxruntime-java16910726192059361358

VM Arguments:
jvm_args: -XX:TieredStopAtLevel=1 
java_command: com.ai_service.AiServiceApplication
java_class_path (initial): D:\Hospital Management Service\HMS-Backend\AI-Service\target\classes;D:\maven-repository\org\springframework\boot\spring-boot\3.4.2\spring-boot-3.4.2.jar;D:\maven-repository\org\springframework\boot\spring-boot-autoconfigure\3.4.2\spring-boot-autoconfigure-3.4.2.jar;D:\maven-repository\ch\qos\logback\logback-classic\1.5.16\logback-classic-1.5.16.jar;D:\maven-repository\ch\qos\logback\logback-core\1.5.16\logback-core-1.5.16.jar;D:\maven-repository\org\apache\logging\log4j\log4j-to-slf4j\2.24.3\log4j-to-slf4j-2.24.3.jar;D:\maven-repository\org\apache\logging\log4j\log4j-api\2.24.3\log4j-api-2.24.3.jar;D:\maven-repository\org\slf4j\jul-to-slf4j\2.0.16\jul-to-slf4j-2.0.16.jar;D:\maven-repository\jakarta\annotation\jakarta.annotation-api\2.1.1\jakarta.annotation-api-2.1.1.jar;D:\maven-repository\org\yaml\snakeyaml\2.3\snakeyaml-2.3.jar;D:\maven-repository\com\fasterxml\jackson\module\jackson-module-parameter-names\2.18.2\jackson-module-parameter-names-2.18.2.jar;D:\maven-repository\org\apache\tomcat\embed\tomcat-embed-core\10.1.34\tomcat-embed-core-10.1.34.jar;D:\maven-repository\org\apache\tomcat\embed\tomcat-embed-el\10.1.34\tomcat-embed-el-10.1.34.jar;D:\maven-repository\org\apache\tomcat\embed\tomcat-embed-websocket\10.1.34\tomcat-embed-websocket-10.1.34.jar;D:\maven-repository\org\springframework\spring-web\6.2.2\spring-web-6.2.2.jar;D:\maven-repository\org\springframework\spring-beans\6.2.2\spring-beans-6.2.2.jar;D:\maven-repository\io\micrometer\micrometer-observation\1.14.3\micrometer-observation-1.14.3.jar;D:\maven-repository\io\micrometer\micrometer-commons\1.14.3\micrometer-commons-1.14.3.jar;D:\maven-repository\org\springframework\spring-webmvc\6.2.2\spring-webmvc-6.2.2.jar;D:\maven-repository\org\springframework\spring-aop\6.2.2\spring-aop-6.2.2.jar;D:\maven-repository\org\springframework\spring-context\6.2.2\spring-context-6.2.2.jar;D:\maven-repository\org\springframework\spring-expression\6.2.2\spring-expression-6.2.2.jar;D:\ma
Launcher Type: SUN_STANDARD

[Global flags]
     intx CICompilerCount                          = 4                                         {product} {ergonomic}
     uint ConcGCThreads                            = 2                                         {product} {ergonomic}
     uint G1ConcRefinementThreads                  = 8                                         {product} {ergonomic}
   size_t G1HeapRegionSize                         = 1048576                                   {product} {ergonomic}
    uintx GCDrainStackTargetSize                   = 64                                        {product} {ergonomic}
   size_t InitialHeapSize                          = 132120576                                 {product} {ergonomic}
   size_t MarkStackSize                            = 4194304                                   {product} {ergonomic}
   size_t MaxHeapSize                              = 2107637760                                {product} {ergonomic}
   size_t MaxNewSize                               = 1264582656                                {product} {ergonomic}
   size_t MinHeapDeltaBytes                        = 1048576                                   {product} {ergonomic}
   size_t MinHeapSize                              = 8388608                                   {product} {ergonomic}
    uintx NonProfiledCodeHeapSize                  = 0                                      {pd product} {ergonomic}
     bool ProfileInterpreter                       = false                                  {pd product} {command line}
    uintx ProfiledCodeHeapSize                     = 0                                      {pd product} {ergonomic}
   size_t SoftMaxHeapSize                          = 2107637760                             {manageable} {ergonomic}
     intx TieredStopAtLevel                        = 1                                         {product} {command line}
     bool UseCompressedClassPointers               = true                           {product lp64_product} {ergonomic}
     bool UseCompressedOops                        = true                           {product lp64_product} {ergonomic}
     bool UseG1GC                                  = true                                      {product} {ergonomic}
     bool UseLargePagesIndividualAllocation        = false                                  {pd product} {ergonomic}

Logging:
Log output configuration:
 #0: stdout all=warning uptime,level,tags
 #1: stderr all=off uptime,level,tags

Environment Variables:
JAVA_HOME=C:/Program Files/Java/jdk-17
PATH=C:\Program Files\Git\mingw64\bin;C:\Program Files\Git\usr\bin;C:\Users\PC\bin;D:\NodeJs;C:\Users\PC\AppData\Local\Microsoft\WindowsApps;C:\Users\PC\AppData\Local\Programs\Microsoft VS Code\bin;C:\apache-maven-3.9.11\bin;C:\Program Files\Java\jdk-17\bin;C:\Program Files\PostgreSQL\18\bin;C:\Windows\System32;C:\Users\PC\AppData\Roaming\npm
USERNAME=PC
OS=Windows_NT
PROCESSOR_IDENTIFIER=Intel64 Family 6 Model 142 Stepping 10, GenuineIntel



---------------  S Y S T E M  ---------------

OS:
 Windows 10 , 64 bit Build 19041 (10.0.19041.7663)
OS uptime: 1 days 0:12 hours

CPU: total 8 (initial active 8) (4 cores per cpu, 2 threads per core) family 6 model 142 stepping 10 microcode 0xf6, cx8, cmov, fxsr, ht, mmx, 3dnowpref, sse, sse2, sse3, ssse3, sse4.1, sse4.2, popcnt, lzcnt, tsc, tscinvbit, avx, avx2, aes, erms, clmul, bmi1, bmi2, adx, fma, vzeroupper, clflush, clflushopt

Memory: 4k page, system-wide physical 8035M (318M free)
TotalPageFile size 18182M (AvailPageFile size 12M)
current process WorkingSet (physical memory assigned to process): 292M, peak: 292M
current process commit charge ("private bytes"): 396M, peak: 397M

vm_info: Java HotSpot(TM) 64-Bit Server VM (17.0.12+8-LTS-286) for windows-amd64 JRE (17.0.12+8-LTS-286), built on Jun  5 2024 06:46:59 by "mach5one" with MS VC++ 17.6 (VS2022)

END.
