#
# There is insufficient memory for the Java Runtime Environment to continue.
# Native memory allocation (mmap) failed to map 65536 bytes for Failed to commit metaspace.
# Possible reasons:
#   The system is out of physical RAM or swap space
#   The process is running with CompressedOops enabled, and the Java Heap may be blocking the growth of the native heap
# Possible solutions:
#   Reduce memory load on the system
#   Increase physical memory or swap space
#   Check if swap backing store is full
#   Decrease Java heap size (-Xmx/-Xms)
#   Decrease number of Java threads
#   Decrease Java thread stack sizes (-Xss)
#   Set larger code cache with -XX:ReservedCodeCacheSize=
#   JVM is running with Unscaled Compressed Oops mode in which the Java heap is
#     placed in the first 4GB address space. The Java Heap base address is the
#     maximum limit for the native heap growth. Please use -XX:HeapBaseMinAddress
#     to set the Java Heap base and to place the Java Heap above 4GB virtual address.
# This output file may be truncated or incomplete.
#
#  Out of Memory Error (virtualSpaceNode.cpp:110), pid=3888, tid=18556
#
# JRE version: Java(TM) SE Runtime Environment (17.0.12+8) (build 17.0.12+8-LTS-286)
# Java VM: Java HotSpot(TM) 64-Bit Server VM (17.0.12+8-LTS-286, mixed mode, emulated-client, tiered, compressed oops, compressed class ptrs, g1 gc, windows-amd64)
# No core dump will be written. Minidumps are not enabled by default on client versions of Windows
#

---------------  S U M M A R Y ------------

Command Line: -XX:TieredStopAtLevel=1 com.ai_service.AiServiceApplication

Host: Intel(R) Core(TM) i5-8250U CPU @ 1.60GHz, 8 cores, 7G,  Windows 10 , 64 bit Build 19041 (10.0.19041.7663)
Time: Sun Aug 23 17:56:13 2026 India Standard Time elapsed time: 0.589588 seconds (0d 0h 0m 0s)

---------------  T H R E A D  ---------------

Current thread (0x0000015b6442cc60):  JavaThread "main" [_thread_in_vm, id=18556, stack(0x0000004c8e600000,0x0000004c8e700000)]

Stack: [0x0000004c8e600000,0x0000004c8e700000]
Native frames: (J=compiled Java code, j=interpreted, Vv=VM code, C=native code)
V  [jvm.dll+0x67a04a]
V  [jvm.dll+0x7da4ed]
V  [jvm.dll+0x7dbe33]
V  [jvm.dll+0x7dc4a3]
V  [jvm.dll+0x24508f]
V  [jvm.dll+0x7d60bb]
V  [jvm.dll+0x6206c6]
V  [jvm.dll+0x62072a]
V  [jvm.dll+0x622f4d]
V  [jvm.dll+0x621086]
V  [jvm.dll+0x23a821]
V  [jvm.dll+0x1e8e87]
V  [jvm.dll+0x1dea41]
V  [jvm.dll+0x53f78c]
V  [jvm.dll+0x1ef3ca]
V  [jvm.dll+0x7547ad]
V  [jvm.dll+0x755bc6]
V  [jvm.dll+0x755ef8]
V  [jvm.dll+0x23d13b]
V  [jvm.dll+0x37d08e]
C  0x0000015b6bcf9847

Java frames: (J=compiled Java code, j=interpreted, Vv=VM code)
j  java.lang.invoke.InnerClassLambdaMetafactory.<init>(Ljava/lang/invoke/MethodHandles$Lookup;Ljava/lang/invoke/MethodType;Ljava/lang/String;Ljava/lang/invoke/MethodType;Ljava/lang/invoke/MethodHandle;Ljava/lang/invoke/MethodType;Z[Ljava/lang/Class;[Ljava/lang/invoke/MethodType;)V+141 java.base@17.0.12
j  java.lang.invoke.LambdaMetafactory.metafactory(Ljava/lang/invoke/MethodHandles$Lookup;Ljava/lang/String;Ljava/lang/invoke/MethodType;Ljava/lang/invoke/MethodType;Ljava/lang/invoke/MethodHandle;Ljava/lang/invoke/MethodType;)Ljava/lang/invoke/CallSite;+55 java.base@17.0.12
j  java.lang.invoke.DirectMethodHandle$Holder.invokeStatic(Ljava/lang/Object;Ljava/lang/Object;Ljava/lang/Object;Ljava/lang/Object;Ljava/lang/Object;Ljava/lang/Object;Ljava/lang/Object;)Ljava/lang/Object;+20 java.base@17.0.12
j  java.lang.invoke.Invokers$Holder.invokeExact_MT(Ljava/lang/Object;Ljava/lang/Object;Ljava/lang/Object;Ljava/lang/Object;Ljava/lang/Object;Ljava/lang/Object;Ljava/lang/Object;Ljava/lang/Object;)Ljava/lang/Object;+28 java.base@17.0.12
j  java.lang.invoke.BootstrapMethodInvoker.invoke(Ljava/lang/Class;Ljava/lang/invoke/MethodHandle;Ljava/lang/String;Ljava/lang/Object;Ljava/lang/Object;Ljava/lang/Class;)Ljava/lang/Object;+319 java.base@17.0.12
j  java.lang.invoke.CallSite.makeSite(Ljava/lang/invoke/MethodHandle;Ljava/lang/String;Ljava/lang/invoke/MethodType;Ljava/lang/Object;Ljava/lang/Class;)Ljava/lang/invoke/CallSite;+8 java.base@17.0.12
j  java.lang.invoke.MethodHandleNatives.linkCallSiteImpl(Ljava/lang/Class;Ljava/lang/invoke/MethodHandle;Ljava/lang/String;Ljava/lang/invoke/MethodType;Ljava/lang/Object;[Ljava/lang/Object;)Ljava/lang/invoke/MemberName;+6 java.base@17.0.12
j  java.lang.invoke.MethodHandleNatives.linkCallSite(Ljava/lang/Object;ILjava/lang/Object;Ljava/lang/Object;Ljava/lang/Object;Ljava/lang/Object;[Ljava/lang/Object;)Ljava/lang/invoke/MemberName;+46 java.base@17.0.12
v  ~StubRoutines::call_stub
j  org.apache.commons.logging.LogAdapter.<clinit>()V+61
v  ~StubRoutines::call_stub
j  org.apache.commons.logging.LogFactory.getLog(Ljava/lang/String;)Lorg/apache/commons/logging/Log;+1
j  org.apache.commons.logging.LogFactory.getLog(Ljava/lang/Class;)Lorg/apache/commons/logging/Log;+4
j  org.springframework.boot.SpringApplication.<clinit>()V+2
v  ~StubRoutines::call_stub
j  com.ai_service.AiServiceApplication.main([Ljava/lang/String;)V+0
v  ~StubRoutines::call_stub

---------------  P R O C E S S  ---------------

Threads class SMR info:
_java_thread_list=0x0000015b64435110, length=12, elements={
0x0000015b6442cc60, 0x0000015b04013260, 0x0000015b762eed80, 0x0000015b04042570,
0x0000015b04047200, 0x0000015b04048bd0, 0x0000015b04049590, 0x0000015b04049f50,
0x0000015b0404a950, 0x0000015b0424c680, 0x0000015b042711e0, 0x0000015b04278950
}

Java Threads: ( => current thread )
=>0x0000015b6442cc60 JavaThread "main" [_thread_in_vm, id=18556, stack(0x0000004c8e600000,0x0000004c8e700000)]
  0x0000015b04013260 JavaThread "Reference Handler" daemon [_thread_blocked, id=8856, stack(0x0000004c8ed00000,0x0000004c8ee00000)]
  0x0000015b762eed80 JavaThread "Finalizer" daemon [_thread_blocked, id=9584, stack(0x0000004c8ee00000,0x0000004c8ef00000)]
  0x0000015b04042570 JavaThread "Signal Dispatcher" daemon [_thread_blocked, id=11460, stack(0x0000004c8ef00000,0x0000004c8f000000)]
  0x0000015b04047200 JavaThread "Attach Listener" daemon [_thread_blocked, id=16592, stack(0x0000004c8f000000,0x0000004c8f100000)]
  0x0000015b04048bd0 JavaThread "Service Thread" daemon [_thread_blocked, id=1216, stack(0x0000004c8f100000,0x0000004c8f200000)]
  0x0000015b04049590 JavaThread "Monitor Deflation Thread" daemon [_thread_blocked, id=10008, stack(0x0000004c8f200000,0x0000004c8f300000)]
  0x0000015b04049f50 JavaThread "C1 CompilerThread0" daemon [_thread_blocked, id=18712, stack(0x0000004c8f300000,0x0000004c8f400000)]
  0x0000015b0404a950 JavaThread "Sweeper thread" daemon [_thread_blocked, id=13124, stack(0x0000004c8f400000,0x0000004c8f500000)]
  0x0000015b0424c680 JavaThread "Notification Thread" daemon [_thread_blocked, id=4180, stack(0x0000004c8f500000,0x0000004c8f600000)]
  0x0000015b042711e0 JavaThread "Common-Cleaner" daemon [_thread_blocked, id=18372, stack(0x0000004c8f700000,0x0000004c8f800000)]
  0x0000015b04278950 JavaThread "C1 CompilerThread1" daemon [_thread_blocked, id=8200, stack(0x0000004c8f800000,0x0000004c8f900000)]

Other Threads:
  0x0000015b762ea390 VMThread "VM Thread" [stack: 0x0000004c8ec00000,0x0000004c8ed00000] [id=8832]
  0x0000015b644c0e10 WatcherThread [stack: 0x0000004c8f600000,0x0000004c8f700000] [id=13336]
  0x0000015b64495b50 GCTaskThread "GC Thread#0" [stack: 0x0000004c8e700000,0x0000004c8e800000] [id=7364]
  0x0000015b644a64e0 ConcurrentGCThread "G1 Main Marker" [stack: 0x0000004c8e800000,0x0000004c8e900000] [id=3364]
  0x0000015b644a6df0 ConcurrentGCThread "G1 Conc#0" [stack: 0x0000004c8e900000,0x0000004c8ea00000] [id=9908]
  0x0000015b644eecc0 ConcurrentGCThread "G1 Refine#0" [stack: 0x0000004c8ea00000,0x0000004c8eb00000] [id=11408]
  0x0000015b76156b70 ConcurrentGCThread "G1 Service" [stack: 0x0000004c8eb00000,0x0000004c8ec00000] [id=1096]

Threads with active compile tasks:

VM state: not at safepoint (normal execution)

VM Mutex/Monitor currently owned by a thread:  ([mutex/lock_event])
[0x0000015b64427440] Metaspace_lock - owner thread: 0x0000015b6442cc60

OutOfMemory and StackOverflow Exception counts:
OutOfMemoryError java_heap_errors=1

Heap address: 0x0000000082600000, size: 2010 MB, Compressed Oops mode: 32-bit

CDS archive(s) not mapped
Compressed class space mapped at: 0x0000000100000000-0x0000000140000000, reserved size: 1073741824
Narrow klass base: 0x0000000000000000, Narrow klass shift: 3, Narrow klass range: 0x140000000

GC Precious Log:
 CPUs: 8 total, 8 available
 Memory: 8035M
 Large Page Support: Disabled
 NUMA Support: Disabled
 Compressed Oops: Enabled (32-bit)
 Heap Region Size: 1M
 Heap Min Capacity: 8M
 Heap Initial Capacity: 126M
 Heap Max Capacity: 2010M
 Pre-touch: Disabled
 Parallel Workers: 8
 Concurrent Workers: 2
 Concurrent Refinement Workers: 8
 Periodic GC: Disabled

Heap:
 garbage-first heap   total 129024K, used 11264K [0x0000000082600000, 0x0000000100000000)
  region size 1024K, 11 young (11264K), 0 survivors (0K)
 Metaspace       used 5639K, committed 5696K, reserved 1114112K
  class space    used 468K, committed 512K, reserved 1048576K

Heap Regions: E=young(eden), S=young(survivor), O=old, HS=humongous(starts), HC=humongous(continues), CS=collection set, F=free, OA=open archive, CA=closed archive, TAMS=top-at-mark-start (previous, next)
|   0|0x0000000082600000, 0x0000000082700000, 0x0000000082700000|100%|HS|  |TAMS 0x0000000082600000, 0x0000000082600000| Complete 
|   1|0x0000000082700000, 0x0000000082800000, 0x0000000082800000|100%|HS|  |TAMS 0x0000000082700000, 0x0000000082700000| Complete 
|   2|0x0000000082800000, 0x0000000082800000, 0x0000000082900000|  0%| F|  |TAMS 0x0000000082800000, 0x0000000082800000| Untracked 
|   3|0x0000000082900000, 0x0000000082900000, 0x0000000082a00000|  0%| F|  |TAMS 0x0000000082900000, 0x0000000082900000| Untracked 
|   4|0x0000000082a00000, 0x0000000082a00000, 0x0000000082b00000|  0%| F|  |TAMS 0x0000000082a00000, 0x0000000082a00000| Untracked 
|   5|0x0000000082b00000, 0x0000000082b00000, 0x0000000082c00000|  0%| F|  |TAMS 0x0000000082b00000, 0x0000000082b00000| Untracked 
|   6|0x0000000082c00000, 0x0000000082c00000, 0x0000000082d00000|  0%| F|  |TAMS 0x0000000082c00000, 0x0000000082c00000| Untracked 
|   7|0x0000000082d00000, 0x0000000082d00000, 0x0000000082e00000|  0%| F|  |TAMS 0x0000000082d00000, 0x0000000082d00000| Untracked 
|   8|0x0000000082e00000, 0x0000000082e00000, 0x0000000082f00000|  0%| F|  |TAMS 0x0000000082e00000, 0x0000000082e00000| Untracked 
|   9|0x0000000082f00000, 0x0000000082f00000, 0x0000000083000000|  0%| F|  |TAMS 0x0000000082f00000, 0x0000000082f00000| Untracked 
|  10|0x0000000083000000, 0x0000000083000000, 0x0000000083100000|  0%| F|  |TAMS 0x0000000083000000, 0x0000000083000000| Untracked 
|  11|0x0000000083100000, 0x0000000083100000, 0x0000000083200000|  0%| F|  |TAMS 0x0000000083100000, 0x0000000083100000| Untracked 
|  12|0x0000000083200000, 0x0000000083200000, 0x0000000083300000|  0%| F|  |TAMS 0x0000000083200000, 0x0000000083200000| Untracked 
|  13|0x0000000083300000, 0x0000000083300000, 0x0000000083400000|  0%| F|  |TAMS 0x0000000083300000, 0x0000000083300000| Untracked 
|  14|0x0000000083400000, 0x0000000083400000, 0x0000000083500000|  0%| F|  |TAMS 0x0000000083400000, 0x0000000083400000| Untracked 
|  15|0x0000000083500000, 0x0000000083500000, 0x0000000083600000|  0%| F|  |TAMS 0x0000000083500000, 0x0000000083500000| Untracked 
|  16|0x0000000083600000, 0x0000000083600000, 0x0000000083700000|  0%| F|  |TAMS 0x0000000083600000, 0x0000000083600000| Untracked 
|  17|0x0000000083700000, 0x0000000083700000, 0x0000000083800000|  0%| F|  |TAMS 0x0000000083700000, 0x0000000083700000| Untracked 
|  18|0x0000000083800000, 0x0000000083800000, 0x0000000083900000|  0%| F|  |TAMS 0x0000000083800000, 0x0000000083800000| Untracked 
|  19|0x0000000083900000, 0x0000000083900000, 0x0000000083a00000|  0%| F|  |TAMS 0x0000000083900000, 0x0000000083900000| Untracked 
|  20|0x0000000083a00000, 0x0000000083a00000, 0x0000000083b00000|  0%| F|  |TAMS 0x0000000083a00000, 0x0000000083a00000| Untracked 
|  21|0x0000000083b00000, 0x0000000083b00000, 0x0000000083c00000|  0%| F|  |TAMS 0x0000000083b00000, 0x0000000083b00000| Untracked 
|  22|0x0000000083c00000, 0x0000000083c00000, 0x0000000083d00000|  0%| F|  |TAMS 0x0000000083c00000, 0x0000000083c00000| Untracked 
|  23|0x0000000083d00000, 0x0000000083d00000, 0x0000000083e00000|  0%| F|  |TAMS 0x0000000083d00000, 0x0000000083d00000| Untracked 
|  24|0x0000000083e00000, 0x0000000083e00000, 0x0000000083f00000|  0%| F|  |TAMS 0x0000000083e00000, 0x0000000083e00000| Untracked 
|  25|0x0000000083f00000, 0x0000000083f00000, 0x0000000084000000|  0%| F|  |TAMS 0x0000000083f00000, 0x0000000083f00000| Untracked 
|  26|0x0000000084000000, 0x0000000084000000, 0x0000000084100000|  0%| F|  |TAMS 0x0000000084000000, 0x0000000084000000| Untracked 
|  27|0x0000000084100000, 0x0000000084100000, 0x0000000084200000|  0%| F|  |TAMS 0x0000000084100000, 0x0000000084100000| Untracked 
|  28|0x0000000084200000, 0x0000000084200000, 0x0000000084300000|  0%| F|  |TAMS 0x0000000084200000, 0x0000000084200000| Untracked 
|  29|0x0000000084300000, 0x0000000084300000, 0x0000000084400000|  0%| F|  |TAMS 0x0000000084300000, 0x0000000084300000| Untracked 
|  30|0x0000000084400000, 0x0000000084400000, 0x0000000084500000|  0%| F|  |TAMS 0x0000000084400000, 0x0000000084400000| Untracked 
|  31|0x0000000084500000, 0x0000000084500000, 0x0000000084600000|  0%| F|  |TAMS 0x0000000084500000, 0x0000000084500000| Untracked 
|  32|0x0000000084600000, 0x0000000084600000, 0x0000000084700000|  0%| F|  |TAMS 0x0000000084600000, 0x0000000084600000| Untracked 
|  33|0x0000000084700000, 0x0000000084700000, 0x0000000084800000|  0%| F|  |TAMS 0x0000000084700000, 0x0000000084700000| Untracked 
|  34|0x0000000084800000, 0x0000000084800000, 0x0000000084900000|  0%| F|  |TAMS 0x0000000084800000, 0x0000000084800000| Untracked 
|  35|0x0000000084900000, 0x0000000084900000, 0x0000000084a00000|  0%| F|  |TAMS 0x0000000084900000, 0x0000000084900000| Untracked 
|  36|0x0000000084a00000, 0x0000000084a00000, 0x0000000084b00000|  0%| F|  |TAMS 0x0000000084a00000, 0x0000000084a00000| Untracked 
|  37|0x0000000084b00000, 0x0000000084b00000, 0x0000000084c00000|  0%| F|  |TAMS 0x0000000084b00000, 0x0000000084b00000| Untracked 
|  38|0x0000000084c00000, 0x0000000084c00000, 0x0000000084d00000|  0%| F|  |TAMS 0x0000000084c00000, 0x0000000084c00000| Untracked 
|  39|0x0000000084d00000, 0x0000000084d00000, 0x0000000084e00000|  0%| F|  |TAMS 0x0000000084d00000, 0x0000000084d00000| Untracked 
|  40|0x0000000084e00000, 0x0000000084e00000, 0x0000000084f00000|  0%| F|  |TAMS 0x0000000084e00000, 0x0000000084e00000| Untracked 
|  41|0x0000000084f00000, 0x0000000084f00000, 0x0000000085000000|  0%| F|  |TAMS 0x0000000084f00000, 0x0000000084f00000| Untracked 
|  42|0x0000000085000000, 0x0000000085000000, 0x0000000085100000|  0%| F|  |TAMS 0x0000000085000000, 0x0000000085000000| Untracked 
|  43|0x0000000085100000, 0x0000000085100000, 0x0000000085200000|  0%| F|  |TAMS 0x0000000085100000, 0x0000000085100000| Untracked 
|  44|0x0000000085200000, 0x0000000085200000, 0x0000000085300000|  0%| F|  |TAMS 0x0000000085200000, 0x0000000085200000| Untracked 
|  45|0x0000000085300000, 0x0000000085300000, 0x0000000085400000|  0%| F|  |TAMS 0x0000000085300000, 0x0000000085300000| Untracked 
|  46|0x0000000085400000, 0x0000000085400000, 0x0000000085500000|  0%| F|  |TAMS 0x0000000085400000, 0x0000000085400000| Untracked 
|  47|0x0000000085500000, 0x0000000085500000, 0x0000000085600000|  0%| F|  |TAMS 0x0000000085500000, 0x0000000085500000| Untracked 
|  48|0x0000000085600000, 0x0000000085600000, 0x0000000085700000|  0%| F|  |TAMS 0x0000000085600000, 0x0000000085600000| Untracked 
|  49|0x0000000085700000, 0x0000000085700000, 0x0000000085800000|  0%| F|  |TAMS 0x0000000085700000, 0x0000000085700000| Untracked 
|  50|0x0000000085800000, 0x0000000085800000, 0x0000000085900000|  0%| F|  |TAMS 0x0000000085800000, 0x0000000085800000| Untracked 
|  51|0x0000000085900000, 0x0000000085900000, 0x0000000085a00000|  0%| F|  |TAMS 0x0000000085900000, 0x0000000085900000| Untracked 
|  52|0x0000000085a00000, 0x0000000085a00000, 0x0000000085b00000|  0%| F|  |TAMS 0x0000000085a00000, 0x0000000085a00000| Untracked 
|  53|0x0000000085b00000, 0x0000000085b00000, 0x0000000085c00000|  0%| F|  |TAMS 0x0000000085b00000, 0x0000000085b00000| Untracked 
|  54|0x0000000085c00000, 0x0000000085c00000, 0x0000000085d00000|  0%| F|  |TAMS 0x0000000085c00000, 0x0000000085c00000| Untracked 
|  55|0x0000000085d00000, 0x0000000085d00000, 0x0000000085e00000|  0%| F|  |TAMS 0x0000000085d00000, 0x0000000085d00000| Untracked 
|  56|0x0000000085e00000, 0x0000000085e00000, 0x0000000085f00000|  0%| F|  |TAMS 0x0000000085e00000, 0x0000000085e00000| Untracked 
|  57|0x0000000085f00000, 0x0000000085f00000, 0x0000000086000000|  0%| F|  |TAMS 0x0000000085f00000, 0x0000000085f00000| Untracked 
|  58|0x0000000086000000, 0x0000000086000000, 0x0000000086100000|  0%| F|  |TAMS 0x0000000086000000, 0x0000000086000000| Untracked 
|  59|0x0000000086100000, 0x0000000086100000, 0x0000000086200000|  0%| F|  |TAMS 0x0000000086100000, 0x0000000086100000| Untracked 
|  60|0x0000000086200000, 0x0000000086200000, 0x0000000086300000|  0%| F|  |TAMS 0x0000000086200000, 0x0000000086200000| Untracked 
|  61|0x0000000086300000, 0x0000000086300000, 0x0000000086400000|  0%| F|  |TAMS 0x0000000086300000, 0x0000000086300000| Untracked 
|  62|0x0000000086400000, 0x0000000086400000, 0x0000000086500000|  0%| F|  |TAMS 0x0000000086400000, 0x0000000086400000| Untracked 
|  63|0x0000000086500000, 0x0000000086500000, 0x0000000086600000|  0%| F|  |TAMS 0x0000000086500000, 0x0000000086500000| Untracked 
|  64|0x0000000086600000, 0x0000000086600000, 0x0000000086700000|  0%| F|  |TAMS 0x0000000086600000, 0x0000000086600000| Untracked 
|  65|0x0000000086700000, 0x0000000086700000, 0x0000000086800000|  0%| F|  |TAMS 0x0000000086700000, 0x0000000086700000| Untracked 
|  66|0x0000000086800000, 0x0000000086800000, 0x0000000086900000|  0%| F|  |TAMS 0x0000000086800000, 0x0000000086800000| Untracked 
|  67|0x0000000086900000, 0x0000000086900000, 0x0000000086a00000|  0%| F|  |TAMS 0x0000000086900000, 0x0000000086900000| Untracked 
|  68|0x0000000086a00000, 0x0000000086a00000, 0x0000000086b00000|  0%| F|  |TAMS 0x0000000086a00000, 0x0000000086a00000| Untracked 
|  69|0x0000000086b00000, 0x0000000086b00000, 0x0000000086c00000|  0%| F|  |TAMS 0x0000000086b00000, 0x0000000086b00000| Untracked 
|  70|0x0000000086c00000, 0x0000000086c00000, 0x0000000086d00000|  0%| F|  |TAMS 0x0000000086c00000, 0x0000000086c00000| Untracked 
|  71|0x0000000086d00000, 0x0000000086d00000, 0x0000000086e00000|  0%| F|  |TAMS 0x0000000086d00000, 0x0000000086d00000| Untracked 
|  72|0x0000000086e00000, 0x0000000086e00000, 0x0000000086f00000|  0%| F|  |TAMS 0x0000000086e00000, 0x0000000086e00000| Untracked 
|  73|0x0000000086f00000, 0x0000000086f00000, 0x0000000087000000|  0%| F|  |TAMS 0x0000000086f00000, 0x0000000086f00000| Untracked 
|  74|0x0000000087000000, 0x0000000087000000, 0x0000000087100000|  0%| F|  |TAMS 0x0000000087000000, 0x0000000087000000| Untracked 
|  75|0x0000000087100000, 0x0000000087100000, 0x0000000087200000|  0%| F|  |TAMS 0x0000000087100000, 0x0000000087100000| Untracked 
|  76|0x0000000087200000, 0x0000000087200000, 0x0000000087300000|  0%| F|  |TAMS 0x0000000087200000, 0x0000000087200000| Untracked 
|  77|0x0000000087300000, 0x0000000087300000, 0x0000000087400000|  0%| F|  |TAMS 0x0000000087300000, 0x0000000087300000| Untracked 
|  78|0x0000000087400000, 0x0000000087400000, 0x0000000087500000|  0%| F|  |TAMS 0x0000000087400000, 0x0000000087400000| Untracked 
|  79|0x0000000087500000, 0x0000000087500000, 0x0000000087600000|  0%| F|  |TAMS 0x0000000087500000, 0x0000000087500000| Untracked 
|  80|0x0000000087600000, 0x0000000087600000, 0x0000000087700000|  0%| F|  |TAMS 0x0000000087600000, 0x0000000087600000| Untracked 
|  81|0x0000000087700000, 0x0000000087700000, 0x0000000087800000|  0%| F|  |TAMS 0x0000000087700000, 0x0000000087700000| Untracked 
|  82|0x0000000087800000, 0x0000000087800000, 0x0000000087900000|  0%| F|  |TAMS 0x0000000087800000, 0x0000000087800000| Untracked 
|  83|0x0000000087900000, 0x0000000087900000, 0x0000000087a00000|  0%| F|  |TAMS 0x0000000087900000, 0x0000000087900000| Untracked 
|  84|0x0000000087a00000, 0x0000000087a00000, 0x0000000087b00000|  0%| F|  |TAMS 0x0000000087a00000, 0x0000000087a00000| Untracked 
|  85|0x0000000087b00000, 0x0000000087b00000, 0x0000000087c00000|  0%| F|  |TAMS 0x0000000087b00000, 0x0000000087b00000| Untracked 
|  86|0x0000000087c00000, 0x0000000087c00000, 0x0000000087d00000|  0%| F|  |TAMS 0x0000000087c00000, 0x0000000087c00000| Untracked 
|  87|0x0000000087d00000, 0x0000000087d00000, 0x0000000087e00000|  0%| F|  |TAMS 0x0000000087d00000, 0x0000000087d00000| Untracked 
|  88|0x0000000087e00000, 0x0000000087e00000, 0x0000000087f00000|  0%| F|  |TAMS 0x0000000087e00000, 0x0000000087e00000| Untracked 
|  89|0x0000000087f00000, 0x0000000087f00000, 0x0000000088000000|  0%| F|  |TAMS 0x0000000087f00000, 0x0000000087f00000| Untracked 
|  90|0x0000000088000000, 0x0000000088000000, 0x0000000088100000|  0%| F|  |TAMS 0x0000000088000000, 0x0000000088000000| Untracked 
|  91|0x0000000088100000, 0x0000000088100000, 0x0000000088200000|  0%| F|  |TAMS 0x0000000088100000, 0x0000000088100000| Untracked 
|  92|0x0000000088200000, 0x0000000088200000, 0x0000000088300000|  0%| F|  |TAMS 0x0000000088200000, 0x0000000088200000| Untracked 
|  93|0x0000000088300000, 0x0000000088300000, 0x0000000088400000|  0%| F|  |TAMS 0x0000000088300000, 0x0000000088300000| Untracked 
|  94|0x0000000088400000, 0x0000000088400000, 0x0000000088500000|  0%| F|  |TAMS 0x0000000088400000, 0x0000000088400000| Untracked 
|  95|0x0000000088500000, 0x0000000088500000, 0x0000000088600000|  0%| F|  |TAMS 0x0000000088500000, 0x0000000088500000| Untracked 
|  96|0x0000000088600000, 0x0000000088600000, 0x0000000088700000|  0%| F|  |TAMS 0x0000000088600000, 0x0000000088600000| Untracked 
|  97|0x0000000088700000, 0x0000000088700000, 0x0000000088800000|  0%| F|  |TAMS 0x0000000088700000, 0x0000000088700000| Untracked 
|  98|0x0000000088800000, 0x0000000088800000, 0x0000000088900000|  0%| F|  |TAMS 0x0000000088800000, 0x0000000088800000| Untracked 
|  99|0x0000000088900000, 0x0000000088900000, 0x0000000088a00000|  0%| F|  |TAMS 0x0000000088900000, 0x0000000088900000| Untracked 
| 100|0x0000000088a00000, 0x0000000088a00000, 0x0000000088b00000|  0%| F|  |TAMS 0x0000000088a00000, 0x0000000088a00000| Untracked 
| 101|0x0000000088b00000, 0x0000000088b00000, 0x0000000088c00000|  0%| F|  |TAMS 0x0000000088b00000, 0x0000000088b00000| Untracked 
| 102|0x0000000088c00000, 0x0000000088c00000, 0x0000000088d00000|  0%| F|  |TAMS 0x0000000088c00000, 0x0000000088c00000| Untracked 
| 103|0x0000000088d00000, 0x0000000088d00000, 0x0000000088e00000|  0%| F|  |TAMS 0x0000000088d00000, 0x0000000088d00000| Untracked 
| 104|0x0000000088e00000, 0x0000000088e00000, 0x0000000088f00000|  0%| F|  |TAMS 0x0000000088e00000, 0x0000000088e00000| Untracked 
| 105|0x0000000088f00000, 0x0000000088f00000, 0x0000000089000000|  0%| F|  |TAMS 0x0000000088f00000, 0x0000000088f00000| Untracked 
| 106|0x0000000089000000, 0x0000000089000000, 0x0000000089100000|  0%| F|  |TAMS 0x0000000089000000, 0x0000000089000000| Untracked 
| 107|0x0000000089100000, 0x0000000089100000, 0x0000000089200000|  0%| F|  |TAMS 0x0000000089100000, 0x0000000089100000| Untracked 
| 108|0x0000000089200000, 0x0000000089200000, 0x0000000089300000|  0%| F|  |TAMS 0x0000000089200000, 0x0000000089200000| Untracked 
| 109|0x0000000089300000, 0x0000000089300000, 0x0000000089400000|  0%| F|  |TAMS 0x0000000089300000, 0x0000000089300000| Untracked 
| 110|0x0000000089400000, 0x0000000089400000, 0x0000000089500000|  0%| F|  |TAMS 0x0000000089400000, 0x0000000089400000| Untracked 
| 111|0x0000000089500000, 0x0000000089500000, 0x0000000089600000|  0%| F|  |TAMS 0x0000000089500000, 0x0000000089500000| Untracked 
| 112|0x0000000089600000, 0x0000000089600000, 0x0000000089700000|  0%| F|  |TAMS 0x0000000089600000, 0x0000000089600000| Untracked 
| 113|0x0000000089700000, 0x0000000089700000, 0x0000000089800000|  0%| F|  |TAMS 0x0000000089700000, 0x0000000089700000| Untracked 
| 114|0x0000000089800000, 0x0000000089800000, 0x0000000089900000|  0%| F|  |TAMS 0x0000000089800000, 0x0000000089800000| Untracked 
| 115|0x0000000089900000, 0x0000000089a00000, 0x0000000089a00000|100%| E|  |TAMS 0x0000000089900000, 0x0000000089900000| Complete 
| 116|0x0000000089a00000, 0x0000000089b00000, 0x0000000089b00000|100%| E|  |TAMS 0x0000000089a00000, 0x0000000089a00000| Complete 
| 117|0x0000000089b00000, 0x0000000089c00000, 0x0000000089c00000|100%| E|CS|TAMS 0x0000000089b00000, 0x0000000089b00000| Complete 
| 118|0x0000000089c00000, 0x0000000089d00000, 0x0000000089d00000|100%| E|CS|TAMS 0x0000000089c00000, 0x0000000089c00000| Complete 
| 119|0x0000000089d00000, 0x0000000089e00000, 0x0000000089e00000|100%| E|CS|TAMS 0x0000000089d00000, 0x0000000089d00000| Complete 
| 120|0x0000000089e00000, 0x0000000089f00000, 0x0000000089f00000|100%| E|CS|TAMS 0x0000000089e00000, 0x0000000089e00000| Complete 
| 121|0x0000000089f00000, 0x000000008a000000, 0x000000008a000000|100%| E|CS|TAMS 0x0000000089f00000, 0x0000000089f00000| Complete 
| 122|0x000000008a000000, 0x000000008a100000, 0x000000008a100000|100%| E|CS|TAMS 0x000000008a000000, 0x000000008a000000| Complete 
| 123|0x000000008a100000, 0x000000008a200000, 0x000000008a200000|100%| E|CS|TAMS 0x000000008a100000, 0x000000008a100000| Complete 
| 124|0x000000008a200000, 0x000000008a300000, 0x000000008a300000|100%| E|CS|TAMS 0x000000008a200000, 0x000000008a200000| Complete 
| 125|0x000000008a300000, 0x000000008a400000, 0x000000008a400000|100%| E|CS|TAMS 0x000000008a300000, 0x000000008a300000| Complete 

Card table byte_map: [0x0000015b6f1e0000,0x0000015b6f5d0000] _byte_map_base: 0x0000015b6edcd000

Marking Bits (Prev, Next): (CMBitMap*) 0x0000015b64496070, (CMBitMap*) 0x0000015b644960b0
 Prev Bits: [0x0000015b6f9c0000, 0x0000015b71928000)
 Next Bits: [0x0000015b71930000, 0x0000015b73898000)

Polling page: 0x0000015b62220000

Metaspace:

Usage:
  Non-class:      5.05 MB used.
      Class:    468.06 KB used.
       Both:      5.51 MB used.

Virtual space:
  Non-class space:       64.00 MB reserved,       5.06 MB (  8%) committed,  1 nodes.
      Class space:        1.00 GB reserved,     512.00 KB ( <1%) committed,  1 nodes.
             Both:        1.06 GB reserved,       5.56 MB ( <1%) committed. 

Chunk freelists:
   Non-Class:  10.69 MB
       Class:  15.53 MB
        Both:  26.22 MB

MaxMetaspaceSize: unlimited
CompressedClassSpaceSize: 1.00 GB
Initial GC threshold: 21.00 MB
Current GC threshold: 21.00 MB
CDS: off
MetaspaceReclaimPolicy: balanced
 - commit_granule_bytes: 65536.
 - commit_granule_words: 8192.
 - virtual_space_node_default_size: 8388608.
 - enlarge_chunks_in_place: 1.
 - new_chunks_are_fully_committed: 0.
 - uncommit_free_chunks: 1.
 - use_allocation_guard: 0.
 - handle_deallocations: 1.


Internal statistics:

num_allocs_failed_limit: 0.
num_arena_births: 4.
num_arena_deaths: 0.
num_vsnodes_births: 2.
num_vsnodes_deaths: 0.
num_space_committed: 89.
num_space_uncommitted: 0.
num_chunks_returned_to_freelist: 0.
num_chunks_taken_from_freelist: 24.
num_chunk_merges: 0.
num_chunk_splits: 12.
num_chunks_enlarged: 9.
num_inconsistent_stats: 0.

CodeCache: size=49152Kb used=2163Kb max_used=2163Kb free=46988Kb
 bounds [0x0000015b6bce0000, 0x0000015b6bf50000, 0x0000015b6ece0000]
 total_blobs=718 nmethods=389 adapters=256
 compilation: enabled
              stopped_count=0, restarted_count=0
 full_count=0

Compilation events (20 events):
Event: 0.570 Thread 0x0000015b04049f50 nmethod 376 0x0000015b6bef7e90 code [0x0000015b6bef8020, 0x0000015b6bef80f8]
Event: 0.570 Thread 0x0000015b04278950 nmethod 375 0x0000015b6bef8190 code [0x0000015b6bef8320, 0x0000015b6bef84e8]
Event: 0.571 Thread 0x0000015b04278950  377   !   1       java.util.zip.Inflater::needsInput (55 bytes)
Event: 0.571 Thread 0x0000015b04049f50  378       1       java.util.zip.ZipFile$ZipFileInflaterInputStream::fill (80 bytes)
Event: 0.571 Thread 0x0000015b04278950 nmethod 377 0x0000015b6bef8610 code [0x0000015b6bef87a0, 0x0000015b6bef8998]
Event: 0.571 Thread 0x0000015b04049f50 nmethod 378 0x0000015b6bef8d90 code [0x0000015b6bef8f60, 0x0000015b6bef9168]
Event: 0.571 Thread 0x0000015b04049f50  379   !   1       java.util.zip.ZipFile$ZipFileInputStream::read (135 bytes)
Event: 0.571 Thread 0x0000015b04278950  380       1       java.util.zip.ZipFile::ensureOpenOrZipException (19 bytes)
Event: 0.571 Thread 0x0000015b04278950 nmethod 380 0x0000015b6bef9310 code [0x0000015b6bef94c0, 0x0000015b6bef9608]
Event: 0.571 Thread 0x0000015b04278950  381       1       java.util.zip.ZipFile$ZipFileInputStream::initDataOffset (117 bytes)
Event: 0.571 Thread 0x0000015b04049f50 nmethod 379 0x0000015b6bef9690 code [0x0000015b6bef9880, 0x0000015b6bef9cb8]
Event: 0.571 Thread 0x0000015b04049f50  383       1       java.lang.Class::getClassLoader0 (5 bytes)
Event: 0.571 Thread 0x0000015b04278950 nmethod 381 0x0000015b6befa010 code [0x0000015b6befa1e0, 0x0000015b6befa568]
Event: 0.571 Thread 0x0000015b04049f50 nmethod 383 0x0000015b6befa710 code [0x0000015b6befa8a0, 0x0000015b6befa978]
Event: 0.571 Thread 0x0000015b04278950  382   !   1       java.util.zip.ZipFile$Source::readAt (39 bytes)
Event: 0.572 Thread 0x0000015b04278950 nmethod 382 0x0000015b6befaa10 code [0x0000015b6befabe0, 0x0000015b6befaea8]
Event: 0.574 Thread 0x0000015b04278950  387       1       java.lang.ref.WeakReference::<init> (7 bytes)
Event: 0.574 Thread 0x0000015b04049f50  389       1       java.lang.Enum::ordinal (5 bytes)
Event: 0.574 Thread 0x0000015b04278950 nmethod 387 0x0000015b6befbe90 code [0x0000015b6befc020, 0x0000015b6befc198]
Event: 0.574 Thread 0x0000015b04049f50 nmethod 389 0x0000015b6befc210 code [0x0000015b6befc3a0, 0x0000015b6befc478]

GC Heap History (0 events):
No events

Deoptimization events (0 events):
No events

Classes unloaded (0 events):
No events

Classes redefined (0 events):
No events

Internal exceptions (1 events):
Event: 0.542 Thread 0x0000015b6442cc60 Exception <a 'java/lang/OutOfMemoryError'{0x000000008994f030}> (0x000000008994f030) 
thrown [s\open\src\hotspot\share\prims\jni.cpp, line 535]

VM Operations (2 events):
Event: 0.347 Executing VM operation: HandshakeAllThreads
Event: 0.347 Executing VM operation: HandshakeAllThreads done

Events (20 events):
Event: 0.574 loading class java/lang/invoke/MethodHandleImpl$1 done
Event: 0.574 loading class java/lang/invoke/InnerClassLambdaMetafactory
Event: 0.574 loading class java/lang/invoke/AbstractValidatingLambdaMetafactory
Event: 0.574 loading class java/lang/invoke/AbstractValidatingLambdaMetafactory done
Event: 0.574 loading class java/lang/invoke/InnerClassLambdaMetafactory done
Event: 0.575 loading class jdk/internal/org/objectweb/asm/Type
Event: 0.575 loading class jdk/internal/org/objectweb/asm/Type done
Event: 0.575 loading class sun/security/action/GetBooleanAction
Event: 0.575 loading class sun/security/action/GetBooleanAction done
Event: 0.575 loading class jdk/internal/org/objectweb/asm/Handle
Event: 0.575 loading class jdk/internal/org/objectweb/asm/Handle done
Event: 0.575 loading class sun/invoke/util/BytecodeDescriptor
Event: 0.575 loading class sun/invoke/util/BytecodeDescriptor done
Event: 0.575 loading class jdk/internal/org/objectweb/asm/ConstantDynamic
Event: 0.575 loading class jdk/internal/org/objectweb/asm/ConstantDynamic done
Event: 0.575 loading class java/lang/invoke/InfoFromMemberName
Event: 0.575 loading class java/lang/invoke/MethodHandleInfo
Event: 0.575 loading class java/lang/invoke/MethodHandleInfo done
Event: 0.575 loading class java/lang/invoke/InfoFromMemberName done
Event: 0.575 loading class jdk/internal/org/objectweb/asm/ClassWriter


Dynamic libraries:
0x00007ff7d63f0000 - 0x00007ff7d6400000 	C:\Program Files\Java\jdk-17\bin\java.exe
0x00007ffaeb970000 - 0x00007ffaebb69000 	C:\Windows\SYSTEM32\ntdll.dll
0x00007ffaeb110000 - 0x00007ffaeb1d2000 	C:\Windows\System32\KERNEL32.DLL
0x00007ffae9010000 - 0x00007ffae9307000 	C:\Windows\System32\KERNELBASE.dll
0x00007ffae93b0000 - 0x00007ffae94b0000 	C:\Windows\System32\ucrtbase.dll
0x00007ffade560000 - 0x00007ffade579000 	C:\Program Files\Java\jdk-17\bin\jli.dll
0x00007ffade540000 - 0x00007ffade55b000 	C:\Program Files\Java\jdk-17\bin\VCRUNTIME140.dll
0x00007ffaeb400000 - 0x00007ffaeb4b2000 	C:\Windows\System32\ADVAPI32.dll
0x00007ffaeb060000 - 0x00007ffaeb0fe000 	C:\Windows\System32\msvcrt.dll
0x00007ffaeb820000 - 0x00007ffaeb8c0000 	C:\Windows\System32\sechost.dll
0x00007ffae9fa0000 - 0x00007ffaea0c6000 	C:\Windows\System32\RPCRT4.dll
0x00007ffae96d0000 - 0x00007ffae96f7000 	C:\Windows\System32\bcrypt.dll
0x00007ffaeab00000 - 0x00007ffaeac9d000 	C:\Windows\System32\USER32.dll
0x00007ffae8fe0000 - 0x00007ffae9002000 	C:\Windows\System32\win32u.dll
0x00007ffad0660000 - 0x00007ffad08fb000 	C:\Windows\WinSxS\amd64_microsoft.windows.common-controls_6595b64144ccf1df_6.0.19041.7663_none_60b9ed0b71f50c93\COMCTL32.dll
0x00007ffaeb3d0000 - 0x00007ffaeb3fb000 	C:\Windows\System32\GDI32.dll
0x00007ffae95b0000 - 0x00007ffae96ca000 	C:\Windows\System32\gdi32full.dll
0x00007ffae9310000 - 0x00007ffae93ad000 	C:\Windows\System32\msvcp_win.dll
0x00007ffae17d0000 - 0x00007ffae17da000 	C:\Windows\SYSTEM32\VERSION.dll
0x00007ffae9b00000 - 0x00007ffae9b2f000 	C:\Windows\System32\IMM32.DLL
0x00007ffade530000 - 0x00007ffade53c000 	C:\Program Files\Java\jdk-17\bin\vcruntime140_1.dll
0x00007ffa9ea80000 - 0x00007ffa9eb0e000 	C:\Program Files\Java\jdk-17\bin\msvcp140.dll
0x00007ffa4e4a0000 - 0x00007ffa4f080000 	C:\Program Files\Java\jdk-17\bin\server\jvm.dll
0x00007ffaeb8c0000 - 0x00007ffaeb8c8000 	C:\Windows\System32\PSAPI.DLL
0x00007ffad0480000 - 0x00007ffad0489000 	C:\Windows\SYSTEM32\WSOCK32.dll
0x00007ffad11f0000 - 0x00007ffad1217000 	C:\Windows\SYSTEM32\WINMM.dll
0x00007ffaeb5f0000 - 0x00007ffaeb65b000 	C:\Windows\System32\WS2_32.dll
0x00007ffae6e40000 - 0x00007ffae6e52000 	C:\Windows\SYSTEM32\kernel.appcore.dll
0x00007ffade520000 - 0x00007ffade52a000 	C:\Program Files\Java\jdk-17\bin\jimage.dll
0x00007ffae3310000 - 0x00007ffae3511000 	C:\Windows\SYSTEM32\DBGHELP.DLL
0x00007ffad2110000 - 0x00007ffad2144000 	C:\Windows\SYSTEM32\dbgcore.DLL
0x00007ffae98e0000 - 0x00007ffae9962000 	C:\Windows\System32\bcryptPrimitives.dll
0x00007ffab8480000 - 0x00007ffab84a5000 	C:\Program Files\Java\jdk-17\bin\java.dll
0x00007ffa9e9a0000 - 0x00007ffa9ea77000 	C:\Program Files\Java\jdk-17\bin\jsvml.dll
0x00007ffaea200000 - 0x00007ffaea971000 	C:\Windows\System32\SHELL32.dll
0x00007ffae7050000 - 0x00007ffae77fc000 	C:\Windows\SYSTEM32\windows.storage.dll
0x00007ffaeaca0000 - 0x00007ffaeaff3000 	C:\Windows\System32\combase.dll
0x00007ffae8a00000 - 0x00007ffae8a2b000 	C:\Windows\SYSTEM32\Wldp.dll
0x00007ffae9970000 - 0x00007ffae9a46000 	C:\Windows\System32\OLEAUT32.dll
0x00007ffae9a50000 - 0x00007ffae9afd000 	C:\Windows\System32\SHCORE.dll
0x00007ffaeb8d0000 - 0x00007ffaeb92b000 	C:\Windows\System32\shlwapi.dll
0x00007ffae8f00000 - 0x00007ffae8f25000 	C:\Windows\SYSTEM32\profapi.dll
0x00007ffade500000 - 0x00007ffade519000 	C:\Program Files\Java\jdk-17\bin\net.dll
0x00007ffadcff0000 - 0x00007ffadd0fd000 	C:\Windows\SYSTEM32\WINHTTP.dll
0x00007ffae8730000 - 0x00007ffae879a000 	C:\Windows\system32\mswsock.dll
0x00007ffaa1ea0000 - 0x00007ffaa1eb6000 	C:\Program Files\Java\jdk-17\bin\nio.dll
0x00007ffaa1e80000 - 0x00007ffaa1e98000 	C:\Program Files\Java\jdk-17\bin\zip.dll

dbghelp: loaded successfully - version: 4.0.5 - missing functions: none
symbol engine: initialized successfully - sym options: 0x614 - pdb path: .;C:\Program Files\Java\jdk-17\bin;C:\Windows\SYSTEM32;C:\Windows\WinSxS\amd64_microsoft.windows.common-controls_6595b64144ccf1df_6.0.19041.7663_none_60b9ed0b71f50c93;C:\Program Files\Java\jdk-17\bin\server

VM Arguments:
jvm_args: -XX:TieredStopAtLevel=1 
java_command: com.ai_service.AiServiceApplication
java_class_path (initial): D:\Hospital Management Service\HMS-Backend\AI-Service\target\classes;D:\maven-repository\org\springframework\boot\spring-boot\3.4.2\spring-boot-3.4.2.jar;D:\maven-repository\org\springframework\boot\spring-boot-autoconfigure\3.4.2\spring-boot-autoconfigure-3.4.2.jar;D:\maven-repository\ch\qos\logback\logback-classic\1.5.16\logback-classic-1.5.16.jar;D:\maven-repository\ch\qos\logback\logback-core\1.5.16\logback-core-1.5.16.jar;D:\maven-repository\org\apache\logging\log4j\log4j-to-slf4j\2.24.3\log4j-to-slf4j-2.24.3.jar;D:\maven-repository\org\apache\logging\log4j\log4j-api\2.24.3\log4j-api-2.24.3.jar;D:\maven-repository\org\slf4j\jul-to-slf4j\2.0.16\jul-to-slf4j-2.0.16.jar;D:\maven-repository\jakarta\annotation\jakarta.annotation-api\2.1.1\jakarta.annotation-api-2.1.1.jar;D:\maven-repository\org\yaml\snakeyaml\2.3\snakeyaml-2.3.jar;D:\maven-repository\com\fasterxml\jackson\module\jackson-module-parameter-names\2.18.2\jackson-module-parameter-names-2.18.2.jar;D:\maven-repository\org\apache\tomcat\embed\tomcat-embed-core\10.1.34\tomcat-embed-core-10.1.34.jar;D:\maven-repository\org\apache\tomcat\embed\tomcat-embed-el\10.1.34\tomcat-embed-el-10.1.34.jar;D:\maven-repository\org\apache\tomcat\embed\tomcat-embed-websocket\10.1.34\tomcat-embed-websocket-10.1.34.jar;D:\maven-repository\org\springframework\spring-web\6.2.2\spring-web-6.2.2.jar;D:\maven-repository\org\springframework\spring-beans\6.2.2\spring-beans-6.2.2.jar;D:\maven-repository\io\micrometer\micrometer-observation\1.14.3\micrometer-observation-1.14.3.jar;D:\maven-repository\io\micrometer\micrometer-commons\1.14.3\micrometer-commons-1.14.3.jar;D:\maven-repository\org\springframework\spring-webmvc\6.2.2\spring-webmvc-6.2.2.jar;D:\maven-repository\org\springframework\spring-aop\6.2.2\spring-aop-6.2.2.jar;D:\maven-repository\org\springframework\spring-context\6.2.2\spring-context-6.2.2.jar;D:\maven-repository\org\springframework\spring-expression\6.2.2\spring-expression-6.2.2.jar;D:\ma
Launcher Type: SUN_STANDARD

[Global flags]
     intx CICompilerCount                          = 4                                         {product} {ergonomic}
     uint ConcGCThreads                            = 2                                         {product} {ergonomic}
     uint G1ConcRefinementThreads                  = 8                                         {product} {ergonomic}
   size_t G1HeapRegionSize                         = 1048576                                   {product} {ergonomic}
    uintx GCDrainStackTargetSize                   = 64                                        {product} {ergonomic}
   size_t InitialHeapSize                          = 132120576                                 {product} {ergonomic}
   size_t MarkStackSize                            = 4194304                                   {product} {ergonomic}
   size_t MaxHeapSize                              = 2107637760                                {product} {ergonomic}
   size_t MaxNewSize                               = 1264582656                                {product} {ergonomic}
   size_t MinHeapDeltaBytes                        = 1048576                                   {product} {ergonomic}
   size_t MinHeapSize                              = 8388608                                   {product} {ergonomic}
    uintx NonProfiledCodeHeapSize                  = 0                                      {pd product} {ergonomic}
     bool ProfileInterpreter                       = false                                  {pd product} {command line}
    uintx ProfiledCodeHeapSize                     = 0                                      {pd product} {ergonomic}
   size_t SoftMaxHeapSize                          = 2107637760                             {manageable} {ergonomic}
     intx TieredStopAtLevel                        = 1                                         {product} {command line}
     bool UseCompressedClassPointers               = true                           {product lp64_product} {ergonomic}
     bool UseCompressedOops                        = true                           {product lp64_product} {ergonomic}
     bool UseG1GC                                  = true                                      {product} {ergonomic}
     bool UseLargePagesIndividualAllocation        = false                                  {pd product} {ergonomic}

Logging:
Log output configuration:
 #0: stdout all=warning uptime,level,tags
 #1: stderr all=off uptime,level,tags

Environment Variables:
JAVA_HOME=C:/Program Files/Java/jdk-17
PATH=C:\Program Files\Git\mingw64\bin;C:\Program Files\Git\usr\bin;C:\Users\PC\bin;D:\NodeJs;C:\Users\PC\AppData\Local\Microsoft\WindowsApps;C:\Users\PC\AppData\Local\Programs\Microsoft VS Code\bin;C:\apache-maven-3.9.11\bin;C:\Program Files\Java\jdk-17\bin;C:\Program Files\PostgreSQL\18\bin;C:\Windows\System32;C:\Users\PC\AppData\Roaming\npm
USERNAME=PC
OS=Windows_NT
PROCESSOR_IDENTIFIER=Intel64 Family 6 Model 142 Stepping 10, GenuineIntel



---------------  S Y S T E M  ---------------

OS:
 Windows 10 , 64 bit Build 19041 (10.0.19041.7663)
OS uptime: 1 days 0:10 hours

CPU: total 8 (initial active 8) (4 cores per cpu, 2 threads per core) family 6 model 142 stepping 10 microcode 0xf6, cx8, cmov, fxsr, ht, mmx, 3dnowpref, sse, sse2, sse3, ssse3, sse4.1, sse4.2, popcnt, lzcnt, tsc, tscinvbit, avx, avx2, aes, erms, clmul, bmi1, bmi2, adx, fma, vzeroupper, clflush, clflushopt

Memory: 4k page, system-wide physical 8035M (369M free)
TotalPageFile size 18182M (AvailPageFile size 242M)
current process WorkingSet (physical memory assigned to process): 41M, peak: 41M
current process commit charge ("private bytes"): 203M, peak: 203M

vm_info: Java HotSpot(TM) 64-Bit Server VM (17.0.12+8-LTS-286) for windows-amd64 JRE (17.0.12+8-LTS-286), built on Jun  5 2024 06:46:59 by "mach5one" with MS VC++ 17.6 (VS2022)

END.
