#
# There is insufficient memory for the Java Runtime Environment to continue.
# Native memory allocation (mmap) failed to map 1048576 bytes for G1 virtual space
# Possible reasons:
#   The system is out of physical RAM or swap space
#   The process is running with CompressedOops enabled, and the Java Heap may be blocking the growth of the native heap
# Possible solutions:
#   Reduce memory load on the system
#   Increase physical memory or swap space
#   Check if swap backing store is full
#   Decrease Java heap size (-Xmx/-Xms)
#   Decrease number of Java threads
#   Decrease Java thread stack sizes (-Xss)
#   Set larger code cache with -XX:ReservedCodeCacheSize=
#   JVM is running with Unscaled Compressed Oops mode in which the Java heap is
#     placed in the first 4GB address space. The Java Heap base address is the
#     maximum limit for the native heap growth. Please use -XX:HeapBaseMinAddress
#     to set the Java Heap base and to place the Java Heap above 4GB virtual address.
# This output file may be truncated or incomplete.
#
#  Out of Memory Error (os_windows.cpp:3548), pid=17688, tid=11208
#
# JRE version: Java(TM) SE Runtime Environment (17.0.12+8) (build 17.0.12+8-LTS-286)
# Java VM: Java HotSpot(TM) 64-Bit Server VM (17.0.12+8-LTS-286, mixed mode, emulated-client, sharing, tiered, compressed oops, compressed class ptrs, g1 gc, windows-amd64)
# No core dump will be written. Minidumps are not enabled by default on client versions of Windows
#

---------------  S U M M A R Y ------------

Command Line: -XX:TieredStopAtLevel=1 com.ai_service.AiServiceApplication

Host: Intel(R) Core(TM) i5-8250U CPU @ 1.60GHz, 8 cores, 7G,  Windows 10 , 64 bit Build 19041 (10.0.19041.7663)
Time: Sun Aug 23 17:56:42 2026 India Standard Time elapsed time: 9.756472 seconds (0d 0h 0m 9s)

---------------  T H R E A D  ---------------

Current thread (0x000001c94a9ab200):  JavaThread "main" [_thread_in_vm, id=11208, stack(0x0000005105600000,0x0000005105700000)]

Stack: [0x0000005105600000,0x0000005105700000]
Native frames: (J=compiled Java code, j=interpreted, Vv=VM code, C=native code)
V  [jvm.dll+0x67a04a]
V  [jvm.dll+0x7da4ed]
V  [jvm.dll+0x7dbe33]
V  [jvm.dll+0x7dc4a3]
V  [jvm.dll+0x24508f]
V  [jvm.dll+0x677089]
V  [jvm.dll+0x66bd32]
V  [jvm.dll+0x301fa6]
V  [jvm.dll+0x309546]
V  [jvm.dll+0x359a0b]
V  [jvm.dll+0x35a044]
V  [jvm.dll+0x359bf6]
V  [jvm.dll+0x2d95b4]
V  [jvm.dll+0x2d5686]
V  [jvm.dll+0x60f093]
V  [jvm.dll+0x20e515]
V  [jvm.dll+0x7a4f56]
V  [jvm.dll+0x186a4e]
C  0x000001c9523548f2

Java frames: (J=compiled Java code, j=interpreted, Vv=VM code)
v  ~RuntimeStub::new_type_array Runtime1 stub
J 896 c1 java.io.ByteArrayOutputStream.write([BII)V java.base@17.0.12 (43 bytes) @ 0x000001c9525e92f6 [0x000001c9525e8f60+0x0000000000000396]
J 4473% c1 dev.langchain4j.model.embedding.onnx.OnnxBertBiEncoder.loadModel(Ljava/io/InputStream;)[B (139 bytes) @ 0x000001c95248f28c [0x000001c95248f100+0x000000000000018c]
j  dev.langchain4j.model.embedding.onnx.OnnxBertBiEncoder.<init>(Ljava/io/InputStream;Ljava/io/InputStream;Ldev/langchain4j/model/embedding/onnx/PoolingMode;)V+18
j  dev.langchain4j.model.embedding.onnx.AbstractInProcessEmbeddingModel.loadFromJar(Ljava/lang/String;Ljava/lang/String;Ldev/langchain4j/model/embedding/onnx/PoolingMode;)Ldev/langchain4j/model/embedding/onnx/OnnxBertBiEncoder;+31
j  dev.langchain4j.model.embedding.onnx.allminilml6v2.AllMiniLmL6V2EmbeddingModel.<clinit>()V+7
v  ~StubRoutines::call_stub
j  com.ai_service.config.RagConfig.embeddingModel()Ldev/langchain4j/model/embedding/EmbeddingModel;+0
j  com.ai_service.config.RagConfig$$SpringCGLIB$$0.CGLIB$embeddingModel$0()Ldev/langchain4j/model/embedding/EmbeddingModel;+1
j  com.ai_service.config.RagConfig$$SpringCGLIB$$FastClass$$1.invoke(ILjava/lang/Object;[Ljava/lang/Object;)Ljava/lang/Object;+179
j  org.springframework.cglib.proxy.MethodProxy.invokeSuper(Ljava/lang/Object;[Ljava/lang/Object;)Ljava/lang/Object;+19
j  org.springframework.context.annotation.ConfigurationClassEnhancer$BeanMethodInterceptor.intercept(Ljava/lang/Object;Ljava/lang/reflect/Method;[Ljava/lang/Object;Lorg/springframework/cglib/proxy/MethodProxy;)Ljava/lang/Object;+181
j  com.ai_service.config.RagConfig$$SpringCGLIB$$0.embeddingModel()Ldev/langchain4j/model/embedding/EmbeddingModel;+31
v  ~StubRoutines::call_stub
j  jdk.internal.reflect.NativeMethodAccessorImpl.invoke0(Ljava/lang/reflect/Method;Ljava/lang/Object;[Ljava/lang/Object;)Ljava/lang/Object;+0 java.base@17.0.12
j  jdk.internal.reflect.NativeMethodAccessorImpl.invoke(Ljava/lang/Object;[Ljava/lang/Object;)Ljava/lang/Object;+133 java.base@17.0.12
j  jdk.internal.reflect.DelegatingMethodAccessorImpl.invoke(Ljava/lang/Object;[Ljava/lang/Object;)Ljava/lang/Object;+6 java.base@17.0.12
j  java.lang.reflect.Method.invoke(Ljava/lang/Object;[Ljava/lang/Object;)Ljava/lang/Object;+59 java.base@17.0.12
j  org.springframework.beans.factory.support.SimpleInstantiationStrategy.lambda$instantiate$0(Ljava/lang/reflect/Method;Ljava/lang/Object;[Ljava/lang/Object;Lorg/springframework/beans/factory/support/RootBeanDefinition;Lorg/springframework/beans/factory/BeanFactory;)Ljava/lang/Object;+7
j  org.springframework.beans.factory.support.SimpleInstantiationStrategy$$Lambda$948+0x000001c9014a71e0.get()Ljava/lang/Object;+20
j  org.springframework.beans.factory.support.SimpleInstantiationStrategy.instantiateWithFactoryMethod(Ljava/lang/reflect/Method;Ljava/util/function/Supplier;)Ljava/lang/Object;+18
j  org.springframework.beans.factory.support.SimpleInstantiationStrategy.instantiate(Lorg/springframework/beans/factory/support/RootBeanDefinition;Ljava/lang/String;Lorg/springframework/beans/factory/BeanFactory;Ljava/lang/Object;Ljava/lang/reflect/Method;[Ljava/lang/Object;)Ljava/lang/Object;+15
j  org.springframework.beans.factory.support.ConstructorResolver.instantiate(Ljava/lang/String;Lorg/springframework/beans/factory/support/RootBeanDefinition;Ljava/lang/Object;Ljava/lang/reflect/Method;[Ljava/lang/Object;)Ljava/lang/Object;+18
j  org.springframework.beans.factory.support.ConstructorResolver.instantiateUsingFactoryMethod(Ljava/lang/String;Lorg/springframework/beans/factory/support/RootBeanDefinition;[Ljava/lang/Object;)Lorg/springframework/beans/BeanWrapper;+491
j  org.springframework.beans.factory.support.AbstractAutowireCapableBeanFactory.instantiateUsingFactoryMethod(Ljava/lang/String;Lorg/springframework/beans/factory/support/RootBeanDefinition;[Ljava/lang/Object;)Lorg/springframework/beans/BeanWrapper;+11
j  org.springframework.beans.factory.support.AbstractAutowireCapableBeanFactory.createBeanInstance(Ljava/lang/String;Lorg/springframework/beans/factory/support/RootBeanDefinition;[Ljava/lang/Object;)Lorg/springframework/beans/BeanWrapper;+93
j  org.springframework.beans.factory.support.AbstractAutowireCapableBeanFactory.doCreateBean(Ljava/lang/String;Lorg/springframework/beans/factory/support/RootBeanDefinition;[Ljava/lang/Object;)Ljava/lang/Object;+34
j  org.springframework.beans.factory.support.AbstractAutowireCapableBeanFactory.createBean(Ljava/lang/String;Lorg/springframework/beans/factory/support/RootBeanDefinition;[Ljava/lang/Object;)Ljava/lang/Object;+153
j  org.springframework.beans.factory.support.AbstractBeanFactory.lambda$doGetBean$0(Ljava/lang/String;Lorg/springframework/beans/factory/support/RootBeanDefinition;[Ljava/lang/Object;)Ljava/lang/Object;+4
j  org.springframework.beans.factory.support.AbstractBeanFactory$$Lambda$849+0x000001c901400430.getObject()Ljava/lang/Object;+16
j  org.springframework.beans.factory.support.DefaultSingletonBeanRegistry.getSingleton(Ljava/lang/String;Lorg/springframework/beans/factory/ObjectFactory;)Ljava/lang/Object;+336
J 3207 c1 org.springframework.beans.factory.support.AbstractBeanFactory.doGetBean(Ljava/lang/String;Ljava/lang/Class;[Ljava/lang/Object;Z)Ljava/lang/Object; (787 bytes) @ 0x000001c9529826dc [0x000001c952982100+0x00000000000005dc]
j  org.springframework.beans.factory.support.AbstractBeanFactory.getBean(Ljava/lang/String;)Ljava/lang/Object;+5
j  org.springframework.beans.factory.support.DefaultListableBeanFactory.doResolveDependency(Lorg/springframework/beans/factory/config/DependencyDescriptor;Ljava/lang/String;Ljava/util/Set;Lorg/springframework/beans/TypeConverter;)Ljava/lang/Object;+346
j  org.springframework.beans.factory.support.DefaultListableBeanFactory.resolveDependency(Lorg/springframework/beans/factory/config/DependencyDescriptor;Ljava/lang/String;Ljava/util/Set;Lorg/springframework/beans/TypeConverter;)Ljava/lang/Object;+117
j  org.springframework.beans.factory.support.ConstructorResolver.resolveAutowiredArgument(Lorg/springframework/beans/factory/config/DependencyDescriptor;Ljava/lang/Class;Ljava/lang/String;Ljava/util/Set;Lorg/springframework/beans/TypeConverter;Z)Ljava/lang/Object;+53
j  org.springframework.beans.factory.support.ConstructorResolver.createArgumentArray(Ljava/lang/String;Lorg/springframework/beans/factory/support/RootBeanDefinition;Lorg/springframework/beans/factory/config/ConstructorArgumentValues;Lorg/springframework/beans/BeanWrapper;[Ljava/lang/Class;[Ljava/lang/String;Ljava/lang/reflect/Executable;ZZ)Lorg/springframework/beans/factory/support/ConstructorResolver$ArgumentsHolder;+420
j  org.springframework.beans.factory.support.ConstructorResolver.autowireConstructor(Ljava/lang/String;Lorg/springframework/beans/factory/support/RootBeanDefinition;[Ljava/lang/reflect/Constructor;[Ljava/lang/Object;)Lorg/springframework/beans/BeanWrapper;+530
j  org.springframework.beans.factory.support.AbstractAutowireCapableBeanFactory.autowireConstructor(Ljava/lang/String;Lorg/springframework/beans/factory/support/RootBeanDefinition;[Ljava/lang/reflect/Constructor;[Ljava/lang/Object;)Lorg/springframework/beans/BeanWrapper;+13
j  org.springframework.beans.factory.support.AbstractAutowireCapableBeanFactory.createBeanInstance(Ljava/lang/String;Lorg/springframework/beans/factory/support/RootBeanDefinition;[Ljava/lang/Object;)Lorg/springframework/beans/BeanWrapper;+213
j  org.springframework.beans.factory.support.AbstractAutowireCapableBeanFactory.doCreateBean(Ljava/lang/String;Lorg/springframework/beans/factory/support/RootBeanDefinition;[Ljava/lang/Object;)Ljava/lang/Object;+34
j  org.springframework.beans.factory.support.AbstractAutowireCapableBeanFactory.createBean(Ljava/lang/String;Lorg/springframework/beans/factory/support/RootBeanDefinition;[Ljava/lang/Object;)Ljava/lang/Object;+153
j  org.springframework.beans.factory.support.AbstractBeanFactory.lambda$doGetBean$0(Ljava/lang/String;Lorg/springframework/beans/factory/support/RootBeanDefinition;[Ljava/lang/Object;)Ljava/lang/Object;+4
j  org.springframework.beans.factory.support.AbstractBeanFactory$$Lambda$849+0x000001c901400430.getObject()Ljava/lang/Object;+16
j  org.springframework.beans.factory.support.DefaultSingletonBeanRegistry.getSingleton(Ljava/lang/String;Lorg/springframework/beans/factory/ObjectFactory;)Ljava/lang/Object;+336
J 3207 c1 org.springframework.beans.factory.support.AbstractBeanFactory.doGetBean(Ljava/lang/String;Ljava/lang/Class;[Ljava/lang/Object;Z)Ljava/lang/Object; (787 bytes) @ 0x000001c9529826dc [0x000001c952982100+0x00000000000005dc]
j  org.springframework.beans.factory.support.AbstractBeanFactory.getBean(Ljava/lang/String;)Ljava/lang/Object;+5
j  org.springframework.beans.factory.support.DefaultListableBeanFactory.instantiateSingleton(Ljava/lang/String;)V+51
j  org.springframework.beans.factory.support.DefaultListableBeanFactory.preInstantiateSingleton(Ljava/lang/String;Lorg/springframework/beans/factory/support/RootBeanDefinition;)Ljava/util/concurrent/CompletableFuture;+141
j  org.springframework.beans.factory.support.DefaultListableBeanFactory.preInstantiateSingletons()V+118
j  org.springframework.context.support.AbstractApplicationContext.finishBeanFactoryInitialization(Lorg/springframework/beans/factory/config/ConfigurableListableBeanFactory;)V+284
j  org.springframework.context.support.AbstractApplicationContext.refresh()V+94
j  org.springframework.boot.web.servlet.context.ServletWebServerApplicationContext.refresh()V+1
j  org.springframework.boot.SpringApplication.refresh(Lorg/springframework/context/ConfigurableApplicationContext;)V+1
j  org.springframework.boot.SpringApplication.refreshContext(Lorg/springframework/context/ConfigurableApplicationContext;)V+19
j  org.springframework.boot.SpringApplication.run([Ljava/lang/String;)Lorg/springframework/context/ConfigurableApplicationContext;+113
j  com.ai_service.AiServiceApplication.main([Ljava/lang/String;)V+37
v  ~StubRoutines::call_stub

---------------  P R O C E S S  ---------------

Threads class SMR info:
_java_thread_list=0x000001c962d845a0, length=16, elements={
0x000001c94a9ab200, 0x000001c95c6c0ad0, 0x000001c95c6c1860, 0x000001c95c6d7660,
0x000001c95c6da200, 0x000001c95c6dbae0, 0x000001c95c6dc3b0, 0x000001c95c6ded40,
0x000001c95c6e2b50, 0x000001c95cbc7bf0, 0x000001c95cbe0430, 0x000001c95cbe8af0,
0x000001c962c50130, 0x000001c96258d030, 0x000001c96258ead0, 0x000001c961eca270
}

Java Threads: ( => current thread )
=>0x000001c94a9ab200 JavaThread "main" [_thread_in_vm, id=11208, stack(0x0000005105600000,0x0000005105700000)]
  0x000001c95c6c0ad0 JavaThread "Reference Handler" daemon [_thread_blocked, id=7948, stack(0x0000005105d00000,0x0000005105e00000)]
  0x000001c95c6c1860 JavaThread "Finalizer" daemon [_thread_blocked, id=1272, stack(0x0000005105e00000,0x0000005105f00000)]
  0x000001c95c6d7660 JavaThread "Signal Dispatcher" daemon [_thread_blocked, id=18460, stack(0x0000005105f00000,0x0000005106000000)]
  0x000001c95c6da200 JavaThread "Attach Listener" daemon [_thread_blocked, id=3332, stack(0x0000005106000000,0x0000005106100000)]
  0x000001c95c6dbae0 JavaThread "Service Thread" daemon [_thread_blocked, id=11160, stack(0x0000005106100000,0x0000005106200000)]
  0x000001c95c6dc3b0 JavaThread "Monitor Deflation Thread" daemon [_thread_blocked, id=12140, stack(0x0000005106200000,0x0000005106300000)]
  0x000001c95c6ded40 JavaThread "C1 CompilerThread0" daemon [_thread_blocked, id=16408, stack(0x0000005106300000,0x0000005106400000)]
  0x000001c95c6e2b50 JavaThread "Sweeper thread" daemon [_thread_blocked, id=5420, stack(0x0000005106400000,0x0000005106500000)]
  0x000001c95cbc7bf0 JavaThread "C1 CompilerThread1" daemon [_thread_blocked, id=12732, stack(0x0000005106500000,0x0000005106600000)]
  0x000001c95cbe0430 JavaThread "Notification Thread" daemon [_thread_blocked, id=17960, stack(0x0000005106700000,0x0000005106800000)]
  0x000001c95cbe8af0 JavaThread "Common-Cleaner" daemon [_thread_blocked, id=9620, stack(0x0000005106900000,0x0000005106a00000)]
  0x000001c962c50130 JavaThread "Catalina-utility-1" [_thread_blocked, id=12520, stack(0x0000005107200000,0x0000005107300000)]
  0x000001c96258d030 JavaThread "Catalina-utility-2" [_thread_blocked, id=5488, stack(0x0000005107700000,0x0000005107800000)]
  0x000001c96258ead0 JavaThread "container-0" [_thread_blocked, id=15752, stack(0x0000005107800000,0x0000005107900000)]
  0x000001c961eca270 JavaThread "spring.cloud.inetutils" daemon [_thread_blocked, id=16192, stack(0x0000005107900000,0x0000005107a00000)]

Other Threads:
  0x000001c95c6bbfb0 VMThread "VM Thread" [stack: 0x0000005105c00000,0x0000005105d00000] [id=14580]
  0x000001c94aa361c0 WatcherThread [stack: 0x0000005106800000,0x0000005106900000] [id=1728]
  0x000001c94aa0e3b0 GCTaskThread "GC Thread#0" [stack: 0x0000005105700000,0x0000005105800000] [id=10320]
  0x000001c96178d490 GCTaskThread "GC Thread#1" [stack: 0x0000005106a00000,0x0000005106b00000] [id=17860]
  0x000001c96178d750 GCTaskThread "GC Thread#2" [stack: 0x0000005106b00000,0x0000005106c00000] [id=18148]
  0x000001c961778a30 GCTaskThread "GC Thread#3" [stack: 0x0000005106c00000,0x0000005106d00000] [id=12308]
  0x000001c961950e40 GCTaskThread "GC Thread#4" [stack: 0x0000005107000000,0x0000005107100000] [id=6016]
  0x000001c9618fad00 GCTaskThread "GC Thread#5" [stack: 0x0000005107100000,0x0000005107200000] [id=12620]
  0x000001c961bf3f90 GCTaskThread "GC Thread#6" [stack: 0x0000005107300000,0x0000005107400000] [id=3864]
  0x000001c961bf4250 GCTaskThread "GC Thread#7" [stack: 0x0000005107400000,0x0000005107500000] [id=14036]
  0x000001c94aa1fd60 ConcurrentGCThread "G1 Main Marker" [stack: 0x0000005105800000,0x0000005105900000] [id=10136]
  0x000001c94aa20680 ConcurrentGCThread "G1 Conc#0" [stack: 0x0000005105900000,0x0000005105a00000] [id=3292]
  0x000001c961f2edc0 ConcurrentGCThread "G1 Conc#1" [stack: 0x0000005107500000,0x0000005107600000] [id=19208]
  0x000001c95c575050 ConcurrentGCThread "G1 Refine#0" [stack: 0x0000005105a00000,0x0000005105b00000] [id=1780]
  0x000001c961777230 ConcurrentGCThread "G1 Refine#1" [stack: 0x0000005106d00000,0x0000005106e00000] [id=6992]
  0x000001c961777b40 ConcurrentGCThread "G1 Refine#2" [stack: 0x0000005106e00000,0x0000005106f00000] [id=11936]
  0x000001c961777e30 ConcurrentGCThread "G1 Refine#3" [stack: 0x0000005106f00000,0x0000005107000000] [id=10780]
  0x000001c95c575990 ConcurrentGCThread "G1 Service" [stack: 0x0000005105b00000,0x0000005105c00000] [id=6024]

Threads with active compile tasks:

VM state: not at safepoint (normal execution)

VM Mutex/Monitor currently owned by a thread:  ([mutex/lock_event])
[0x000001c94a9a7a50] Heap_lock - owner thread: 0x000001c94a9ab200

Heap address: 0x0000000082600000, size: 2010 MB, Compressed Oops mode: 32-bit

CDS archive(s) mapped at: [0x000001c900000000-0x000001c900bd0000-0x000001c900bd0000), size 12386304, SharedBaseAddress: 0x000001c900000000, ArchiveRelocationMode: 1.
Compressed class space mapped at: 0x000001c901000000-0x000001c941000000, reserved size: 1073741824
Narrow klass base: 0x000001c900000000, Narrow klass shift: 0, Narrow klass range: 0x100000000

GC Precious Log:
 CPUs: 8 total, 8 available
 Memory: 8035M
 Large Page Support: Disabled
 NUMA Support: Disabled
 Compressed Oops: Enabled (32-bit)
 Heap Region Size: 1M
 Heap Min Capacity: 8M
 Heap Initial Capacity: 126M
 Heap Max Capacity: 2010M
 Pre-touch: Disabled
 Parallel Workers: 8
 Concurrent Workers: 2
 Concurrent Refinement Workers: 8
 Periodic GC: Disabled

Heap:
 garbage-first heap   total 313344K, used 96451K [0x0000000082600000, 0x0000000100000000)
  region size 1024K, 1 young (1024K), 1 survivors (1024K)
 Metaspace       used 40082K, committed 40576K, reserved 1114112K
  class space    used 5494K, committed 5696K, reserved 1048576K

Heap Regions: E=young(eden), S=young(survivor), O=old, HS=humongous(starts), HC=humongous(continues), CS=collection set, F=free, OA=open archive, CA=closed archive, TAMS=top-at-mark-start (previous, next)
|   0|0x0000000082600000, 0x0000000082700000, 0x0000000082700000|100%|HS|  |TAMS 0x0000000082700000, 0x0000000082700000| Complete 
|   1|0x0000000082700000, 0x0000000082800000, 0x0000000082800000|100%| O|  |TAMS 0x0000000082800000, 0x0000000082800000| Untracked 
|   2|0x0000000082800000, 0x0000000082900000, 0x0000000082900000|100%| O|  |TAMS 0x0000000082900000, 0x0000000082900000| Untracked 
|   3|0x0000000082900000, 0x0000000082a00000, 0x0000000082a00000|100%| O|  |TAMS 0x0000000082a00000, 0x0000000082a00000| Untracked 
|   4|0x0000000082a00000, 0x0000000082b00000, 0x0000000082b00000|100%| O|  |TAMS 0x0000000082b00000, 0x0000000082b00000| Untracked 
|   5|0x0000000082b00000, 0x0000000082c00000, 0x0000000082c00000|100%| O|  |TAMS 0x0000000082c00000, 0x0000000082c00000| Untracked 
|   6|0x0000000082c00000, 0x0000000082d00000, 0x0000000082d00000|100%| O|  |TAMS 0x0000000082d00000, 0x0000000082d00000| Untracked 
|   7|0x0000000082d00000, 0x0000000082e00000, 0x0000000082e00000|100%| O|  |TAMS 0x0000000082e00000, 0x0000000082e00000| Untracked 
|   8|0x0000000082e00000, 0x0000000082f00000, 0x0000000082f00000|100%| O|  |TAMS 0x0000000082f00000, 0x0000000082f00000| Untracked 
|   9|0x0000000082f00000, 0x0000000083000000, 0x0000000083000000|100%| O|  |TAMS 0x0000000083000000, 0x0000000083000000| Untracked 
|  10|0x0000000083000000, 0x0000000083100000, 0x0000000083100000|100%| O|  |TAMS 0x0000000083100000, 0x0000000083100000| Untracked 
|  11|0x0000000083100000, 0x0000000083200000, 0x0000000083200000|100%| O|  |TAMS 0x0000000083200000, 0x0000000083200000| Untracked 
|  12|0x0000000083200000, 0x0000000083300000, 0x0000000083300000|100%| O|  |TAMS 0x0000000083300000, 0x0000000083300000| Untracked 
|  13|0x0000000083300000, 0x0000000083400000, 0x0000000083400000|100%| O|  |TAMS 0x0000000083400000, 0x0000000083400000| Untracked 
|  14|0x0000000083400000, 0x0000000083500000, 0x0000000083500000|100%| O|  |TAMS 0x0000000083500000, 0x0000000083500000| Untracked 
|  15|0x0000000083500000, 0x00000000835f1600, 0x0000000083600000| 94%| O|  |TAMS 0x00000000835f1600, 0x00000000835f1600| Untracked 
|  16|0x0000000083600000, 0x0000000083700000, 0x0000000083700000|100%| O|  |TAMS 0x0000000083700000, 0x0000000083700000| Untracked 
|  17|0x0000000083700000, 0x0000000083800000, 0x0000000083800000|100%| O|  |TAMS 0x0000000083800000, 0x0000000083800000| Untracked 
|  18|0x0000000083800000, 0x0000000083900000, 0x0000000083900000|100%| O|  |TAMS 0x0000000083900000, 0x0000000083900000| Untracked 
|  19|0x0000000083900000, 0x0000000083a00000, 0x0000000083a00000|100%| O|  |TAMS 0x0000000083a00000, 0x0000000083a00000| Untracked 
|  20|0x0000000083a00000, 0x0000000083b00000, 0x0000000083b00000|100%| O|  |TAMS 0x0000000083b00000, 0x0000000083b00000| Untracked 
|  21|0x0000000083b00000, 0x0000000083c00000, 0x0000000083c00000|100%| O|  |TAMS 0x0000000083c00000, 0x0000000083c00000| Untracked 
|  22|0x0000000083c00000, 0x0000000083d00000, 0x0000000083d00000|100%| O|  |TAMS 0x0000000083cc8200, 0x0000000083d00000| Untracked 
|  23|0x0000000083d00000, 0x0000000083e00000, 0x0000000083e00000|100%| O|  |TAMS 0x0000000083d00000, 0x0000000083e00000| Untracked 
|  24|0x0000000083e00000, 0x0000000083f00000, 0x0000000083f00000|100%| O|  |TAMS 0x0000000083e00000, 0x0000000083f00000| Untracked 
|  25|0x0000000083f00000, 0x0000000083f37e00, 0x0000000084000000| 21%| O|  |TAMS 0x0000000083f00000, 0x0000000083f37e00| Untracked 
|  26|0x0000000084000000, 0x0000000084100000, 0x0000000084100000|100%| O|  |TAMS 0x0000000084100000, 0x0000000084100000| Untracked 
|  27|0x0000000084100000, 0x0000000084100000, 0x0000000084200000|  0%| F|  |TAMS 0x0000000084100000, 0x0000000084100000| Untracked 
|  28|0x0000000084200000, 0x0000000084300000, 0x0000000084300000|100%| O|  |TAMS 0x0000000084300000, 0x0000000084300000| Untracked 
|  29|0x0000000084300000, 0x0000000084400000, 0x0000000084400000|100%| O|  |TAMS 0x0000000084400000, 0x0000000084400000| Untracked 
|  30|0x0000000084400000, 0x0000000084500000, 0x0000000084500000|100%| O|  |TAMS 0x0000000084500000, 0x0000000084500000| Untracked 
|  31|0x0000000084500000, 0x0000000084500000, 0x0000000084600000|  0%| F|  |TAMS 0x0000000084500000, 0x0000000084500000| Untracked 
|  32|0x0000000084600000, 0x0000000084600000, 0x0000000084700000|  0%| F|  |TAMS 0x0000000084600000, 0x0000000084600000| Untracked 
|  33|0x0000000084700000, 0x0000000084700000, 0x0000000084800000|  0%| F|  |TAMS 0x0000000084700000, 0x0000000084700000| Untracked 
|  34|0x0000000084800000, 0x0000000084800000, 0x0000000084900000|  0%| F|  |TAMS 0x0000000084800000, 0x0000000084800000| Untracked 
|  35|0x0000000084900000, 0x0000000084900000, 0x0000000084a00000|  0%| F|  |TAMS 0x0000000084900000, 0x0000000084900000| Untracked 
|  36|0x0000000084a00000, 0x0000000084a00000, 0x0000000084b00000|  0%| F|  |TAMS 0x0000000084a00000, 0x0000000084a00000| Untracked 
|  37|0x0000000084b00000, 0x0000000084b00000, 0x0000000084c00000|  0%| F|  |TAMS 0x0000000084b00000, 0x0000000084b00000| Untracked 
|  38|0x0000000084c00000, 0x0000000084c00000, 0x0000000084d00000|  0%| F|  |TAMS 0x0000000084c00000, 0x0000000084c00000| Untracked 
|  39|0x0000000084d00000, 0x0000000084d00000, 0x0000000084e00000|  0%| F|  |TAMS 0x0000000084d00000, 0x0000000084d00000| Untracked 
|  40|0x0000000084e00000, 0x0000000084e00000, 0x0000000084f00000|  0%| F|  |TAMS 0x0000000084e00000, 0x0000000084e00000| Untracked 
|  41|0x0000000084f00000, 0x0000000084f00000, 0x0000000085000000|  0%| F|  |TAMS 0x0000000084f00000, 0x0000000084f00000| Untracked 
|  42|0x0000000085000000, 0x0000000085000000, 0x0000000085100000|  0%| F|  |TAMS 0x0000000085000000, 0x0000000085000000| Untracked 
|  43|0x0000000085100000, 0x0000000085100000, 0x0000000085200000|  0%| F|  |TAMS 0x0000000085100000, 0x0000000085100000| Untracked 
|  44|0x0000000085200000, 0x0000000085200000, 0x0000000085300000|  0%| F|  |TAMS 0x0000000085200000, 0x0000000085200000| Untracked 
|  45|0x0000000085300000, 0x0000000085300000, 0x0000000085400000|  0%| F|  |TAMS 0x0000000085300000, 0x0000000085300000| Untracked 
|  46|0x0000000085400000, 0x0000000085400000, 0x0000000085500000|  0%| F|  |TAMS 0x0000000085400000, 0x0000000085400000| Untracked 
|  47|0x0000000085500000, 0x0000000085500000, 0x0000000085600000|  0%| F|  |TAMS 0x0000000085500000, 0x0000000085500000| Untracked 
|  48|0x0000000085600000, 0x0000000085600000, 0x0000000085700000|  0%| F|  |TAMS 0x0000000085600000, 0x0000000085600000| Untracked 
|  49|0x0000000085700000, 0x0000000085700000, 0x0000000085800000|  0%| F|  |TAMS 0x0000000085700000, 0x0000000085700000| Untracked 
|  50|0x0000000085800000, 0x0000000085800000, 0x0000000085900000|  0%| F|  |TAMS 0x0000000085800000, 0x0000000085800000| Untracked 
|  51|0x0000000085900000, 0x0000000085900000, 0x0000000085a00000|  0%| F|  |TAMS 0x0000000085900000, 0x0000000085900000| Untracked 
|  52|0x0000000085a00000, 0x0000000085a00000, 0x0000000085b00000|  0%| F|  |TAMS 0x0000000085a00000, 0x0000000085a00000| Untracked 
|  53|0x0000000085b00000, 0x0000000085b00000, 0x0000000085c00000|  0%| F|  |TAMS 0x0000000085b00000, 0x0000000085b00000| Untracked 
|  54|0x0000000085c00000, 0x0000000085c00000, 0x0000000085d00000|  0%| F|  |TAMS 0x0000000085c00000, 0x0000000085c00000| Untracked 
|  55|0x0000000085d00000, 0x0000000085d00000, 0x0000000085e00000|  0%| F|  |TAMS 0x0000000085d00000, 0x0000000085d00000| Untracked 
|  56|0x0000000085e00000, 0x0000000085e00000, 0x0000000085f00000|  0%| F|  |TAMS 0x0000000085e00000, 0x0000000085e00000| Untracked 
|  57|0x0000000085f00000, 0x0000000085f00000, 0x0000000086000000|  0%| F|  |TAMS 0x0000000085f00000, 0x0000000085f00000| Untracked 
|  58|0x0000000086000000, 0x0000000086000000, 0x0000000086100000|  0%| F|  |TAMS 0x0000000086000000, 0x0000000086000000| Untracked 
|  59|0x0000000086100000, 0x0000000086100000, 0x0000000086200000|  0%| F|  |TAMS 0x0000000086100000, 0x0000000086100000| Untracked 
|  60|0x0000000086200000, 0x0000000086200000, 0x0000000086300000|  0%| F|  |TAMS 0x0000000086200000, 0x0000000086200000| Untracked 
|  61|0x0000000086300000, 0x0000000086300000, 0x0000000086400000|  0%| F|  |TAMS 0x0000000086300000, 0x0000000086300000| Untracked 
|  62|0x0000000086400000, 0x0000000086400000, 0x0000000086500000|  0%| F|  |TAMS 0x0000000086400000, 0x0000000086400000| Untracked 
|  63|0x0000000086500000, 0x0000000086500000, 0x0000000086600000|  0%| F|  |TAMS 0x0000000086500000, 0x0000000086500000| Untracked 
|  64|0x0000000086600000, 0x0000000086600000, 0x0000000086700000|  0%| F|  |TAMS 0x0000000086600000, 0x0000000086600000| Untracked 
|  65|0x0000000086700000, 0x0000000086700000, 0x0000000086800000|  0%| F|  |TAMS 0x0000000086700000, 0x0000000086700000| Untracked 
|  66|0x0000000086800000, 0x0000000086800000, 0x0000000086900000|  0%| F|  |TAMS 0x0000000086800000, 0x0000000086800000| Untracked 
|  67|0x0000000086900000, 0x0000000086900000, 0x0000000086a00000|  0%| F|  |TAMS 0x0000000086900000, 0x0000000086900000| Untracked 
|  68|0x0000000086a00000, 0x0000000086a00000, 0x0000000086b00000|  0%| F|  |TAMS 0x0000000086a00000, 0x0000000086a00000| Untracked 
|  69|0x0000000086b00000, 0x0000000086b00000, 0x0000000086c00000|  0%| F|  |TAMS 0x0000000086b00000, 0x0000000086b00000| Untracked 
|  70|0x0000000086c00000, 0x0000000086c00000, 0x0000000086d00000|  0%| F|  |TAMS 0x0000000086c00000, 0x0000000086c00000| Untracked 
|  71|0x0000000086d00000, 0x0000000086d00000, 0x0000000086e00000|  0%| F|  |TAMS 0x0000000086d00000, 0x0000000086d00000| Untracked 
|  72|0x0000000086e00000, 0x0000000086e00000, 0x0000000086f00000|  0%| F|  |TAMS 0x0000000086e00000, 0x0000000086e00000| Untracked 
|  73|0x0000000086f00000, 0x0000000086f00000, 0x0000000087000000|  0%| F|  |TAMS 0x0000000086f00000, 0x0000000086f00000| Untracked 
|  74|0x0000000087000000, 0x0000000087000000, 0x0000000087100000|  0%| F|  |TAMS 0x0000000087000000, 0x0000000087000000| Untracked 
|  75|0x0000000087100000, 0x0000000087100000, 0x0000000087200000|  0%| F|  |TAMS 0x0000000087100000, 0x0000000087100000| Untracked 
|  76|0x0000000087200000, 0x0000000087200000, 0x0000000087300000|  0%| F|  |TAMS 0x0000000087200000, 0x0000000087200000| Untracked 
|  77|0x0000000087300000, 0x0000000087300000, 0x0000000087400000|  0%| F|  |TAMS 0x0000000087300000, 0x0000000087300000| Untracked 
|  78|0x0000000087400000, 0x0000000087400000, 0x0000000087500000|  0%| F|  |TAMS 0x0000000087400000, 0x0000000087400000| Untracked 
|  79|0x0000000087500000, 0x0000000087500000, 0x0000000087600000|  0%| F|  |TAMS 0x0000000087500000, 0x0000000087500000| Untracked 
|  80|0x0000000087600000, 0x0000000087600000, 0x0000000087700000|  0%| F|  |TAMS 0x0000000087600000, 0x0000000087600000| Untracked 
|  81|0x0000000087700000, 0x0000000087700000, 0x0000000087800000|  0%| F|  |TAMS 0x0000000087700000, 0x0000000087700000| Untracked 
|  82|0x0000000087800000, 0x0000000087800000, 0x0000000087900000|  0%| F|  |TAMS 0x0000000087800000, 0x0000000087800000| Untracked 
|  83|0x0000000087900000, 0x0000000087900000, 0x0000000087a00000|  0%| F|  |TAMS 0x0000000087900000, 0x0000000087900000| Untracked 
|  84|0x0000000087a00000, 0x0000000087a00000, 0x0000000087b00000|  0%| F|  |TAMS 0x0000000087a00000, 0x0000000087a00000| Untracked 
|  85|0x0000000087b00000, 0x0000000087b00000, 0x0000000087c00000|  0%| F|  |TAMS 0x0000000087b00000, 0x0000000087b00000| Untracked 
|  86|0x0000000087c00000, 0x0000000087c00000, 0x0000000087d00000|  0%| F|  |TAMS 0x0000000087c00000, 0x0000000087c00000| Untracked 
|  87|0x0000000087d00000, 0x0000000087d00000, 0x0000000087e00000|  0%| F|  |TAMS 0x0000000087d00000, 0x0000000087d00000| Untracked 
|  88|0x0000000087e00000, 0x0000000087e00000, 0x0000000087f00000|  0%| F|  |TAMS 0x0000000087e00000, 0x0000000087e00000| Untracked 
|  89|0x0000000087f00000, 0x0000000087f00000, 0x0000000088000000|  0%| F|  |TAMS 0x0000000087f00000, 0x0000000087f00000| Untracked 
|  90|0x0000000088000000, 0x0000000088000000, 0x0000000088100000|  0%| F|  |TAMS 0x0000000088000000, 0x0000000088000000| Untracked 
|  91|0x0000000088100000, 0x0000000088100000, 0x0000000088200000|  0%| F|  |TAMS 0x0000000088100000, 0x0000000088100000| Untracked 
|  92|0x0000000088200000, 0x0000000088200000, 0x0000000088300000|  0%| F|  |TAMS 0x0000000088200000, 0x0000000088200000| Untracked 
|  93|0x0000000088300000, 0x0000000088300000, 0x0000000088400000|  0%| F|  |TAMS 0x0000000088300000, 0x0000000088300000| Untracked 
|  94|0x0000000088400000, 0x0000000088400000, 0x0000000088500000|  0%| F|  |TAMS 0x0000000088400000, 0x0000000088400000| Untracked 
|  95|0x0000000088500000, 0x0000000088500000, 0x0000000088600000|  0%| F|  |TAMS 0x0000000088500000, 0x0000000088500000| Untracked 
|  96|0x0000000088600000, 0x0000000088600000, 0x0000000088700000|  0%| F|  |TAMS 0x0000000088600000, 0x0000000088600000| Untracked 
|  97|0x0000000088700000, 0x0000000088700000, 0x0000000088800000|  0%| F|  |TAMS 0x0000000088700000, 0x0000000088700000| Untracked 
|  98|0x0000000088800000, 0x0000000088800000, 0x0000000088900000|  0%| F|  |TAMS 0x0000000088800000, 0x0000000088800000| Untracked 
|  99|0x0000000088900000, 0x0000000088900000, 0x0000000088a00000|  0%| F|  |TAMS 0x0000000088900000, 0x0000000088900000| Untracked 
| 100|0x0000000088a00000, 0x0000000088a00000, 0x0000000088b00000|  0%| F|  |TAMS 0x0000000088a00000, 0x0000000088a00000| Untracked 
| 101|0x0000000088b00000, 0x0000000088b00000, 0x0000000088c00000|  0%| F|  |TAMS 0x0000000088b00000, 0x0000000088b00000| Untracked 
| 102|0x0000000088c00000, 0x0000000088c00000, 0x0000000088d00000|  0%| F|  |TAMS 0x0000000088c00000, 0x0000000088c00000| Untracked 
| 103|0x0000000088d00000, 0x0000000088d00000, 0x0000000088e00000|  0%| F|  |TAMS 0x0000000088d00000, 0x0000000088d00000| Untracked 
| 104|0x0000000088e00000, 0x0000000088e00000, 0x0000000088f00000|  0%| F|  |TAMS 0x0000000088e00000, 0x0000000088e00000| Untracked 
| 105|0x0000000088f00000, 0x0000000088f00000, 0x0000000089000000|  0%| F|  |TAMS 0x0000000088f00000, 0x0000000088f00000| Untracked 
| 106|0x0000000089000000, 0x0000000089000000, 0x0000000089100000|  0%| F|  |TAMS 0x0000000089000000, 0x0000000089000000| Untracked 
| 107|0x0000000089100000, 0x0000000089100000, 0x0000000089200000|  0%| F|  |TAMS 0x0000000089100000, 0x0000000089100000| Untracked 
| 108|0x0000000089200000, 0x0000000089200000, 0x0000000089300000|  0%| F|  |TAMS 0x0000000089200000, 0x0000000089200000| Untracked 
| 109|0x0000000089300000, 0x0000000089300000, 0x0000000089400000|  0%| F|  |TAMS 0x0000000089300000, 0x0000000089300000| Untracked 
| 110|0x0000000089400000, 0x0000000089400000, 0x0000000089500000|  0%| F|  |TAMS 0x0000000089400000, 0x0000000089400000| Untracked 
| 111|0x0000000089500000, 0x0000000089500000, 0x0000000089600000|  0%| F|  |TAMS 0x0000000089500000, 0x0000000089500000| Untracked 
| 112|0x0000000089600000, 0x0000000089600000, 0x0000000089700000|  0%| F|  |TAMS 0x0000000089600000, 0x0000000089600000| Untracked 
| 113|0x0000000089700000, 0x0000000089700000, 0x0000000089800000|  0%| F|  |TAMS 0x0000000089700000, 0x0000000089700000| Untracked 
| 114|0x0000000089800000, 0x0000000089800000, 0x0000000089900000|  0%| F|  |TAMS 0x0000000089800000, 0x0000000089800000| Untracked 
| 115|0x0000000089900000, 0x0000000089900000, 0x0000000089a00000|  0%| F|  |TAMS 0x0000000089900000, 0x0000000089900000| Untracked 
| 116|0x0000000089a00000, 0x0000000089a00000, 0x0000000089b00000|  0%| F|  |TAMS 0x0000000089a00000, 0x0000000089a00000| Untracked 
| 117|0x0000000089b00000, 0x0000000089b00000, 0x0000000089c00000|  0%| F|  |TAMS 0x0000000089b00000, 0x0000000089b00000| Untracked 
| 118|0x0000000089c00000, 0x0000000089c00000, 0x0000000089d00000|  0%| F|  |TAMS 0x0000000089c00000, 0x0000000089c00000| Untracked 
| 119|0x0000000089d00000, 0x0000000089d00000, 0x0000000089e00000|  0%| F|  |TAMS 0x0000000089d00000, 0x0000000089d00000| Untracked 
| 120|0x0000000089e00000, 0x0000000089e00000, 0x0000000089f00000|  0%| F|  |TAMS 0x0000000089e00000, 0x0000000089e00000| Untracked 
| 121|0x0000000089f00000, 0x0000000089f00000, 0x000000008a000000|  0%| F|  |TAMS 0x0000000089f00000, 0x0000000089f00000| Untracked 
| 122|0x000000008a000000, 0x000000008a100000, 0x000000008a100000|100%|HS|  |TAMS 0x000000008a000000, 0x000000008a100000| Complete 
| 123|0x000000008a100000, 0x000000008a200000, 0x000000008a200000|100%|HC|  |TAMS 0x000000008a100000, 0x000000008a200000| Complete 
| 124|0x000000008a200000, 0x000000008a300000, 0x000000008a300000|100%|HC|  |TAMS 0x000000008a200000, 0x000000008a300000| Complete 
| 125|0x000000008a300000, 0x000000008a400000, 0x000000008a400000|100%|HC|  |TAMS 0x000000008a300000, 0x000000008a400000| Complete 
| 126|0x000000008a400000, 0x000000008a500000, 0x000000008a500000|100%|HC|  |TAMS 0x000000008a400000, 0x000000008a500000| Complete 
| 127|0x000000008a500000, 0x000000008a600000, 0x000000008a600000|100%|HC|  |TAMS 0x000000008a500000, 0x000000008a600000| Complete 
| 128|0x000000008a600000, 0x000000008a700000, 0x000000008a700000|100%|HC|  |TAMS 0x000000008a600000, 0x000000008a700000| Complete 
| 129|0x000000008a700000, 0x000000008a800000, 0x000000008a800000|100%|HC|  |TAMS 0x000000008a700000, 0x000000008a800000| Complete 
| 130|0x000000008a800000, 0x000000008a900000, 0x000000008a900000|100%|HC|  |TAMS 0x000000008a800000, 0x000000008a900000| Complete 
| 131|0x000000008a900000, 0x000000008aa00000, 0x000000008aa00000|100%|HC|  |TAMS 0x000000008a900000, 0x000000008aa00000| Complete 
| 132|0x000000008aa00000, 0x000000008ab00000, 0x000000008ab00000|100%|HC|  |TAMS 0x000000008aa00000, 0x000000008ab00000| Complete 
| 133|0x000000008ab00000, 0x000000008ac00000, 0x000000008ac00000|100%|HC|  |TAMS 0x000000008ab00000, 0x000000008ac00000| Complete 
| 134|0x000000008ac00000, 0x000000008ad00000, 0x000000008ad00000|100%|HC|  |TAMS 0x000000008ac00000, 0x000000008ad00000| Complete 
| 135|0x000000008ad00000, 0x000000008ae00000, 0x000000008ae00000|100%|HC|  |TAMS 0x000000008ad00000, 0x000000008ae00000| Complete 
| 136|0x000000008ae00000, 0x000000008af00000, 0x000000008af00000|100%|HC|  |TAMS 0x000000008ae00000, 0x000000008af00000| Complete 
| 137|0x000000008af00000, 0x000000008b000000, 0x000000008b000000|100%|HC|  |TAMS 0x000000008af00000, 0x000000008b000000| Complete 
| 138|0x000000008b000000, 0x000000008b100000, 0x000000008b100000|100%|HC|  |TAMS 0x000000008b000000, 0x000000008b100000| Complete 
| 139|0x000000008b100000, 0x000000008b200000, 0x000000008b200000|100%|HC|  |TAMS 0x000000008b100000, 0x000000008b200000| Complete 
| 140|0x000000008b200000, 0x000000008b300000, 0x000000008b300000|100%|HC|  |TAMS 0x000000008b200000, 0x000000008b300000| Complete 
| 141|0x000000008b300000, 0x000000008b400000, 0x000000008b400000|100%|HC|  |TAMS 0x000000008b300000, 0x000000008b400000| Complete 
| 142|0x000000008b400000, 0x000000008b500000, 0x000000008b500000|100%|HC|  |TAMS 0x000000008b400000, 0x000000008b500000| Complete 
| 143|0x000000008b500000, 0x000000008b600000, 0x000000008b600000|100%|HC|  |TAMS 0x000000008b500000, 0x000000008b600000| Complete 
| 144|0x000000008b600000, 0x000000008b700000, 0x000000008b700000|100%|HC|  |TAMS 0x000000008b600000, 0x000000008b700000| Complete 
| 145|0x000000008b700000, 0x000000008b800000, 0x000000008b800000|100%|HC|  |TAMS 0x000000008b700000, 0x000000008b800000| Complete 
| 146|0x000000008b800000, 0x000000008b900000, 0x000000008b900000|100%|HC|  |TAMS 0x000000008b800000, 0x000000008b900000| Complete 
| 147|0x000000008b900000, 0x000000008ba00000, 0x000000008ba00000|100%|HC|  |TAMS 0x000000008b900000, 0x000000008ba00000| Complete 
| 148|0x000000008ba00000, 0x000000008bb00000, 0x000000008bb00000|100%|HC|  |TAMS 0x000000008ba00000, 0x000000008bb00000| Complete 
| 149|0x000000008bb00000, 0x000000008bc00000, 0x000000008bc00000|100%|HC|  |TAMS 0x000000008bb00000, 0x000000008bc00000| Complete 
| 150|0x000000008bc00000, 0x000000008bd00000, 0x000000008bd00000|100%|HC|  |TAMS 0x000000008bc00000, 0x000000008bd00000| Complete 
| 151|0x000000008bd00000, 0x000000008be00000, 0x000000008be00000|100%|HC|  |TAMS 0x000000008bd00000, 0x000000008be00000| Complete 
| 152|0x000000008be00000, 0x000000008bf00000, 0x000000008bf00000|100%|HC|  |TAMS 0x000000008be00000, 0x000000008bf00000| Complete 
| 153|0x000000008bf00000, 0x000000008c000000, 0x000000008c000000|100%|HC|  |TAMS 0x000000008bf00000, 0x000000008c000000| Complete 
| 154|0x000000008c000000, 0x000000008c100000, 0x000000008c100000|100%|HC|  |TAMS 0x000000008c000000, 0x000000008c100000| Complete 
| 155|0x000000008c100000, 0x000000008c200000, 0x000000008c200000|100%|HC|  |TAMS 0x000000008c100000, 0x000000008c200000| Complete 
| 156|0x000000008c200000, 0x000000008c300000, 0x000000008c300000|100%|HC|  |TAMS 0x000000008c200000, 0x000000008c300000| Complete 
| 157|0x000000008c300000, 0x000000008c400000, 0x000000008c400000|100%|HC|  |TAMS 0x000000008c300000, 0x000000008c400000| Complete 
| 158|0x000000008c400000, 0x000000008c500000, 0x000000008c500000|100%|HC|  |TAMS 0x000000008c400000, 0x000000008c500000| Complete 
| 159|0x000000008c500000, 0x000000008c600000, 0x000000008c600000|100%|HC|  |TAMS 0x000000008c500000, 0x000000008c600000| Complete 
| 160|0x000000008c600000, 0x000000008c700000, 0x000000008c700000|100%|HC|  |TAMS 0x000000008c600000, 0x000000008c700000| Complete 
| 161|0x000000008c700000, 0x000000008c800000, 0x000000008c800000|100%|HC|  |TAMS 0x000000008c700000, 0x000000008c800000| Complete 
| 162|0x000000008c800000, 0x000000008c900000, 0x000000008c900000|100%|HC|  |TAMS 0x000000008c800000, 0x000000008c900000| Complete 
| 163|0x000000008c900000, 0x000000008ca00000, 0x000000008ca00000|100%|HC|  |TAMS 0x000000008c900000, 0x000000008ca00000| Complete 
| 164|0x000000008ca00000, 0x000000008cb00000, 0x000000008cb00000|100%|HC|  |TAMS 0x000000008ca00000, 0x000000008cb00000| Complete 
| 165|0x000000008cb00000, 0x000000008cc00000, 0x000000008cc00000|100%|HC|  |TAMS 0x000000008cb00000, 0x000000008cc00000| Complete 
| 166|0x000000008cc00000, 0x000000008cd00000, 0x000000008cd00000|100%|HC|  |TAMS 0x000000008cc00000, 0x000000008cd00000| Complete 
| 167|0x000000008cd00000, 0x000000008ce00000, 0x000000008ce00000|100%|HC|  |TAMS 0x000000008cd00000, 0x000000008ce00000| Complete 
| 168|0x000000008ce00000, 0x000000008cf00000, 0x000000008cf00000|100%|HC|  |TAMS 0x000000008ce00000, 0x000000008cf00000| Complete 
| 169|0x000000008cf00000, 0x000000008d000000, 0x000000008d000000|100%|HC|  |TAMS 0x000000008cf00000, 0x000000008d000000| Complete 
| 170|0x000000008d000000, 0x000000008d100000, 0x000000008d100000|100%|HC|  |TAMS 0x000000008d000000, 0x000000008d100000| Complete 
| 171|0x000000008d100000, 0x000000008d200000, 0x000000008d200000|100%|HC|  |TAMS 0x000000008d100000, 0x000000008d200000| Complete 
| 172|0x000000008d200000, 0x000000008d300000, 0x000000008d300000|100%|HC|  |TAMS 0x000000008d200000, 0x000000008d300000| Complete 
| 173|0x000000008d300000, 0x000000008d400000, 0x000000008d400000|100%|HC|  |TAMS 0x000000008d300000, 0x000000008d400000| Complete 
| 174|0x000000008d400000, 0x000000008d500000, 0x000000008d500000|100%|HC|  |TAMS 0x000000008d400000, 0x000000008d500000| Complete 
| 175|0x000000008d500000, 0x000000008d600000, 0x000000008d600000|100%|HC|  |TAMS 0x000000008d500000, 0x000000008d600000| Complete 
| 176|0x000000008d600000, 0x000000008d700000, 0x000000008d700000|100%|HC|  |TAMS 0x000000008d600000, 0x000000008d700000| Complete 
| 177|0x000000008d700000, 0x000000008d800000, 0x000000008d800000|100%|HC|  |TAMS 0x000000008d700000, 0x000000008d800000| Complete 
| 178|0x000000008d800000, 0x000000008d900000, 0x000000008d900000|100%|HC|  |TAMS 0x000000008d800000, 0x000000008d900000| Complete 
| 179|0x000000008d900000, 0x000000008da00000, 0x000000008da00000|100%|HC|  |TAMS 0x000000008d900000, 0x000000008da00000| Complete 
| 180|0x000000008da00000, 0x000000008db00000, 0x000000008db00000|100%|HC|  |TAMS 0x000000008da00000, 0x000000008db00000| Complete 
| 181|0x000000008db00000, 0x000000008dc00000, 0x000000008dc00000|100%|HC|  |TAMS 0x000000008db00000, 0x000000008dc00000| Complete 
| 182|0x000000008dc00000, 0x000000008dd00000, 0x000000008dd00000|100%|HC|  |TAMS 0x000000008dc00000, 0x000000008dd00000| Complete 
| 183|0x000000008dd00000, 0x000000008de00000, 0x000000008de00000|100%|HC|  |TAMS 0x000000008dd00000, 0x000000008de00000| Complete 
| 184|0x000000008de00000, 0x000000008df00000, 0x000000008df00000|100%|HC|  |TAMS 0x000000008de00000, 0x000000008df00000| Complete 
| 185|0x000000008df00000, 0x000000008e000000, 0x000000008e000000|100%|HC|  |TAMS 0x000000008df00000, 0x000000008e000000| Complete 
| 186|0x000000008e000000, 0x000000008e100000, 0x000000008e100000|100%|HC|  |TAMS 0x000000008e000000, 0x000000008e100000| Complete 
| 187|0x000000008e100000, 0x000000008e100000, 0x000000008e200000|  0%| F|  |TAMS 0x000000008e100000, 0x000000008e100000| Untracked 
| 188|0x000000008e200000, 0x000000008e200000, 0x000000008e300000|  0%| F|  |TAMS 0x000000008e200000, 0x000000008e200000| Untracked 
| 189|0x000000008e300000, 0x000000008e300000, 0x000000008e400000|  0%| F|  |TAMS 0x000000008e300000, 0x000000008e300000| Untracked 
| 190|0x000000008e400000, 0x000000008e400000, 0x000000008e500000|  0%| F|  |TAMS 0x000000008e400000, 0x000000008e400000| Untracked 
| 191|0x000000008e500000, 0x000000008e500000, 0x000000008e600000|  0%| F|  |TAMS 0x000000008e500000, 0x000000008e500000| Untracked 
| 192|0x000000008e600000, 0x000000008e600000, 0x000000008e700000|  0%| F|  |TAMS 0x000000008e600000, 0x000000008e600000| Untracked 
| 193|0x000000008e700000, 0x000000008e700000, 0x000000008e800000|  0%| F|  |TAMS 0x000000008e700000, 0x000000008e700000| Untracked 
| 194|0x000000008e800000, 0x000000008e800000, 0x000000008e900000|  0%| F|  |TAMS 0x000000008e800000, 0x000000008e800000| Untracked 
| 195|0x000000008e900000, 0x000000008e900000, 0x000000008ea00000|  0%| F|  |TAMS 0x000000008e900000, 0x000000008e900000| Untracked 
| 196|0x000000008ea00000, 0x000000008ea00000, 0x000000008eb00000|  0%| F|  |TAMS 0x000000008ea00000, 0x000000008ea00000| Untracked 
| 197|0x000000008eb00000, 0x000000008eb00000, 0x000000008ec00000|  0%| F|  |TAMS 0x000000008eb00000, 0x000000008eb00000| Untracked 
| 198|0x000000008ec00000, 0x000000008ec00000, 0x000000008ed00000|  0%| F|  |TAMS 0x000000008ec00000, 0x000000008ec00000| Untracked 
| 199|0x000000008ed00000, 0x000000008ed00000, 0x000000008ee00000|  0%| F|  |TAMS 0x000000008ed00000, 0x000000008ed00000| Untracked 
| 200|0x000000008ee00000, 0x000000008ee00000, 0x000000008ef00000|  0%| F|  |TAMS 0x000000008ee00000, 0x000000008ee00000| Untracked 
| 201|0x000000008ef00000, 0x000000008ef00000, 0x000000008f000000|  0%| F|  |TAMS 0x000000008ef00000, 0x000000008ef00000| Untracked 
| 202|0x000000008f000000, 0x000000008f000000, 0x000000008f100000|  0%| F|  |TAMS 0x000000008f000000, 0x000000008f000000| Untracked 
| 203|0x000000008f100000, 0x000000008f100000, 0x000000008f200000|  0%| F|  |TAMS 0x000000008f100000, 0x000000008f100000| Untracked 
| 204|0x000000008f200000, 0x000000008f200000, 0x000000008f300000|  0%| F|  |TAMS 0x000000008f200000, 0x000000008f200000| Untracked 
| 205|0x000000008f300000, 0x000000008f300000, 0x000000008f400000|  0%| F|  |TAMS 0x000000008f300000, 0x000000008f300000| Untracked 
| 206|0x000000008f400000, 0x000000008f400000, 0x000000008f500000|  0%| F|  |TAMS 0x000000008f400000, 0x000000008f400000| Untracked 
| 207|0x000000008f500000, 0x000000008f500000, 0x000000008f600000|  0%| F|  |TAMS 0x000000008f500000, 0x000000008f500000| Untracked 
| 208|0x000000008f600000, 0x000000008f600000, 0x000000008f700000|  0%| F|  |TAMS 0x000000008f600000, 0x000000008f600000| Untracked 
| 209|0x000000008f700000, 0x000000008f700000, 0x000000008f800000|  0%| F|  |TAMS 0x000000008f700000, 0x000000008f700000| Untracked 
| 210|0x000000008f800000, 0x000000008f800000, 0x000000008f900000|  0%| F|  |TAMS 0x000000008f800000, 0x000000008f800000| Untracked 
| 211|0x000000008f900000, 0x000000008f900000, 0x000000008fa00000|  0%| F|  |TAMS 0x000000008f900000, 0x000000008f900000| Untracked 
| 212|0x000000008fa00000, 0x000000008fa07af0, 0x000000008fb00000|  3%| S|CS|TAMS 0x000000008fa00000, 0x000000008fa00000| Complete 
| 213|0x000000008fb00000, 0x000000008fb00000, 0x000000008fc00000|  0%| F|  |TAMS 0x000000008fb00000, 0x000000008fb00000| Untracked 
| 214|0x000000008fc00000, 0x000000008fc00000, 0x000000008fd00000|  0%| F|  |TAMS 0x000000008fc00000, 0x000000008fc00000| Untracked 
| 215|0x000000008fd00000, 0x000000008fd00000, 0x000000008fe00000|  0%| F|  |TAMS 0x000000008fd00000, 0x000000008fd00000| Untracked 
| 216|0x000000008fe00000, 0x000000008fe00000, 0x000000008ff00000|  0%| F|  |TAMS 0x000000008fe00000, 0x000000008fe00000| Untracked 
| 217|0x000000008ff00000, 0x000000008ff00000, 0x0000000090000000|  0%| F|  |TAMS 0x000000008ff00000, 0x000000008ff00000| Untracked 
| 218|0x0000000090000000, 0x0000000090000000, 0x0000000090100000|  0%| F|  |TAMS 0x0000000090000000, 0x0000000090000000| Untracked 
| 219|0x0000000090100000, 0x0000000090100000, 0x0000000090200000|  0%| F|  |TAMS 0x0000000090100000, 0x0000000090100000| Untracked 
| 220|0x0000000090200000, 0x0000000090200000, 0x0000000090300000|  0%| F|  |TAMS 0x0000000090200000, 0x0000000090200000| Untracked 
| 221|0x0000000090300000, 0x0000000090300000, 0x0000000090400000|  0%| F|  |TAMS 0x0000000090300000, 0x0000000090300000| Untracked 
| 222|0x0000000090400000, 0x0000000090400000, 0x0000000090500000|  0%| F|  |TAMS 0x0000000090400000, 0x0000000090400000| Untracked 
| 223|0x0000000090500000, 0x0000000090500000, 0x0000000090600000|  0%| F|  |TAMS 0x0000000090500000, 0x0000000090500000| Untracked 
| 224|0x0000000090600000, 0x0000000090600000, 0x0000000090700000|  0%| F|  |TAMS 0x0000000090600000, 0x0000000090600000| Untracked 
| 225|0x0000000090700000, 0x0000000090700000, 0x0000000090800000|  0%| F|  |TAMS 0x0000000090700000, 0x0000000090700000| Untracked 
| 226|0x0000000090800000, 0x0000000090800000, 0x0000000090900000|  0%| F|  |TAMS 0x0000000090800000, 0x0000000090800000| Untracked 
| 227|0x0000000090900000, 0x0000000090900000, 0x0000000090a00000|  0%| F|  |TAMS 0x0000000090900000, 0x0000000090900000| Untracked 
| 228|0x0000000090a00000, 0x0000000090a00000, 0x0000000090b00000|  0%| F|  |TAMS 0x0000000090a00000, 0x0000000090a00000| Untracked 
| 229|0x0000000090b00000, 0x0000000090b00000, 0x0000000090c00000|  0%| F|  |TAMS 0x0000000090b00000, 0x0000000090b00000| Untracked 
| 230|0x0000000090c00000, 0x0000000090c00000, 0x0000000090d00000|  0%| F|  |TAMS 0x0000000090c00000, 0x0000000090c00000| Untracked 
| 231|0x0000000090d00000, 0x0000000090d00000, 0x0000000090e00000|  0%| F|  |TAMS 0x0000000090d00000, 0x0000000090d00000| Untracked 
| 232|0x0000000090e00000, 0x0000000090e00000, 0x0000000090f00000|  0%| F|  |TAMS 0x0000000090e00000, 0x0000000090e00000| Untracked 
| 233|0x0000000090f00000, 0x0000000090f00000, 0x0000000091000000|  0%| F|  |TAMS 0x0000000090f00000, 0x0000000090f00000| Untracked 
| 234|0x0000000091000000, 0x0000000091000000, 0x0000000091100000|  0%| F|  |TAMS 0x0000000091000000, 0x0000000091000000| Untracked 
| 235|0x0000000091100000, 0x0000000091100000, 0x0000000091200000|  0%| F|  |TAMS 0x0000000091100000, 0x0000000091100000| Untracked 
| 236|0x0000000091200000, 0x0000000091200000, 0x0000000091300000|  0%| F|  |TAMS 0x0000000091200000, 0x0000000091200000| Untracked 
| 237|0x0000000091300000, 0x0000000091300000, 0x0000000091400000|  0%| F|  |TAMS 0x0000000091300000, 0x0000000091300000| Untracked 
| 238|0x0000000091400000, 0x0000000091400000, 0x0000000091500000|  0%| F|  |TAMS 0x0000000091400000, 0x0000000091400000| Untracked 
| 239|0x0000000091500000, 0x0000000091500000, 0x0000000091600000|  0%| F|  |TAMS 0x0000000091500000, 0x0000000091500000| Untracked 
| 240|0x0000000091600000, 0x0000000091600000, 0x0000000091700000|  0%| F|  |TAMS 0x0000000091600000, 0x0000000091600000| Untracked 
| 241|0x0000000091700000, 0x0000000091700000, 0x0000000091800000|  0%| F|  |TAMS 0x0000000091700000, 0x0000000091700000| Untracked 
| 242|0x0000000091800000, 0x0000000091800000, 0x0000000091900000|  0%| F|  |TAMS 0x0000000091800000, 0x0000000091800000| Untracked 
| 243|0x0000000091900000, 0x0000000091900000, 0x0000000091a00000|  0%| F|  |TAMS 0x0000000091900000, 0x0000000091900000| Untracked 
| 244|0x0000000091a00000, 0x0000000091a00000, 0x0000000091b00000|  0%| F|  |TAMS 0x0000000091a00000, 0x0000000091a00000| Untracked 
| 245|0x0000000091b00000, 0x0000000091b00000, 0x0000000091c00000|  0%| F|  |TAMS 0x0000000091b00000, 0x0000000091b00000| Untracked 
| 246|0x0000000091c00000, 0x0000000091c00000, 0x0000000091d00000|  0%| F|  |TAMS 0x0000000091c00000, 0x0000000091c00000| Untracked 
| 247|0x0000000091d00000, 0x0000000091d00000, 0x0000000091e00000|  0%| F|  |TAMS 0x0000000091d00000, 0x0000000091d00000| Untracked 
| 248|0x0000000091e00000, 0x0000000091e00000, 0x0000000091f00000|  0%| F|  |TAMS 0x0000000091e00000, 0x0000000091e00000| Untracked 
| 249|0x0000000091f00000, 0x0000000091f00000, 0x0000000092000000|  0%| F|  |TAMS 0x0000000091f00000, 0x0000000091f00000| Untracked 
| 250|0x0000000092000000, 0x0000000092000000, 0x0000000092100000|  0%| F|  |TAMS 0x0000000092000000, 0x0000000092000000| Untracked 
| 251|0x0000000092100000, 0x0000000092100000, 0x0000000092200000|  0%| F|  |TAMS 0x0000000092100000, 0x0000000092100000| Untracked 
| 252|0x0000000092200000, 0x0000000092200000, 0x0000000092300000|  0%| F|  |TAMS 0x0000000092200000, 0x0000000092200000| Untracked 
| 253|0x0000000092300000, 0x0000000092300000, 0x0000000092400000|  0%| F|  |TAMS 0x0000000092300000, 0x0000000092300000| Untracked 
| 254|0x0000000092400000, 0x0000000092400000, 0x0000000092500000|  0%| F|  |TAMS 0x0000000092400000, 0x0000000092400000| Untracked 
| 255|0x0000000092500000, 0x0000000092500000, 0x0000000092600000|  0%| F|  |TAMS 0x0000000092500000, 0x0000000092500000| Untracked 
| 256|0x0000000092600000, 0x0000000092600000, 0x0000000092700000|  0%| F|  |TAMS 0x0000000092600000, 0x0000000092600000| Untracked 
| 257|0x0000000092700000, 0x0000000092700000, 0x0000000092800000|  0%| F|  |TAMS 0x0000000092700000, 0x0000000092700000| Untracked 
| 258|0x0000000092800000, 0x0000000092800000, 0x0000000092900000|  0%| F|  |TAMS 0x0000000092800000, 0x0000000092800000| Untracked 
| 259|0x0000000092900000, 0x0000000092900000, 0x0000000092a00000|  0%| F|  |TAMS 0x0000000092900000, 0x0000000092900000| Untracked 
| 260|0x0000000092a00000, 0x0000000092a00000, 0x0000000092b00000|  0%| F|  |TAMS 0x0000000092a00000, 0x0000000092a00000| Untracked 
| 261|0x0000000092b00000, 0x0000000092b00000, 0x0000000092c00000|  0%| F|  |TAMS 0x0000000092b00000, 0x0000000092b00000| Untracked 
| 262|0x0000000092c00000, 0x0000000092c00000, 0x0000000092d00000|  0%| F|  |TAMS 0x0000000092c00000, 0x0000000092c00000| Untracked 
| 263|0x0000000092d00000, 0x0000000092d00000, 0x0000000092e00000|  0%| F|  |TAMS 0x0000000092d00000, 0x0000000092d00000| Untracked 
| 264|0x0000000092e00000, 0x0000000092e00000, 0x0000000092f00000|  0%| F|  |TAMS 0x0000000092e00000, 0x0000000092e00000| Untracked 
| 265|0x0000000092f00000, 0x0000000092f00000, 0x0000000093000000|  0%| F|  |TAMS 0x0000000092f00000, 0x0000000092f00000| Untracked 
| 266|0x0000000093000000, 0x0000000093000000, 0x0000000093100000|  0%| F|  |TAMS 0x0000000093000000, 0x0000000093000000| Untracked 
| 267|0x0000000093100000, 0x0000000093100000, 0x0000000093200000|  0%| F|  |TAMS 0x0000000093100000, 0x0000000093100000| Untracked 
| 268|0x0000000093200000, 0x0000000093200000, 0x0000000093300000|  0%| F|  |TAMS 0x0000000093200000, 0x0000000093200000| Untracked 
| 269|0x0000000093300000, 0x0000000093300000, 0x0000000093400000|  0%| F|  |TAMS 0x0000000093300000, 0x0000000093300000| Untracked 
| 270|0x0000000093400000, 0x0000000093400000, 0x0000000093500000|  0%| F|  |TAMS 0x0000000093400000, 0x0000000093400000| Untracked 
| 271|0x0000000093500000, 0x0000000093500000, 0x0000000093600000|  0%| F|  |TAMS 0x0000000093500000, 0x0000000093500000| Untracked 
| 272|0x0000000093600000, 0x0000000093600000, 0x0000000093700000|  0%| F|  |TAMS 0x0000000093600000, 0x0000000093600000| Untracked 
| 273|0x0000000093700000, 0x0000000093700000, 0x0000000093800000|  0%| F|  |TAMS 0x0000000093700000, 0x0000000093700000| Untracked 
| 274|0x0000000093800000, 0x0000000093800000, 0x0000000093900000|  0%| F|  |TAMS 0x0000000093800000, 0x0000000093800000| Untracked 
| 275|0x0000000093900000, 0x0000000093900000, 0x0000000093a00000|  0%| F|  |TAMS 0x0000000093900000, 0x0000000093900000| Untracked 
| 276|0x0000000093a00000, 0x0000000093a00000, 0x0000000093b00000|  0%| F|  |TAMS 0x0000000093a00000, 0x0000000093a00000| Untracked 
| 277|0x0000000093b00000, 0x0000000093b00000, 0x0000000093c00000|  0%| F|  |TAMS 0x0000000093b00000, 0x0000000093b00000| Untracked 
| 278|0x0000000093c00000, 0x0000000093c00000, 0x0000000093d00000|  0%| F|  |TAMS 0x0000000093c00000, 0x0000000093c00000| Untracked 
| 279|0x0000000093d00000, 0x0000000093d00000, 0x0000000093e00000|  0%| F|  |TAMS 0x0000000093d00000, 0x0000000093d00000| Untracked 
| 280|0x0000000093e00000, 0x0000000093e00000, 0x0000000093f00000|  0%| F|  |TAMS 0x0000000093e00000, 0x0000000093e00000| Untracked 
| 281|0x0000000093f00000, 0x0000000093f00000, 0x0000000094000000|  0%| F|  |TAMS 0x0000000093f00000, 0x0000000093f00000| Untracked 
| 282|0x0000000094000000, 0x0000000094000000, 0x0000000094100000|  0%| F|  |TAMS 0x0000000094000000, 0x0000000094000000| Untracked 
| 283|0x0000000094100000, 0x0000000094100000, 0x0000000094200000|  0%| F|  |TAMS 0x0000000094100000, 0x0000000094100000| Untracked 
| 284|0x0000000094200000, 0x0000000094200000, 0x0000000094300000|  0%| F|  |TAMS 0x0000000094200000, 0x0000000094200000| Untracked 
| 285|0x0000000094300000, 0x0000000094300000, 0x0000000094400000|  0%| F|  |TAMS 0x0000000094300000, 0x0000000094300000| Untracked 
| 286|0x0000000094400000, 0x0000000094400000, 0x0000000094500000|  0%| F|  |TAMS 0x0000000094400000, 0x0000000094400000| Untracked 
| 287|0x0000000094500000, 0x0000000094500000, 0x0000000094600000|  0%| F|  |TAMS 0x0000000094500000, 0x0000000094500000| Untracked 
| 288|0x0000000094600000, 0x0000000094600000, 0x0000000094700000|  0%| F|  |TAMS 0x0000000094600000, 0x0000000094600000| Untracked 
| 289|0x0000000094700000, 0x0000000094700000, 0x0000000094800000|  0%| F|  |TAMS 0x0000000094700000, 0x0000000094700000| Untracked 
| 290|0x0000000094800000, 0x0000000094800000, 0x0000000094900000|  0%| F|  |TAMS 0x0000000094800000, 0x0000000094800000| Untracked 
| 291|0x0000000094900000, 0x0000000094900000, 0x0000000094a00000|  0%| F|  |TAMS 0x0000000094900000, 0x0000000094900000| Untracked 
| 292|0x0000000094a00000, 0x0000000094a00000, 0x0000000094b00000|  0%| F|  |TAMS 0x0000000094a00000, 0x0000000094a00000| Untracked 
| 293|0x0000000094b00000, 0x0000000094b00000, 0x0000000094c00000|  0%| F|  |TAMS 0x0000000094b00000, 0x0000000094b00000| Untracked 
| 294|0x0000000094c00000, 0x0000000094c00000, 0x0000000094d00000|  0%| F|  |TAMS 0x0000000094c00000, 0x0000000094c00000| Untracked 
| 295|0x0000000094d00000, 0x0000000094d00000, 0x0000000094e00000|  0%| F|  |TAMS 0x0000000094d00000, 0x0000000094d00000| Untracked 
| 296|0x0000000094e00000, 0x0000000094e00000, 0x0000000094f00000|  0%| F|  |TAMS 0x0000000094e00000, 0x0000000094e00000| Untracked 
| 297|0x0000000094f00000, 0x0000000094f00000, 0x0000000095000000|  0%| F|  |TAMS 0x0000000094f00000, 0x0000000094f00000| Untracked 
| 298|0x0000000095000000, 0x0000000095000000, 0x0000000095100000|  0%| F|  |TAMS 0x0000000095000000, 0x0000000095000000| Untracked 
| 299|0x0000000095100000, 0x0000000095100000, 0x0000000095200000|  0%| F|  |TAMS 0x0000000095100000, 0x0000000095100000| Untracked 
| 300|0x0000000095200000, 0x0000000095200000, 0x0000000095300000|  0%| F|  |TAMS 0x0000000095200000, 0x0000000095200000| Untracked 
| 301|0x0000000095300000, 0x0000000095300000, 0x0000000095400000|  0%| F|  |TAMS 0x0000000095300000, 0x0000000095300000| Untracked 
| 302|0x0000000095400000, 0x0000000095400000, 0x0000000095500000|  0%| F|  |TAMS 0x0000000095400000, 0x0000000095400000| Untracked 
| 303|0x0000000095500000, 0x0000000095500000, 0x0000000095600000|  0%| F|  |TAMS 0x0000000095500000, 0x0000000095500000| Untracked 
| 304|0x0000000095600000, 0x0000000095600000, 0x0000000095700000|  0%| F|  |TAMS 0x0000000095600000, 0x0000000095600000| Untracked 
| 305|0x0000000095700000, 0x0000000095700000, 0x0000000095800000|  0%| F|  |TAMS 0x0000000095700000, 0x0000000095700000| Untracked 

Card table byte_map: [0x000001c955760000,0x000001c955b50000] _byte_map_base: 0x000001c95534d000

Marking Bits (Prev, Next): (CMBitMap*) 0x000001c94aa0f8f0, (CMBitMap*) 0x000001c94aa0f930
 Prev Bits: [0x000001c955f40000, 0x000001c957ea8000)
 Next Bits: [0x000001c957eb0000, 0x000001c959e18000)

Polling page: 0x000001c94a170000

Metaspace:

Usage:
  Non-class:     33.78 MB used.
      Class:      5.37 MB used.
       Both:     39.14 MB used.

Virtual space:
  Non-class space:       64.00 MB reserved,      34.06 MB ( 53%) committed,  1 nodes.
      Class space:        1.00 GB reserved,       5.56 MB ( <1%) committed,  1 nodes.
             Both:        1.06 GB reserved,      39.62 MB (  4%) committed. 

Chunk freelists:
   Non-Class:  13.73 MB
       Class:  10.38 MB
        Both:  24.11 MB

MaxMetaspaceSize: unlimited
CompressedClassSpaceSize: 1.00 GB
Initial GC threshold: 21.00 MB
Current GC threshold: 66.06 MB
CDS: on
MetaspaceReclaimPolicy: balanced
 - commit_granule_bytes: 65536.
 - commit_granule_words: 8192.
 - virtual_space_node_default_size: 8388608.
 - enlarge_chunks_in_place: 1.
 - new_chunks_are_fully_committed: 0.
 - uncommit_free_chunks: 1.
 - use_allocation_guard: 0.
 - handle_deallocations: 1.


Internal statistics:

num_allocs_failed_limit: 6.
num_arena_births: 626.
num_arena_deaths: 0.
num_vsnodes_births: 2.
num_vsnodes_deaths: 0.
num_space_committed: 634.
num_space_uncommitted: 0.
num_chunks_returned_to_freelist: 6.
num_chunks_taken_from_freelist: 2036.
num_chunk_merges: 6.
num_chunk_splits: 1394.
num_chunks_enlarged: 1046.
num_inconsistent_stats: 0.

CodeCache: size=49152Kb used=8817Kb max_used=9372Kb free=40334Kb
 bounds [0x000001c952260000, 0x000001c952b90000, 0x000001c955260000]
 total_blobs=5047 nmethods=4474 adapters=499
 compilation: enabled
              stopped_count=0, restarted_count=0
 full_count=0

Compilation events (20 events):
Event: 8.730 Thread 0x000001c95cbca450 4466       1       org.springframework.beans.factory.annotation.AutowiredAnnotationBeanPostProcessor$$Lambda$991/0x000001c9014fbbc8::doWith (13 bytes)
Event: 8.730 Thread 0x000001c95c6ded40 nmethod 4464 0x000001c952b83310 code [0x000001c952b834e0, 0x000001c952b838b8]
Event: 8.731 Thread 0x000001c95cbca450 nmethod 4466 0x000001c952b83a90 code [0x000001c952b83c20, 0x000001c952b83d08]
Event: 8.731 Thread 0x000001c95c6ded40 4467   !   1       org.springframework.beans.factory.annotation.AutowiredAnnotationBeanPostProcessor::lambda$checkLookupMethods$0 (92 bytes)
Event: 8.731 Thread 0x000001c95cbca450 4465       1       org.springframework.core.annotation.AnnotationUtils::isCandidateClass (22 bytes)
Event: 8.731 Thread 0x000001c95cbc7bf0 nmethod 4463 0x000001c952b83e10 code [0x000001c952b84020, 0x000001c952b845d8]
Event: 8.731 Thread 0x000001c95cbca450 nmethod 4465 0x000001c952b84a10 code [0x000001c952b84be0, 0x000001c952b84de8]
Event: 8.731 Thread 0x000001c95cbca450 4468       1       org.springframework.beans.PropertyValue::getValue (5 bytes)
Event: 8.731 Thread 0x000001c95cbca450 nmethod 4468 0x000001c952b84f90 code [0x000001c952b85120, 0x000001c952b851f8]
Event: 8.731 Thread 0x000001c95c6ded40 nmethod 4467 0x000001c952b85290 code [0x000001c952b854e0, 0x000001c952b85bb8]
Event: 8.767 Thread 0x000001c95c6ded40 4469       1       java.io.FilterInputStream::read (9 bytes)
Event: 8.768 Thread 0x000001c95c6ded40 nmethod 4469 0x000001c952b86390 code [0x000001c952b86520, 0x000001c952b86628]
Event: 8.770 Thread 0x000001c95c6ded40 4470       1       java.io.FileDescriptor$1::getAppend (5 bytes)
Event: 8.770 Thread 0x000001c95c6ded40 nmethod 4470 0x000001c952b86710 code [0x000001c952b868a0, 0x000001c952b86978]
Event: 8.774 Thread 0x000001c95c6ded40 4471       1       java.io.FileOutputStream::write (20 bytes)
Event: 8.774 Thread 0x000001c95c6ded40 nmethod 4471 0x000001c952b86e10 code [0x000001c952b86fa0, 0x000001c952b87088]
Event: 9.680 Thread 0x000001c95cbc7bf0 4473 % !   1       dev.langchain4j.model.embedding.onnx.OnnxBertBiEncoder::loadModel @ 32 (139 bytes)
Event: 9.680 Thread 0x000001c95cbc7bf0 nmethod 4473% 0x000001c95248ee90 code [0x000001c95248f100, 0x000001c95248fb48]
Event: 9.688 Thread 0x000001c95cbc7bf0 4474   !   1       dev.langchain4j.model.embedding.onnx.OnnxBertBiEncoder::loadModel (139 bytes)
Event: 9.688 Thread 0x000001c95cbc7bf0 nmethod 4474 0x000001c95248df90 code [0x000001c95248e1c0, 0x000001c95248e928]

GC Heap History (20 events):
Event: 6.059 GC heap before
{Heap before GC invocations=5 (full 0):
 garbage-first heap   total 75776K, used 59093K [0x0000000082600000, 0x0000000100000000)
  region size 1024K, 46 young (47104K), 8 survivors (8192K)
 Metaspace       used 30628K, committed 30976K, reserved 1114112K
  class space    used 4130K, committed 4288K, reserved 1048576K
}
Event: 6.073 GC heap after
{Heap after GC invocations=6 (full 0):
 garbage-first heap   total 75776K, used 24255K [0x0000000082600000, 0x0000000100000000)
  region size 1024K, 8 young (8192K), 8 survivors (8192K)
 Metaspace       used 30628K, committed 30976K, reserved 1114112K
  class space    used 4130K, committed 4288K, reserved 1048576K
}
Event: 6.906 GC heap before
{Heap before GC invocations=6 (full 0):
 garbage-first heap   total 75776K, used 49855K [0x0000000082600000, 0x0000000100000000)
  region size 1024K, 34 young (34816K), 8 survivors (8192K)
 Metaspace       used 32478K, committed 32768K, reserved 1114112K
  class space    used 4404K, committed 4544K, reserved 1048576K
}
Event: 6.918 GC heap after
{Heap after GC invocations=7 (full 0):
 garbage-first heap   total 75776K, used 26053K [0x0000000082600000, 0x0000000100000000)
  region size 1024K, 3 young (3072K), 3 survivors (3072K)
 Metaspace       used 32478K, committed 32768K, reserved 1114112K
  class space    used 4404K, committed 4544K, reserved 1048576K
}
Event: 7.596 GC heap before
{Heap before GC invocations=7 (full 0):
 garbage-first heap   total 75776K, used 53701K [0x0000000082600000, 0x0000000100000000)
  region size 1024K, 30 young (30720K), 3 survivors (3072K)
 Metaspace       used 35366K, committed 35840K, reserved 1114112K
  class space    used 4836K, committed 5056K, reserved 1048576K
}
Event: 7.606 GC heap after
{Heap after GC invocations=8 (full 0):
 garbage-first heap   total 75776K, used 27555K [0x0000000082600000, 0x0000000100000000)
  region size 1024K, 4 young (4096K), 4 survivors (4096K)
 Metaspace       used 35366K, committed 35840K, reserved 1114112K
  class space    used 4836K, committed 5056K, reserved 1048576K
}
Event: 7.656 GC heap before
{Heap before GC invocations=8 (full 0):
 garbage-first heap   total 75776K, used 28579K [0x0000000082600000, 0x0000000100000000)
  region size 1024K, 6 young (6144K), 4 survivors (4096K)
 Metaspace       used 35660K, committed 36096K, reserved 1114112K
  class space    used 4880K, committed 5120K, reserved 1048576K
}
Event: 7.663 GC heap after
{Heap after GC invocations=9 (full 0):
 garbage-first heap   total 75776K, used 27549K [0x0000000082600000, 0x0000000100000000)
  region size 1024K, 2 young (2048K), 2 survivors (2048K)
 Metaspace       used 35660K, committed 36096K, reserved 1114112K
  class space    used 4880K, committed 5120K, reserved 1048576K
}
Event: 9.036 GC heap before
{Heap before GC invocations=10 (full 0):
 garbage-first heap   total 75776K, used 62365K [0x0000000082600000, 0x0000000100000000)
  region size 1024K, 30 young (30720K), 2 survivors (2048K)
 Metaspace       used 40082K, committed 40576K, reserved 1114112K
  class space    used 5494K, committed 5696K, reserved 1048576K
}
Event: 9.041 GC heap after
{Heap after GC invocations=11 (full 0):
 garbage-first heap   total 91136K, used 32891K [0x0000000082600000, 0x0000000100000000)
  region size 1024K, 4 young (4096K), 4 survivors (4096K)
 Metaspace       used 40082K, committed 40576K, reserved 1114112K
  class space    used 5494K, committed 5696K, reserved 1048576K
}
Event: 9.066 GC heap before
{Heap before GC invocations=11 (full 0):
 garbage-first heap   total 91136K, used 38011K [0x0000000082600000, 0x0000000100000000)
  region size 1024K, 4 young (4096K), 4 survivors (4096K)
 Metaspace       used 40082K, committed 40576K, reserved 1114112K
  class space    used 5494K, committed 5696K, reserved 1048576K
}
Event: 9.070 GC heap after
{Heap after GC invocations=12 (full 0):
 garbage-first heap   total 91136K, used 35162K [0x0000000082600000, 0x0000000100000000)
  region size 1024K, 3 young (3072K), 3 survivors (3072K)
 Metaspace       used 40082K, committed 40576K, reserved 1114112K
  class space    used 5494K, committed 5696K, reserved 1048576K
}
Event: 9.107 GC heap before
{Heap before GC invocations=12 (full 0):
 garbage-first heap   total 91136K, used 44378K [0x0000000082600000, 0x0000000100000000)
  region size 1024K, 3 young (3072K), 3 survivors (3072K)
 Metaspace       used 40082K, committed 40576K, reserved 1114112K
  class space    used 5494K, committed 5696K, reserved 1048576K
}
Event: 9.110 GC heap after
{Heap after GC invocations=13 (full 0):
 garbage-first heap   total 91136K, used 39312K [0x0000000082600000, 0x0000000100000000)
  region size 1024K, 3 young (3072K), 3 survivors (3072K)
 Metaspace       used 40082K, committed 40576K, reserved 1114112K
  class space    used 5494K, committed 5696K, reserved 1048576K
}
Event: 9.182 GC heap before
{Heap before GC invocations=13 (full 0):
 garbage-first heap   total 91136K, used 56720K [0x0000000082600000, 0x0000000100000000)
  region size 1024K, 3 young (3072K), 3 survivors (3072K)
 Metaspace       used 40082K, committed 40576K, reserved 1114112K
  class space    used 5494K, committed 5696K, reserved 1048576K
}
Event: 9.185 GC heap after
{Heap after GC invocations=14 (full 0):
 garbage-first heap   total 91136K, used 47513K [0x0000000082600000, 0x0000000100000000)
  region size 1024K, 3 young (3072K), 3 survivors (3072K)
 Metaspace       used 40082K, committed 40576K, reserved 1114112K
  class space    used 5494K, committed 5696K, reserved 1048576K
}
Event: 9.374 GC heap before
{Heap before GC invocations=15 (full 0):
 garbage-first heap   total 137216K, used 81305K [0x0000000082600000, 0x0000000100000000)
  region size 1024K, 3 young (3072K), 3 survivors (3072K)
 Metaspace       used 40082K, committed 40576K, reserved 1114112K
  class space    used 5494K, committed 5696K, reserved 1048576K
}
Event: 9.377 GC heap after
{Heap after GC invocations=16 (full 0):
 garbage-first heap   total 137216K, used 63653K [0x0000000082600000, 0x0000000100000000)
  region size 1024K, 0 young (0K), 0 survivors (0K)
 Metaspace       used 40082K, committed 40576K, reserved 1114112K
  class space    used 5494K, committed 5696K, reserved 1048576K
}
Event: 9.743 GC heap before
{Heap before GC invocations=17 (full 0):
 garbage-first heap   total 219136K, used 130213K [0x0000000082600000, 0x0000000100000000)
  region size 1024K, 1 young (1024K), 0 survivors (0K)
 Metaspace       used 40082K, committed 40576K, reserved 1114112K
  class space    used 5494K, committed 5696K, reserved 1048576K
}
Event: 9.744 GC heap after
{Heap after GC invocations=18 (full 0):
 garbage-first heap   total 219136K, used 96451K [0x0000000082600000, 0x0000000100000000)
  region size 1024K, 1 young (1024K), 1 survivors (1024K)
 Metaspace       used 40082K, committed 40576K, reserved 1114112K
  class space    used 5494K, committed 5696K, reserved 1048576K
}

Deoptimization events (8 events):
Event: 3.800 Thread 0x000001c94a9ab200 DEOPT PACKING pc=0x000001c9526be41c sp=0x00000051056fad20
Event: 3.800 Thread 0x000001c94a9ab200 DEOPT UNPACKING pc=0x000001c9522b2b43 sp=0x00000051056fa1e8 mode 0
Event: 4.075 Thread 0x000001c94a9ab200 DEOPT PACKING pc=0x000001c952779e1a sp=0x00000051056fdff0
Event: 4.075 Thread 0x000001c94a9ab200 DEOPT UNPACKING pc=0x000001c9522b2b43 sp=0x00000051056fd4f8 mode 3
Event: 8.582 Thread 0x000001c96258d030 DEOPT PACKING pc=0x000001c95285f62f sp=0x00000051077ff340
Event: 8.582 Thread 0x000001c94a9ab200 DEOPT PACKING pc=0x000001c952883219 sp=0x00000051056fec00
Event: 8.582 Thread 0x000001c96258d030 DEOPT UNPACKING pc=0x000001c9522b2b43 sp=0x00000051077fe7a8 mode 3
Event: 8.582 Thread 0x000001c94a9ab200 DEOPT UNPACKING pc=0x000001c9522b2b43 sp=0x00000051056fe0a0 mode 3

Classes unloaded (0 events):
No events

Classes redefined (0 events):
No events

Internal exceptions (20 events):
Event: 7.362 Thread 0x000001c94a9ab200 Exception <a 'java/lang/NoSuchMethodError'{0x0000000085de4fc8}: 'int java.lang.invoke.DirectMethodHandle$Holder.invokeSpecial(java.lang.Object, java.lang.Object, int)'> (0x0000000085de4fc8) 
thrown [s\open\src\hotspot\share\interpreter\linkResolver.cpp, line 759]
Event: 7.362 Thread 0x000001c94a9ab200 Exception <a 'java/lang/NoSuchMethodError'{0x0000000085decbd0}: 'int java.lang.invoke.Invokers$Holder.linkToTargetMethod(java.lang.Object, java.lang.Object)'> (0x0000000085decbd0) 
thrown [s\open\src\hotspot\share\interpreter\linkResolver.cpp, line 759]
Event: 7.391 Thread 0x000001c94a9ab200 Exception <a 'java/lang/NoSuchMethodError'{0x0000000085cacb90}: 'java.lang.Object java.lang.invoke.DirectMethodHandle$Holder.invokeSpecial(java.lang.Object, java.lang.Object, java.lang.Object, java.lang.Object, java.lang.Object, java.lang.Object, java.lang.Object, java.lang.Object, java.lang.Object, java.lang.Object)'> (0x0000000085cacb90) 
thrown [s\open\src\hotspot\share\interpreter\linkResolver.cpp, line 759]
Event: 7.391 Thread 0x000001c94a9ab200 Exception <a 'java/lang/NoSuchMethodError'{0x0000000085cb1420}: 'java.lang.Object java.lang.invoke.Invokers$Holder.invoke_MT(java.lang.Object, java.lang.Object, java.lang.Object, java.lang.Object, java.lang.Object, java.lang.Object, java.lang.Object, java.lang.Object, java.lang.Object, java.lang.Object)'> (0x0000000085cb1420) 
thrown [s\open\src\hotspot\share\interpreter\linkResolver.cpp, line 759]
Event: 7.399 Thread 0x000001c94a9ab200 Exception <a 'java/lang/NoSuchMethodError'{0x0000000085cf5648}: 'java.lang.Object java.lang.invoke.DirectMethodHandle$Holder.invokeSpecial(java.lang.Object, java.lang.Object, int, java.lang.Object, java.lang.Object)'> (0x0000000085cf5648) 
thrown [s\open\src\hotspot\share\interpreter\linkResolver.cpp, line 759]
Event: 7.399 Thread 0x000001c94a9ab200 Exception <a 'java/lang/NoSuchMethodError'{0x0000000085cf92f0}: 'java.lang.Object java.lang.invoke.DelegatingMethodHandle$Holder.delegate(java.lang.Object, int, java.lang.Object, java.lang.Object)'> (0x0000000085cf92f0) 
thrown [s\open\src\hotspot\share\interpreter\linkResolver.cpp, line 759]
Event: 7.402 Thread 0x000001c94a9ab200 Exception <a 'java/lang/NoSuchMethodError'{0x0000000085b0a540}: 'int java.lang.invoke.Invokers$Holder.linkToTargetMethod(java.lang.Object, java.lang.Object, java.lang.Object)'> (0x0000000085b0a540) 
thrown [s\open\src\hotspot\share\interpreter\linkResolver.cpp, line 759]
Event: 7.486 Thread 0x000001c94a9ab200 Exception <a 'sun/nio/fs/WindowsException'{0x00000000859f2258}> (0x00000000859f2258) 
thrown [s\open\src\hotspot\share\prims\jni.cpp, line 516]
Event: 7.595 Thread 0x000001c94a9ab200 Exception <a 'java/lang/NoClassDefFoundError'{0x00000000852efbc8}: org/flywaydb/core/Flyway> (0x00000000852efbc8) 
thrown [s\open\src\hotspot\share\classfile\systemDictionary.cpp, line 245]
Event: 7.595 Thread 0x000001c94a9ab200 Exception <a 'java/lang/NoClassDefFoundError'{0x00000000852f3310}: liquibase/integration/spring/SpringLiquibase> (0x00000000852f3310) 
thrown [s\open\src\hotspot\share\classfile\systemDictionary.cpp, line 245]
Event: 7.709 Thread 0x000001c94a9ab200 Exception <a 'java/lang/NoSuchMethodError'{0x0000000087ebe220}: 'void java.lang.invoke.DirectMethodHandle$Holder.invokeSpecial(java.lang.Object, java.lang.Object, java.lang.Object, java.lang.Object, java.lang.Object, java.lang.Object)'> (0x0000000087ebe220) 
thrown [s\open\src\hotspot\share\interpreter\linkResolver.cpp, line 759]
Event: 7.920 Thread 0x000001c94a9ab200 Exception <a 'java/lang/NoSuchMethodError'{0x00000000877d9928}: 'void java.lang.invoke.DirectMethodHandle$Holder.invokeInterface(java.lang.Object, java.lang.Object, int)'> (0x00000000877d9928) 
thrown [s\open\src\hotspot\share\interpreter\linkResolver.cpp, line 759]
Event: 7.924 Thread 0x000001c94a9ab200 Exception <a 'java/lang/IncompatibleClassChangeError'{0x00000000866299a0}: Found class java.lang.Object, but interface was expected> (0x00000000866299a0) 
thrown [s\open\src\hotspot\share\interpreter\linkResolver.cpp, line 826]
Event: 7.925 Thread 0x000001c94a9ab200 Exception <a 'java/lang/NoSuchMethodError'{0x000000008663a560}: 'int java.lang.invoke.DirectMethodHandle$Holder.invokeSpecialIFC(java.lang.Object, java.lang.Object, java.lang.Object)'> (0x000000008663a560) 
thrown [s\open\src\hotspot\share\interpreter\linkResolver.cpp, line 759]
Event: 7.926 Thread 0x000001c94a9ab200 Exception <a 'java/lang/NoSuchMethodError'{0x0000000086652e18}: 'void java.lang.invoke.DirectMethodHandle$Holder.invokeStatic(java.lang.Object, int, java.lang.Object)'> (0x0000000086652e18) 
thrown [s\open\src\hotspot\share\interpreter\linkResolver.cpp, line 759]
Event: 7.937 Thread 0x000001c94a9ab200 Exception <a 'java/lang/NoSuchMethodError'{0x00000000866904b0}: 'void java.lang.invoke.DirectMethodHandle$Holder.invokeVirtual(java.lang.Object, java.lang.Object, int)'> (0x00000000866904b0) 
thrown [s\open\src\hotspot\share\interpreter\linkResolver.cpp, line 759]
Event: 7.937 Thread 0x000001c94a9ab200 Exception <a 'java/lang/NoSuchMethodError'{0x0000000086696710}: 'void java.lang.invoke.DirectMethodHandle$Holder.invokeStatic(java.lang.Object, java.lang.Object, java.lang.Object, int, java.lang.Object)'> (0x0000000086696710) 
thrown [s\open\src\hotspot\share\interpreter\linkResolver.cpp, line 759]
Event: 8.464 Thread 0x000001c94a9ab200 Exception <a 'java/io/FileNotFoundException'{0x0000000085c72fd8}> (0x0000000085c72fd8) 
thrown [s\open\src\hotspot\share\prims\jni.cpp, line 516]
Event: 8.508 Thread 0x000001c94a9ab200 Exception <a 'java/lang/NoSuchMethodError'{0x000000008596d650}: 'int java.lang.invoke.DirectMethodHandle$Holder.invokeInterface(java.lang.Object, java.lang.Object, java.lang.Object, java.lang.Object)'> (0x000000008596d650) 
thrown [s\open\src\hotspot\share\interpreter\linkResolver.cpp, line 759]
Event: 8.553 Thread 0x000001c94a9ab200 Exception <a 'java/lang/NoSuchMethodError'{0x0000000085739978}: 'long java.lang.invoke.DirectMethodHandle$Holder.invokeVirtual(java.lang.Object, java.lang.Object)'> (0x0000000085739978) 
thrown [s\open\src\hotspot\share\interpreter\linkResolver.cpp, line 759]

VM Operations (20 events):
Event: 9.036 Executing VM operation: G1TryInitiateConcMark
Event: 9.041 Executing VM operation: G1TryInitiateConcMark done
Event: 9.066 Executing VM operation: G1TryInitiateConcMark
Event: 9.071 Executing VM operation: G1TryInitiateConcMark done
Event: 9.106 Executing VM operation: G1TryInitiateConcMark
Event: 9.110 Executing VM operation: G1TryInitiateConcMark done
Event: 9.182 Executing VM operation: G1TryInitiateConcMark
Event: 9.185 Executing VM operation: G1TryInitiateConcMark done
Event: 9.206 Executing VM operation: G1Concurrent
Event: 9.208 Executing VM operation: G1Concurrent done
Event: 9.218 Executing VM operation: G1Concurrent
Event: 9.218 Executing VM operation: G1Concurrent done
Event: 9.374 Executing VM operation: G1TryInitiateConcMark
Event: 9.377 Executing VM operation: G1TryInitiateConcMark done
Event: 9.405 Executing VM operation: G1Concurrent
Event: 9.424 Executing VM operation: G1Concurrent done
Event: 9.438 Executing VM operation: G1Concurrent
Event: 9.439 Executing VM operation: G1Concurrent done
Event: 9.743 Executing VM operation: G1TryInitiateConcMark
Event: 9.744 Executing VM operation: G1TryInitiateConcMark done

Events (20 events):
Event: 8.581 loading class java/util/concurrent/TimeUnit$1
Event: 8.581 loading class java/util/concurrent/TimeUnit$1 done
Event: 8.581 Thread 0x000001c96258d030 Thread added: 0x000001c96258d030
Event: 8.581 loading class java/util/concurrent/locks/AbstractQueuedSynchronizer$ConditionNode
Event: 8.581 loading class java/util/concurrent/locks/AbstractQueuedSynchronizer$Node
Event: 8.582 loading class java/util/concurrent/locks/AbstractQueuedSynchronizer$Node done
Event: 8.582 loading class java/util/concurrent/locks/AbstractQueuedSynchronizer$ConditionNode done
Event: 8.582 loading class java/util/concurrent/locks/AbstractQueuedSynchronizer$ExclusiveNode
Event: 8.582 loading class java/util/concurrent/locks/AbstractQueuedSynchronizer$ExclusiveNode done
Event: 8.595 Thread 0x000001c96258ead0 Thread added: 0x000001c96258ead0
Event: 8.605 loading class jdk/internal/reflect/UnsafeIntegerFieldAccessorImpl
Event: 8.605 loading class jdk/internal/reflect/UnsafeIntegerFieldAccessorImpl done
Event: 8.696 Thread 0x000001c961eca270 Thread added: 0x000001c961eca270
Event: 8.730 loading class java/util/LinkedList$LLSpliterator
Event: 8.730 loading class java/util/LinkedList$LLSpliterator done
Event: 8.902 loading class java/io/FileOutputStream$1
Event: 8.902 loading class java/io/FileOutputStream$1 done
Event: 8.968 Loaded shared library C:\Users\PC\AppData\Local\Temp\onnxruntime-java10052804571849377296\onnxruntime.dll
Event: 8.975 Loaded shared library C:\Users\PC\AppData\Local\Temp\onnxruntime-java10052804571849377296\onnxruntime4j_jni.dll
Event: 9.680 Thread 0x000001c95cbca450 Thread exited: 0x000001c95cbca450


Dynamic libraries:
0x00007ff7d63f0000 - 0x00007ff7d6400000 	C:\Program Files\Java\jdk-17\bin\java.exe
0x00007ffaeb970000 - 0x00007ffaebb69000 	C:\Windows\SYSTEM32\ntdll.dll
0x00007ffaeb110000 - 0x00007ffaeb1d2000 	C:\Windows\System32\KERNEL32.DLL
0x00007ffae9010000 - 0x00007ffae9307000 	C:\Windows\System32\KERNELBASE.dll
0x00007ffae93b0000 - 0x00007ffae94b0000 	C:\Windows\System32\ucrtbase.dll
0x00007ffade560000 - 0x00007ffade579000 	C:\Program Files\Java\jdk-17\bin\jli.dll
0x00007ffade540000 - 0x00007ffade55b000 	C:\Program Files\Java\jdk-17\bin\VCRUNTIME140.dll
0x00007ffaeb400000 - 0x00007ffaeb4b2000 	C:\Windows\System32\ADVAPI32.dll
0x00007ffaeb060000 - 0x00007ffaeb0fe000 	C:\Windows\System32\msvcrt.dll
0x00007ffaeb820000 - 0x00007ffaeb8c0000 	C:\Windows\System32\sechost.dll
0x00007ffae9fa0000 - 0x00007ffaea0c6000 	C:\Windows\System32\RPCRT4.dll
0x00007ffae96d0000 - 0x00007ffae96f7000 	C:\Windows\System32\bcrypt.dll
0x00007ffaeab00000 - 0x00007ffaeac9d000 	C:\Windows\System32\USER32.dll
0x00007ffae8fe0000 - 0x00007ffae9002000 	C:\Windows\System32\win32u.dll
0x00007ffad0660000 - 0x00007ffad08fb000 	C:\Windows\WinSxS\amd64_microsoft.windows.common-controls_6595b64144ccf1df_6.0.19041.7663_none_60b9ed0b71f50c93\COMCTL32.dll
0x00007ffaeb3d0000 - 0x00007ffaeb3fb000 	C:\Windows\System32\GDI32.dll
0x00007ffae95b0000 - 0x00007ffae96ca000 	C:\Windows\System32\gdi32full.dll
0x00007ffae9310000 - 0x00007ffae93ad000 	C:\Windows\System32\msvcp_win.dll
0x00007ffae17d0000 - 0x00007ffae17da000 	C:\Windows\SYSTEM32\VERSION.dll
0x00007ffae9b00000 - 0x00007ffae9b2f000 	C:\Windows\System32\IMM32.DLL
0x00007ffade530000 - 0x00007ffade53c000 	C:\Program Files\Java\jdk-17\bin\vcruntime140_1.dll
0x00007ffa9ea80000 - 0x00007ffa9eb0e000 	C:\Program Files\Java\jdk-17\bin\msvcp140.dll
0x00007ffa4e4a0000 - 0x00007ffa4f080000 	C:\Program Files\Java\jdk-17\bin\server\jvm.dll
0x00007ffaeb8c0000 - 0x00007ffaeb8c8000 	C:\Windows\System32\PSAPI.DLL
0x00007ffad0480000 - 0x00007ffad0489000 	C:\Windows\SYSTEM32\WSOCK32.dll
0x00007ffad11f0000 - 0x00007ffad1217000 	C:\Windows\SYSTEM32\WINMM.dll
0x00007ffaeb5f0000 - 0x00007ffaeb65b000 	C:\Windows\System32\WS2_32.dll
0x00007ffae6e40000 - 0x00007ffae6e52000 	C:\Windows\SYSTEM32\kernel.appcore.dll
0x00007ffade520000 - 0x00007ffade52a000 	C:\Program Files\Java\jdk-17\bin\jimage.dll
0x00007ffae3310000 - 0x00007ffae3511000 	C:\Windows\SYSTEM32\DBGHELP.DLL
0x00007ffad2110000 - 0x00007ffad2144000 	C:\Windows\SYSTEM32\dbgcore.DLL
0x00007ffae98e0000 - 0x00007ffae9962000 	C:\Windows\System32\bcryptPrimitives.dll
0x00007ffab8480000 - 0x00007ffab84a5000 	C:\Program Files\Java\jdk-17\bin\java.dll
0x00007ffa9e9a0000 - 0x00007ffa9ea77000 	C:\Program Files\Java\jdk-17\bin\jsvml.dll
0x00007ffaea200000 - 0x00007ffaea971000 	C:\Windows\System32\SHELL32.dll
0x00007ffae7050000 - 0x00007ffae77fc000 	C:\Windows\SYSTEM32\windows.storage.dll
0x00007ffaeaca0000 - 0x00007ffaeaff3000 	C:\Windows\System32\combase.dll
0x00007ffae8a00000 - 0x00007ffae8a2b000 	C:\Windows\SYSTEM32\Wldp.dll
0x00007ffae9970000 - 0x00007ffae9a46000 	C:\Windows\System32\OLEAUT32.dll
0x00007ffae9a50000 - 0x00007ffae9afd000 	C:\Windows\System32\SHCORE.dll
0x00007ffaeb8d0000 - 0x00007ffaeb92b000 	C:\Windows\System32\shlwapi.dll
0x00007ffae8f00000 - 0x00007ffae8f25000 	C:\Windows\SYSTEM32\profapi.dll
0x00007ffade500000 - 0x00007ffade519000 	C:\Program Files\Java\jdk-17\bin\net.dll
0x00007ffadcff0000 - 0x00007ffadd0fd000 	C:\Windows\SYSTEM32\WINHTTP.dll
0x00007ffae8730000 - 0x00007ffae879a000 	C:\Windows\system32\mswsock.dll
0x00007ffaa1ea0000 - 0x00007ffaa1eb6000 	C:\Program Files\Java\jdk-17\bin\nio.dll
0x00007ffaa1e80000 - 0x00007ffaa1e98000 	C:\Program Files\Java\jdk-17\bin\zip.dll
0x00007ffae83c0000 - 0x00007ffae83fb000 	C:\Windows\SYSTEM32\IPHLPAPI.DLL
0x00007ffaeb810000 - 0x00007ffaeb818000 	C:\Windows\System32\NSI.dll
0x00007ffadd600000 - 0x00007ffadd617000 	C:\Windows\SYSTEM32\dhcpcsvc6.DLL
0x00007ffaddb60000 - 0x00007ffaddb7e000 	C:\Windows\SYSTEM32\dhcpcsvc.DLL
0x00007ffae8400000 - 0x00007ffae84cc000 	C:\Windows\SYSTEM32\DNSAPI.dll
0x00007ffade790000 - 0x00007ffade79a000 	C:\Windows\System32\rasadhlp.dll
0x00007ffad3d20000 - 0x00007ffad3da0000 	C:\Windows\System32\fwpuclnt.dll
0x00007ffac4260000 - 0x00007ffac426e000 	C:\Program Files\Java\jdk-17\bin\sunmscapi.dll
0x00007ffae9780000 - 0x00007ffae98dd000 	C:\Windows\System32\CRYPT32.dll
0x00007ffae8a70000 - 0x00007ffae8a97000 	C:\Windows\SYSTEM32\ncrypt.dll
0x00007ffae8a30000 - 0x00007ffae8a6b000 	C:\Windows\SYSTEM32\NTASN1.dll
0x00007ffae8960000 - 0x00007ffae8978000 	C:\Windows\SYSTEM32\CRYPTSP.dll
0x00007ffae7fe0000 - 0x00007ffae8018000 	C:\Windows\system32\rsaenh.dll
0x00007ffae8e80000 - 0x00007ffae8eae000 	C:\Windows\SYSTEM32\USERENV.dll
0x00007ffae8950000 - 0x00007ffae895c000 	C:\Windows\SYSTEM32\CRYPTBASE.dll
0x00007ffac7730000 - 0x00007ffac7740000 	C:\Program Files\Java\jdk-17\bin\verify.dll
0x00007ffac4230000 - 0x00007ffac423a000 	C:\Program Files\Java\jdk-17\bin\management.dll
0x00007ffac3bb0000 - 0x00007ffac3bbb000 	C:\Program Files\Java\jdk-17\bin\management_ext.dll
0x00007ffa3dc10000 - 0x00007ffa3e71f000 	C:\Users\PC\AppData\Local\Temp\onnxruntime-java10052804571849377296\onnxruntime.dll
0x00007ffade5a0000 - 0x00007ffade5a9000 	C:\Windows\SYSTEM32\MSVCP140_1.dll
0x00007ffac9090000 - 0x00007ffac90a7000 	C:\Users\PC\AppData\Local\Temp\onnxruntime-java10052804571849377296\onnxruntime4j_jni.dll

dbghelp: loaded successfully - version: 4.0.5 - missing functions: none
symbol engine: initialized successfully - sym options: 0x614 - pdb path: .;C:\Program Files\Java\jdk-17\bin;C:\Windows\SYSTEM32;C:\Windows\WinSxS\amd64_microsoft.windows.common-controls_6595b64144ccf1df_6.0.19041.7663_none_60b9ed0b71f50c93;C:\Program Files\Java\jdk-17\bin\server;C:\Users\PC\AppData\Local\Temp\onnxruntime-java10052804571849377296

VM Arguments:
jvm_args: -XX:TieredStopAtLevel=1 
java_command: com.ai_service.AiServiceApplication
java_class_path (initial): D:\Hospital Management Service\HMS-Backend\AI-Service\target\classes;D:\maven-repository\org\springframework\boot\spring-boot\3.4.2\spring-boot-3.4.2.jar;D:\maven-repository\org\springframework\boot\spring-boot-autoconfigure\3.4.2\spring-boot-autoconfigure-3.4.2.jar;D:\maven-repository\ch\qos\logback\logback-classic\1.5.16\logback-classic-1.5.16.jar;D:\maven-repository\ch\qos\logback\logback-core\1.5.16\logback-core-1.5.16.jar;D:\maven-repository\org\apache\logging\log4j\log4j-to-slf4j\2.24.3\log4j-to-slf4j-2.24.3.jar;D:\maven-repository\org\apache\logging\log4j\log4j-api\2.24.3\log4j-api-2.24.3.jar;D:\maven-repository\org\slf4j\jul-to-slf4j\2.0.16\jul-to-slf4j-2.0.16.jar;D:\maven-repository\jakarta\annotation\jakarta.annotation-api\2.1.1\jakarta.annotation-api-2.1.1.jar;D:\maven-repository\org\yaml\snakeyaml\2.3\snakeyaml-2.3.jar;D:\maven-repository\com\fasterxml\jackson\module\jackson-module-parameter-names\2.18.2\jackson-module-parameter-names-2.18.2.jar;D:\maven-repository\org\apache\tomcat\embed\tomcat-embed-core\10.1.34\tomcat-embed-core-10.1.34.jar;D:\maven-repository\org\apache\tomcat\embed\tomcat-embed-el\10.1.34\tomcat-embed-el-10.1.34.jar;D:\maven-repository\org\apache\tomcat\embed\tomcat-embed-websocket\10.1.34\tomcat-embed-websocket-10.1.34.jar;D:\maven-repository\org\springframework\spring-web\6.2.2\spring-web-6.2.2.jar;D:\maven-repository\org\springframework\spring-beans\6.2.2\spring-beans-6.2.2.jar;D:\maven-repository\io\micrometer\micrometer-observation\1.14.3\micrometer-observation-1.14.3.jar;D:\maven-repository\io\micrometer\micrometer-commons\1.14.3\micrometer-commons-1.14.3.jar;D:\maven-repository\org\springframework\spring-webmvc\6.2.2\spring-webmvc-6.2.2.jar;D:\maven-repository\org\springframework\spring-aop\6.2.2\spring-aop-6.2.2.jar;D:\maven-repository\org\springframework\spring-context\6.2.2\spring-context-6.2.2.jar;D:\maven-repository\org\springframework\spring-expression\6.2.2\spring-expression-6.2.2.jar;D:\ma
Launcher Type: SUN_STANDARD

[Global flags]
     intx CICompilerCount                          = 4                                         {product} {ergonomic}
     uint ConcGCThreads                            = 2                                         {product} {ergonomic}
     uint G1ConcRefinementThreads                  = 8                                         {product} {ergonomic}
   size_t G1HeapRegionSize                         = 1048576                                   {product} {ergonomic}
    uintx GCDrainStackTargetSize                   = 64                                        {product} {ergonomic}
   size_t InitialHeapSize                          = 132120576                                 {product} {ergonomic}
   size_t MarkStackSize                            = 4194304                                   {product} {ergonomic}
   size_t MaxHeapSize                              = 2107637760                                {product} {ergonomic}
   size_t MaxNewSize                               = 1264582656                                {product} {ergonomic}
   size_t MinHeapDeltaBytes                        = 1048576                                   {product} {ergonomic}
   size_t MinHeapSize                              = 8388608                                   {product} {ergonomic}
    uintx NonProfiledCodeHeapSize                  = 0                                      {pd product} {ergonomic}
     bool ProfileInterpreter                       = false                                  {pd product} {command line}
    uintx ProfiledCodeHeapSize                     = 0                                      {pd product} {ergonomic}
   size_t SoftMaxHeapSize                          = 2107637760                             {manageable} {ergonomic}
     intx TieredStopAtLevel                        = 1                                         {product} {command line}
     bool UseCompressedClassPointers               = true                           {product lp64_product} {ergonomic}
     bool UseCompressedOops                        = true                           {product lp64_product} {ergonomic}
     bool UseG1GC                                  = true                                      {product} {ergonomic}
     bool UseLargePagesIndividualAllocation        = false                                  {pd product} {ergonomic}

Logging:
Log output configuration:
 #0: stdout all=warning uptime,level,tags
 #1: stderr all=off uptime,level,tags

Environment Variables:
JAVA_HOME=C:/Program Files/Java/jdk-17
PATH=C:\Program Files\Git\mingw64\bin;C:\Program Files\Git\usr\bin;C:\Users\PC\bin;D:\NodeJs;C:\Users\PC\AppData\Local\Microsoft\WindowsApps;C:\Users\PC\AppData\Local\Programs\Microsoft VS Code\bin;C:\apache-maven-3.9.11\bin;C:\Program Files\Java\jdk-17\bin;C:\Program Files\PostgreSQL\18\bin;C:\Windows\System32;C:\Users\PC\AppData\Roaming\npm
USERNAME=PC
OS=Windows_NT
PROCESSOR_IDENTIFIER=Intel64 Family 6 Model 142 Stepping 10, GenuineIntel



---------------  S Y S T E M  ---------------

OS:
 Windows 10 , 64 bit Build 19041 (10.0.19041.7663)
OS uptime: 1 days 0:11 hours

CPU: total 8 (initial active 8) (4 cores per cpu, 2 threads per core) family 6 model 142 stepping 10 microcode 0xf6, cx8, cmov, fxsr, ht, mmx, 3dnowpref, sse, sse2, sse3, ssse3, sse4.1, sse4.2, popcnt, lzcnt, tsc, tscinvbit, avx, avx2, aes, erms, clmul, bmi1, bmi2, adx, fma, vzeroupper, clflush, clflushopt

Memory: 4k page, system-wide physical 8035M (144M free)
TotalPageFile size 18182M (AvailPageFile size 0M)
current process WorkingSet (physical memory assigned to process): 291M, peak: 291M
current process commit charge ("private bytes"): 472M, peak: 473M

vm_info: Java HotSpot(TM) 64-Bit Server VM (17.0.12+8-LTS-286) for windows-amd64 JRE (17.0.12+8-LTS-286), built on Jun  5 2024 06:46:59 by "mach5one" with MS VC++ 17.6 (VS2022)

END.
