#
# There is insufficient memory for the Java Runtime Environment to continue.
# Native memory allocation (malloc) failed to allocate 32744 bytes for ChunkPool::allocate
# Possible reasons:
#   The system is out of physical RAM or swap space
#   The process is running with CompressedOops enabled, and the Java Heap may be blocking the growth of the native heap
# Possible solutions:
#   Reduce memory load on the system
#   Increase physical memory or swap space
#   Check if swap backing store is full
#   Decrease Java heap size (-Xmx/-Xms)
#   Decrease number of Java threads
#   Decrease Java thread stack sizes (-Xss)
#   Set larger code cache with -XX:ReservedCodeCacheSize=
#     placed in the first 4GB address space. The Java Heap base address is the
#     maximum limit for the native heap growth. Please use -XX:HeapBaseMinAddress
#     to set the Java Heap base and to place the Java Heap above 4GB virtual address.
# This output file may be truncated or incomplete.
#
#  Out of Memory Error (arena.cpp:78), pid=16224, tid=14192
#
# JRE version: Java(TM) SE Runtime Environment (17.0.12+8) (build 17.0.12+8-LTS-286)
# Java VM: Java HotSpot(TM) 64-Bit Server VM (17.0.12+8-LTS-286, mixed mode, emulated-client, sharing, tiered, compressed oops, compressed class ptrs, g1 gc, windows-amd64)
# No core dump will be written. Minidumps are not enabled by default on client versions of Windows
#

---------------  S U M M A R Y ------------

Command Line: -XX:TieredStopAtLevel=1 com.hms.user.UserServiceApplication

Host: Intel(R) Core(TM) i5-8250U CPU @ 1.60GHz, 8 cores, 7G,  Windows 10 , 64 bit Build 19041 (10.0.19041.7663)
Time: Wed Aug 19 19:46:50 2026 India Standard Time elapsed time: 7622.133750 seconds (0d 2h 7m 2s)

---------------  T H R E A D  ---------------

Current thread (0x000001971f2fb900):  JavaThread "C1 CompilerThread0" daemon [_thread_in_native, id=14192, stack(0x00000045ce900000,0x00000045cea00000)]


Current CompileTask:
C1:7622138 9281       1       org.springframework.util.MimeType::includes (143 bytes)

Stack: [0x00000045ce900000,0x00000045cea00000]
Native frames: (J=compiled Java code, j=interpreted, Vv=VM code, C=native code)
V  [jvm.dll+0x67a04a]
V  [jvm.dll+0x7da4ed]
V  [jvm.dll+0x7dbe33]
V  [jvm.dll+0x7dc4a3]
V  [jvm.dll+0x24508f]
V  [jvm.dll+0xab9a4]
V  [jvm.dll+0xabd3c]
V  [jvm.dll+0x150c42]
V  [jvm.dll+0x1515ed]
V  [jvm.dll+0x151087]
V  [jvm.dll+0x150ebb]
V  [jvm.dll+0x135439]
V  [jvm.dll+0x134f4a]
V  [jvm.dll+0x135148]
V  [jvm.dll+0x1345d1]
V  [jvm.dll+0x1362bd]
V  [jvm.dll+0x22610b]
V  [jvm.dll+0x2242ab]
V  [jvm.dll+0x79075c]
V  [jvm.dll+0x78abea]
V  [jvm.dll+0x678f35]
C  [ucrtbase.dll+0x21bb2]
C  [KERNEL32.DLL+0x17374]
C  [ntdll.dll+0x4cc91]


---------------  P R O C E S S  ---------------

Threads class SMR info:
_java_thread_list=0x00000197681a1470, length=37, elements={
0x000001971f2dacc0, 0x000001971f2dbb40, 0x000001971f2f1d20, 0x000001971f2f49c0,
0x000001971f2f6390, 0x000001971f2f6d50, 0x000001971f2fb900, 0x000001971f2fd330,
0x000001971f5d4830, 0x000001971f5d7df0, 0x0000019766d17730, 0x000001976726da80,
0x000001976726d170, 0x0000019767535840, 0x0000019767532ab0, 0x00000197675325a0,
0x0000019767532fc0, 0x00000197675334d0, 0x00000197675339e0, 0x0000019767533ef0,
0x0000019767534e20, 0x0000019767534400, 0x0000019767534910, 0x00000197669cccc0,
0x00000197669ceb20, 0x00000197669c7bc0, 0x00000197669c9510, 0x00000197669c9000,
0x00000197669cb370, 0x00000197669c76b0, 0x00000197669ce610, 0x00000197669cf030,
0x00000197669cd1d0, 0x00000197669cb880, 0x00000197669ce100, 0x00000197669cd6e0,
0x00000197669cbd90
}

Java Threads: ( => current thread )
  0x000001971f2dacc0 JavaThread "Reference Handler" daemon [_thread_blocked, id=3384, stack(0x00000045ce300000,0x00000045ce400000)]
  0x000001971f2dbb40 JavaThread "Finalizer" daemon [_thread_blocked, id=10628, stack(0x00000045ce400000,0x00000045ce500000)]
  0x000001971f2f1d20 JavaThread "Signal Dispatcher" daemon [_thread_blocked, id=10828, stack(0x00000045ce500000,0x00000045ce600000)]
  0x000001971f2f49c0 JavaThread "Attach Listener" daemon [_thread_blocked, id=2764, stack(0x00000045ce600000,0x00000045ce700000)]
  0x000001971f2f6390 JavaThread "Service Thread" daemon [_thread_blocked, id=14184, stack(0x00000045ce700000,0x00000045ce800000)]
  0x000001971f2f6d50 JavaThread "Monitor Deflation Thread" daemon [_thread_blocked, id=14188, stack(0x00000045ce800000,0x00000045ce900000)]
=>0x000001971f2fb900 JavaThread "C1 CompilerThread0" daemon [_thread_in_native, id=14192, stack(0x00000045ce900000,0x00000045cea00000)]
  0x000001971f2fd330 JavaThread "Sweeper thread" daemon [_thread_blocked, id=14200, stack(0x00000045cea00000,0x00000045ceb00000)]
  0x000001971f5d4830 JavaThread "Notification Thread" daemon [_thread_blocked, id=14216, stack(0x00000045cec00000,0x00000045ced00000)]
  0x000001971f5d7df0 JavaThread "Common-Cleaner" daemon [_thread_blocked, id=14228, stack(0x00000045cee00000,0x00000045cef00000)]
  0x0000019766d17730 JavaThread "Catalina-utility-1" [_thread_blocked, id=2268, stack(0x00000045cfa00000,0x00000045cfb00000)]
  0x000001976726da80 JavaThread "Catalina-utility-2" [_thread_blocked, id=15616, stack(0x00000045cfb00000,0x00000045cfc00000)]
  0x000001976726d170 JavaThread "container-0" [_thread_blocked, id=4428, stack(0x00000045cfc00000,0x00000045cfd00000)]
  0x0000019767535840 JavaThread "Cleaner-0" daemon [_thread_blocked, id=3012, stack(0x00000045cfd00000,0x00000045cfe00000)]
  0x0000019767532ab0 JavaThread "HikariPool-1:housekeeper" daemon [_thread_blocked, id=6112, stack(0x00000045cfe00000,0x00000045cff00000)]
  0x00000197675325a0 JavaThread "File Watcher" daemon [_thread_blocked, id=1124, stack(0x00000045cff00000,0x00000045d0000000)]
  0x0000019767532fc0 JavaThread "spectator-gauge-polling-0" daemon [_thread_blocked, id=16092, stack(0x00000045d0100000,0x00000045d0200000)]
  0x00000197675334d0 JavaThread "AsyncResolver-bootstrap-%d" daemon [_thread_blocked, id=11508, stack(0x00000045d0200000,0x00000045d0300000)]
  0x00000197675339e0 JavaThread "DiscoveryClient-%d" daemon [_thread_blocked, id=11860, stack(0x00000045ceb00000,0x00000045cec00000)]
  0x0000019767533ef0 JavaThread "DiscoveryClient-%d" daemon [_thread_blocked, id=14556, stack(0x00000045d0300000,0x00000045d0400000)]
  0x0000019767534e20 JavaThread "DiscoveryClient-InstanceInfoReplicator-%d" daemon [_thread_blocked, id=8944, stack(0x00000045d0400000,0x00000045d0500000)]
  0x0000019767534400 JavaThread "http-nio-8080-exec-1" daemon [_thread_blocked, id=14172, stack(0x00000045d0600000,0x00000045d0700000)]
  0x0000019767534910 JavaThread "http-nio-8080-exec-2" daemon [_thread_blocked, id=14440, stack(0x00000045d0700000,0x00000045d0800000)]
  0x00000197669cccc0 JavaThread "http-nio-8080-exec-3" daemon [_thread_blocked, id=10736, stack(0x00000045d0800000,0x00000045d0900000)]
  0x00000197669ceb20 JavaThread "http-nio-8080-exec-4" daemon [_thread_blocked, id=9776, stack(0x00000045d0900000,0x00000045d0a00000)]
  0x00000197669c7bc0 JavaThread "http-nio-8080-exec-5" daemon [_thread_blocked, id=8136, stack(0x00000045d0a00000,0x00000045d0b00000)]
  0x00000197669c9510 JavaThread "http-nio-8080-exec-6" daemon [_thread_blocked, id=16264, stack(0x00000045d0b00000,0x00000045d0c00000)]
  0x00000197669c9000 JavaThread "http-nio-8080-exec-7" daemon [_thread_blocked, id=2296, stack(0x00000045d0c00000,0x00000045d0d00000)]
  0x00000197669cb370 JavaThread "http-nio-8080-exec-8" daemon [_thread_blocked, id=5636, stack(0x00000045d0d00000,0x00000045d0e00000)]
  0x00000197669c76b0 JavaThread "http-nio-8080-exec-9" daemon [_thread_blocked, id=15764, stack(0x00000045d0e00000,0x00000045d0f00000)]
  0x00000197669ce610 JavaThread "http-nio-8080-exec-10" daemon [_thread_blocked, id=12452, stack(0x00000045d0f00000,0x00000045d1000000)]
  0x00000197669cf030 JavaThread "http-nio-8080-Poller" daemon [_thread_in_native, id=9484, stack(0x00000045d1000000,0x00000045d1100000)]
  0x00000197669cd1d0 JavaThread "http-nio-8080-Acceptor" daemon [_thread_in_native, id=9504, stack(0x00000045d1100000,0x00000045d1200000)]
  0x00000197669cb880 JavaThread "DestroyJavaVM" [_thread_blocked, id=936, stack(0x00000045cdc00000,0x00000045cdd00000)]
  0x00000197669ce100 JavaThread "DiscoveryClient-CacheRefreshExecutor-%d" daemon [_thread_blocked, id=18416, stack(0x00000045d0500000,0x00000045d0600000)]
  0x00000197669cd6e0 JavaThread "DiscoveryClient-HeartbeatExecutor-%d" daemon [_thread_blocked, id=6948, stack(0x00000045d1200000,0x00000045d1300000)]
  0x00000197669cbd90 JavaThread "AsyncResolver-bootstrap-executor-%d" daemon [_thread_blocked, id=19536, stack(0x00000045cdb00000,0x00000045cdc00000)]

Other Threads:
  0x000001971f2d6a80 VMThread "VM Thread" [stack: 0x00000045ce200000,0x00000045ce300000] [id=11184]
  0x000001971f5d6570 WatcherThread [stack: 0x00000045ced00000,0x00000045cee00000] [id=14232]
  0x000001970d430850 GCTaskThread "GC Thread#0" [stack: 0x00000045cdd00000,0x00000045cde00000] [id=13988]
  0x000001976585e500 GCTaskThread "GC Thread#1" [stack: 0x00000045cef00000,0x00000045cf000000] [id=14276]
  0x00000197658df1b0 GCTaskThread "GC Thread#2" [stack: 0x00000045cf000000,0x00000045cf100000] [id=14204]
  0x00000197659c6890 GCTaskThread "GC Thread#3" [stack: 0x00000045cf100000,0x00000045cf200000] [id=14372]
  0x00000197659ceb60 GCTaskThread "GC Thread#4" [stack: 0x00000045cf200000,0x00000045cf300000] [id=14380]
  0x0000019765ac6610 GCTaskThread "GC Thread#5" [stack: 0x00000045cf300000,0x00000045cf400000] [id=14384]
  0x0000019765b03060 GCTaskThread "GC Thread#6" [stack: 0x00000045cf400000,0x00000045cf500000] [id=14392]
  0x0000019765d7cbe0 GCTaskThread "GC Thread#7" [stack: 0x00000045cf700000,0x00000045cf800000] [id=5776]
  0x000001970d4412e0 ConcurrentGCThread "G1 Main Marker" [stack: 0x00000045cde00000,0x00000045cdf00000] [id=11488]
  0x000001970d442490 ConcurrentGCThread "G1 Conc#0" [stack: 0x00000045cdf00000,0x00000045ce000000] [id=8904]
  0x0000019766105850 ConcurrentGCThread "G1 Conc#1" [stack: 0x00000045cf900000,0x00000045cfa00000] [id=15956]
  0x000001970d46e4e0 ConcurrentGCThread "G1 Refine#0" [stack: 0x00000045ce000000,0x00000045ce100000] [id=15192]
  0x000001971f18f140 ConcurrentGCThread "G1 Service" [stack: 0x00000045ce100000,0x00000045ce200000] [id=8196]

Threads with active compile tasks:
C1 CompilerThread0  7622292 9281       1       org.springframework.util.MimeType::includes (143 bytes)

VM state: not at safepoint (normal execution)

VM Mutex/Monitor currently owned by a thread: None

Heap address: 0x0000000082600000, size: 2010 MB, Compressed Oops mode: 32-bit

CDS archive(s) mapped at: [0x0000019720000000-0x0000019720bd0000-0x0000019720bd0000), size 12386304, SharedBaseAddress: 0x0000019720000000, ArchiveRelocationMode: 1.
Compressed class space mapped at: 0x0000019721000000-0x0000019761000000, reserved size: 1073741824
Narrow klass base: 0x0000019720000000, Narrow klass shift: 0, Narrow klass range: 0x100000000

GC Precious Log:
 CPUs: 8 total, 8 available
 Memory: 8035M
 Large Page Support: Disabled
 NUMA Support: Disabled
 Compressed Oops: Enabled (32-bit)
 Heap Region Size: 1M
 Heap Min Capacity: 8M
 Heap Initial Capacity: 126M
 Heap Max Capacity: 2010M
 Pre-touch: Disabled
 Parallel Workers: 8
 Concurrent Workers: 2
 Concurrent Refinement Workers: 8
 Periodic GC: Disabled

Heap:
 garbage-first heap   total 188416K, used 144616K [0x0000000082600000, 0x0000000100000000)
  region size 1024K, 90 young (92160K), 1 survivors (1024K)
 Metaspace       used 106347K, committed 106944K, reserved 1179648K
  class space    used 15885K, committed 16128K, reserved 1048576K

Heap Regions: E=young(eden), S=young(survivor), O=old, HS=humongous(starts), HC=humongous(continues), CS=collection set, F=free, OA=open archive, CA=closed archive, TAMS=top-at-mark-start (previous, next)
|   0|0x0000000082600000, 0x0000000082700000, 0x0000000082700000|100%|HS|  |TAMS 0x0000000082700000, 0x0000000082600000| Complete 
|   1|0x0000000082700000, 0x0000000082800000, 0x0000000082800000|100%|HS|  |TAMS 0x0000000082800000, 0x0000000082700000| Complete 
|   2|0x0000000082800000, 0x0000000082900000, 0x0000000082900000|100%|HS|  |TAMS 0x0000000082900000, 0x0000000082800000| Complete 
|   3|0x0000000082900000, 0x0000000082a00000, 0x0000000082a00000|100%| O|  |TAMS 0x0000000082a00000, 0x0000000082900000| Untracked 
|   4|0x0000000082a00000, 0x0000000082b00000, 0x0000000082b00000|100%| O|  |TAMS 0x0000000082b00000, 0x0000000082a00000| Untracked 
|   5|0x0000000082b00000, 0x0000000082c00000, 0x0000000082c00000|100%| O|  |TAMS 0x0000000082c00000, 0x0000000082b00000| Untracked 
|   6|0x0000000082c00000, 0x0000000082d00000, 0x0000000082d00000|100%| O|  |TAMS 0x0000000082d00000, 0x0000000082c00000| Untracked 
|   7|0x0000000082d00000, 0x0000000082e00000, 0x0000000082e00000|100%| O|  |TAMS 0x0000000082e00000, 0x0000000082d00000| Untracked 
|   8|0x0000000082e00000, 0x0000000082f00000, 0x0000000082f00000|100%| O|  |TAMS 0x0000000082f00000, 0x0000000082e00000| Untracked 
|   9|0x0000000082f00000, 0x0000000083000000, 0x0000000083000000|100%| O|  |TAMS 0x0000000083000000, 0x0000000082f00000| Untracked 
|  10|0x0000000083000000, 0x0000000083100000, 0x0000000083100000|100%| O|  |TAMS 0x0000000083100000, 0x0000000083000000| Untracked 
|  11|0x0000000083100000, 0x0000000083100000, 0x0000000083200000|  0%| F|  |TAMS 0x0000000083100000, 0x0000000083100000| Untracked 
|  12|0x0000000083200000, 0x0000000083300000, 0x0000000083300000|100%| O|  |TAMS 0x0000000083300000, 0x0000000083200000| Untracked 
|  13|0x0000000083300000, 0x0000000083400000, 0x0000000083400000|100%| O|  |TAMS 0x0000000083400000, 0x0000000083300000| Untracked 
|  14|0x0000000083400000, 0x0000000083500000, 0x0000000083500000|100%| O|  |TAMS 0x0000000083500000, 0x0000000083400000| Untracked 
|  15|0x0000000083500000, 0x0000000083600000, 0x0000000083600000|100%| O|  |TAMS 0x0000000083600000, 0x0000000083500000| Untracked 
|  16|0x0000000083600000, 0x0000000083700000, 0x0000000083700000|100%| O|  |TAMS 0x0000000083700000, 0x0000000083600000| Untracked 
|  17|0x0000000083700000, 0x0000000083800000, 0x0000000083800000|100%| O|  |TAMS 0x0000000083800000, 0x0000000083700000| Untracked 
|  18|0x0000000083800000, 0x0000000083900000, 0x0000000083900000|100%| O|  |TAMS 0x0000000083900000, 0x0000000083800000| Untracked 
|  19|0x0000000083900000, 0x0000000083a00000, 0x0000000083a00000|100%| O|  |TAMS 0x0000000083a00000, 0x0000000083900000| Untracked 
|  20|0x0000000083a00000, 0x0000000083b00000, 0x0000000083b00000|100%| O|  |TAMS 0x0000000083b00000, 0x0000000083a00000| Untracked 
|  21|0x0000000083b00000, 0x0000000083c00000, 0x0000000083c00000|100%| O|  |TAMS 0x0000000083c00000, 0x0000000083b00000| Untracked 
|  22|0x0000000083c00000, 0x0000000083d00000, 0x0000000083d00000|100%| O|  |TAMS 0x0000000083d00000, 0x0000000083c00000| Untracked 
|  23|0x0000000083d00000, 0x0000000083e00000, 0x0000000083e00000|100%| O|  |TAMS 0x0000000083e00000, 0x0000000083d00000| Untracked 
|  24|0x0000000083e00000, 0x0000000083f00000, 0x0000000083f00000|100%| O|  |TAMS 0x0000000083f00000, 0x0000000083e00000| Untracked 
|  25|0x0000000083f00000, 0x0000000084000000, 0x0000000084000000|100%| O|  |TAMS 0x0000000084000000, 0x0000000083f00000| Untracked 
|  26|0x0000000084000000, 0x0000000084000000, 0x0000000084100000|  0%| F|  |TAMS 0x0000000084000000, 0x0000000084000000| Untracked 
|  27|0x0000000084100000, 0x0000000084200000, 0x0000000084200000|100%| O|  |TAMS 0x0000000084200000, 0x0000000084100000| Untracked 
|  28|0x0000000084200000, 0x0000000084300000, 0x0000000084300000|100%| O|  |TAMS 0x0000000084300000, 0x0000000084200000| Untracked 
|  29|0x0000000084300000, 0x0000000084400000, 0x0000000084400000|100%| O|  |TAMS 0x0000000084400000, 0x0000000084300000| Untracked 
|  30|0x0000000084400000, 0x0000000084500000, 0x0000000084500000|100%| O|  |TAMS 0x0000000084500000, 0x0000000084400000| Untracked 
|  31|0x0000000084500000, 0x0000000084600000, 0x0000000084600000|100%| O|  |TAMS 0x0000000084600000, 0x0000000084500000| Untracked 
|  32|0x0000000084600000, 0x0000000084700000, 0x0000000084700000|100%| O|  |TAMS 0x0000000084700000, 0x0000000084600000| Untracked 
|  33|0x0000000084700000, 0x0000000084750000, 0x0000000084800000| 31%| O|  |TAMS 0x0000000084750000, 0x0000000084700000| Complete 
|  34|0x0000000084800000, 0x0000000084900000, 0x0000000084900000|100%| O|  |TAMS 0x0000000084900000, 0x0000000084800000| Untracked 
|  35|0x0000000084900000, 0x0000000084a00000, 0x0000000084a00000|100%| O|  |TAMS 0x0000000084a00000, 0x0000000084900000| Untracked 
|  36|0x0000000084a00000, 0x0000000084b00000, 0x0000000084b00000|100%| O|  |TAMS 0x0000000084b00000, 0x0000000084a00000| Untracked 
|  37|0x0000000084b00000, 0x0000000084c00000, 0x0000000084c00000|100%| O|  |TAMS 0x0000000084c00000, 0x0000000084b00000| Untracked 
|  38|0x0000000084c00000, 0x0000000084d00000, 0x0000000084d00000|100%| O|  |TAMS 0x0000000084d00000, 0x0000000084c00000| Untracked 
|  39|0x0000000084d00000, 0x0000000084e00000, 0x0000000084e00000|100%| O|  |TAMS 0x0000000084e00000, 0x0000000084d00000| Untracked 
|  40|0x0000000084e00000, 0x0000000084f00000, 0x0000000084f00000|100%| O|  |TAMS 0x0000000084f00000, 0x0000000084e00000| Untracked 
|  41|0x0000000084f00000, 0x0000000085000000, 0x0000000085000000|100%| O|  |TAMS 0x0000000085000000, 0x0000000084f00000| Complete 
|  42|0x0000000085000000, 0x0000000085000000, 0x0000000085100000|  0%| F|  |TAMS 0x0000000085000000, 0x0000000085000000| Untracked 
|  43|0x0000000085100000, 0x0000000085200000, 0x0000000085200000|100%| O|  |TAMS 0x0000000085200000, 0x0000000085100000| Untracked 
|  44|0x0000000085200000, 0x0000000085300000, 0x0000000085300000|100%| O|  |TAMS 0x0000000085300000, 0x0000000085200000| Untracked 
|  45|0x0000000085300000, 0x0000000085400000, 0x0000000085400000|100%| O|  |TAMS 0x0000000085400000, 0x0000000085300000| Untracked 
|  46|0x0000000085400000, 0x0000000085400000, 0x0000000085500000|  0%| F|  |TAMS 0x0000000085400000, 0x0000000085400000| Untracked 
|  47|0x0000000085500000, 0x0000000085600000, 0x0000000085600000|100%| O|  |TAMS 0x0000000085600000, 0x0000000085500000| Untracked 
|  48|0x0000000085600000, 0x0000000085700000, 0x0000000085700000|100%| O|  |TAMS 0x0000000085700000, 0x0000000085600000| Untracked 
|  49|0x0000000085700000, 0x0000000085800000, 0x0000000085800000|100%| O|  |TAMS 0x0000000085800000, 0x0000000085700000| Untracked 
|  50|0x0000000085800000, 0x0000000085900000, 0x0000000085900000|100%| O|  |TAMS 0x0000000085900000, 0x0000000085800000| Untracked 
|  51|0x0000000085900000, 0x0000000085900000, 0x0000000085a00000|  0%| F|  |TAMS 0x0000000085900000, 0x0000000085900000| Untracked 
|  52|0x0000000085a00000, 0x0000000085a00000, 0x0000000085b00000|  0%| F|  |TAMS 0x0000000085a00000, 0x0000000085a00000| Untracked 
|  53|0x0000000085b00000, 0x0000000085b00000, 0x0000000085c00000|  0%| F|  |TAMS 0x0000000085b00000, 0x0000000085b00000| Untracked 
|  54|0x0000000085c00000, 0x0000000085c00000, 0x0000000085d00000|  0%| F|  |TAMS 0x0000000085c00000, 0x0000000085c00000| Untracked 
|  55|0x0000000085d00000, 0x0000000085d00000, 0x0000000085e00000|  0%| F|  |TAMS 0x0000000085d00000, 0x0000000085d00000| Untracked 
|  56|0x0000000085e00000, 0x0000000085e00000, 0x0000000085f00000|  0%| F|  |TAMS 0x0000000085e00000, 0x0000000085e00000| Untracked 
|  57|0x0000000085f00000, 0x0000000086000000, 0x0000000086000000|100%| O|  |TAMS 0x0000000086000000, 0x0000000085f00000| Untracked 
|  58|0x0000000086000000, 0x0000000086100000, 0x0000000086100000|100%| O|  |TAMS 0x0000000086100000, 0x0000000086000000| Untracked 
|  59|0x0000000086100000, 0x0000000086200000, 0x0000000086200000|100%| O|  |TAMS 0x0000000086200000, 0x0000000086100000| Untracked 
|  60|0x0000000086200000, 0x0000000086300000, 0x0000000086300000|100%| O|  |TAMS 0x0000000086300000, 0x0000000086200000| Untracked 
|  61|0x0000000086300000, 0x0000000086400000, 0x0000000086400000|100%| O|  |TAMS 0x0000000086400000, 0x0000000086300000| Untracked 
|  62|0x0000000086400000, 0x0000000086500000, 0x0000000086500000|100%| O|  |TAMS 0x0000000086500000, 0x0000000086400000| Untracked 
|  63|0x0000000086500000, 0x0000000086500000, 0x0000000086600000|  0%| F|  |TAMS 0x0000000086500000, 0x0000000086500000| Untracked 
|  64|0x0000000086600000, 0x0000000086600000, 0x0000000086700000|  0%| F|  |TAMS 0x0000000086600000, 0x0000000086600000| Untracked 
|  65|0x0000000086700000, 0x0000000086700000, 0x0000000086800000|  0%| F|  |TAMS 0x0000000086700000, 0x0000000086700000| Untracked 
|  66|0x0000000086800000, 0x0000000086800000, 0x0000000086900000|  0%| F|  |TAMS 0x0000000086800000, 0x0000000086800000| Untracked 
|  67|0x0000000086900000, 0x0000000086900000, 0x0000000086a00000|  0%| F|  |TAMS 0x0000000086900000, 0x0000000086900000| Untracked 
|  68|0x0000000086a00000, 0x0000000086a00000, 0x0000000086b00000|  0%| F|  |TAMS 0x0000000086a00000, 0x0000000086a00000| Untracked 
|  69|0x0000000086b00000, 0x0000000086b00000, 0x0000000086c00000|  0%| F|  |TAMS 0x0000000086b00000, 0x0000000086b00000| Untracked 
|  70|0x0000000086c00000, 0x0000000086c00000, 0x0000000086d00000|  0%| F|  |TAMS 0x0000000086c00000, 0x0000000086c00000| Untracked 
|  71|0x0000000086d00000, 0x0000000086d00000, 0x0000000086e00000|  0%| F|  |TAMS 0x0000000086d00000, 0x0000000086d00000| Untracked 
|  72|0x0000000086e00000, 0x0000000086e00000, 0x0000000086f00000|  0%| F|  |TAMS 0x0000000086e00000, 0x0000000086e00000| Untracked 
|  73|0x0000000086f00000, 0x0000000086f00000, 0x0000000087000000|  0%| F|  |TAMS 0x0000000086f00000, 0x0000000086f00000| Untracked 
|  74|0x0000000087000000, 0x0000000087000000, 0x0000000087100000|  0%| F|  |TAMS 0x0000000087000000, 0x0000000087000000| Untracked 
|  75|0x0000000087100000, 0x0000000087100000, 0x0000000087200000|  0%| F|  |TAMS 0x0000000087100000, 0x0000000087100000| Untracked 
|  76|0x0000000087200000, 0x0000000087200000, 0x0000000087300000|  0%| F|  |TAMS 0x0000000087200000, 0x0000000087200000| Untracked 
|  77|0x0000000087300000, 0x00000000873ea1b0, 0x0000000087400000| 91%| S|CS|TAMS 0x0000000087300000, 0x0000000087300000| Complete 
|  78|0x0000000087400000, 0x0000000087400000, 0x0000000087500000|  0%| F|  |TAMS 0x0000000087400000, 0x0000000087400000| Untracked 
|  79|0x0000000087500000, 0x0000000087500000, 0x0000000087600000|  0%| F|  |TAMS 0x0000000087500000, 0x0000000087500000| Untracked 
|  80|0x0000000087600000, 0x0000000087600000, 0x0000000087700000|  0%| F|  |TAMS 0x0000000087600000, 0x0000000087600000| Untracked 
|  81|0x0000000087700000, 0x0000000087700000, 0x0000000087800000|  0%| F|  |TAMS 0x0000000087700000, 0x0000000087700000| Untracked 
|  82|0x0000000087800000, 0x0000000087800000, 0x0000000087900000|  0%| F|  |TAMS 0x0000000087800000, 0x0000000087800000| Untracked 
|  83|0x0000000087900000, 0x0000000087900000, 0x0000000087a00000|  0%| F|  |TAMS 0x0000000087900000, 0x0000000087900000| Untracked 
|  84|0x0000000087a00000, 0x0000000087a00000, 0x0000000087b00000|  0%| F|  |TAMS 0x0000000087a00000, 0x0000000087a00000| Untracked 
|  85|0x0000000087b00000, 0x0000000087b00000, 0x0000000087c00000|  0%| F|  |TAMS 0x0000000087b00000, 0x0000000087b00000| Untracked 
|  86|0x0000000087c00000, 0x0000000087c00000, 0x0000000087d00000|  0%| F|  |TAMS 0x0000000087c00000, 0x0000000087c00000| Untracked 
|  87|0x0000000087d00000, 0x0000000087d00000, 0x0000000087e00000|  0%| F|  |TAMS 0x0000000087d00000, 0x0000000087d00000| Untracked 
|  88|0x0000000087e00000, 0x0000000087e00000, 0x0000000087f00000|  0%| F|  |TAMS 0x0000000087e00000, 0x0000000087e00000| Untracked 
|  89|0x0000000087f00000, 0x0000000087f00000, 0x0000000088000000|  0%| F|  |TAMS 0x0000000087f00000, 0x0000000087f00000| Untracked 
|  90|0x0000000088000000, 0x0000000088000000, 0x0000000088100000|  0%| F|  |TAMS 0x0000000088000000, 0x0000000088000000| Untracked 
|  91|0x0000000088100000, 0x0000000088100000, 0x0000000088200000|  0%| F|  |TAMS 0x0000000088100000, 0x0000000088100000| Untracked 
|  92|0x0000000088200000, 0x0000000088200000, 0x0000000088300000|  0%| F|  |TAMS 0x0000000088200000, 0x0000000088200000| Untracked 
|  93|0x0000000088300000, 0x0000000088300000, 0x0000000088400000|  0%| F|  |TAMS 0x0000000088300000, 0x0000000088300000| Untracked 
|  94|0x0000000088400000, 0x0000000088400000, 0x0000000088500000|  0%| F|  |TAMS 0x0000000088400000, 0x0000000088400000| Untracked 
|  95|0x0000000088500000, 0x0000000088580800, 0x0000000088600000| 50%| E|  |TAMS 0x0000000088500000, 0x0000000088500000| Complete 
|  96|0x0000000088600000, 0x0000000088700000, 0x0000000088700000|100%| E|CS|TAMS 0x0000000088600000, 0x0000000088600000| Complete 
|  97|0x0000000088700000, 0x0000000088800000, 0x0000000088800000|100%| E|CS|TAMS 0x0000000088700000, 0x0000000088700000| Complete 
|  98|0x0000000088800000, 0x0000000088900000, 0x0000000088900000|100%| E|CS|TAMS 0x0000000088800000, 0x0000000088800000| Complete 
|  99|0x0000000088900000, 0x0000000088a00000, 0x0000000088a00000|100%| E|CS|TAMS 0x0000000088900000, 0x0000000088900000| Complete 
| 100|0x0000000088a00000, 0x0000000088b00000, 0x0000000088b00000|100%| E|CS|TAMS 0x0000000088a00000, 0x0000000088a00000| Complete 
| 101|0x0000000088b00000, 0x0000000088c00000, 0x0000000088c00000|100%| E|CS|TAMS 0x0000000088b00000, 0x0000000088b00000| Complete 
| 102|0x0000000088c00000, 0x0000000088d00000, 0x0000000088d00000|100%| E|CS|TAMS 0x0000000088c00000, 0x0000000088c00000| Complete 
| 103|0x0000000088d00000, 0x0000000088e00000, 0x0000000088e00000|100%| E|CS|TAMS 0x0000000088d00000, 0x0000000088d00000| Complete 
| 104|0x0000000088e00000, 0x0000000088f00000, 0x0000000088f00000|100%| E|CS|TAMS 0x0000000088e00000, 0x0000000088e00000| Complete 
| 105|0x0000000088f00000, 0x0000000089000000, 0x0000000089000000|100%| E|CS|TAMS 0x0000000088f00000, 0x0000000088f00000| Complete 
| 106|0x0000000089000000, 0x0000000089100000, 0x0000000089100000|100%| E|CS|TAMS 0x0000000089000000, 0x0000000089000000| Complete 
| 107|0x0000000089100000, 0x0000000089200000, 0x0000000089200000|100%| E|CS|TAMS 0x0000000089100000, 0x0000000089100000| Complete 
| 108|0x0000000089200000, 0x0000000089300000, 0x0000000089300000|100%| E|CS|TAMS 0x0000000089200000, 0x0000000089200000| Complete 
| 109|0x0000000089300000, 0x0000000089400000, 0x0000000089400000|100%| E|CS|TAMS 0x0000000089300000, 0x0000000089300000| Complete 
| 110|0x0000000089400000, 0x0000000089500000, 0x0000000089500000|100%| E|CS|TAMS 0x0000000089400000, 0x0000000089400000| Complete 
| 111|0x0000000089500000, 0x0000000089600000, 0x0000000089600000|100%| E|CS|TAMS 0x0000000089500000, 0x0000000089500000| Complete 
| 112|0x0000000089600000, 0x0000000089700000, 0x0000000089700000|100%| E|CS|TAMS 0x0000000089600000, 0x0000000089600000| Complete 
| 113|0x0000000089700000, 0x0000000089800000, 0x0000000089800000|100%| E|CS|TAMS 0x0000000089700000, 0x0000000089700000| Complete 
| 114|0x0000000089800000, 0x0000000089900000, 0x0000000089900000|100%| E|CS|TAMS 0x0000000089800000, 0x0000000089800000| Complete 
| 115|0x0000000089900000, 0x0000000089a00000, 0x0000000089a00000|100%| E|CS|TAMS 0x0000000089900000, 0x0000000089900000| Complete 
| 116|0x0000000089a00000, 0x0000000089b00000, 0x0000000089b00000|100%| E|CS|TAMS 0x0000000089a00000, 0x0000000089a00000| Complete 
| 117|0x0000000089b00000, 0x0000000089c00000, 0x0000000089c00000|100%| E|CS|TAMS 0x0000000089b00000, 0x0000000089b00000| Complete 
| 118|0x0000000089c00000, 0x0000000089d00000, 0x0000000089d00000|100%| E|CS|TAMS 0x0000000089c00000, 0x0000000089c00000| Complete 
| 119|0x0000000089d00000, 0x0000000089e00000, 0x0000000089e00000|100%| E|CS|TAMS 0x0000000089d00000, 0x0000000089d00000| Complete 
| 120|0x0000000089e00000, 0x0000000089f00000, 0x0000000089f00000|100%| E|CS|TAMS 0x0000000089e00000, 0x0000000089e00000| Complete 
| 121|0x0000000089f00000, 0x000000008a000000, 0x000000008a000000|100%| E|CS|TAMS 0x0000000089f00000, 0x0000000089f00000| Complete 
| 122|0x000000008a000000, 0x000000008a100000, 0x000000008a100000|100%| E|CS|TAMS 0x000000008a000000, 0x000000008a000000| Complete 
| 123|0x000000008a100000, 0x000000008a200000, 0x000000008a200000|100%| E|CS|TAMS 0x000000008a100000, 0x000000008a100000| Complete 
| 124|0x000000008a200000, 0x000000008a300000, 0x000000008a300000|100%| E|CS|TAMS 0x000000008a200000, 0x000000008a200000| Complete 
| 125|0x000000008a300000, 0x000000008a400000, 0x000000008a400000|100%| E|CS|TAMS 0x000000008a300000, 0x000000008a300000| Complete 
| 126|0x000000008a400000, 0x000000008a500000, 0x000000008a500000|100%| E|CS|TAMS 0x000000008a400000, 0x000000008a400000| Complete 
| 127|0x000000008a500000, 0x000000008a600000, 0x000000008a600000|100%| E|CS|TAMS 0x000000008a500000, 0x000000008a500000| Complete 
| 128|0x000000008a600000, 0x000000008a700000, 0x000000008a700000|100%| E|CS|TAMS 0x000000008a600000, 0x000000008a600000| Complete 
| 129|0x000000008a700000, 0x000000008a800000, 0x000000008a800000|100%| E|CS|TAMS 0x000000008a700000, 0x000000008a700000| Complete 
| 130|0x000000008a800000, 0x000000008a900000, 0x000000008a900000|100%| E|CS|TAMS 0x000000008a800000, 0x000000008a800000| Complete 
| 131|0x000000008a900000, 0x000000008aa00000, 0x000000008aa00000|100%| E|CS|TAMS 0x000000008a900000, 0x000000008a900000| Complete 
| 132|0x000000008aa00000, 0x000000008ab00000, 0x000000008ab00000|100%| E|CS|TAMS 0x000000008aa00000, 0x000000008aa00000| Complete 
| 133|0x000000008ab00000, 0x000000008ac00000, 0x000000008ac00000|100%| E|CS|TAMS 0x000000008ab00000, 0x000000008ab00000| Complete 
| 134|0x000000008ac00000, 0x000000008ad00000, 0x000000008ad00000|100%| E|CS|TAMS 0x000000008ac00000, 0x000000008ac00000| Complete 
| 135|0x000000008ad00000, 0x000000008ae00000, 0x000000008ae00000|100%| E|CS|TAMS 0x000000008ad00000, 0x000000008ad00000| Complete 
| 136|0x000000008ae00000, 0x000000008af00000, 0x000000008af00000|100%| E|CS|TAMS 0x000000008ae00000, 0x000000008ae00000| Complete 
| 137|0x000000008af00000, 0x000000008b000000, 0x000000008b000000|100%| E|CS|TAMS 0x000000008af00000, 0x000000008af00000| Complete 
| 138|0x000000008b000000, 0x000000008b100000, 0x000000008b100000|100%| E|CS|TAMS 0x000000008b000000, 0x000000008b000000| Complete 
| 139|0x000000008b100000, 0x000000008b200000, 0x000000008b200000|100%| E|CS|TAMS 0x000000008b100000, 0x000000008b100000| Complete 
| 140|0x000000008b200000, 0x000000008b300000, 0x000000008b300000|100%| E|CS|TAMS 0x000000008b200000, 0x000000008b200000| Complete 
| 141|0x000000008b300000, 0x000000008b400000, 0x000000008b400000|100%| E|CS|TAMS 0x000000008b300000, 0x000000008b300000| Complete 
| 142|0x000000008b400000, 0x000000008b500000, 0x000000008b500000|100%| E|CS|TAMS 0x000000008b400000, 0x000000008b400000| Complete 
| 143|0x000000008b500000, 0x000000008b600000, 0x000000008b600000|100%| E|CS|TAMS 0x000000008b500000, 0x000000008b500000| Complete 
| 144|0x000000008b600000, 0x000000008b700000, 0x000000008b700000|100%| E|CS|TAMS 0x000000008b600000, 0x000000008b600000| Complete 
| 145|0x000000008b700000, 0x000000008b800000, 0x000000008b800000|100%| E|CS|TAMS 0x000000008b700000, 0x000000008b700000| Complete 
| 146|0x000000008b800000, 0x000000008b900000, 0x000000008b900000|100%| E|CS|TAMS 0x000000008b800000, 0x000000008b800000| Complete 
| 147|0x000000008b900000, 0x000000008ba00000, 0x000000008ba00000|100%| E|CS|TAMS 0x000000008b900000, 0x000000008b900000| Complete 
| 148|0x000000008ba00000, 0x000000008bb00000, 0x000000008bb00000|100%| E|CS|TAMS 0x000000008ba00000, 0x000000008ba00000| Complete 
| 149|0x000000008bb00000, 0x000000008bc00000, 0x000000008bc00000|100%| E|CS|TAMS 0x000000008bb00000, 0x000000008bb00000| Complete 
| 150|0x000000008bc00000, 0x000000008bd00000, 0x000000008bd00000|100%| E|CS|TAMS 0x000000008bc00000, 0x000000008bc00000| Complete 
| 151|0x000000008bd00000, 0x000000008be00000, 0x000000008be00000|100%| E|CS|TAMS 0x000000008bd00000, 0x000000008bd00000| Complete 
| 152|0x000000008be00000, 0x000000008bf00000, 0x000000008bf00000|100%| E|CS|TAMS 0x000000008be00000, 0x000000008be00000| Complete 
| 153|0x000000008bf00000, 0x000000008c000000, 0x000000008c000000|100%| E|CS|TAMS 0x000000008bf00000, 0x000000008bf00000| Complete 
| 154|0x000000008c000000, 0x000000008c100000, 0x000000008c100000|100%| E|CS|TAMS 0x000000008c000000, 0x000000008c000000| Complete 
| 155|0x000000008c100000, 0x000000008c200000, 0x000000008c200000|100%| E|CS|TAMS 0x000000008c100000, 0x000000008c100000| Complete 
| 156|0x000000008c200000, 0x000000008c300000, 0x000000008c300000|100%| E|CS|TAMS 0x000000008c200000, 0x000000008c200000| Complete 
| 157|0x000000008c300000, 0x000000008c400000, 0x000000008c400000|100%| E|CS|TAMS 0x000000008c300000, 0x000000008c300000| Complete 
| 158|0x000000008c400000, 0x000000008c500000, 0x000000008c500000|100%| E|CS|TAMS 0x000000008c400000, 0x000000008c400000| Complete 
| 159|0x000000008c500000, 0x000000008c600000, 0x000000008c600000|100%| E|CS|TAMS 0x000000008c500000, 0x000000008c500000| Complete 
| 160|0x000000008c600000, 0x000000008c700000, 0x000000008c700000|100%| E|CS|TAMS 0x000000008c600000, 0x000000008c600000| Complete 
| 161|0x000000008c700000, 0x000000008c800000, 0x000000008c800000|100%| E|CS|TAMS 0x000000008c700000, 0x000000008c700000| Complete 
| 162|0x000000008c800000, 0x000000008c900000, 0x000000008c900000|100%| E|CS|TAMS 0x000000008c800000, 0x000000008c800000| Complete 
| 163|0x000000008c900000, 0x000000008ca00000, 0x000000008ca00000|100%| E|CS|TAMS 0x000000008c900000, 0x000000008c900000| Complete 
| 164|0x000000008ca00000, 0x000000008cb00000, 0x000000008cb00000|100%| E|CS|TAMS 0x000000008ca00000, 0x000000008ca00000| Complete 
| 165|0x000000008cb00000, 0x000000008cc00000, 0x000000008cc00000|100%| E|CS|TAMS 0x000000008cb00000, 0x000000008cb00000| Complete 
| 166|0x000000008cc00000, 0x000000008cd00000, 0x000000008cd00000|100%| E|CS|TAMS 0x000000008cc00000, 0x000000008cc00000| Complete 
| 167|0x000000008cd00000, 0x000000008ce00000, 0x000000008ce00000|100%| E|CS|TAMS 0x000000008cd00000, 0x000000008cd00000| Complete 
| 168|0x000000008ce00000, 0x000000008cf00000, 0x000000008cf00000|100%| E|CS|TAMS 0x000000008ce00000, 0x000000008ce00000| Complete 
| 169|0x000000008cf00000, 0x000000008d000000, 0x000000008d000000|100%| E|CS|TAMS 0x000000008cf00000, 0x000000008cf00000| Complete 
| 170|0x000000008d000000, 0x000000008d100000, 0x000000008d100000|100%| E|CS|TAMS 0x000000008d000000, 0x000000008d000000| Complete 
| 171|0x000000008d100000, 0x000000008d200000, 0x000000008d200000|100%| E|CS|TAMS 0x000000008d100000, 0x000000008d100000| Complete 
| 172|0x000000008d200000, 0x000000008d300000, 0x000000008d300000|100%| E|CS|TAMS 0x000000008d200000, 0x000000008d200000| Complete 
| 173|0x000000008d300000, 0x000000008d400000, 0x000000008d400000|100%| E|CS|TAMS 0x000000008d300000, 0x000000008d300000| Complete 
| 174|0x000000008d400000, 0x000000008d500000, 0x000000008d500000|100%| E|CS|TAMS 0x000000008d400000, 0x000000008d400000| Complete 
| 175|0x000000008d500000, 0x000000008d600000, 0x000000008d600000|100%| E|CS|TAMS 0x000000008d500000, 0x000000008d500000| Complete 
| 176|0x000000008d600000, 0x000000008d700000, 0x000000008d700000|100%| E|CS|TAMS 0x000000008d600000, 0x000000008d600000| Complete 
| 177|0x000000008d700000, 0x000000008d800000, 0x000000008d800000|100%| E|CS|TAMS 0x000000008d700000, 0x000000008d700000| Complete 
| 178|0x000000008d800000, 0x000000008d900000, 0x000000008d900000|100%| E|CS|TAMS 0x000000008d800000, 0x000000008d800000| Complete 
| 179|0x000000008d900000, 0x000000008da00000, 0x000000008da00000|100%| E|CS|TAMS 0x000000008d900000, 0x000000008d900000| Complete 
| 180|0x000000008da00000, 0x000000008db00000, 0x000000008db00000|100%| E|CS|TAMS 0x000000008da00000, 0x000000008da00000| Complete 
| 181|0x000000008db00000, 0x000000008dc00000, 0x000000008dc00000|100%| E|CS|TAMS 0x000000008db00000, 0x000000008db00000| Complete 
| 182|0x000000008dc00000, 0x000000008dd00000, 0x000000008dd00000|100%| E|CS|TAMS 0x000000008dc00000, 0x000000008dc00000| Complete 
| 220|0x0000000090200000, 0x0000000090300000, 0x0000000090300000|100%| E|CS|TAMS 0x0000000090200000, 0x0000000090200000| Complete 

Card table byte_map: [0x0000019718160000,0x0000019718550000] _byte_map_base: 0x0000019717d4d000

Marking Bits (Prev, Next): (CMBitMap*) 0x000001970d430e70, (CMBitMap*) 0x000001970d430eb0
 Prev Bits: [0x0000019718940000, 0x000001971a8a8000)
 Next Bits: [0x000001971a8b0000, 0x000001971c818000)

Polling page: 0x000001970b3a0000

Metaspace:

Usage:
  Non-class:     88.34 MB used.
      Class:     15.51 MB used.
       Both:    103.86 MB used.

Virtual space:
  Non-class space:      128.00 MB reserved,      88.69 MB ( 69%) committed,  2 nodes.
      Class space:        1.00 GB reserved,      15.75 MB (  2%) committed,  1 nodes.
             Both:        1.12 GB reserved,     104.44 MB (  9%) committed. 

Chunk freelists:
   Non-Class:  7.31 MB
       Class:  231.00 KB
        Both:  7.53 MB

MaxMetaspaceSize: unlimited
CompressedClassSpaceSize: 1.00 GB
Initial GC threshold: 21.00 MB
Current GC threshold: 173.75 MB
CDS: on
MetaspaceReclaimPolicy: balanced
 - commit_granule_bytes: 65536.
 - commit_granule_words: 8192.
 - virtual_space_node_default_size: 8388608.
 - enlarge_chunks_in_place: 1.
 - new_chunks_are_fully_committed: 0.
 - uncommit_free_chunks: 1.
 - use_allocation_guard: 0.
 - handle_deallocations: 1.


Internal statistics:

num_allocs_failed_limit: 6.
num_arena_births: 1078.
num_arena_deaths: 360.
num_vsnodes_births: 3.
num_vsnodes_deaths: 0.
num_space_committed: 1671.
num_space_uncommitted: 0.
num_chunks_returned_to_freelist: 417.
num_chunks_taken_from_freelist: 5133.
num_chunk_merges: 126.
num_chunk_splits: 3672.
num_chunks_enlarged: 3010.
num_inconsistent_stats: 0.

CodeCache: size=49152Kb used=15892Kb max_used=17380Kb free=33259Kb
 bounds [0x0000019714c60000, 0x0000019715dc0000, 0x0000019717c60000]
 total_blobs=9963 nmethods=9222 adapters=667
 compilation: enabled
              stopped_count=0, restarted_count=0
 full_count=0

Compilation events (20 events):
Event: 7562.033 Thread 0x000001971f2fb900 nmethod 9273 0x0000019715cc1f10 code [0x0000019715cc20e0, 0x0000019715cc2318]
Event: 7583.096 Thread 0x000001971f2fb900 9274       1       org.springframework.cloud.netflix.eureka.EurekaInstanceConfigBean::getHostName (55 bytes)
Event: 7583.105 Thread 0x000001971f2fb900 nmethod 9274 0x0000019715cc1b10 code [0x0000019715cc1ca0, 0x0000019715cc1e78]
Event: 7592.066 Thread 0x000001971f2fb900 9275       1       java.lang.invoke.Invokers$Holder::linkToTargetMethod (9 bytes)
Event: 7592.067 Thread 0x000001971f2fb900 nmethod 9275 0x0000019715cc1790 code [0x0000019715cc1940, 0x0000019715cc1a58]
Event: 7592.067 Thread 0x000001971f2fb900 9276       1       java.lang.invoke.LambdaForm$MH/0x000001972171cc00::invoke (27 bytes)
Event: 7592.072 Thread 0x000001971f2fb900 nmethod 9276 0x0000019715cc1390 code [0x0000019715cc1540, 0x0000019715cc16b8]
Event: 7622.084 Thread 0x000001971f2fb900 9277       1       java.io.PushbackInputStream::<init> (7 bytes)
Event: 7622.085 Thread 0x000001971f2fb900 nmethod 9277 0x0000019715cc0f10 code [0x0000019715cc10a0, 0x0000019715cc12d8]
Event: 7622.085 Thread 0x000001971f2fb900 9278       1       java.io.PushbackInputStream::<init> (32 bytes)
Event: 7622.090 Thread 0x000001971f2fb900 nmethod 9278 0x0000019715cc0990 code [0x0000019715cc0b40, 0x0000019715cc0e08]
Event: 7622.090 Thread 0x000001971f2fb900 9284       1       com.netflix.discovery.shared.Applications$$Lambda$2582/0x0000019721f03528::apply (8 bytes)
Event: 7622.094 Thread 0x000001971f2fb900 nmethod 9284 0x0000019715cc0610 code [0x0000019715cc07a0, 0x0000019715cc08f8]
Event: 7622.094 Thread 0x000001971f2fb900 9285       1       com.netflix.discovery.shared.Applications::lambda$populateInstanceCountMap$0 (9 bytes)
Event: 7622.094 Thread 0x000001971f2fb900 nmethod 9285 0x0000019715cc0310 code [0x0000019715cc04a0, 0x0000019715cc0598]
Event: 7622.094 Thread 0x000001971f2fb900 9279       1       java.io.PushbackInputStream::read (42 bytes)
Event: 7622.094 Thread 0x000001971f2fb900 nmethod 9279 0x0000019715cbfe10 code [0x0000019715cbffc0, 0x0000019715cc01b8]
Event: 7622.094 Thread 0x000001971f2fb900 9280       1       java.io.PushbackInputStream::unread (40 bytes)
Event: 7622.095 Thread 0x000001971f2fb900 nmethod 9280 0x0000019715cbf890 code [0x0000019715cbfa40, 0x0000019715cbfc98]
Event: 7622.095 Thread 0x000001971f2fb900 9281       1       org.springframework.util.MimeType::includes (143 bytes)

GC Heap History (20 events):
Event: 20.429 GC heap before
{Heap before GC invocations=42 (full 0):
 garbage-first heap   total 99328K, used 81657K [0x0000000082600000, 0x0000000100000000)
  region size 1024K, 25 young (25600K), 2 survivors (2048K)
 Metaspace       used 97829K, committed 98496K, reserved 1179648K
  class space    used 14668K, committed 14976K, reserved 1048576K
}
Event: 20.433 GC heap after
{Heap after GC invocations=43 (full 0):
 garbage-first heap   total 99328K, used 59405K [0x0000000082600000, 0x0000000100000000)
  region size 1024K, 4 young (4096K), 4 survivors (4096K)
 Metaspace       used 97829K, committed 98496K, reserved 1179648K
  class space    used 14668K, committed 14976K, reserved 1048576K
}
Event: 20.459 GC heap before
{Heap before GC invocations=43 (full 0):
 garbage-first heap   total 99328K, used 60429K [0x0000000082600000, 0x0000000100000000)
  region size 1024K, 5 young (5120K), 4 survivors (4096K)
 Metaspace       used 98020K, committed 98624K, reserved 1179648K
  class space    used 14691K, committed 14976K, reserved 1048576K
}
Event: 20.463 GC heap after
{Heap after GC invocations=44 (full 0):
 garbage-first heap   total 99328K, used 59423K [0x0000000082600000, 0x0000000100000000)
  region size 1024K, 1 young (1024K), 1 survivors (1024K)
 Metaspace       used 98020K, committed 98624K, reserved 1179648K
  class space    used 14691K, committed 14976K, reserved 1048576K
}
Event: 87.179 GC heap before
{Heap before GC invocations=44 (full 0):
 garbage-first heap   total 99328K, used 82975K [0x0000000082600000, 0x0000000100000000)
  region size 1024K, 24 young (24576K), 1 survivors (1024K)
 Metaspace       used 100572K, committed 101248K, reserved 1179648K
  class space    used 15047K, committed 15360K, reserved 1048576K
}
Event: 87.183 GC heap after
{Heap after GC invocations=45 (full 0):
 garbage-first heap   total 99328K, used 59896K [0x0000000082600000, 0x0000000100000000)
  region size 1024K, 1 young (1024K), 1 survivors (1024K)
 Metaspace       used 100572K, committed 101248K, reserved 1179648K
  class space    used 15047K, committed 15360K, reserved 1048576K
}
Event: 416.326 GC heap before
{Heap before GC invocations=46 (full 0):
 garbage-first heap   total 101376K, used 82424K [0x0000000082600000, 0x0000000100000000)
  region size 1024K, 24 young (24576K), 1 survivors (1024K)
 Metaspace       used 101328K, committed 101824K, reserved 1179648K
  class space    used 15125K, committed 15360K, reserved 1048576K
}
Event: 416.406 GC heap after
{Heap after GC invocations=47 (full 0):
 garbage-first heap   total 101376K, used 59076K [0x0000000082600000, 0x0000000100000000)
  region size 1024K, 2 young (2048K), 2 survivors (2048K)
 Metaspace       used 101328K, committed 101824K, reserved 1179648K
  class space    used 15125K, committed 15360K, reserved 1048576K
}
Event: 416.810 GC heap before
{Heap before GC invocations=47 (full 0):
 garbage-first heap   total 101376K, used 61124K [0x0000000082600000, 0x0000000100000000)
  region size 1024K, 4 young (4096K), 2 survivors (2048K)
 Metaspace       used 101618K, committed 102144K, reserved 1179648K
  class space    used 15170K, committed 15424K, reserved 1048576K
}
Event: 417.056 GC heap after
{Heap after GC invocations=48 (full 0):
 garbage-first heap   total 101376K, used 53759K [0x0000000082600000, 0x0000000100000000)
  region size 1024K, 1 young (1024K), 1 survivors (1024K)
 Metaspace       used 101618K, committed 102144K, reserved 1179648K
  class space    used 15170K, committed 15424K, reserved 1048576K
}
Event: 418.904 GC heap before
{Heap before GC invocations=48 (full 0):
 garbage-first heap   total 101376K, used 55807K [0x0000000082600000, 0x0000000100000000)
  region size 1024K, 4 young (4096K), 1 survivors (1024K)
 Metaspace       used 102050K, committed 102592K, reserved 1179648K
  class space    used 15252K, committed 15488K, reserved 1048576K
}
Event: 418.977 GC heap after
{Heap after GC invocations=49 (full 0):
 garbage-first heap   total 226304K, used 53618K [0x0000000082600000, 0x0000000100000000)
  region size 1024K, 1 young (1024K), 1 survivors (1024K)
 Metaspace       used 102050K, committed 102592K, reserved 1179648K
  class space    used 15252K, committed 15488K, reserved 1048576K
}
Event: 2247.223 GC heap before
{Heap before GC invocations=49 (full 0):
 garbage-first heap   total 226304K, used 187762K [0x0000000082600000, 0x0000000100000000)
  region size 1024K, 132 young (135168K), 1 survivors (1024K)
 Metaspace       used 106129K, committed 106752K, reserved 1179648K
  class space    used 15842K, committed 16128K, reserved 1048576K
}
Event: 2247.430 GC heap after
{Heap after GC invocations=50 (full 0):
 garbage-first heap   total 226304K, used 55456K [0x0000000082600000, 0x0000000100000000)
  region size 1024K, 3 young (3072K), 3 survivors (3072K)
 Metaspace       used 106129K, committed 106752K, reserved 1179648K
  class space    used 15842K, committed 16128K, reserved 1048576K
}
Event: 4219.036 GC heap before
{Heap before GC invocations=51 (full 0):
 garbage-first heap   total 191488K, used 167072K [0x0000000082600000, 0x0000000100000000)
  region size 1024K, 112 young (114688K), 3 survivors (3072K)
 Metaspace       used 106129K, committed 106752K, reserved 1179648K
  class space    used 15842K, committed 16128K, reserved 1048576K
}
Event: 4219.127 GC heap after
{Heap after GC invocations=52 (full 0):
 garbage-first heap   total 191488K, used 55003K [0x0000000082600000, 0x0000000100000000)
  region size 1024K, 2 young (2048K), 2 survivors (2048K)
 Metaspace       used 106129K, committed 106752K, reserved 1179648K
  class space    used 15842K, committed 16128K, reserved 1048576K
}
Event: 4353.690 GC heap before
{Heap before GC invocations=52 (full 0):
 garbage-first heap   total 191488K, used 62171K [0x0000000082600000, 0x0000000100000000)
  region size 1024K, 9 young (9216K), 2 survivors (2048K)
 Metaspace       used 106129K, committed 106752K, reserved 1179648K
  class space    used 15842K, committed 16128K, reserved 1048576K
}
Event: 4353.735 GC heap after
{Heap after GC invocations=53 (full 0):
 garbage-first heap   total 191488K, used 54633K [0x0000000082600000, 0x0000000100000000)
  region size 1024K, 2 young (2048K), 2 survivors (2048K)
 Metaspace       used 106129K, committed 106752K, reserved 1179648K
  class space    used 15842K, committed 16128K, reserved 1048576K
}
Event: 6140.845 GC heap before
{Heap before GC invocations=53 (full 0):
 garbage-first heap   total 191488K, used 163177K [0x0000000082600000, 0x0000000100000000)
  region size 1024K, 109 young (111616K), 2 survivors (2048K)
 Metaspace       used 106145K, committed 106752K, reserved 1179648K
  class space    used 15846K, committed 16128K, reserved 1048576K
}
Event: 6140.957 GC heap after
{Heap after GC invocations=54 (full 0):
 garbage-first heap   total 191488K, used 54504K [0x0000000082600000, 0x0000000100000000)
  region size 1024K, 1 young (1024K), 1 survivors (1024K)
 Metaspace       used 106145K, committed 106752K, reserved 1179648K
  class space    used 15846K, committed 16128K, reserved 1048576K
}

Deoptimization events (8 events):
Event: 2.694 Thread 0x0000019765c5b600 DEOPT PACKING pc=0x0000019714fe5c1c sp=0x00000045cf6fa3b0
Event: 2.694 Thread 0x0000019765c5b600 DEOPT UNPACKING pc=0x0000019714cb2b43 sp=0x00000045cf6f9878 mode 0
Event: 2.902 Thread 0x0000019765c5b600 DEOPT PACKING pc=0x0000019715130c1a sp=0x00000045cf6fd690
Event: 2.902 Thread 0x0000019765c5b600 DEOPT UNPACKING pc=0x0000019714cb2b43 sp=0x00000045cf6fcb98 mode 3
Event: 7.665 Thread 0x0000019765c5b600 DEOPT PACKING pc=0x0000019715142699 sp=0x00000045cf6fe2b0
Event: 7.665 Thread 0x0000019765c5b600 DEOPT UNPACKING pc=0x0000019714cb2b43 sp=0x00000045cf6fd750 mode 3
Event: 7.665 Thread 0x000001976726da80 DEOPT PACKING pc=0x000001971524d4af sp=0x00000045cfbff0b0
Event: 7.665 Thread 0x000001976726da80 DEOPT UNPACKING pc=0x0000019714cb2b43 sp=0x00000045cfbfe518 mode 3

Classes unloaded (20 events):
Event: 6141.445 Thread 0x000001971f2d6a80 Unloading class 0x000001972119bc00 'java/lang/invoke/LambdaForm$MH+0x000001972119bc00'
Event: 6141.445 Thread 0x000001971f2d6a80 Unloading class 0x000001972119c400 'java/lang/invoke/LambdaForm$MH+0x000001972119c400'
Event: 6141.445 Thread 0x000001971f2d6a80 Unloading class 0x000001972119cc00 'java/lang/invoke/LambdaForm$MH+0x000001972119cc00'
Event: 6141.445 Thread 0x000001971f2d6a80 Unloading class 0x00000197211aec00 'java/lang/invoke/LambdaForm$MH+0x00000197211aec00'
Event: 6141.445 Thread 0x000001971f2d6a80 Unloading class 0x0000019721208800 'java/lang/invoke/LambdaForm$MH+0x0000019721208800'
Event: 6141.445 Thread 0x000001971f2d6a80 Unloading class 0x0000019721280000 'java/lang/invoke/LambdaForm$MH+0x0000019721280000'
Event: 6141.445 Thread 0x000001971f2d6a80 Unloading class 0x0000019721374800 'java/lang/invoke/LambdaForm$MH+0x0000019721374800'
Event: 6141.446 Thread 0x000001971f2d6a80 Unloading class 0x0000019721484000 'java/lang/invoke/LambdaForm$MH+0x0000019721484000'
Event: 6141.447 Thread 0x000001971f2d6a80 Unloading class 0x0000019721568800 'java/lang/invoke/LambdaForm$MH+0x0000019721568800'
Event: 6141.447 Thread 0x000001971f2d6a80 Unloading class 0x0000019721574400 'java/lang/invoke/LambdaForm$MH+0x0000019721574400'
Event: 6141.448 Thread 0x000001971f2d6a80 Unloading class 0x0000019721668800 'java/lang/invoke/LambdaForm$MH+0x0000019721668800'
Event: 6141.448 Thread 0x000001971f2d6a80 Unloading class 0x0000019721672800 'java/lang/invoke/LambdaForm$MH+0x0000019721672800'
Event: 6141.449 Thread 0x000001971f2d6a80 Unloading class 0x000001972171c800 'java/lang/invoke/LambdaForm$MH+0x000001972171c800'
Event: 6141.449 Thread 0x000001971f2d6a80 Unloading class 0x0000019721728400 'java/lang/invoke/LambdaForm$MH+0x0000019721728400'
Event: 6141.450 Thread 0x000001971f2d6a80 Unloading class 0x00000197219fc000 'java/lang/invoke/LambdaForm$DMH+0x00000197219fc000'
Event: 6141.450 Thread 0x000001971f2d6a80 Unloading class 0x0000019721bf4400 'jdk/internal/reflect/GeneratedMethodAccessor27'
Event: 6141.450 Thread 0x000001971f2d6a80 Unloading class 0x0000019721bf4800 'jdk/internal/reflect/GeneratedConstructorAccessor51'
Event: 6141.453 Thread 0x000001971f2d6a80 Unloading class 0x0000019721d3c800 'jdk/internal/reflect/GeneratedConstructorAccessor50'
Event: 6141.454 Thread 0x000001971f2d6a80 Unloading class 0x0000019721d6c000 'jdk/internal/reflect/GeneratedConstructorAccessor49'
Event: 6141.456 Thread 0x000001971f2d6a80 Unloading class 0x0000019721d84000 'jdk/internal/reflect/GeneratedConstructorAccessor48'

Classes redefined (0 events):
No events

Internal exceptions (20 events):
Event: 5336.918 Thread 0x0000019767532ab0 Exception <a 'java/io/IOException'{0x00000000902aec10}: Connection reset by peer> (0x00000000902aec10) 
thrown [s\open\src\hotspot\share\prims\jni.cpp, line 535]
Event: 5346.491 Thread 0x0000019767532ab0 Exception <a 'java/io/IOException'{0x000000008a641340}: Connection reset by peer> (0x000000008a641340) 
thrown [s\open\src\hotspot\share\prims\jni.cpp, line 535]
Event: 5347.463 Thread 0x0000019767532ab0 Exception <a 'java/io/IOException'{0x000000008a644328}: Connection reset by peer> (0x000000008a644328) 
thrown [s\open\src\hotspot\share\prims\jni.cpp, line 535]
Event: 5355.454 Thread 0x0000019767532ab0 Exception <a 'java/io/IOException'{0x000000008a5b4038}: Connection reset by peer> (0x000000008a5b4038) 
thrown [s\open\src\hotspot\share\prims\jni.cpp, line 535]
Event: 5364.542 Thread 0x0000019767532ab0 Exception <a 'java/io/IOException'{0x000000008a5b7018}: Connection reset by peer> (0x000000008a5b7018) 
thrown [s\open\src\hotspot\share\prims\jni.cpp, line 535]
Event: 5380.412 Thread 0x0000019767532ab0 Exception <a 'java/io/IOException'{0x000000008a5b9ff8}: Connection reset by peer> (0x000000008a5b9ff8) 
thrown [s\open\src\hotspot\share\prims\jni.cpp, line 535]
Event: 5389.825 Thread 0x0000019767532ab0 Exception <a 'java/io/IOException'{0x000000008a5bd038}: Connection reset by peer> (0x000000008a5bd038) 
thrown [s\open\src\hotspot\share\prims\jni.cpp, line 535]
Event: 5394.073 Thread 0x0000019767532ab0 Exception <a 'java/io/IOException'{0x000000008a081330}: Connection reset by peer> (0x000000008a081330) 
thrown [s\open\src\hotspot\share\prims\jni.cpp, line 535]
Event: 5404.272 Thread 0x0000019767532ab0 Exception <a 'java/io/IOException'{0x000000008a0840e8}: Connection reset by peer> (0x000000008a0840e8) 
thrown [s\open\src\hotspot\share\prims\jni.cpp, line 535]
Event: 5422.945 Thread 0x0000019767532ab0 Exception <a 'java/io/IOException'{0x000000008a087128}: Connection reset by peer> (0x000000008a087128) 
thrown [s\open\src\hotspot\share\prims\jni.cpp, line 535]
Event: 5478.052 Thread 0x0000019767532ab0 Exception <a 'java/io/IOException'{0x000000008a08a1b8}: Connection reset by peer> (0x000000008a08a1b8) 
thrown [s\open\src\hotspot\share\prims\jni.cpp, line 535]
Event: 5482.425 Thread 0x0000019767532ab0 Exception <a 'java/io/IOException'{0x000000008a08d1a8}: Connection reset by peer> (0x000000008a08d1a8) 
thrown [s\open\src\hotspot\share\prims\jni.cpp, line 535]
Event: 5484.701 Thread 0x0000019767532ab0 Exception <a 'java/io/IOException'{0x0000000089982510}: Connection reset by peer> (0x0000000089982510) 
thrown [s\open\src\hotspot\share\prims\jni.cpp, line 535]
Event: 5490.180 Thread 0x0000019767532ab0 Exception <a 'java/io/IOException'{0x00000000899852c8}: Connection reset by peer> (0x00000000899852c8) 
thrown [s\open\src\hotspot\share\prims\jni.cpp, line 535]
Event: 5490.665 Thread 0x0000019767532ab0 Exception <a 'java/io/IOException'{0x00000000899882b8}: Connection reset by peer> (0x00000000899882b8) 
thrown [s\open\src\hotspot\share\prims\jni.cpp, line 535]
Event: 5490.726 Thread 0x0000019767532ab0 Exception <a 'java/io/IOException'{0x000000008998b070}: Connection reset by peer> (0x000000008998b070) 
thrown [s\open\src\hotspot\share\prims\jni.cpp, line 535]
Event: 5491.207 Thread 0x0000019767532ab0 Exception <a 'java/io/IOException'{0x000000008998de20}: Connection reset by peer> (0x000000008998de20) 
thrown [s\open\src\hotspot\share\prims\jni.cpp, line 535]
Event: 5510.327 Thread 0x0000019767532ab0 Exception <a 'java/io/IOException'{0x000000008978c340}: Connection reset by peer> (0x000000008978c340) 
thrown [s\open\src\hotspot\share\prims\jni.cpp, line 535]
Event: 5510.592 Thread 0x0000019767532ab0 Exception <a 'java/io/IOException'{0x000000008978f330}: Connection reset by peer> (0x000000008978f330) 
thrown [s\open\src\hotspot\share\prims\jni.cpp, line 535]
Event: 5522.062 Thread 0x0000019767532ab0 Exception <a 'java/io/IOException'{0x00000000897920e8}: Connection reset by peer> (0x00000000897920e8) 
thrown [s\open\src\hotspot\share\prims\jni.cpp, line 535]

VM Operations (20 events):
Event: 7175.943 Executing VM operation: Cleanup
Event: 7175.943 Executing VM operation: Cleanup done
Event: 7218.313 Executing VM operation: Cleanup
Event: 7218.313 Executing VM operation: Cleanup done
Event: 7323.177 Executing VM operation: Cleanup
Event: 7323.286 Executing VM operation: Cleanup done
Event: 7345.450 Executing VM operation: Cleanup
Event: 7345.450 Executing VM operation: Cleanup done
Event: 7372.677 Executing VM operation: Cleanup
Event: 7372.692 Executing VM operation: Cleanup done
Event: 7373.702 Executing VM operation: Cleanup
Event: 7373.717 Executing VM operation: Cleanup done
Event: 7374.729 Executing VM operation: Cleanup
Event: 7374.729 Executing VM operation: Cleanup done
Event: 7377.750 Executing VM operation: Cleanup
Event: 7377.750 Executing VM operation: Cleanup done
Event: 7396.936 Executing VM operation: Cleanup
Event: 7396.936 Executing VM operation: Cleanup done
Event: 7472.552 Executing VM operation: Cleanup
Event: 7472.552 Executing VM operation: Cleanup done

Events (20 events):
Event: 7180.325 Thread 0x00000197669c80d0 Thread exited: 0x00000197669c80d0
Event: 7180.435 Thread 0x00000197669cdbf0 Thread exited: 0x00000197669cdbf0
Event: 7192.905 Thread 0x00000197669cdbf0 Thread added: 0x00000197669cdbf0
Event: 7192.909 Thread 0x00000197669cc7b0 Thread added: 0x00000197669cc7b0
Event: 7197.911 Thread 0x00000197669cdbf0 Thread exited: 0x00000197669cdbf0
Event: 7198.034 Thread 0x00000197669cc7b0 Thread exited: 0x00000197669cc7b0
Event: 7218.161 Thread 0x00000197669c9f30 Thread added: 0x00000197669c9f30
Event: 7218.164 Thread 0x00000197669c80d0 Thread added: 0x00000197669c80d0
Event: 7223.167 Thread 0x00000197669c9f30 Thread exited: 0x00000197669c9f30
Event: 7223.309 Thread 0x00000197669c80d0 Thread exited: 0x00000197669c80d0
Event: 7278.024 Thread 0x00000197669cae60 Thread added: 0x00000197669cae60
Event: 7278.031 Thread 0x00000197669c80d0 Thread added: 0x00000197669c80d0
Event: 7283.044 Thread 0x00000197669cae60 Thread exited: 0x00000197669cae60
Event: 7283.135 Thread 0x00000197669c80d0 Thread exited: 0x00000197669c80d0
Event: 7323.684 loading class javax/crypto/spec/PSource
Event: 7323.692 loading class javax/crypto/spec/PSource done
Event: 7323.693 loading class javax/crypto/spec/PSource$PSpecified
Event: 7323.695 loading class javax/crypto/spec/PSource$PSpecified done
Event: 7323.695 loading class javax/crypto/spec/OAEPParameterSpec
Event: 7323.705 loading class javax/crypto/spec/OAEPParameterSpec done


Dynamic libraries:
0x00007ff75c7c0000 - 0x00007ff75c7d0000 	C:\Program Files\Java\jdk-17\bin\java.exe
0x00007ffa38050000 - 0x00007ffa38249000 	C:\Windows\SYSTEM32\ntdll.dll
0x00007ffa36a10000 - 0x00007ffa36ad2000 	C:\Windows\System32\KERNEL32.DLL
0x00007ffa35a40000 - 0x00007ffa35d37000 	C:\Windows\System32\KERNELBASE.dll
0x00007ffa358a0000 - 0x00007ffa359a0000 	C:\Windows\System32\ucrtbase.dll
0x00007ffa15860000 - 0x00007ffa1587b000 	C:\Program Files\Java\jdk-17\bin\VCRUNTIME140.dll
0x00007ffa283f0000 - 0x00007ffa28409000 	C:\Program Files\Java\jdk-17\bin\jli.dll
0x00007ffa37d60000 - 0x00007ffa37e12000 	C:\Windows\System32\ADVAPI32.dll
0x00007ffa36970000 - 0x00007ffa36a0e000 	C:\Windows\System32\msvcrt.dll
0x00007ffa36c60000 - 0x00007ffa36d00000 	C:\Windows\System32\sechost.dll
0x00007ffa37ed0000 - 0x00007ffa37ff6000 	C:\Windows\System32\RPCRT4.dll
0x00007ffa35f10000 - 0x00007ffa35f37000 	C:\Windows\System32\bcrypt.dll
0x00007ffa36500000 - 0x00007ffa3669d000 	C:\Windows\System32\USER32.dll
0x00007ffa35f40000 - 0x00007ffa35f62000 	C:\Windows\System32\win32u.dll
0x00007ffa17df0000 - 0x00007ffa1808b000 	C:\Windows\WinSxS\amd64_microsoft.windows.common-controls_6595b64144ccf1df_6.0.19041.7663_none_60b9ed0b71f50c93\COMCTL32.dll
0x00007ffa36940000 - 0x00007ffa3696b000 	C:\Windows\System32\GDI32.dll
0x00007ffa35df0000 - 0x00007ffa35f0a000 	C:\Windows\System32\gdi32full.dll
0x00007ffa359a0000 - 0x00007ffa35a3d000 	C:\Windows\System32\msvcp_win.dll
0x00007ffa2cfa0000 - 0x00007ffa2cfaa000 	C:\Windows\SYSTEM32\VERSION.dll
0x00007ffa37d30000 - 0x00007ffa37d5f000 	C:\Windows\System32\IMM32.DLL
0x00007ffa2e240000 - 0x00007ffa2e24c000 	C:\Program Files\Java\jdk-17\bin\vcruntime140_1.dll
0x00007ff9f88e0000 - 0x00007ff9f896e000 	C:\Program Files\Java\jdk-17\bin\msvcp140.dll
0x00007ff9f4850000 - 0x00007ff9f5430000 	C:\Program Files\Java\jdk-17\bin\server\jvm.dll
0x00007ffa38000000 - 0x00007ffa38008000 	C:\Windows\System32\PSAPI.DLL
0x00007ffa21740000 - 0x00007ffa21749000 	C:\Windows\SYSTEM32\WSOCK32.dll
0x00007ffa17dc0000 - 0x00007ffa17de7000 	C:\Windows\SYSTEM32\WINMM.dll
0x00007ffa376f0000 - 0x00007ffa3775b000 	C:\Windows\System32\WS2_32.dll
0x00007ffa33520000 - 0x00007ffa33532000 	C:\Windows\SYSTEM32\kernel.appcore.dll
0x00007ffa211a0000 - 0x00007ffa211aa000 	C:\Program Files\Java\jdk-17\bin\jimage.dll
0x00007ffa2dfa0000 - 0x00007ffa2e1a1000 	C:\Windows\SYSTEM32\DBGHELP.DLL
0x00007ffa29640000 - 0x00007ffa29674000 	C:\Windows\SYSTEM32\dbgcore.DLL
0x00007ffa35fc0000 - 0x00007ffa36042000 	C:\Windows\System32\bcryptPrimitives.dll
0x00007ffa07150000 - 0x00007ffa07175000 	C:\Program Files\Java\jdk-17\bin\java.dll
0x00007ff9f8800000 - 0x00007ff9f88d7000 	C:\Program Files\Java\jdk-17\bin\jsvml.dll
0x00007ffa36d10000 - 0x00007ffa37481000 	C:\Windows\System32\SHELL32.dll
0x00007ffa33730000 - 0x00007ffa33edc000 	C:\Windows\SYSTEM32\windows.storage.dll
0x00007ffa36050000 - 0x00007ffa363a3000 	C:\Windows\System32\combase.dll
0x00007ffa350e0000 - 0x00007ffa3510b000 	C:\Windows\SYSTEM32\Wldp.dll
0x00007ffa377e0000 - 0x00007ffa378b6000 	C:\Windows\System32\OLEAUT32.dll
0x00007ffa374f0000 - 0x00007ffa3759d000 	C:\Windows\System32\SHCORE.dll
0x00007ffa37690000 - 0x00007ffa376eb000 	C:\Windows\System32\shlwapi.dll
0x00007ffa355e0000 - 0x00007ffa35605000 	C:\Windows\SYSTEM32\profapi.dll
0x00007ffa09f30000 - 0x00007ffa09f49000 	C:\Program Files\Java\jdk-17\bin\net.dll
0x00007ffa29810000 - 0x00007ffa2991d000 	C:\Windows\SYSTEM32\WINHTTP.dll
0x00007ffa34e10000 - 0x00007ffa34e7a000 	C:\Windows\system32\mswsock.dll
0x00007ffa07b90000 - 0x00007ffa07ba6000 	C:\Program Files\Java\jdk-17\bin\nio.dll
0x00007ffa07130000 - 0x00007ffa07148000 	C:\Program Files\Java\jdk-17\bin\zip.dll
0x00007ffa12850000 - 0x00007ffa1285a000 	C:\Program Files\Java\jdk-17\bin\management.dll
0x00007ffa0bad0000 - 0x00007ffa0badb000 	C:\Program Files\Java\jdk-17\bin\management_ext.dll
0x00007ffa34aa0000 - 0x00007ffa34adb000 	C:\Windows\SYSTEM32\IPHLPAPI.DLL
0x00007ffa366a0000 - 0x00007ffa366a8000 	C:\Windows\System32\NSI.dll
0x00007ffa29cb0000 - 0x00007ffa29cc7000 	C:\Windows\SYSTEM32\dhcpcsvc6.DLL
0x00007ffa2a2a0000 - 0x00007ffa2a2be000 	C:\Windows\SYSTEM32\dhcpcsvc.DLL
0x00007ffa34ae0000 - 0x00007ffa34bac000 	C:\Windows\SYSTEM32\DNSAPI.dll
0x00007ffa2a6c0000 - 0x00007ffa2a6ca000 	C:\Windows\System32\rasadhlp.dll
0x00007ffa1ca80000 - 0x00007ffa1cb00000 	C:\Windows\System32\fwpuclnt.dll
0x00007ffa35040000 - 0x00007ffa35058000 	C:\Windows\SYSTEM32\CRYPTSP.dll
0x00007ffa346c0000 - 0x00007ffa346f8000 	C:\Windows\system32\rsaenh.dll
0x00007ffa355a0000 - 0x00007ffa355ce000 	C:\Windows\SYSTEM32\USERENV.dll
0x00007ffa35030000 - 0x00007ffa3503c000 	C:\Windows\SYSTEM32\CRYPTBASE.dll
0x00007ffa167e0000 - 0x00007ffa167ee000 	C:\Program Files\Java\jdk-17\bin\sunmscapi.dll
0x00007ffa35740000 - 0x00007ffa3589d000 	C:\Windows\System32\CRYPT32.dll
0x00007ffa35150000 - 0x00007ffa35177000 	C:\Windows\SYSTEM32\ncrypt.dll
0x00007ffa35110000 - 0x00007ffa3514b000 	C:\Windows\SYSTEM32\NTASN1.dll
0x00007ffa19940000 - 0x00007ffa19950000 	C:\Program Files\Java\jdk-17\bin\verify.dll
0x00007ffa080d0000 - 0x00007ffa080d7000 	C:\Windows\system32\wshunix.dll

dbghelp: loaded successfully - version: 4.0.5 - missing functions: none
symbol engine: initialized successfully - sym options: 0x614 - pdb path: .;C:\Program Files\Java\jdk-17\bin;C:\Windows\SYSTEM32;C:\Windows\WinSxS\amd64_microsoft.windows.common-controls_6595b64144ccf1df_6.0.19041.7663_none_60b9ed0b71f50c93;C:\Program Files\Java\jdk-17\bin\server

VM Arguments:
jvm_args: -XX:TieredStopAtLevel=1 
java_command: com.hms.user.UserServiceApplication
java_class_path (initial): D:\Hospital Management Service\HMS-Backend\UserMs\target\classes;C:\Users\PC\.m2\repository\software\amazon\awssdk\secretsmanager\2.25.0\secretsmanager-2.25.0.jar;C:\Users\PC\.m2\repository\software\amazon\awssdk\aws-json-protocol\2.25.0\aws-json-protocol-2.25.0.jar;C:\Users\PC\.m2\repository\software\amazon\awssdk\third-party-jackson-core\2.25.0\third-party-jackson-core-2.25.0.jar;C:\Users\PC\.m2\repository\software\amazon\awssdk\protocol-core\2.25.0\protocol-core-2.25.0.jar;C:\Users\PC\.m2\repository\software\amazon\awssdk\http-auth-aws\2.25.0\http-auth-aws-2.25.0.jar;C:\Users\PC\.m2\repository\software\amazon\awssdk\checksums-spi\2.25.0\checksums-spi-2.25.0.jar;C:\Users\PC\.m2\repository\software\amazon\awssdk\checksums\2.25.0\checksums-2.25.0.jar;C:\Users\PC\.m2\repository\software\amazon\awssdk\sdk-core\2.25.0\sdk-core-2.25.0.jar;C:\Users\PC\.m2\repository\org\slf4j\slf4j-api\2.0.17\slf4j-api-2.0.17.jar;C:\Users\PC\.m2\repository\org\reactivestreams\reactive-streams\1.0.4\reactive-streams-1.0.4.jar;C:\Users\PC\.m2\repository\software\amazon\awssdk\auth\2.25.0\auth-2.25.0.jar;C:\Users\PC\.m2\repository\software\amazon\eventstream\eventstream\1.0.1\eventstream-1.0.1.jar;C:\Users\PC\.m2\repository\software\amazon\awssdk\http-auth-spi\2.25.0\http-auth-spi-2.25.0.jar;C:\Users\PC\.m2\repository\software\amazon\awssdk\http-auth\2.25.0\http-auth-2.25.0.jar;C:\Users\PC\.m2\repository\software\amazon\awssdk\identity-spi\2.25.0\identity-spi-2.25.0.jar;C:\Users\PC\.m2\repository\software\amazon\awssdk\http-client-spi\2.25.0\http-client-spi-2.25.0.jar;C:\Users\PC\.m2\repository\software\amazon\awssdk\regions\2.25.0\regions-2.25.0.jar;C:\Users\PC\.m2\repository\software\amazon\awssdk\annotations\2.25.0\annotations-2.25.0.jar;C:\Users\PC\.m2\repository\software\amazon\awssdk\utils\2.25.0\utils-2.25.0.jar;C:\Users\PC\.m2\repository\software\amazon\awssdk\aws-core\2.25.0\aws-core-2.25.0.jar;C:\Users\PC\.m2\repository\software\amazon\awssdk\metrics-s
Launcher Type: SUN_STANDARD

[Global flags]
     intx CICompilerCount                          = 4                                         {product} {ergonomic}
     uint ConcGCThreads                            = 2                                         {product} {ergonomic}
     uint G1ConcRefinementThreads                  = 8                                         {product} {ergonomic}
   size_t G1HeapRegionSize                         = 1048576                                   {product} {ergonomic}
    uintx GCDrainStackTargetSize                   = 64                                        {product} {ergonomic}
   size_t InitialHeapSize                          = 132120576                                 {product} {ergonomic}
   size_t MarkStackSize                            = 4194304                                   {product} {ergonomic}
   size_t MaxHeapSize                              = 2107637760                                {product} {ergonomic}
   size_t MaxNewSize                               = 1264582656                                {product} {ergonomic}
   size_t MinHeapDeltaBytes                        = 1048576                                   {product} {ergonomic}
   size_t MinHeapSize                              = 8388608                                   {product} {ergonomic}
    uintx NonProfiledCodeHeapSize                  = 0                                      {pd product} {ergonomic}
     bool ProfileInterpreter                       = false                                  {pd product} {command line}
    uintx ProfiledCodeHeapSize                     = 0                                      {pd product} {ergonomic}
   size_t SoftMaxHeapSize                          = 2107637760                             {manageable} {ergonomic}
     intx TieredStopAtLevel                        = 1                                         {product} {command line}
     bool UseCompressedClassPointers               = true                           {product lp64_product} {ergonomic}
     bool UseCompressedOops                        = true                           {product lp64_product} {ergonomic}
     bool UseG1GC                                  = true                                      {product} {ergonomic}
     bool UseLargePagesIndividualAllocation        = false                                  {pd product} {ergonomic}

Logging:
Log output configuration:
 #0: stdout all=warning uptime,level,tags
 #1: stderr all=off uptime,level,tags

Environment Variables:
JAVA_HOME=C:/Program Files/Java/jdk-17
PATH=C:\Program Files\Git\mingw64\bin;C:\Program Files\Git\usr\bin;C:\Users\PC\bin;D:\NodeJs;C:\Users\PC\AppData\Local\Microsoft\WindowsApps;C:\Users\PC\AppData\Local\Programs\Microsoft VS Code\bin;C:\apache-maven-3.9.11\bin;C:\Program Files\Java\jdk-17\bin;C:\Program Files\PostgreSQL\18\bin;C:\Windows\System32;C:\Users\PC\AppData\Roaming\npm
USERNAME=PC
OS=Windows_NT
PROCESSOR_IDENTIFIER=Intel64 Family 6 Model 142 Stepping 10, GenuineIntel



---------------  S Y S T E M  ---------------

OS:
 Windows 10 , 64 bit Build 19041 (10.0.19041.7663)
OS uptime: 0 days 2:12 hours

CPU: total 8 (initial active 8) (4 cores per cpu, 2 threads per core) family 6 model 142 stepping 10 microcode 0xf6, cx8, cmov, fxsr, ht, mmx, 3dnowpref, sse, sse2, sse3, ssse3, sse4.1, sse4.2, popcnt, lzcnt, tsc, tscinvbit, avx, avx2, aes, erms, clmul, bmi1, bmi2, adx, fma, vzeroupper, clflush, clflushopt

Memory: 4k page, system-wide physical 8035M (184M free)
TotalPageFile size 18182M (AvailPageFile size 0M)
current process WorkingSet (physical memory assigned to process): 104M, peak: 297M
current process commit charge ("private bytes"): 450M, peak: 483M

vm_info: Java HotSpot(TM) 64-Bit Server VM (17.0.12+8-LTS-286) for windows-amd64 JRE (17.0.12+8-LTS-286), built on Jun  5 2024 06:46:59 by "mach5one" with MS VC++ 17.6 (VS2022)

END.
