#
# There is insufficient memory for the Java Runtime Environment to continue.
# Native memory allocation (malloc) failed to allocate 1642448 bytes for Chunk::new
# Possible reasons:
#   The system is out of physical RAM or swap space
#   The process is running with CompressedOops enabled, and the Java Heap may be blocking the growth of the native heap
# Possible solutions:
#   Reduce memory load on the system
#   Increase physical memory or swap space
#   Check if swap backing store is full
#   Decrease Java heap size (-Xmx/-Xms)
#   Decrease number of Java threads
#   Decrease Java thread stack sizes (-Xss)
#   Set larger code cache with -XX:ReservedCodeCacheSize=
#   JVM is running with Unscaled Compressed Oops mode in which the Java heap is
#     placed in the first 4GB address space. The Java Heap base address is the
#     maximum limit for the native heap growth. Please use -XX:HeapBaseMinAddress
#     to set the Java Heap base and to place the Java Heap above 4GB virtual address.
# This output file may be truncated or incomplete.
#
#  Out of Memory Error (arena.cpp:168), pid=13040, tid=8248
#
# JRE version: Java(TM) SE Runtime Environment (21.0.7+8) (build 21.0.7+8-LTS-245)
# Java VM: Java HotSpot(TM) 64-Bit Server VM (21.0.7+8-LTS-245, mixed mode, sharing, tiered, compressed oops, compressed class ptrs, g1 gc, windows-amd64)
# No core dump will be written. Minidumps are not enabled by default on client versions of Windows
#

---------------  S U M M A R Y ------------

Command Line: -javaagent:C:\Program Files\JetBrains\IntelliJ IDEA Community Edition 2025.1.3\lib\idea_rt.jar=64096 -Dfile.encoding=UTF-8 -Dsun.stdout.encoding=UTF-8 -Dsun.stderr.encoding=UTF-8 com.example.profile.ProfileMsApplication

Host: Intel(R) Core(TM) i5-8250U CPU @ 1.60GHz, 8 cores, 7G,  Windows 10 , 64 bit Build 19041 (10.0.19041.7181)
Time: Sun May 31 11:37:53 2026 India Standard Time elapsed time: 11.325945 seconds (0d 0h 0m 11s)

---------------  T H R E A D  ---------------

Current thread (0x000001a4ee9f52d0):  JavaThread "C2 CompilerThread0" daemon [_thread_in_native, id=8248, stack(0x00000008ed800000,0x00000008ed900000) (1024K)]


Current CompileTask:
C2:  11326 5169       4       org.springframework.core.annotation.AnnotationsScanner::getDeclaredAnnotations (167 bytes)

Stack: [0x00000008ed800000,0x00000008ed900000]
Native frames: (J=compiled Java code, j=interpreted, Vv=VM code, C=native code)
V  [jvm.dll+0x6cae19]
V  [jvm.dll+0x855741]
V  [jvm.dll+0x857c6e]
V  [jvm.dll+0x858343]
V  [jvm.dll+0x27e0b6]
V  [jvm.dll+0xc4ecd]
V  [jvm.dll+0xc5403]
V  [jvm.dll+0x3b578c]
V  [jvm.dll+0x381e25]
V  [jvm.dll+0x38129a]
V  [jvm.dll+0x246b30]
V  [jvm.dll+0x24610f]
V  [jvm.dll+0x1c6efe]
V  [jvm.dll+0x255819]
V  [jvm.dll+0x253daa]
V  [jvm.dll+0x3eebb6]
V  [jvm.dll+0x7ffa1b]
V  [jvm.dll+0x6c94fd]
C  [ucrtbase.dll+0x21bb2]
C  [KERNEL32.DLL+0x17374]
C  [ntdll.dll+0x4cc91]


---------------  P R O C E S S  ---------------

Threads class SMR info:
_java_thread_list=0x000001a4f62c8f10, length=17, elements={
0x000001a4d20b04f0, 0x000001a4ee9e2eb0, 0x000001a4ee9e7480, 0x000001a4ee9e97e0,
0x000001a4ee9ea4b0, 0x000001a4ee9eb6a0, 0x000001a4ee9ec890, 0x000001a4ee9f52d0,
0x000001a4ee9f72f0, 0x000001a4eece5e10, 0x000001a4eef14b10, 0x000001a4f30ea3a0,
0x000001a4f40eafe0, 0x000001a4f3c9df90, 0x000001a4f5aa6510, 0x000001a4f44c0a60,
0x000001a4f4c0c4e0
}

Java Threads: ( => current thread )
  0x000001a4d20b04f0 JavaThread "main"                              [_thread_blocked, id=2092, stack(0x00000008eca00000,0x00000008ecb00000) (1024K)]
  0x000001a4ee9e2eb0 JavaThread "Reference Handler"          daemon [_thread_blocked, id=10076, stack(0x00000008ed200000,0x00000008ed300000) (1024K)]
  0x000001a4ee9e7480 JavaThread "Finalizer"                  daemon [_thread_blocked, id=1208, stack(0x00000008ed300000,0x00000008ed400000) (1024K)]
  0x000001a4ee9e97e0 JavaThread "Signal Dispatcher"          daemon [_thread_blocked, id=15872, stack(0x00000008ed400000,0x00000008ed500000) (1024K)]
  0x000001a4ee9ea4b0 JavaThread "Attach Listener"            daemon [_thread_blocked, id=2220, stack(0x00000008ed500000,0x00000008ed600000) (1024K)]
  0x000001a4ee9eb6a0 JavaThread "Service Thread"             daemon [_thread_blocked, id=9600, stack(0x00000008ed600000,0x00000008ed700000) (1024K)]
  0x000001a4ee9ec890 JavaThread "Monitor Deflation Thread"   daemon [_thread_blocked, id=12568, stack(0x00000008ed700000,0x00000008ed800000) (1024K)]
=>0x000001a4ee9f52d0 JavaThread "C2 CompilerThread0"         daemon [_thread_in_native, id=8248, stack(0x00000008ed800000,0x00000008ed900000) (1024K)]
  0x000001a4ee9f72f0 JavaThread "C1 CompilerThread0"         daemon [_thread_blocked, id=16632, stack(0x00000008ed900000,0x00000008eda00000) (1024K)]
  0x000001a4eece5e10 JavaThread "Common-Cleaner"             daemon [_thread_blocked, id=16400, stack(0x00000008eda00000,0x00000008edb00000) (1024K)]
  0x000001a4eef14b10 JavaThread "Monitor Ctrl-Break"         daemon [_thread_in_native, id=16392, stack(0x00000008edc00000,0x00000008edd00000) (1024K)]
  0x000001a4f30ea3a0 JavaThread "Notification Thread"        daemon [_thread_blocked, id=1600, stack(0x00000008edd00000,0x00000008ede00000) (1024K)]
  0x000001a4f40eafe0 JavaThread "Thread-0"                          [_thread_blocked, id=1248, stack(0x00000008ee400000,0x00000008ee500000) (1024K)]
  0x000001a4f3c9df90 JavaThread "restartedMain"                     [_thread_in_native, id=2052, stack(0x00000008ee500000,0x00000008ee600000) (1024K)]
  0x000001a4f5aa6510 JavaThread "Catalina-utility-1"                [_thread_blocked, id=9888, stack(0x00000008ee600000,0x00000008ee700000) (1024K)]
  0x000001a4f44c0a60 JavaThread "Catalina-utility-2"                [_thread_blocked, id=11028, stack(0x00000008ee900000,0x00000008eea00000) (1024K)]
  0x000001a4f4c0c4e0 JavaThread "container-0"                       [_thread_blocked, id=7320, stack(0x00000008eea00000,0x00000008eeb00000) (1024K)]
Total: 17

Other Threads:
  0x000001a4ee9c8920 VMThread "VM Thread"                           [id=19472, stack(0x00000008ed100000,0x00000008ed200000) (1024K)]
  0x000001a4ee9b3f70 WatcherThread "VM Periodic Task Thread"        [id=7740, stack(0x00000008ed000000,0x00000008ed100000) (1024K)]
  0x000001a4d21062b0 WorkerThread "GC Thread#0"                     [id=7180, stack(0x00000008ecb00000,0x00000008ecc00000) (1024K)]
  0x000001a4f3b10f70 WorkerThread "GC Thread#1"                     [id=8308, stack(0x00000008ede00000,0x00000008edf00000) (1024K)]
  0x000001a4f3b21c90 WorkerThread "GC Thread#2"                     [id=16428, stack(0x00000008edf00000,0x00000008ee000000) (1024K)]
  0x000001a4f36e1cc0 WorkerThread "GC Thread#3"                     [id=1056, stack(0x00000008ee000000,0x00000008ee100000) (1024K)]
  0x000001a4f3c5b520 WorkerThread "GC Thread#4"                     [id=6660, stack(0x00000008ee100000,0x00000008ee200000) (1024K)]
  0x000001a4f3b49360 WorkerThread "GC Thread#5"                     [id=15904, stack(0x00000008ee200000,0x00000008ee300000) (1024K)]
  0x000001a4f3d92c60 WorkerThread "GC Thread#6"                     [id=1228, stack(0x00000008edb00000,0x00000008edc00000) (1024K)]
  0x000001a4f40e68d0 WorkerThread "GC Thread#7"                     [id=10352, stack(0x00000008ee300000,0x00000008ee400000) (1024K)]
  0x000001a4d2117f20 ConcurrentGCThread "G1 Main Marker"            [id=20024, stack(0x00000008ecc00000,0x00000008ecd00000) (1024K)]
  0x000001a4d21190d0 WorkerThread "G1 Conc#0"                       [id=3920, stack(0x00000008ecd00000,0x00000008ece00000) (1024K)]
  0x000001a4f471a800 WorkerThread "G1 Conc#1"                       [id=16268, stack(0x00000008ee700000,0x00000008ee800000) (1024K)]
  0x000001a4ee8855a0 ConcurrentGCThread "G1 Refine#0"               [id=16252, stack(0x00000008ece00000,0x00000008ecf00000) (1024K)]
  0x000001a4ee885f20 ConcurrentGCThread "G1 Service"                [id=17056, stack(0x00000008ecf00000,0x00000008ed000000) (1024K)]
Total: 15

Threads with active compile tasks:
C2 CompilerThread0    11442 5169       4       org.springframework.core.annotation.AnnotationsScanner::getDeclaredAnnotations (167 bytes)
Total: 1

VM state: not at safepoint (normal execution)

VM Mutex/Monitor currently owned by a thread: None

Heap address: 0x0000000082600000, size: 2010 MB, Compressed Oops mode: 32-bit

CDS archive(s) mapped at: [0x000001a480000000-0x000001a480c90000-0x000001a480c90000), size 13172736, SharedBaseAddress: 0x000001a480000000, ArchiveRelocationMode: 1.
Compressed class space mapped at: 0x000001a481000000-0x000001a4c1000000, reserved size: 1073741824
Narrow klass base: 0x000001a480000000, Narrow klass shift: 0, Narrow klass range: 0x100000000

GC Precious Log:
 CardTable entry size: 512
 Card Set container configuration: InlinePtr #cards 5 size 8 Array Of Cards #cards 12 size 40 Howl #buckets 4 coarsen threshold 1843 Howl Bitmap #cards 512 size 80 coarsen threshold 460 Card regions per heap region 1 cards per card region 2048
 CPUs: 8 total, 8 available
 Memory: 8035M
 Large Page Support: Disabled
 NUMA Support: Disabled
 Compressed Oops: Enabled (32-bit)
 Heap Region Size: 1M
 Heap Min Capacity: 8M
 Heap Initial Capacity: 126M
 Heap Max Capacity: 2010M
 Pre-touch: Disabled
 Parallel Workers: 8
 Concurrent Workers: 2
 Concurrent Refinement Workers: 8
 Periodic GC: Disabled

Heap:
 garbage-first heap   total 97280K, used 70262K [0x0000000082600000, 0x0000000100000000)
  region size 1024K, 33 young (33792K), 3 survivors (3072K)
 Metaspace       used 56556K, committed 57216K, reserved 1114112K
  class space    used 7188K, committed 7488K, reserved 1048576K

Heap Regions: E=young(eden), S=young(survivor), O=old, HS=humongous(starts), HC=humongous(continues), CS=collection set, F=free, TAMS=top-at-mark-start, PB=parsable bottom
|   0|0x0000000082600000, 0x0000000082700000, 0x0000000082700000|100%|HS|  |TAMS 0x0000000082600000| PB 0x0000000082600000| Complete 
|   1|0x0000000082700000, 0x0000000082800000, 0x0000000082800000|100%| O|  |TAMS 0x0000000082700000| PB 0x0000000082700000| Untracked 
|   2|0x0000000082800000, 0x0000000082900000, 0x0000000082900000|100%|HS|  |TAMS 0x0000000082800000| PB 0x0000000082800000| Complete 
|   3|0x0000000082900000, 0x0000000082a00000, 0x0000000082a00000|100%|HS|  |TAMS 0x0000000082900000| PB 0x0000000082900000| Complete 
|   4|0x0000000082a00000, 0x0000000082b00000, 0x0000000082b00000|100%| O|  |TAMS 0x0000000082a00000| PB 0x0000000082a00000| Untracked 
|   5|0x0000000082b00000, 0x0000000082c00000, 0x0000000082c00000|100%| O|  |TAMS 0x0000000082b00000| PB 0x0000000082b00000| Untracked 
|   6|0x0000000082c00000, 0x0000000082d00000, 0x0000000082d00000|100%| O|  |TAMS 0x0000000082c00000| PB 0x0000000082c00000| Untracked 
|   7|0x0000000082d00000, 0x0000000082e00000, 0x0000000082e00000|100%| O|  |TAMS 0x0000000082d00000| PB 0x0000000082d00000| Untracked 
|   8|0x0000000082e00000, 0x0000000082f00000, 0x0000000082f00000|100%| O|  |TAMS 0x0000000082e00000| PB 0x0000000082e00000| Untracked 
|   9|0x0000000082f00000, 0x0000000083000000, 0x0000000083000000|100%| O|  |TAMS 0x0000000082f00000| PB 0x0000000082f00000| Untracked 
|  10|0x0000000083000000, 0x0000000083100000, 0x0000000083100000|100%| O|  |TAMS 0x0000000083000000| PB 0x0000000083000000| Untracked 
|  11|0x0000000083100000, 0x0000000083200000, 0x0000000083200000|100%| O|  |TAMS 0x0000000083100000| PB 0x0000000083100000| Untracked 
|  12|0x0000000083200000, 0x0000000083300000, 0x0000000083300000|100%| O|  |TAMS 0x0000000083200000| PB 0x0000000083200000| Untracked 
|  13|0x0000000083300000, 0x0000000083400000, 0x0000000083400000|100%| O|  |TAMS 0x0000000083300000| PB 0x0000000083300000| Untracked 
|  14|0x0000000083400000, 0x0000000083500000, 0x0000000083500000|100%| O|  |TAMS 0x0000000083400000| PB 0x0000000083400000| Untracked 
|  15|0x0000000083500000, 0x0000000083600000, 0x0000000083600000|100%| O|  |TAMS 0x0000000083500000| PB 0x0000000083500000| Untracked 
|  16|0x0000000083600000, 0x0000000083700000, 0x0000000083700000|100%| O|  |TAMS 0x0000000083600000| PB 0x0000000083600000| Untracked 
|  17|0x0000000083700000, 0x0000000083800000, 0x0000000083800000|100%| O|  |TAMS 0x0000000083700000| PB 0x0000000083700000| Untracked 
|  18|0x0000000083800000, 0x0000000083900000, 0x0000000083900000|100%| O|  |TAMS 0x0000000083800000| PB 0x0000000083800000| Untracked 
|  19|0x0000000083900000, 0x0000000083a00000, 0x0000000083a00000|100%| O|  |TAMS 0x0000000083900000| PB 0x0000000083900000| Untracked 
|  20|0x0000000083a00000, 0x0000000083b00000, 0x0000000083b00000|100%| O|  |TAMS 0x0000000083a00000| PB 0x0000000083a00000| Untracked 
|  21|0x0000000083b00000, 0x0000000083c00000, 0x0000000083c00000|100%| O|  |TAMS 0x0000000083b00000| PB 0x0000000083b00000| Untracked 
|  22|0x0000000083c00000, 0x0000000083d00000, 0x0000000083d00000|100%| O|  |TAMS 0x0000000083c00000| PB 0x0000000083c00000| Untracked 
|  23|0x0000000083d00000, 0x0000000083e00000, 0x0000000083e00000|100%| O|  |TAMS 0x0000000083d00000| PB 0x0000000083d00000| Untracked 
|  24|0x0000000083e00000, 0x0000000083f00000, 0x0000000083f00000|100%| O|Cm|TAMS 0x0000000083e00000| PB 0x0000000083e00000| Complete 
|  25|0x0000000083f00000, 0x0000000084000000, 0x0000000084000000|100%|HS|  |TAMS 0x0000000083f00000| PB 0x0000000083f00000| Complete 
|  26|0x0000000084000000, 0x0000000084000000, 0x0000000084100000|  0%| F|  |TAMS 0x0000000084000000| PB 0x0000000084000000| Untracked 
|  27|0x0000000084100000, 0x0000000084200000, 0x0000000084200000|100%| O|  |TAMS 0x0000000084100000| PB 0x0000000084100000| Untracked 
|  28|0x0000000084200000, 0x0000000084300000, 0x0000000084300000|100%| O|  |TAMS 0x0000000084200000| PB 0x0000000084200000| Untracked 
|  29|0x0000000084300000, 0x0000000084400000, 0x0000000084400000|100%| O|  |TAMS 0x0000000084300000| PB 0x0000000084300000| Untracked 
|  30|0x0000000084400000, 0x0000000084500000, 0x0000000084500000|100%| O|  |TAMS 0x0000000084400000| PB 0x0000000084400000| Untracked 
|  31|0x0000000084500000, 0x0000000084600000, 0x0000000084600000|100%|HS|  |TAMS 0x0000000084500000| PB 0x0000000084500000| Complete 
|  32|0x0000000084600000, 0x0000000084700000, 0x0000000084700000|100%| O|  |TAMS 0x0000000084600000| PB 0x0000000084600000| Untracked 
|  33|0x0000000084700000, 0x0000000084800000, 0x0000000084800000|100%| O|  |TAMS 0x0000000084700000| PB 0x0000000084700000| Untracked 
|  34|0x0000000084800000, 0x0000000084900000, 0x0000000084900000|100%| O|  |TAMS 0x0000000084800000| PB 0x0000000084800000| Untracked 
|  35|0x0000000084900000, 0x0000000084a00000, 0x0000000084a00000|100%| O|  |TAMS 0x0000000084900000| PB 0x0000000084900000| Untracked 
|  36|0x0000000084a00000, 0x0000000084b00000, 0x0000000084b00000|100%|HS|  |TAMS 0x0000000084a00000| PB 0x0000000084a00000| Complete 
|  37|0x0000000084b00000, 0x0000000084b00000, 0x0000000084c00000|  0%| F|  |TAMS 0x0000000084b00000| PB 0x0000000084b00000| Untracked 
|  38|0x0000000084c00000, 0x0000000084c00000, 0x0000000084d00000|  0%| F|  |TAMS 0x0000000084c00000| PB 0x0000000084c00000| Untracked 
|  39|0x0000000084d00000, 0x0000000084dca990, 0x0000000084e00000| 79%| O|  |TAMS 0x0000000084d00000| PB 0x0000000084d00000| Untracked 
|  40|0x0000000084e00000, 0x0000000084e00000, 0x0000000084f00000|  0%| F|  |TAMS 0x0000000084e00000| PB 0x0000000084e00000| Untracked 
|  41|0x0000000084f00000, 0x0000000084f00000, 0x0000000085000000|  0%| F|  |TAMS 0x0000000084f00000| PB 0x0000000084f00000| Untracked 
|  42|0x0000000085000000, 0x0000000085000000, 0x0000000085100000|  0%| F|  |TAMS 0x0000000085000000| PB 0x0000000085000000| Untracked 
|  43|0x0000000085100000, 0x0000000085100000, 0x0000000085200000|  0%| F|  |TAMS 0x0000000085100000| PB 0x0000000085100000| Untracked 
|  44|0x0000000085200000, 0x0000000085200000, 0x0000000085300000|  0%| F|  |TAMS 0x0000000085200000| PB 0x0000000085200000| Untracked 
|  45|0x0000000085300000, 0x0000000085300000, 0x0000000085400000|  0%| F|  |TAMS 0x0000000085300000| PB 0x0000000085300000| Untracked 
|  46|0x0000000085400000, 0x0000000085400000, 0x0000000085500000|  0%| F|  |TAMS 0x0000000085400000| PB 0x0000000085400000| Untracked 
|  47|0x0000000085500000, 0x0000000085500000, 0x0000000085600000|  0%| F|  |TAMS 0x0000000085500000| PB 0x0000000085500000| Untracked 
|  48|0x0000000085600000, 0x0000000085600000, 0x0000000085700000|  0%| F|  |TAMS 0x0000000085600000| PB 0x0000000085600000| Untracked 
|  49|0x0000000085700000, 0x0000000085700000, 0x0000000085800000|  0%| F|  |TAMS 0x0000000085700000| PB 0x0000000085700000| Untracked 
|  50|0x0000000085800000, 0x0000000085800000, 0x0000000085900000|  0%| F|  |TAMS 0x0000000085800000| PB 0x0000000085800000| Untracked 
|  51|0x0000000085900000, 0x0000000085900000, 0x0000000085a00000|  0%| F|  |TAMS 0x0000000085900000| PB 0x0000000085900000| Untracked 
|  52|0x0000000085a00000, 0x0000000085a00000, 0x0000000085b00000|  0%| F|  |TAMS 0x0000000085a00000| PB 0x0000000085a00000| Untracked 
|  53|0x0000000085b00000, 0x0000000085b00000, 0x0000000085c00000|  0%| F|  |TAMS 0x0000000085b00000| PB 0x0000000085b00000| Untracked 
|  54|0x0000000085c00000, 0x0000000085c00000, 0x0000000085d00000|  0%| F|  |TAMS 0x0000000085c00000| PB 0x0000000085c00000| Untracked 
|  55|0x0000000085d00000, 0x0000000085d00000, 0x0000000085e00000|  0%| F|  |TAMS 0x0000000085d00000| PB 0x0000000085d00000| Untracked 
|  56|0x0000000085e00000, 0x0000000085ed3260, 0x0000000085f00000| 82%| S|CS|TAMS 0x0000000085e00000| PB 0x0000000085e00000| Complete 
|  57|0x0000000085f00000, 0x0000000086000000, 0x0000000086000000|100%| S|CS|TAMS 0x0000000085f00000| PB 0x0000000085f00000| Complete 
|  58|0x0000000086000000, 0x0000000086100000, 0x0000000086100000|100%| S|CS|TAMS 0x0000000086000000| PB 0x0000000086000000| Complete 
|  59|0x0000000086100000, 0x0000000086100000, 0x0000000086200000|  0%| F|  |TAMS 0x0000000086100000| PB 0x0000000086100000| Untracked 
|  60|0x0000000086200000, 0x0000000086200000, 0x0000000086300000|  0%| F|  |TAMS 0x0000000086200000| PB 0x0000000086200000| Untracked 
|  61|0x0000000086300000, 0x0000000086300000, 0x0000000086400000|  0%| F|  |TAMS 0x0000000086300000| PB 0x0000000086300000| Untracked 
|  62|0x0000000086400000, 0x0000000086400000, 0x0000000086500000|  0%| F|  |TAMS 0x0000000086400000| PB 0x0000000086400000| Untracked 
|  63|0x0000000086500000, 0x0000000086500000, 0x0000000086600000|  0%| F|  |TAMS 0x0000000086500000| PB 0x0000000086500000| Untracked 
|  64|0x0000000086600000, 0x000000008664d708, 0x0000000086700000| 30%| E|  |TAMS 0x0000000086600000| PB 0x0000000086600000| Complete 
|  65|0x0000000086700000, 0x0000000086800000, 0x0000000086800000|100%| E|CS|TAMS 0x0000000086700000| PB 0x0000000086700000| Complete 
|  66|0x0000000086800000, 0x0000000086900000, 0x0000000086900000|100%| E|CS|TAMS 0x0000000086800000| PB 0x0000000086800000| Complete 
|  67|0x0000000086900000, 0x0000000086a00000, 0x0000000086a00000|100%| E|CS|TAMS 0x0000000086900000| PB 0x0000000086900000| Complete 
|  68|0x0000000086a00000, 0x0000000086b00000, 0x0000000086b00000|100%| E|CS|TAMS 0x0000000086a00000| PB 0x0000000086a00000| Complete 
|  69|0x0000000086b00000, 0x0000000086c00000, 0x0000000086c00000|100%| E|CS|TAMS 0x0000000086b00000| PB 0x0000000086b00000| Complete 
|  70|0x0000000086c00000, 0x0000000086d00000, 0x0000000086d00000|100%| E|CS|TAMS 0x0000000086c00000| PB 0x0000000086c00000| Complete 
|  71|0x0000000086d00000, 0x0000000086e00000, 0x0000000086e00000|100%| E|CS|TAMS 0x0000000086d00000| PB 0x0000000086d00000| Complete 
|  72|0x0000000086e00000, 0x0000000086f00000, 0x0000000086f00000|100%| E|CS|TAMS 0x0000000086e00000| PB 0x0000000086e00000| Complete 
|  73|0x0000000086f00000, 0x0000000087000000, 0x0000000087000000|100%| E|CS|TAMS 0x0000000086f00000| PB 0x0000000086f00000| Complete 
|  74|0x0000000087000000, 0x0000000087100000, 0x0000000087100000|100%| E|CS|TAMS 0x0000000087000000| PB 0x0000000087000000| Complete 
|  75|0x0000000087100000, 0x0000000087200000, 0x0000000087200000|100%| E|CS|TAMS 0x0000000087100000| PB 0x0000000087100000| Complete 
|  76|0x0000000087200000, 0x0000000087300000, 0x0000000087300000|100%| E|  |TAMS 0x0000000087200000| PB 0x0000000087200000| Complete 
|  77|0x0000000087300000, 0x0000000087400000, 0x0000000087400000|100%| E|CS|TAMS 0x0000000087300000| PB 0x0000000087300000| Complete 
|  78|0x0000000087400000, 0x0000000087500000, 0x0000000087500000|100%| E|CS|TAMS 0x0000000087400000| PB 0x0000000087400000| Complete 
|  79|0x0000000087500000, 0x0000000087600000, 0x0000000087600000|100%| E|CS|TAMS 0x0000000087500000| PB 0x0000000087500000| Complete 
|  80|0x0000000087600000, 0x0000000087700000, 0x0000000087700000|100%| E|CS|TAMS 0x0000000087600000| PB 0x0000000087600000| Complete 
|  81|0x0000000087700000, 0x0000000087800000, 0x0000000087800000|100%| E|CS|TAMS 0x0000000087700000| PB 0x0000000087700000| Complete 
|  82|0x0000000087800000, 0x0000000087900000, 0x0000000087900000|100%| E|CS|TAMS 0x0000000087800000| PB 0x0000000087800000| Complete 
|  83|0x0000000087900000, 0x0000000087a00000, 0x0000000087a00000|100%| E|CS|TAMS 0x0000000087900000| PB 0x0000000087900000| Complete 
|  84|0x0000000087a00000, 0x0000000087b00000, 0x0000000087b00000|100%| E|CS|TAMS 0x0000000087a00000| PB 0x0000000087a00000| Complete 
|  85|0x0000000087b00000, 0x0000000087c00000, 0x0000000087c00000|100%| E|CS|TAMS 0x0000000087b00000| PB 0x0000000087b00000| Complete 
|  86|0x0000000087c00000, 0x0000000087d00000, 0x0000000087d00000|100%| E|CS|TAMS 0x0000000087c00000| PB 0x0000000087c00000| Complete 
|  87|0x0000000087d00000, 0x0000000087e00000, 0x0000000087e00000|100%| E|CS|TAMS 0x0000000087d00000| PB 0x0000000087d00000| Complete 
|  88|0x0000000087e00000, 0x0000000087f00000, 0x0000000087f00000|100%| E|CS|TAMS 0x0000000087e00000| PB 0x0000000087e00000| Complete 
| 105|0x0000000088f00000, 0x0000000089000000, 0x0000000089000000|100%| E|CS|TAMS 0x0000000088f00000| PB 0x0000000088f00000| Complete 
| 106|0x0000000089000000, 0x0000000089100000, 0x0000000089100000|100%| E|CS|TAMS 0x0000000089000000| PB 0x0000000089000000| Complete 
| 107|0x0000000089100000, 0x0000000089200000, 0x0000000089200000|100%| E|CS|TAMS 0x0000000089100000| PB 0x0000000089100000| Complete 
| 124|0x000000008a200000, 0x000000008a300000, 0x000000008a300000|100%| E|CS|TAMS 0x000000008a200000| PB 0x000000008a200000| Complete 
| 125|0x000000008a300000, 0x000000008a400000, 0x000000008a400000|100%| E|CS|TAMS 0x000000008a300000| PB 0x000000008a300000| Complete 
|2009|0x00000000fff00000, 0x0000000100000000, 0x0000000100000000|100%| O|  |TAMS 0x00000000fff00000| PB 0x00000000fff00000| Untracked 

Card table byte_map: [0x000001a4e9c60000,0x000001a4ea050000] _byte_map_base: 0x000001a4e984d000

Marking Bits: (CMBitMap*) 0x000001a4d21068c0
 Bits: [0x000001a4ea050000, 0x000001a4ebfb8000)

Polling page: 0x000001a4d0020000

Metaspace:

Usage:
  Non-class:     48.22 MB used.
      Class:      7.02 MB used.
       Both:     55.24 MB used.

Virtual space:
  Non-class space:       64.00 MB reserved,      48.62 MB ( 76%) committed,  1 nodes.
      Class space:        1.00 GB reserved,       7.31 MB ( <1%) committed,  1 nodes.
             Both:        1.06 GB reserved,      55.94 MB (  5%) committed. 

Chunk freelists:
   Non-Class:  15.23 MB
       Class:  8.58 MB
        Both:  23.81 MB

MaxMetaspaceSize: unlimited
CompressedClassSpaceSize: 1.00 GB
Initial GC threshold: 21.00 MB
Current GC threshold: 84.06 MB
CDS: on
 - commit_granule_bytes: 65536.
 - commit_granule_words: 8192.
 - virtual_space_node_default_size: 8388608.
 - enlarge_chunks_in_place: 1.
 - use_allocation_guard: 0.


Internal statistics:

num_allocs_failed_limit: 9.
num_arena_births: 860.
num_arena_deaths: 0.
num_vsnodes_births: 2.
num_vsnodes_deaths: 0.
num_space_committed: 895.
num_space_uncommitted: 0.
num_chunks_returned_to_freelist: 9.
num_chunks_taken_from_freelist: 2805.
num_chunk_merges: 9.
num_chunk_splits: 1956.
num_chunks_enlarged: 1494.
num_inconsistent_stats: 0.

CodeHeap 'non-profiled nmethods': size=120000Kb used=2577Kb max_used=2577Kb free=117422Kb
 bounds [0x000001a4e2010000, 0x000001a4e22b0000, 0x000001a4e9540000]
CodeHeap 'profiled nmethods': size=120000Kb used=10096Kb max_used=10221Kb free=109903Kb
 bounds [0x000001a4da540000, 0x000001a4daf40000, 0x000001a4e1a70000]
CodeHeap 'non-nmethods': size=5760Kb used=1583Kb max_used=1660Kb free=4177Kb
 bounds [0x000001a4e1a70000, 0x000001a4e1ce0000, 0x000001a4e2010000]
 total_blobs=5601 nmethods=4966 adapters=539
 compilation: enabled
              stopped_count=0, restarted_count=0
 full_count=0

Compilation events (20 events):
Event: 10.520 Thread 0x000001a4ee9f72f0 5533       2       java.lang.invoke.InvokerBytecodeGenerator::loadMethod (39 bytes)
Event: 10.520 Thread 0x000001a4ee9f72f0 nmethod 5533 0x000001a4daaf3c90 code [0x000001a4daaf3e60, 0x000001a4daaf4048]
Event: 10.576 Thread 0x000001a4ee9f72f0 5534       1       java.util.Collections$EmptyEnumeration::hasMoreElements (2 bytes)
Event: 10.577 Thread 0x000001a4ee9f72f0 nmethod 5534 0x000001a4e2147a90 code [0x000001a4e2147c20, 0x000001a4e2147ce8]
Event: 10.686 Thread 0x000001a4ee9f72f0 5535       2       java.util.stream.ReferencePipeline::iterator (8 bytes)
Event: 10.687 Thread 0x000001a4ee9f72f0 nmethod 5535 0x000001a4daaf3710 code [0x000001a4daaf38e0, 0x000001a4daaf3b88]
Event: 10.687 Thread 0x000001a4ee9f72f0 5536       2       java.util.Spliterators::iterator (14 bytes)
Event: 10.687 Thread 0x000001a4ee9f72f0 nmethod 5536 0x000001a4daaf3210 code [0x000001a4daaf33c0, 0x000001a4daaf3620]
Event: 10.810 Thread 0x000001a4ee9f52d0 nmethod 5430 0x000001a4e2288c90 code [0x000001a4e22899a0, 0x000001a4e22932b0]
Event: 10.815 Thread 0x000001a4ee9f52d0 5238   !   4       org.springframework.core.annotation.AnnotationsScanner::processMethodHierarchy (276 bytes)
Event: 10.934 Thread 0x000001a4ee9f72f0 5537       2       jdk.internal.loader.BuiltinClassLoader::findResources (182 bytes)
Event: 10.936 Thread 0x000001a4ee9f72f0 nmethod 5537 0x000001a4daa1bd90 code [0x000001a4daa1c060, 0x000001a4daa1cc18]
Event: 10.936 Thread 0x000001a4ee9f72f0 5538       2       jdk.internal.loader.BuiltinClassLoader::findResourcesOnClassPath (43 bytes)
Event: 10.937 Thread 0x000001a4ee9f72f0 nmethod 5538 0x000001a4daaf2e10 code [0x000001a4daaf2fc0, 0x000001a4daaf3150]
Event: 10.937 Thread 0x000001a4ee9f72f0 5539       2       jdk.internal.loader.ClassLoaders::bootLoader (4 bytes)
Event: 10.937 Thread 0x000001a4ee9f72f0 nmethod 5539 0x000001a4daa9cf10 code [0x000001a4daa9d0a0, 0x000001a4daa9d190]
Event: 10.956 Thread 0x000001a4ee9f52d0 nmethod 5238 0x000001a4e2299d10 code [0x000001a4e229a2a0, 0x000001a4e229e468]
Event: 10.957 Thread 0x000001a4ee9f52d0 5427       4       java.lang.Class::getMethodsRecursive (99 bytes)
Event: 11.054 Thread 0x000001a4ee9f52d0 nmethod 5427 0x000001a4e211c190 code [0x000001a4e211c540, 0x000001a4e211e5c0]
Event: 11.055 Thread 0x000001a4ee9f52d0 5169       4       org.springframework.core.annotation.AnnotationsScanner::getDeclaredAnnotations (167 bytes)

GC Heap History (20 events):
Event: 3.321 GC heap before
{Heap before GC invocations=3 (full 0):
 garbage-first heap   total 129024K, used 37312K [0x0000000082600000, 0x0000000100000000)
  region size 1024K, 21 young (21504K), 3 survivors (3072K)
 Metaspace       used 21137K, committed 21504K, reserved 1114112K
  class space    used 2507K, committed 2624K, reserved 1048576K
}
Event: 3.325 GC heap after
{Heap after GC invocations=4 (full 0):
 garbage-first heap   total 129024K, used 21314K [0x0000000082600000, 0x0000000100000000)
  region size 1024K, 3 young (3072K), 3 survivors (3072K)
 Metaspace       used 21137K, committed 21504K, reserved 1114112K
  class space    used 2507K, committed 2624K, reserved 1048576K
}
Event: 4.169 GC heap before
{Heap before GC invocations=5 (full 0):
 garbage-first heap   total 71680K, used 58178K [0x0000000082600000, 0x0000000100000000)
  region size 1024K, 42 young (43008K), 3 survivors (3072K)
 Metaspace       used 30048K, committed 30464K, reserved 1114112K
  class space    used 3599K, committed 3776K, reserved 1048576K
}
Event: 4.178 GC heap after
{Heap after GC invocations=6 (full 0):
 garbage-first heap   total 71680K, used 23938K [0x0000000082600000, 0x0000000100000000)
  region size 1024K, 6 young (6144K), 6 survivors (6144K)
 Metaspace       used 30048K, committed 30464K, reserved 1114112K
  class space    used 3599K, committed 3776K, reserved 1048576K
}
Event: 5.260 GC heap before
{Heap before GC invocations=6 (full 0):
 garbage-first heap   total 71680K, used 35202K [0x0000000082600000, 0x0000000100000000)
  region size 1024K, 19 young (19456K), 6 survivors (6144K)
 Metaspace       used 35817K, committed 36288K, reserved 1114112K
  class space    used 4365K, committed 4608K, reserved 1048576K
}
Event: 5.270 GC heap after
{Heap after GC invocations=7 (full 0):
 garbage-first heap   total 71680K, used 25413K [0x0000000082600000, 0x0000000100000000)
  region size 1024K, 2 young (2048K), 2 survivors (2048K)
 Metaspace       used 35817K, committed 36288K, reserved 1114112K
  class space    used 4365K, committed 4608K, reserved 1048576K
}
Event: 5.337 GC heap before
{Heap before GC invocations=7 (full 0):
 garbage-first heap   total 71680K, used 27461K [0x0000000082600000, 0x0000000100000000)
  region size 1024K, 5 young (5120K), 2 survivors (2048K)
 Metaspace       used 36182K, committed 36608K, reserved 1114112K
  class space    used 4420K, committed 4608K, reserved 1048576K
}
Event: 5.340 GC heap after
{Heap after GC invocations=8 (full 0):
 garbage-first heap   total 71680K, used 25199K [0x0000000082600000, 0x0000000100000000)
  region size 1024K, 2 young (2048K), 2 survivors (2048K)
 Metaspace       used 36182K, committed 36608K, reserved 1114112K
  class space    used 4420K, committed 4608K, reserved 1048576K
}
Event: 6.619 GC heap before
{Heap before GC invocations=9 (full 0):
 garbage-first heap   total 71680K, used 56943K [0x0000000082600000, 0x0000000100000000)
  region size 1024K, 34 young (34816K), 2 survivors (2048K)
 Metaspace       used 39861K, committed 40320K, reserved 1114112K
  class space    used 4839K, committed 5056K, reserved 1048576K
}
Event: 6.623 GC heap after
{Heap after GC invocations=10 (full 0):
 garbage-first heap   total 71680K, used 27654K [0x0000000082600000, 0x0000000100000000)
  region size 1024K, 4 young (4096K), 4 survivors (4096K)
 Metaspace       used 39861K, committed 40320K, reserved 1114112K
  class space    used 4839K, committed 5056K, reserved 1048576K
}
Event: 7.428 GC heap before
{Heap before GC invocations=10 (full 0):
 garbage-first heap   total 71680K, used 59398K [0x0000000082600000, 0x0000000100000000)
  region size 1024K, 35 young (35840K), 4 survivors (4096K)
 Metaspace       used 42891K, committed 43392K, reserved 1114112K
  class space    used 5238K, committed 5440K, reserved 1048576K
}
Event: 7.436 GC heap after
{Heap after GC invocations=11 (full 0):
 garbage-first heap   total 71680K, used 29572K [0x0000000082600000, 0x0000000100000000)
  region size 1024K, 5 young (5120K), 5 survivors (5120K)
 Metaspace       used 42891K, committed 43392K, reserved 1114112K
  class space    used 5238K, committed 5440K, reserved 1048576K
}
Event: 8.422 GC heap before
{Heap before GC invocations=11 (full 0):
 garbage-first heap   total 71680K, used 60292K [0x0000000082600000, 0x0000000100000000)
  region size 1024K, 35 young (35840K), 5 survivors (5120K)
 Metaspace       used 46864K, committed 47360K, reserved 1114112K
  class space    used 5860K, committed 6080K, reserved 1048576K
}
Event: 8.430 GC heap after
{Heap after GC invocations=12 (full 0):
 garbage-first heap   total 71680K, used 32128K [0x0000000082600000, 0x0000000100000000)
  region size 1024K, 5 young (5120K), 5 survivors (5120K)
 Metaspace       used 46864K, committed 47360K, reserved 1114112K
  class space    used 5860K, committed 6080K, reserved 1048576K
}
Event: 9.642 GC heap before
{Heap before GC invocations=12 (full 0):
 garbage-first heap   total 71680K, used 62848K [0x0000000082600000, 0x0000000100000000)
  region size 1024K, 34 young (34816K), 5 survivors (5120K)
 Metaspace       used 51049K, committed 51648K, reserved 1114112K
  class space    used 6454K, committed 6720K, reserved 1048576K
}
Event: 9.651 GC heap after
{Heap after GC invocations=13 (full 0):
 garbage-first heap   total 72704K, used 36205K [0x0000000082600000, 0x0000000100000000)
  region size 1024K, 5 young (5120K), 5 survivors (5120K)
 Metaspace       used 51049K, committed 51648K, reserved 1114112K
  class space    used 6454K, committed 6720K, reserved 1048576K
}
Event: 9.665 GC heap before
{Heap before GC invocations=13 (full 0):
 garbage-first heap   total 72704K, used 41325K [0x0000000082600000, 0x0000000100000000)
  region size 1024K, 10 young (10240K), 5 survivors (5120K)
 Metaspace       used 51051K, committed 51648K, reserved 1114112K
  class space    used 6454K, committed 6720K, reserved 1048576K
}
Event: 9.672 GC heap after
{Heap after GC invocations=14 (full 0):
 garbage-first heap   total 72704K, used 39659K [0x0000000082600000, 0x0000000100000000)
  region size 1024K, 2 young (2048K), 2 survivors (2048K)
 Metaspace       used 51051K, committed 51648K, reserved 1114112K
  class space    used 6454K, committed 6720K, reserved 1048576K
}
Event: 9.862 GC heap before
{Heap before GC invocations=15 (full 0):
 garbage-first heap   total 80896K, used 59115K [0x0000000082600000, 0x0000000100000000)
  region size 1024K, 19 young (19456K), 2 survivors (2048K)
 Metaspace       used 51300K, committed 51840K, reserved 1114112K
  class space    used 6482K, committed 6720K, reserved 1048576K
}
Event: 9.866 GC heap after
{Heap after GC invocations=16 (full 0):
 garbage-first heap   total 97280K, used 40566K [0x0000000082600000, 0x0000000100000000)
  region size 1024K, 3 young (3072K), 3 survivors (3072K)
 Metaspace       used 51300K, committed 51840K, reserved 1114112K
  class space    used 6482K, committed 6720K, reserved 1048576K
}

Dll operation events (12 events):
Event: 0.015 Loaded shared library C:\Program Files\Java\jdk-21\bin\java.dll
Event: 0.075 Loaded shared library C:\Program Files\Java\jdk-21\bin\jsvml.dll
Event: 0.228 Loaded shared library C:\Program Files\Java\jdk-21\bin\zip.dll
Event: 0.233 Loaded shared library C:\Program Files\Java\jdk-21\bin\instrument.dll
Event: 0.247 Loaded shared library C:\Program Files\Java\jdk-21\bin\net.dll
Event: 0.250 Loaded shared library C:\Program Files\Java\jdk-21\bin\nio.dll
Event: 0.256 Loaded shared library C:\Program Files\Java\jdk-21\bin\zip.dll
Event: 0.483 Loaded shared library C:\Program Files\Java\jdk-21\bin\extnet.dll
Event: 0.532 Loaded shared library C:\Program Files\Java\jdk-21\bin\jimage.dll
Event: 1.999 Loaded shared library C:\Program Files\Java\jdk-21\bin\management.dll
Event: 2.004 Loaded shared library C:\Program Files\Java\jdk-21\bin\management_ext.dll
Event: 3.546 Loaded shared library C:\Program Files\Java\jdk-21\bin\sunmscapi.dll

Deoptimization events (20 events):
Event: 10.149 Thread 0x000001a4f3c9df90 Uncommon trap: trap_request=0xffffff54 fr.pc=0x000001a4e22335d8 relative=0x0000000000000578
Event: 10.149 Thread 0x000001a4f3c9df90 Uncommon trap: reason=speculate_null_assert action=make_not_entrant pc=0x000001a4e22335d8 method=org.springframework.core.SimpleAliasRegistry.canonicalName(Ljava/lang/String;)Ljava/lang/String; @ 17 c2
Event: 10.149 Thread 0x000001a4f3c9df90 DEOPT PACKING pc=0x000001a4e22335d8 sp=0x00000008ee5ff060
Event: 10.149 Thread 0x000001a4f3c9df90 DEOPT UNPACKING pc=0x000001a4e1ac46a2 sp=0x00000008ee5fefa8 mode 2
Event: 10.149 Thread 0x000001a4f3c9df90 Uncommon trap: trap_request=0xffffff54 fr.pc=0x000001a4e225ae24 relative=0x00000000000004e4
Event: 10.149 Thread 0x000001a4f3c9df90 Uncommon trap: reason=speculate_null_assert action=make_not_entrant pc=0x000001a4e225ae24 method=org.springframework.core.SimpleAliasRegistry.canonicalName(Ljava/lang/String;)Ljava/lang/String; @ 17 c2
Event: 10.149 Thread 0x000001a4f3c9df90 DEOPT PACKING pc=0x000001a4e225ae24 sp=0x00000008ee5fefa0
Event: 10.149 Thread 0x000001a4f3c9df90 DEOPT UNPACKING pc=0x000001a4e1ac46a2 sp=0x00000008ee5fee88 mode 2
Event: 10.176 Thread 0x000001a4f3c9df90 Uncommon trap: trap_request=0xffffff45 fr.pc=0x000001a4e2266148 relative=0x00000000000007c8
Event: 10.176 Thread 0x000001a4f3c9df90 Uncommon trap: reason=unstable_if action=reinterpret pc=0x000001a4e2266148 method=java.lang.PublicMethods$MethodList.filter([Ljava/lang/reflect/Method;Ljava/lang/String;[Ljava/lang/Class;Z)Ljava/lang/PublicMethods$MethodList; @ 43 c2
Event: 10.176 Thread 0x000001a4f3c9df90 DEOPT PACKING pc=0x000001a4e2266148 sp=0x00000008ee5fdf20
Event: 10.176 Thread 0x000001a4f3c9df90 DEOPT UNPACKING pc=0x000001a4e1ac46a2 sp=0x00000008ee5fded0 mode 2
Event: 10.461 Thread 0x000001a4f3c9df90 Uncommon trap: trap_request=0xffffff45 fr.pc=0x000001a4e21270f8 relative=0x0000000000003478
Event: 10.461 Thread 0x000001a4f3c9df90 Uncommon trap: reason=unstable_if action=reinterpret pc=0x000001a4e21270f8 method=java.net.URL.<init>(Ljava/net/URL;Ljava/lang/String;Ljava/net/URLStreamHandler;)V @ 57 c2
Event: 10.461 Thread 0x000001a4f3c9df90 DEOPT PACKING pc=0x000001a4e21270f8 sp=0x00000008ee5fe330
Event: 10.461 Thread 0x000001a4f3c9df90 DEOPT UNPACKING pc=0x000001a4e1ac46a2 sp=0x00000008ee5fe2d0 mode 2
Event: 11.026 Thread 0x000001a4f3c9df90 Uncommon trap: trap_request=0xffffff45 fr.pc=0x000001a4e21fb154 relative=0x0000000000000274
Event: 11.026 Thread 0x000001a4f3c9df90 Uncommon trap: reason=unstable_if action=reinterpret pc=0x000001a4e21fb154 method=org.springframework.beans.factory.support.AbstractAutowireCapableBeanFactory.determineTargetType(Ljava/lang/String;Lorg/springframework/beans/factory/support/RootBeanDefinit
Event: 11.026 Thread 0x000001a4f3c9df90 DEOPT PACKING pc=0x000001a4e21fb154 sp=0x00000008ee5fdcf0
Event: 11.026 Thread 0x000001a4f3c9df90 DEOPT UNPACKING pc=0x000001a4e1ac46a2 sp=0x00000008ee5fdcd8 mode 2

Classes loaded (20 events):
Event: 9.845 Loading class java/io/PrintWriter
Event: 9.845 Loading class java/io/PrintWriter done
Event: 10.090 Loading class java/io/EOFException
Event: 10.091 Loading class java/io/EOFException done
Event: 10.109 Loading class java/nio/channels/CompletionHandler
Event: 10.109 Loading class java/nio/channels/CompletionHandler done
Event: 10.131 Loading class java/util/concurrent/ScheduledThreadPoolExecutor$ScheduledFutureTask
Event: 10.131 Loading class java/util/concurrent/ScheduledThreadPoolExecutor$ScheduledFutureTask done
Event: 10.132 Loading class java/util/concurrent/Executors$RunnableAdapter
Event: 10.132 Loading class java/util/concurrent/Executors$RunnableAdapter done
Event: 10.218 Loading class java/lang/ExceptionInInitializerError
Event: 10.218 Loading class java/lang/ExceptionInInitializerError done
Event: 10.301 Loading class javax/naming/Referenceable
Event: 10.301 Loading class javax/naming/Referenceable done
Event: 10.420 Loading class java/lang/AbstractMethodError
Event: 10.420 Loading class java/lang/AbstractMethodError done
Event: 10.452 Loading class java/lang/instrument/ClassFileTransformer
Event: 10.457 Loading class java/lang/instrument/ClassFileTransformer done
Event: 11.159 Loading class java/util/UUID$Holder
Event: 11.159 Loading class java/util/UUID$Holder done

Classes unloaded (0 events):
No events

Classes redefined (0 events):
No events

Internal exceptions (20 events):
Event: 9.034 Thread 0x000001a4f3c9df90 Exception <a 'java/lang/IncompatibleClassChangeError'{0x0000000085e79668}: Found class java.lang.Object, but interface was expected> (0x0000000085e79668) 
thrown [s\open\src\hotspot\share\interpreter\linkResolver.cpp, line 840]
Event: 9.035 Thread 0x000001a4f3c9df90 Exception <a 'java/lang/IncompatibleClassChangeError'{0x0000000085e876f0}: Found class java.lang.Object, but interface was expected> (0x0000000085e876f0) 
thrown [s\open\src\hotspot\share\interpreter\linkResolver.cpp, line 840]
Event: 9.036 Thread 0x000001a4f3c9df90 Exception <a 'java/lang/IncompatibleClassChangeError'{0x0000000085e8d438}: Found class java.lang.Object, but interface was expected> (0x0000000085e8d438) 
thrown [s\open\src\hotspot\share\interpreter\linkResolver.cpp, line 840]
Event: 9.037 Thread 0x000001a4f3c9df90 Exception <a 'java/lang/IncompatibleClassChangeError'{0x0000000085e96908}: Found class java.lang.Object, but interface was expected> (0x0000000085e96908) 
thrown [s\open\src\hotspot\share\interpreter\linkResolver.cpp, line 840]
Event: 9.052 Thread 0x000001a4f3c9df90 Exception <a 'java/lang/NoSuchMethodError'{0x0000000085ecfd90}: 'void java.lang.invoke.DirectMethodHandle$Holder.invokeStatic(java.lang.Object, java.lang.Object, java.lang.Object, int, java.lang.Object)'> (0x0000000085ecfd90) 
thrown [s\open\src\hotspot\share\interpreter\linkResolver.cpp, line 773]
Event: 9.077 Thread 0x000001a4f3c9df90 Exception <a 'java/lang/NoSuchMethodError'{0x0000000085d2eb70}: 'void java.lang.invoke.DirectMethodHandle$Holder.invokeStatic(java.lang.Object, int, java.lang.Object)'> (0x0000000085d2eb70) 
thrown [s\open\src\hotspot\share\interpreter\linkResolver.cpp, line 773]
Event: 9.200 Thread 0x000001a4f3c9df90 Exception <a 'java/lang/NoSuchMethodError'{0x0000000085b5f060}: 'java.lang.Object java.lang.invoke.DirectMethodHandle$Holder.invokeVirtual(java.lang.Object, java.lang.Object, java.lang.Object, java.lang.Object, java.lang.Object)'> (0x0000000085b5f060) 
thrown [s\open\src\hotspot\share\interpreter\linkResolver.cpp, line 773]
Event: 9.799 Thread 0x000001a4f3c9df90 Exception <a 'sun/nio/fs/WindowsException'{0x00000000863f48f8}> (0x00000000863f48f8) 
thrown [s\open\src\hotspot\share\prims\jni.cpp, line 520]
Event: 9.800 Thread 0x000001a4f3c9df90 Exception <a 'sun/nio/fs/WindowsException'{0x00000000863f4fa8}> (0x00000000863f4fa8) 
thrown [s\open\src\hotspot\share\prims\jni.cpp, line 520]
Event: 9.805 Thread 0x000001a4f3c9df90 Exception <a 'java/lang/NoSuchMethodError'{0x00000000862144c0}: 'int java.lang.invoke.DirectMethodHandle$Holder.invokeVirtual(java.lang.Object, java.lang.Object, java.lang.Object, java.lang.Object)'> (0x00000000862144c0) 
thrown [s\open\src\hotspot\share\interpreter\linkResolver.cpp, line 773]
Event: 9.805 Thread 0x000001a4f3c9df90 Exception <a 'java/lang/NoSuchMethodError'{0x0000000086217d50}: 'int java.lang.invoke.DelegatingMethodHandle$Holder.reinvoke_L(java.lang.Object, java.lang.Object, java.lang.Object, java.lang.Object)'> (0x0000000086217d50) 
thrown [s\open\src\hotspot\share\interpreter\linkResolver.cpp, line 773]
Event: 9.856 Thread 0x000001a4f3c9df90 Exception <a 'java/io/FileNotFoundException'{0x000000008614da00}> (0x000000008614da00) 
thrown [s\open\src\hotspot\share\prims\jni.cpp, line 520]
Event: 9.976 Thread 0x000001a4f3c9df90 Exception <a 'java/lang/NoSuchMethodError'{0x0000000089062a70}: 'int java.lang.invoke.DirectMethodHandle$Holder.invokeInterface(java.lang.Object, java.lang.Object, java.lang.Object, java.lang.Object)'> (0x0000000089062a70) 
thrown [s\open\src\hotspot\share\interpreter\linkResolver.cpp, line 773]
Event: 10.015 Thread 0x000001a4f3c9df90 Exception <a 'java/lang/NoSuchMethodError'{0x0000000088f97a10}: 'void java.lang.invoke.Invokers$Holder.invokeExact_MT(java.lang.Object, java.lang.Object, java.lang.Object, java.lang.Object)'> (0x0000000088f97a10) 
thrown [s\open\src\hotspot\share\interpreter\linkResolver.cpp, line 773]
Event: 10.109 Thread 0x000001a4f3c9df90 Exception <a 'java/lang/NoSuchMethodError'{0x0000000087c596f8}: 'long java.lang.invoke.DirectMethodHandle$Holder.invokeVirtual(java.lang.Object, java.lang.Object)'> (0x0000000087c596f8) 
thrown [s\open\src\hotspot\share\interpreter\linkResolver.cpp, line 773]
Event: 10.119 Thread 0x000001a4f3c9df90 Exception <a 'java/io/FileNotFoundException'{0x0000000087c8a008}> (0x0000000087c8a008) 
thrown [s\open\src\hotspot\share\prims\jni.cpp, line 520]
Event: 10.172 Thread 0x000001a4f3c9df90 Exception <a 'java/lang/NoSuchMethodError'{0x0000000087bcf428}: 'void java.lang.invoke.DirectMethodHandle$Holder.invokeVirtual(java.lang.Object, java.lang.Object, long)'> (0x0000000087bcf428) 
thrown [s\open\src\hotspot\share\interpreter\linkResolver.cpp, line 773]
Event: 10.271 Thread 0x000001a4f3c9df90 Exception <a 'java/lang/NoSuchMethodError'{0x00000000877c8d00}: 'java.lang.Object java.lang.invoke.DirectMethodHandle$Holder.newInvokeSpecial(java.lang.Object, java.lang.Object, java.lang.Object, java.lang.Object, java.lang.Object, java.lang.Object, java.lang.Object, java.lang.Object, java.lang.Object, java.lang.Object, java.lang.Object, java.lang.Object)'> (0x00000000877c8d00) 
thrown [s\open\src\hotspot\share\interpreter\linkResolver.cpp, line 773]
Event: 10.271 Thread 0x000001a4f3c9df90 Exception <a 'java/lang/NoSuchMethodError'{0x00000000877cda70}: 'java.lang.Object java.lang.invoke.DirectMethodHandle$Holder.invokeSpecial(java.lang.Object, java.lang.Object, java.lang.Object, java.lang.Object, java.lang.Object, java.lang.Object, java.lang.Object, java.lang.Object, java.lang.Object, java.lang.Object, java.lang.Object, java.lang.Object, java.lang.Object)'> (0x00000000877cda70) 
thrown [s\open\src\hotspot\share\interpreter\linkResolver.cpp, line 773]
Event: 10.518 Thread 0x000001a4f3c9df90 Exception <a 'java/lang/NoSuchMethodError'{0x0000000087183720}: 'void java.lang.invoke.DelegatingMethodHandle$Holder.reinvoke_L(java.lang.Object, java.lang.Object, java.lang.Object, java.lang.Object, int, java.lang.Object, java.lang.Object, java.lang.Object)'> (0x0000000087183720) 
thrown [s\open\src\hotspot\share\interpreter\linkResolver.cpp, line 773]

ZGC Phase Switch (0 events):
No events

VM Operations (20 events):
Event: 8.864 Executing VM operation: ICBufferFull
Event: 8.864 Executing VM operation: ICBufferFull done
Event: 9.568 Executing VM operation: HandshakeAllThreads (Deoptimize)
Event: 9.569 Executing VM operation: HandshakeAllThreads (Deoptimize) done
Event: 9.642 Executing VM operation: G1CollectForAllocation (G1 Evacuation Pause)
Event: 9.651 Executing VM operation: G1CollectForAllocation (G1 Evacuation Pause) done
Event: 9.665 Executing VM operation: G1TryInitiateConcMark (G1 Humongous Allocation)
Event: 9.672 Executing VM operation: G1TryInitiateConcMark (G1 Humongous Allocation) done
Event: 9.704 Executing VM operation: G1PauseRemark
Event: 9.708 Executing VM operation: G1PauseRemark done
Event: 9.724 Executing VM operation: G1PauseCleanup
Event: 9.724 Executing VM operation: G1PauseCleanup done
Event: 9.862 Executing VM operation: G1CollectForAllocation (G1 Evacuation Pause)
Event: 9.866 Executing VM operation: G1CollectForAllocation (G1 Evacuation Pause) done
Event: 10.056 Executing VM operation: HandshakeAllThreads (Deoptimize)
Event: 10.056 Executing VM operation: HandshakeAllThreads (Deoptimize) done
Event: 10.127 Executing VM operation: HandshakeAllThreads (Deoptimize)
Event: 10.127 Executing VM operation: HandshakeAllThreads (Deoptimize) done
Event: 11.134 Executing VM operation: Cleanup
Event: 11.134 Executing VM operation: Cleanup done

Events (20 events):
Event: 9.707 Thread 0x000001a4ee9c8920 flushing nmethod 0x000001a4da64f190
Event: 9.707 Thread 0x000001a4ee9c8920 flushing nmethod 0x000001a4da734910
Event: 9.707 Thread 0x000001a4ee9c8920 flushing nmethod 0x000001a4da86b310
Event: 9.707 Thread 0x000001a4ee9c8920 flushing nmethod 0x000001a4da86cc90
Event: 9.707 Thread 0x000001a4ee9c8920 flushing nmethod 0x000001a4da910310
Event: 9.707 Thread 0x000001a4ee9c8920 flushing nmethod 0x000001a4da954590
Event: 9.707 Thread 0x000001a4ee9c8920 flushing nmethod 0x000001a4da9d2690
Event: 9.707 Thread 0x000001a4ee9c8920 flushing nmethod 0x000001a4daae6290
Event: 9.707 Thread 0x000001a4ee9c8920 flushing nmethod 0x000001a4daae8b90
Event: 9.707 Thread 0x000001a4ee9c8920 flushing nmethod 0x000001a4daafa190
Event: 9.707 Thread 0x000001a4ee9c8920 flushing nmethod 0x000001a4daafa590
Event: 9.707 Thread 0x000001a4ee9c8920 flushing nmethod 0x000001a4daafae10
Event: 9.707 Thread 0x000001a4ee9c8920 flushing nmethod 0x000001a4daafb210
Event: 9.707 Thread 0x000001a4ee9c8920 flushing nmethod 0x000001a4daafb610
Event: 9.707 Thread 0x000001a4ee9c8920 flushing nmethod 0x000001a4daafd710
Event: 9.707 Thread 0x000001a4ee9c8920 flushing nmethod 0x000001a4daaff590
Event: 9.707 Thread 0x000001a4ee9c8920 flushing nmethod 0x000001a4daaff990
Event: 10.134 Thread 0x000001a4f5aa6510 Thread added: 0x000001a4f5aa6510
Event: 10.135 Thread 0x000001a4f44c0a60 Thread added: 0x000001a4f44c0a60
Event: 10.147 Thread 0x000001a4f4c0c4e0 Thread added: 0x000001a4f4c0c4e0


Dynamic libraries:
0x00007ff783fc0000 - 0x00007ff783fd0000 	C:\Program Files\Java\jdk-21\bin\java.exe
0x00007ffee5d90000 - 0x00007ffee5f88000 	C:\Windows\SYSTEM32\ntdll.dll
0x00007ffee55a0000 - 0x00007ffee5662000 	C:\Windows\System32\KERNEL32.DLL
0x00007ffee3450000 - 0x00007ffee3747000 	C:\Windows\System32\KERNELBASE.dll
0x00007ffee3b70000 - 0x00007ffee3c70000 	C:\Windows\System32\ucrtbase.dll
0x00007ffec9090000 - 0x00007ffec90a9000 	C:\Program Files\Java\jdk-21\bin\jli.dll
0x00007ffeca1b0000 - 0x00007ffeca1cb000 	C:\Program Files\Java\jdk-21\bin\VCRUNTIME140.dll
0x00007ffee4600000 - 0x00007ffee46b1000 	C:\Windows\System32\ADVAPI32.dll
0x00007ffee52b0000 - 0x00007ffee534e000 	C:\Windows\System32\msvcrt.dll
0x00007ffee4780000 - 0x00007ffee481f000 	C:\Windows\System32\sechost.dll
0x00007ffee5350000 - 0x00007ffee5476000 	C:\Windows\System32\RPCRT4.dll
0x00007ffee3750000 - 0x00007ffee3777000 	C:\Windows\System32\bcrypt.dll
0x00007ffee40c0000 - 0x00007ffee425d000 	C:\Windows\System32\USER32.dll
0x00007ffee3b40000 - 0x00007ffee3b62000 	C:\Windows\System32\win32u.dll
0x00007ffecb2d0000 - 0x00007ffecb56b000 	C:\Windows\WinSxS\amd64_microsoft.windows.common-controls_6595b64144ccf1df_6.0.19041.6926_none_60b5a53971f8f7e6\COMCTL32.dll
0x00007ffee4260000 - 0x00007ffee428b000 	C:\Windows\System32\GDI32.dll
0x00007ffee3c70000 - 0x00007ffee3d8a000 	C:\Windows\System32\gdi32full.dll
0x00007ffee3aa0000 - 0x00007ffee3b3d000 	C:\Windows\System32\msvcp_win.dll
0x00007ffed9c30000 - 0x00007ffed9c3a000 	C:\Windows\SYSTEM32\VERSION.dll
0x00007ffee4000000 - 0x00007ffee402f000 	C:\Windows\System32\IMM32.DLL
0x00007ffedc350000 - 0x00007ffedc35c000 	C:\Program Files\Java\jdk-21\bin\vcruntime140_1.dll
0x00007ffe77000000 - 0x00007ffe7708e000 	C:\Program Files\Java\jdk-21\bin\msvcp140.dll
0x00007ffe66330000 - 0x00007ffe6704a000 	C:\Program Files\Java\jdk-21\bin\server\jvm.dll
0x00007ffee4820000 - 0x00007ffee488b000 	C:\Windows\System32\WS2_32.dll
0x00007ffee2900000 - 0x00007ffee294b000 	C:\Windows\SYSTEM32\POWRPROF.dll
0x00007ffecd150000 - 0x00007ffecd177000 	C:\Windows\SYSTEM32\WINMM.dll
0x00007ffee27c0000 - 0x00007ffee27d2000 	C:\Windows\SYSTEM32\UMPDC.dll
0x00007ffee1c10000 - 0x00007ffee1c22000 	C:\Windows\SYSTEM32\kernel.appcore.dll
0x00007ffedbfe0000 - 0x00007ffedbfea000 	C:\Program Files\Java\jdk-21\bin\jimage.dll
0x00007ffeddf20000 - 0x00007ffede121000 	C:\Windows\SYSTEM32\DBGHELP.DLL
0x00007ffecc3d0000 - 0x00007ffecc404000 	C:\Windows\SYSTEM32\dbgcore.DLL
0x00007ffee38b0000 - 0x00007ffee3932000 	C:\Windows\System32\bcryptPrimitives.dll
0x00007ffed9190000 - 0x00007ffed919f000 	C:\Program Files\Java\jdk-21\bin\instrument.dll
0x00007ffec6ae0000 - 0x00007ffec6aff000 	C:\Program Files\Java\jdk-21\bin\java.dll
0x00007ffee48a0000 - 0x00007ffee5011000 	C:\Windows\System32\SHELL32.dll
0x00007ffede3f0000 - 0x00007ffedeb96000 	C:\Windows\SYSTEM32\windows.storage.dll
0x00007ffee42a0000 - 0x00007ffee45f3000 	C:\Windows\System32\combase.dll
0x00007ffee2e20000 - 0x00007ffee2e4b000 	C:\Windows\SYSTEM32\Wldp.dll
0x00007ffee3d90000 - 0x00007ffee3e66000 	C:\Windows\System32\OLEAUT32.dll
0x00007ffee46c0000 - 0x00007ffee476d000 	C:\Windows\System32\SHCORE.dll
0x00007ffee3fa0000 - 0x00007ffee3ffb000 	C:\Windows\System32\shlwapi.dll
0x00007ffee3320000 - 0x00007ffee3344000 	C:\Windows\SYSTEM32\profapi.dll
0x00007ffe76f20000 - 0x00007ffe76ff7000 	C:\Program Files\Java\jdk-21\bin\jsvml.dll
0x00007ffeb6e20000 - 0x00007ffeb6e38000 	C:\Program Files\Java\jdk-21\bin\zip.dll
0x00007ffedaf70000 - 0x00007ffedaf80000 	C:\Program Files\Java\jdk-21\bin\net.dll
0x00007ffed5890000 - 0x00007ffed599a000 	C:\Windows\SYSTEM32\WINHTTP.dll
0x00007ffee2b50000 - 0x00007ffee2bba000 	C:\Windows\system32\mswsock.dll
0x00007ffec3090000 - 0x00007ffec30a6000 	C:\Program Files\Java\jdk-21\bin\nio.dll
0x00007ffecaf60000 - 0x00007ffecaf69000 	C:\Program Files\Java\jdk-21\bin\extnet.dll
0x00007ffecadf0000 - 0x00007ffecadfa000 	C:\Program Files\Java\jdk-21\bin\management.dll
0x00007ffeca390000 - 0x00007ffeca39b000 	C:\Program Files\Java\jdk-21\bin\management_ext.dll
0x00007ffee4290000 - 0x00007ffee4298000 	C:\Windows\System32\PSAPI.DLL
0x00007ffee27e0000 - 0x00007ffee281b000 	C:\Windows\SYSTEM32\IPHLPAPI.DLL
0x00007ffee4890000 - 0x00007ffee4898000 	C:\Windows\System32\NSI.dll
0x00007ffee2830000 - 0x00007ffee28fa000 	C:\Windows\SYSTEM32\DNSAPI.dll
0x00007ffed82a0000 - 0x00007ffed82aa000 	C:\Windows\System32\rasadhlp.dll
0x00007ffece5b0000 - 0x00007ffece630000 	C:\Windows\System32\fwpuclnt.dll
0x00007ffecafe0000 - 0x00007ffecafee000 	C:\Program Files\Java\jdk-21\bin\sunmscapi.dll
0x00007ffee3940000 - 0x00007ffee3a9d000 	C:\Windows\System32\CRYPT32.dll
0x00007ffee2e90000 - 0x00007ffee2eb7000 	C:\Windows\SYSTEM32\ncrypt.dll
0x00007ffee2e50000 - 0x00007ffee2e8b000 	C:\Windows\SYSTEM32\NTASN1.dll
0x00007ffee2d70000 - 0x00007ffee2d88000 	C:\Windows\SYSTEM32\CRYPTSP.dll
0x00007ffee2400000 - 0x00007ffee2438000 	C:\Windows\system32\rsaenh.dll
0x00007ffee32e0000 - 0x00007ffee330e000 	C:\Windows\SYSTEM32\USERENV.dll
0x00007ffee2d90000 - 0x00007ffee2d9c000 	C:\Windows\SYSTEM32\CRYPTBASE.dll

dbghelp: loaded successfully - version: 4.0.5 - missing functions: none
symbol engine: initialized successfully - sym options: 0x614 - pdb path: .;C:\Program Files\Java\jdk-21\bin;C:\Windows\SYSTEM32;C:\Windows\WinSxS\amd64_microsoft.windows.common-controls_6595b64144ccf1df_6.0.19041.6926_none_60b5a53971f8f7e6;C:\Program Files\Java\jdk-21\bin\server

VM Arguments:
jvm_args: -javaagent:C:\Program Files\JetBrains\IntelliJ IDEA Community Edition 2025.1.3\lib\idea_rt.jar=64096 -Dfile.encoding=UTF-8 -Dsun.stdout.encoding=UTF-8 -Dsun.stderr.encoding=UTF-8 
java_command: com.example.profile.ProfileMsApplication
java_class_path (initial): D:\Hospital Management Service\HMS-Backend\ProfileMS\target\classes;D:\MavenRepo\software\amazon\awssdk\secretsmanager\2.25.0\secretsmanager-2.25.0.jar;D:\MavenRepo\software\amazon\awssdk\aws-json-protocol\2.25.0\aws-json-protocol-2.25.0.jar;D:\MavenRepo\software\amazon\awssdk\third-party-jackson-core\2.25.0\third-party-jackson-core-2.25.0.jar;D:\MavenRepo\software\amazon\awssdk\protocol-core\2.25.0\protocol-core-2.25.0.jar;D:\MavenRepo\software\amazon\awssdk\http-auth-aws\2.25.0\http-auth-aws-2.25.0.jar;D:\MavenRepo\software\amazon\awssdk\checksums-spi\2.25.0\checksums-spi-2.25.0.jar;D:\MavenRepo\software\amazon\awssdk\checksums\2.25.0\checksums-2.25.0.jar;D:\MavenRepo\software\amazon\awssdk\sdk-core\2.25.0\sdk-core-2.25.0.jar;D:\MavenRepo\org\slf4j\slf4j-api\2.0.17\slf4j-api-2.0.17.jar;D:\MavenRepo\org\reactivestreams\reactive-streams\1.0.4\reactive-streams-1.0.4.jar;D:\MavenRepo\software\amazon\awssdk\auth\2.25.0\auth-2.25.0.jar;D:\MavenRepo\software\amazon\eventstream\eventstream\1.0.1\eventstream-1.0.1.jar;D:\MavenRepo\software\amazon\awssdk\http-auth-spi\2.25.0\http-auth-spi-2.25.0.jar;D:\MavenRepo\software\amazon\awssdk\http-auth\2.25.0\http-auth-2.25.0.jar;D:\MavenRepo\software\amazon\awssdk\identity-spi\2.25.0\identity-spi-2.25.0.jar;D:\MavenRepo\software\amazon\awssdk\http-client-spi\2.25.0\http-client-spi-2.25.0.jar;D:\MavenRepo\software\amazon\awssdk\regions\2.25.0\regions-2.25.0.jar;D:\MavenRepo\software\amazon\awssdk\annotations\2.25.0\annotations-2.25.0.jar;D:\MavenRepo\software\amazon\awssdk\utils\2.25.0\utils-2.25.0.jar;D:\MavenRepo\software\amazon\awssdk\aws-core\2.25.0\aws-core-2.25.0.jar;D:\MavenRepo\software\amazon\awssdk\metrics-spi\2.25.0\metrics-spi-2.25.0.jar;D:\MavenRepo\software\amazon\awssdk\json-utils\2.25.0\json-utils-2.25.0.jar;D:\MavenRepo\software\amazon\awssdk\endpoints-spi\2.25.0\endpoints-spi-2.25.0.jar;D:\MavenRepo\software\amazon\awssdk\apache-client\2.25.0\apache-client-2.25.0.jar;D:\MavenRepo\org\apache\httpcomponents\httpclient\4.5.13\httpclient-4.5.13.jar;D:\MavenRepo\commons-logging\commons-logging\1.3.6\commons-logging-1.3.6.jar;D:\MavenRepo\org\apache\httpcomponents\httpcore\4.4.16\httpcore-4.4.16.jar;D:\MavenRepo\commons-codec\commons-codec\1.19.0\commons-codec-1.19.0.jar;D:\MavenRepo\software\amazon\awssdk\netty-nio-client\2.25.0\netty-nio-client-2.25.0.jar;D:\MavenRepo\io\netty\netty-codec-http\4.2.12.Final\netty-codec-http-4.2.12.Final.jar;D:\MavenRepo\io\netty\netty-codec-base\4.2.12.Final\netty-codec-base-4.2.12.Final.jar;D:\MavenRepo\io\netty\netty-codec-compression\4.2.12.Final\netty-codec-compression-4.2.12.Final.jar;D:\MavenRepo\io\netty\netty-codec-http2\4.2.12.Final\netty-codec-http2-4.2.12.Final.jar;D:\MavenRepo\io\netty\netty-codec\4.2.12.Final\netty-codec-4.2.12.Final.jar;D:\MavenRepo\io\netty\netty-codec-protobuf\4.2.12.Final\netty-codec-protobuf-4.2.12.Final.jar;D:\MavenRepo\io\netty\netty-codec-marshalling\4.2.12.Final\netty-codec-marshalling-4.2.12.Final.jar;D:\MavenRepo\io\netty\netty-transport\4.2.12.Final\netty-transport-4.2.12.Final.jar;D:\MavenRepo\io\netty\netty-common\4.2.12.Final\netty-common-4.2.12.Final.jar;D:\MavenRepo\io\netty\netty-buffer\4.2.12.Final\netty-buffer-4.2.12.Final.jar;D:\MavenRepo\io\netty\netty-handler\4.2.12.Final\netty-handler-4.2.12.Final.jar;D:\MavenRepo\io\netty\netty-transport-native-unix-common\4.2.12.Final\netty-transport-native-unix-common-4.2.12.Final.jar;D:\MavenRepo\io\netty\netty-transport-classes-epoll\4.2.12.Final\netty-transport-classes-epoll-4.2.12.Final.jar;D:\MavenRepo\io\netty\netty-resolver\4.2.12.Final\netty-resolver-4.2.12.Final.jar;D:\MavenRepo\software\amazon\awssdk\sts\2.25.0\sts-2.25.0.jar;D:\MavenRepo\software\amazon\awssdk\aws-query-protocol\2.25.0\aws-query-protocol-2.25.0.jar;D:\MavenRepo\software\amazon\awssdk\profiles\2.25.0\profiles-2.25.0.jar;D:\MavenRepo\io\jsonwebtoken\jjwt-api\0.12.5\jjwt-api-0.12.5.jar;D:\MavenRepo\io\jsonwebtoken\jjwt-impl\0.12.5\jjwt-impl-0.12.5.jar;D:\MavenRepo\io\jsonwebtoken\jjwt-jackson\0.12.5\jjwt-jackson-0.12.5.jar;D:\MavenRepo\com\fasterxml\jackson\core\jackson-databind\2.21.2\jackson-databind-2.21.2.jar;D:\MavenRepo\com\fasterxml\jackson\core\jackson-annotations\2.21\jackson-annotations-2.21.jar;D:\MavenRepo\com\fasterxml\jackson\core\jackson-core\2.21.2\jackson-core-2.21.2.jar;D:\MavenRepo\org\springframework\cloud\spring-cloud-starter-netflix-eureka-client\5.0.1\spring-cloud-starter-netflix-eureka-client-5.0.1.jar;D:\MavenRepo\org\springframework\cloud\spring-cloud-starter\5.0.1\spring-cloud-starter-5.0.1.jar;D:\MavenRepo\org\springframework\cloud\spring-cloud-context\5.0.1\spring-cloud-context-5.0.1.jar;D:\MavenRepo\org\springframework\boot\spring-boot-restclient\4.0.6\spring-boot-restclient-4.0.6.jar;D:\MavenRepo\org\springframework\boot\spring-boot-http-client\4.0.6\spring-boot-http-client-4.0.6.jar;D:\MavenRepo\org\springframework\security\spring-security-crypto\7.0.5\spring-security-crypto-7.0.5.jar;D:\MavenRepo\org\springframework\cloud\spring-cloud-commons\5.0.1\spring-cloud-commons-5.0.1.jar;D:\MavenRepo\org\bouncycastle\bcprov-jdk18on\1.81\bcprov-jdk18on-1.81.jar;D:\MavenRepo\org\springframework\cloud\spring-cloud-netflix-eureka-client\5.0.1\spring-cloud-netflix-eureka-client-5.0.1.jar;D:\MavenRepo\org\springframework\boot\spring-boot-jackson2\4.0.6\spring-boot-jackson2-4.0.6.jar;D:\MavenRepo\com\fasterxml\jackson\datatype\jackson-datatype-jdk8\2.21.2\jackson-datatype-jdk8-2.21.2.jar;D:\MavenRepo\com\fasterxml\jackson\datatype\jackson-datatype-jsr310\2.21.2\jackson-datatype-jsr310-2.21.2.jar;D:\MavenRepo\com\fasterxml\jackson\module\jackson-module-parameter-names\2.21.2\jackson-module-parameter-names-2.21.2.jar;D:\MavenRepo\org\apache\httpcomponents\client5\httpclient5\5.5.2\httpclient5-5.5.2.jar;D:\MavenRepo\org\apache\httpcomponents\core5\httpcore5\5.3.6\httpcore5-5.3.6.jar;D:\MavenRepo\org\apache\httpcomponents\core5\httpcore5-h2\5.3.6\httpcore5-h2-5.3.6.jar;D:\MavenRepo\com\netflix\eureka\eureka-client\2.0.5\eureka-client-2.0.5.jar;D:\MavenRepo\com\thoughtworks\xstream\xstream\1.4.21\xstream-1.4.21.jar;D:\MavenRepo\io\github\x-stream\mxparser\1.2.2\mxparser-1.2.2.jar;D:\MavenRepo\xmlpull\xmlpull\1.1.3.1\xmlpull-1.1.3.1.jar;D:\MavenRepo\jakarta\ws\rs\jakarta.ws.rs-api\4.0.0\jakarta.ws.rs-api-4.0.0.jar;D:\MavenRepo\jakarta\inject\jakarta.inject-api\2.0.1\jakarta.inject-api-2.0.1.jar;D:\MavenRepo\jakarta\annotation\jakarta.annotation-api\3.0.0\jakarta.annotation-api-3.0.0.jar;D:\MavenRepo\com\netflix\spectator\spectator-api\1.7.3\spectator-api-1.7.3.jar;D:\MavenRepo\commons-configuration\commons-configuration\1.10\commons-configuration-1.10.jar;D:\MavenRepo\commons-lang\commons-lang\2.6\commons-lang-2.6.jar;D:\MavenRepo\com\netflix\netflix-commons\netflix-eventbus\0.3.0\netflix-eventbus-0.3.0.jar;D:\MavenRepo\com\netflix\netflix-commons\netflix-infix\0.3.0\netflix-infix-0.3.0.jar;D:\MavenRepo\commons-jxpath\commons-jxpath\1.3\commons-jxpath-1.3.jar;D:\MavenRepo\joda-time\joda-time\2.3\joda-time-2.3.jar;D:\MavenRepo\org\antlr\antlr-runtime\3.4\antlr-runtime-3.4.jar;D:\MavenRepo\org\antlr\stringtemplate\3.2.1\stringtemplate-3.2.1.jar;D:\MavenRepo\antlr\antlr\2.7.7\antlr-2.7.7.jar;D:\MavenRepo\com\google\code\gson\gson\2.13.2\gson-2.13.2.jar;D:\MavenRepo\com\google\errorprone\error_prone_annotations\2.41.0\error_prone_annotations-2.41.0.jar;D:\MavenRepo\com\netflix\servo\servo-core\0.5.3\servo-core-0.5.3.jar;D:\MavenRepo\org\apache\commons\commons-math\2.2\commons-math-2.2.jar;D:\MavenRepo\javax\annotation\javax.annotation-api\1.2\javax.annotation-api-1.2.jar;D:\MavenRepo\org\codehaus\jettison\jettison\1.5.4\jettison-1.5.4.jar;D:\MavenRepo\org\springframework\cloud\spring-cloud-starter-loadbalancer\5.0.1\spring-cloud-starter-loadbalancer-5.0.1.jar;D:\MavenRepo\org\springframework\cloud\spring-cloud-loadbalancer\5.0.1\spring-cloud-loadbalancer-5.0.1.jar;D:\MavenRepo\io\projectreactor\reactor-core\3.8.5\reactor-core-3.8.5.jar;D:\MavenRepo\io\projectreactor\addons\reactor-extra\3.6.0\reactor-extra-3.6.0.jar;D:\MavenRepo\org\springframework\boot\spring-boot-starter-cache\4.0.6\spring-boot-starter-cache-4.0.6.jar;D:\MavenRepo\org\springframework\boot\spring-boot-cache\4.0.6\spring-boot-cache-4.0.6.jar;D:\MavenRepo\org\springframework\spring-context-support\7.0.7\spring-context-support-7.0.7.jar;D:\MavenRepo\com\stoyanr\evictor\1.0.0\evictor-1.0.0.jar;D:\MavenRepo\org\springframework\boot\spring-boot-starter-data-jpa\4.0.6\spring-boot-starter-data-jpa-4.0.6.jar;D:\MavenRepo\org\springframework\boot\spring-boot-starter\4.0.6\spring-boot-starter-4.0.6.jar;D:\MavenRepo\org\springframework\boot\spring-boot-starter-logging\4.0.6\spring-boot-starter-logging-4.0.6.jar;D:\MavenRepo\ch\qos\logback\logback-classic\1.5.32\logback-classic-1.5.32.jar;D:\MavenRepo\ch\qos\logback\logback-core\1.5.32\logback-core-1.5.32.jar;D:\MavenRepo\org\apache\logging\log4j\log4j-to-slf4j\2.25.4\log4j-to-slf4j-2.25.4.jar;D:\MavenRepo\org\apache\logging\log4j\log4j-api\2.25.4\log4j-api-2.25.4.jar;D:\MavenRepo\org\slf4j\jul-to-slf4j\2.0.17\jul-to-slf4j-2.0.17.jar;D:\MavenRepo\org\yaml\snakeyaml\2.5\snakeyaml-2.5.jar;D:\MavenRepo\org\springframework\boot\spring-boot-starter-jdbc\4.0.6\spring-boot-starter-jdbc-4.0.6.jar;D:\MavenRepo\com\zaxxer\HikariCP\7.0.2\HikariCP-7.0.2.jar;D:\MavenRepo\org\springframework\boot\spring-boot-data-jpa\4.0.6\spring-boot-data-jpa-4.0.6.jar;D:\MavenRepo\org\springframework\boot\spring-boot-data-commons\4.0.6\spring-boot-data-commons-4.0.6.jar;D:\MavenRepo\org\springframework\boot\spring-boot-persistence\4.0.6\spring-boot-persistence-4.0.6.jar;D:\MavenRepo\org\springframework\data\spring-data-commons\4.0.5\spring-data-commons-4.0.5.jar;D:\MavenRepo\org\springframework\boot\spring-boot-hibernate\4.0.6\spring-boot-hibernate-4.0.6.jar;D:\MavenRepo\org\springframework\boot\spring-boot-jpa\4.0.6\spring-boot-jpa-4.0.6.jar;D:\MavenRepo\jakarta\persistence\jakarta.persistence-api\3.2.0\jakarta.persistence-api-3.2.0.jar;D:\MavenRepo\org\hibernate\orm\hibernate-core\7.2.12.Final\hibernate-core-7.2.12.Final.jar;D:\MavenRepo\jakarta\transaction\jakarta.transaction-api\2.0.1\jakarta.transaction-api-2.0.1.jar;D:\MavenRepo\org\jboss\logging\jboss-logging\3.6.3.Final\jboss-logging-3.6.3.Final.jar;D:\MavenRepo\org\hibernate\models\hibernate-models\1.0.1\hibernate-models-1.0.1.jar;D:\MavenRepo\com\fasterxml\classmate\1.7.3\classmate-1.7.3.jar;D:\MavenRepo\org\glassfish\jaxb\jaxb-runtime\4.0.6\jaxb-runtime-4.0.6.jar;D:\MavenRepo\org\glassfish\jaxb\jaxb-core\4.0.6\jaxb-core-4.0.6.jar;D:\MavenRepo\org\eclipse\angus\angus-activation\2.0.3\angus-activation-2.0.3.jar;D:\MavenRepo\org\glassfish\jaxb\txw2\4.0.6\txw2-4.0.6.jar;D:\MavenRepo\com\sun\istack\istack-commons-runtime\4.1.2\istack-commons-runtime-4.1.2.jar;D:\MavenRepo\org\springframework\spring-orm\7.0.7\spring-orm-7.0.7.jar;D:\MavenRepo\org\springframework\data\spring-data-jpa\4.0.5\spring-data-jpa-4.0.5.jar;D:\MavenRepo\org\springframework\spring-tx\7.0.7\spring-tx-7.0.7.jar;D:\MavenRepo\org\antlr\antlr4-runtime\4.13.2\antlr4-runtime-4.13.2.jar;D:\MavenRepo\org\springframework\spring-aspects\7.0.7\spring-aspects-7.0.7.jar;D:\MavenRepo\org\aspectj\aspectjweaver\1.9.25.1\aspectjweaver-1.9.25.1.jar;D:\MavenRepo\org\springframework\boot\spring-boot-jdbc\4.0.6\spring-boot-jdbc-4.0.6.jar;D:\MavenRepo\org\springframework\boot\spring-boot-sql\4.0.6\spring-boot-sql-4.0.6.jar;D:\MavenRepo\org\springframework\boot\spring-boot-transaction\4.0.6\spring-boot-transaction-4.0.6.jar;D:\MavenRepo\org\springframework\spring-jdbc\7.0.7\spring-jdbc-7.0.7.jar;D:\MavenRepo\org\springframework\boot\spring-boot-starter-security\4.0.6\spring-boot-starter-security-4.0.6.jar;D:\MavenRepo\org\springframework\boot\spring-boot-security\4.0.6\spring-boot-security-4.0.6.jar;D:\MavenRepo\org\springframework\security\spring-security-config\7.0.5\spring-security-config-7.0.5.jar;D:\MavenRepo\org\springframework\security\spring-security-core\7.0.5\spring-security-core-7.0.5.jar;D:\MavenRepo\org\springframework\security\spring-security-web\7.0.5\spring-security-web-7.0.5.jar;D:\MavenRepo\org\springframework\spring-expression\7.0.7\spring-expression-7.0.7.jar;D:\MavenRepo\org\springframework\spring-aop\7.0.7\spring-aop-7.0.7.jar;D:\MavenRepo\org\springframework\spring-beans\7.0.7\spring-beans-7.0.7.jar;D:\MavenRepo\org\springframework\spring-core\7.0.7\spring-core-7.0.7.jar;D:\MavenRepo\org\jspecify\jspecify\1.0.0\jspecify-1.0.0.jar;D:\MavenRepo\org\springframework\boot\spring-boot-starter-webmvc\4.0.6\spring-boot-starter-webmvc-4.0.6.jar;D:\MavenRepo\org\springframework\boot\spring-boot-starter-jackson\4.0.6\spring-boot-starter-jackson-4.0.6.jar;D:\MavenRepo\org\springframework\boot\spring-boot-jackson\4.0.6\spring-boot-jackson-4.0.6.jar;D:\MavenRepo\tools\jackson\core\jackson-databind\3.1.2\jackson-databind-3.1.2.jar;D:\MavenRepo\tools\jackson\core\jackson-core\3.1.2\jackson-core-3.1.2.jar;D:\MavenRepo\org\springframework\boot\spring-boot-starter-tomcat\4.0.6\spring-boot-starter-tomcat-4.0.6.jar;D:\MavenRepo\org\springframework\boot\spring-boot-starter-tomcat-runtime\4.0.6\spring-boot-starter-tomcat-runtime-4.0.6.jar;D:\MavenRepo\org\apache\tomcat\embed\tomcat-embed-core\11.0.21\tomcat-embed-core-11.0.21.jar;D:\MavenRepo\org\apache\tomcat\embed\tomcat-embed-el\11.0.21\tomcat-embed-el-11.0.21.jar;D:\MavenRepo\org\apache\tomcat\embed\tomcat-embed-websocket\11.0.21\tomcat-embed-websocket-11.0.21.jar;D:\MavenRepo\org\springframework\boot\spring-boot-tomcat\4.0.6\spring-boot-tomcat-4.0.6.jar;D:\MavenRepo\org\springframework\boot\spring-boot-http-converter\4.0.6\spring-boot-http-converter-4.0.6.jar;D:\MavenRepo\org\springframework\spring-web\7.0.7\spring-web-7.0.7.jar;D:\MavenRepo\io\micrometer\micrometer-observation\1.16.5\micrometer-observation-1.16.5.jar;D:\MavenRepo\io\micrometer\micrometer-commons\1.16.5\micrometer-commons-1.16.5.jar;D:\MavenRepo\org\springframework\boot\spring-boot-webmvc\4.0.6\spring-boot-webmvc-4.0.6.jar;D:\MavenRepo\org\springframework\boot\spring-boot-servlet\4.0.6\spring-boot-servlet-4.0.6.jar;D:\MavenRepo\org\springframework\spring-webmvc\7.0.7\spring-webmvc-7.0.7.jar;D:\MavenRepo\org\springframework\boot\spring-boot-devtools\4.0.6\spring-boot-devtools-4.0.6.jar;D:\MavenRepo\org\springframework\boot\spring-boot\4.0.6\spring-boot-4.0.6.jar;D:\MavenRepo\org\springframework\spring-context\7.0.7\spring-context-7.0.7.jar;D:\MavenRepo\org\springframework\boot\spring-boot-autoconfigure\4.0.6\spring-boot-autoconfigure-4.0.6.jar;D:\MavenRepo\org\postgresql\postgresql\42.7.10\postgresql-42.7.10.jar;D:\MavenRepo\org\checkerframework\checker-qual\3.52.0\checker-qual-3.52.0.jar;D:\MavenRepo\org\projectlombok\lombok\1.18.46\lombok-1.18.46.jar;D:\MavenRepo\jakarta\xml\bind\jakarta.xml.bind-api\4.0.4\jakarta.xml.bind-api-4.0.4.jar;D:\MavenRepo\jakarta\activation\jakarta.activation-api\2.1.4\jakarta.activation-api-2.1.4.jar;D:\MavenRepo\net\bytebuddy\byte-buddy\1.17.8\byte-buddy-1.17.8.jar;D:\MavenRepo\org\springframework\boot\spring-boot-web-server\4.0.6\spring-boot-web-server-4.0.6.jar;D:\MavenRepo\jakarta\validation\jakarta.validation-api\3.1.1\jakarta.validation-api-3.1.1.jar
Launcher Type: SUN_STANDARD

[Global flags]
     intx CICompilerCount                          = 4                                         {product} {ergonomic}
     uint ConcGCThreads                            = 2                                         {product} {ergonomic}
     uint G1ConcRefinementThreads                  = 8                                         {product} {ergonomic}
   size_t G1HeapRegionSize                         = 1048576                                   {product} {ergonomic}
    uintx GCDrainStackTargetSize                   = 64                                        {product} {ergonomic}
   size_t InitialHeapSize                          = 132120576                                 {product} {ergonomic}
   size_t MarkStackSize                            = 4194304                                   {product} {ergonomic}
   size_t MaxHeapSize                              = 2107637760                                {product} {ergonomic}
   size_t MaxNewSize                               = 1264582656                                {product} {ergonomic}
   size_t MinHeapDeltaBytes                        = 1048576                                   {product} {ergonomic}
   size_t MinHeapSize                              = 8388608                                   {product} {ergonomic}
    uintx NonNMethodCodeHeapSize                   = 5839372                                {pd product} {ergonomic}
    uintx NonProfiledCodeHeapSize                  = 122909434                              {pd product} {ergonomic}
    uintx ProfiledCodeHeapSize                     = 122909434                              {pd product} {ergonomic}
    uintx ReservedCodeCacheSize                    = 251658240                              {pd product} {ergonomic}
     bool SegmentedCodeCache                       = true                                      {product} {ergonomic}
   size_t SoftMaxHeapSize                          = 2107637760                             {manageable} {ergonomic}
     bool UseCompressedOops                        = true                           {product lp64_product} {ergonomic}
     bool UseG1GC                                  = true                                      {product} {ergonomic}
     bool UseLargePagesIndividualAllocation        = false                                  {pd product} {ergonomic}

Logging:
Log output configuration:
 #0: stdout all=warning uptime,level,tags foldmultilines=false
 #1: stderr all=off uptime,level,tags foldmultilines=false

Environment Variables:
JAVA_HOME=C:\Program Files\Java\jdk-17
PATH=D:\NodeJs\;C:\Users\PC\AppData\Local\Microsoft\WindowsApps;C:\Users\PC\AppData\Local\Programs\Microsoft VS Code\bin;C:\apache-maven-3.9.11\bin;C:\Program Files\Java\jdk-17\bin;C:\Program Files\PostgreSQL\18\bin;C:\Windows\System32;C:\Users\PC\AppData\Roaming\npm
USERNAME=PC
OS=Windows_NT
PROCESSOR_IDENTIFIER=Intel64 Family 6 Model 142 Stepping 10, GenuineIntel
TMP=C:\Users\PC\AppData\Local\Temp
TEMP=C:\Users\PC\AppData\Local\Temp




Periodic native trim disabled

---------------  S Y S T E M  ---------------

OS:
 Windows 10 , 64 bit Build 19041 (10.0.19041.7181)
OS uptime: 3 days 19:38 hours

CPU: total 8 (initial active 8) (4 cores per cpu, 2 threads per core) family 6 model 142 stepping 10 microcode 0xf6, cx8, cmov, fxsr, ht, mmx, 3dnowpref, sse, sse2, sse3, ssse3, sse4.1, sse4.2, popcnt, lzcnt, tsc, tscinvbit, avx, avx2, aes, erms, clmul, bmi1, bmi2, adx, fma, vzeroupper, clflush, clflushopt, rdtscp, f16c
Processor Information for processor 0
  Max Mhz: 1800, Current Mhz: 1600, Mhz Limit: 1584
Processor Information for processor 1
  Max Mhz: 1800, Current Mhz: 1400, Mhz Limit: 1584
Processor Information for processor 2
  Max Mhz: 1800, Current Mhz: 1600, Mhz Limit: 1584
Processor Information for processor 3
  Max Mhz: 1800, Current Mhz: 1600, Mhz Limit: 1584
Processor Information for processor 4
  Max Mhz: 1800, Current Mhz: 1600, Mhz Limit: 1584
Processor Information for processor 5
  Max Mhz: 1800, Current Mhz: 1400, Mhz Limit: 1584
Processor Information for processor 6
  Max Mhz: 1800, Current Mhz: 1600, Mhz Limit: 1584
Processor Information for processor 7
  Max Mhz: 1800, Current Mhz: 1600, Mhz Limit: 1584

Memory: 4k page, system-wide physical 8035M (295M free)
TotalPageFile size 12573M (AvailPageFile size 5M)
current process WorkingSet (physical memory assigned to process): 267M, peak: 267M
current process commit charge ("private bytes"): 308M, peak: 309M

vm_info: Java HotSpot(TM) 64-Bit Server VM (21.0.7+8-LTS-245) for windows-amd64 JRE (21.0.7+8-LTS-245), built on 2025-02-21T05:11:27Z by "mach5one" with MS VC++ 17.6 (VS2022)

END.
