#
# There is insufficient memory for the Java Runtime Environment to continue.
# Native memory allocation (malloc) failed to allocate 140016 bytes for Chunk::new
# Possible reasons:
#   The system is out of physical RAM or swap space
#   The process is running with CompressedOops enabled, and the Java Heap may be blocking the growth of the native heap
# Possible solutions:
#   Reduce memory load on the system
#   Increase physical memory or swap space
#   Check if swap backing store is full
#   Decrease Java heap size (-Xmx/-Xms)
#   Decrease number of Java threads
#   Decrease Java thread stack sizes (-Xss)
#   Set larger code cache with -XX:ReservedCodeCacheSize=
#   JVM is running with Unscaled Compressed Oops mode in which the Java heap is
#     placed in the first 4GB address space. The Java Heap base address is the
#     maximum limit for the native heap growth. Please use -XX:HeapBaseMinAddress
#     to set the Java Heap base and to place the Java Heap above 4GB virtual address.
# This output file may be truncated or incomplete.
#
#  Out of Memory Error (arena.cpp:168), pid=14588, tid=18836
#
# JRE version: Java(TM) SE Runtime Environment (21.0.7+8) (build 21.0.7+8-LTS-245)
# Java VM: Java HotSpot(TM) 64-Bit Server VM (21.0.7+8-LTS-245, mixed mode, sharing, tiered, compressed oops, compressed class ptrs, g1 gc, windows-amd64)
# No core dump will be written. Minidumps are not enabled by default on client versions of Windows
#

---------------  S U M M A R Y ------------

Command Line: -javaagent:C:\Program Files\JetBrains\IntelliJ IDEA Community Edition 2025.1.3\lib\idea_rt.jar=51880 -Dfile.encoding=UTF-8 -Dsun.stdout.encoding=UTF-8 -Dsun.stderr.encoding=UTF-8 com.hms.appointment.AppointmentApplication

Host: Intel(R) Core(TM) i5-8250U CPU @ 1.60GHz, 8 cores, 7G,  Windows 10 , 64 bit Build 19041 (10.0.19041.7181)
Time: Thu Jun 11 15:58:50 2026 India Standard Time elapsed time: 3259.898878 seconds (0d 0h 54m 19s)

---------------  T H R E A D  ---------------

Current thread (0x000001eed9cdebd0):  JavaThread "C2 CompilerThread0" daemon [_thread_in_native, id=18836, stack(0x000000d05cf00000,0x000000d05d000000) (1024K)]


Current CompileTask:
C2:3259899 11581   !   4       java.util.concurrent.ThreadPoolExecutor::getTask (177 bytes)

Stack: [0x000000d05cf00000,0x000000d05d000000]
Native frames: (J=compiled Java code, j=interpreted, Vv=VM code, C=native code)
V  [jvm.dll+0x6cae19]
V  [jvm.dll+0x855741]
V  [jvm.dll+0x857c6e]
V  [jvm.dll+0x858343]
V  [jvm.dll+0x27e0b6]
V  [jvm.dll+0xc4ecd]
V  [jvm.dll+0xc5403]
V  [jvm.dll+0x5d6357]
V  [jvm.dll+0x381e54]
V  [jvm.dll+0x38129a]
V  [jvm.dll+0x246b30]
V  [jvm.dll+0x24610f]
V  [jvm.dll+0x1c6efe]
V  [jvm.dll+0x255819]
V  [jvm.dll+0x253daa]
V  [jvm.dll+0x3eebb6]
V  [jvm.dll+0x7ffa1b]
V  [jvm.dll+0x6c94fd]
C  [ucrtbase.dll+0x21bb2]
C  [KERNEL32.DLL+0x17374]
C  [ntdll.dll+0x4cc91]


---------------  P R O C E S S  ---------------

Threads class SMR info:
_java_thread_list=0x000001ef1f125150, length=40, elements={
0x000001eed9ccb510, 0x000001eed9cd0040, 0x000001eed9cd4860, 0x000001eed9cd5140,
0x000001eed9cd9f50, 0x000001eed9cda5b0, 0x000001eed9cdebd0, 0x000001eed9ce7bf0,
0x000001ef1f085480, 0x000001ef1f2611a0, 0x000001ef1f261800, 0x000001ef24ceb2b0,
0x000001ef2454f0f0, 0x000001ef20cb7b30, 0x000001ef235b2440, 0x000001ef235b37f0,
0x000001ef235b4510, 0x000001ef235b3e80, 0x000001ef235b1090, 0x000001ef226c02c0,
0x000001ef226be1f0, 0x000001ef226c0950, 0x000001ef226bdb60, 0x000001ef226c1d00,
0x000001ef226c0fe0, 0x000001ef226bc120, 0x000001ef226c2390, 0x000001ef226bba90,
0x000001ef226c1670, 0x000001ef226bc7b0, 0x000001ef226bb400, 0x000001ef226c2a20,
0x000001ef226bce40, 0x000001ef226bd4d0, 0x000001ef226bf5a0, 0x000001ef226bfc30,
0x000001ef24073be0, 0x000001ef24070760, 0x000001ef240769d0, 0x000001ef240776f0
}

Java Threads: ( => current thread )
  0x000001eed9ccb510 JavaThread "Reference Handler"          daemon [_thread_blocked, id=17748, stack(0x000000d05c900000,0x000000d05ca00000) (1024K)]
  0x000001eed9cd0040 JavaThread "Finalizer"                  daemon [_thread_blocked, id=3204, stack(0x000000d05ca00000,0x000000d05cb00000) (1024K)]
  0x000001eed9cd4860 JavaThread "Signal Dispatcher"          daemon [_thread_blocked, id=15648, stack(0x000000d05cb00000,0x000000d05cc00000) (1024K)]
  0x000001eed9cd5140 JavaThread "Attach Listener"            daemon [_thread_blocked, id=18316, stack(0x000000d05cc00000,0x000000d05cd00000) (1024K)]
  0x000001eed9cd9f50 JavaThread "Service Thread"             daemon [_thread_blocked, id=11872, stack(0x000000d05cd00000,0x000000d05ce00000) (1024K)]
  0x000001eed9cda5b0 JavaThread "Monitor Deflation Thread"   daemon [_thread_blocked, id=17844, stack(0x000000d05ce00000,0x000000d05cf00000) (1024K)]
=>0x000001eed9cdebd0 JavaThread "C2 CompilerThread0"         daemon [_thread_in_native, id=18836, stack(0x000000d05cf00000,0x000000d05d000000) (1024K)]
  0x000001eed9ce7bf0 JavaThread "C1 CompilerThread0"         daemon [_thread_blocked, id=7036, stack(0x000000d05d000000,0x000000d05d100000) (1024K)]
  0x000001ef1f085480 JavaThread "Common-Cleaner"             daemon [_thread_blocked, id=14224, stack(0x000000d05d100000,0x000000d05d200000) (1024K)]
  0x000001ef1f2611a0 JavaThread "Monitor Ctrl-Break"         daemon [_thread_in_native, id=19420, stack(0x000000d05d200000,0x000000d05d300000) (1024K)]
  0x000001ef1f261800 JavaThread "Notification Thread"        daemon [_thread_blocked, id=7648, stack(0x000000d05d300000,0x000000d05d400000) (1024K)]
  0x000001ef24ceb2b0 JavaThread "Catalina-utility-1"                [_thread_blocked, id=16112, stack(0x000000d05e100000,0x000000d05e200000) (1024K)]
  0x000001ef2454f0f0 JavaThread "Catalina-utility-2"                [_thread_blocked, id=2252, stack(0x000000d05e200000,0x000000d05e300000) (1024K)]
  0x000001ef20cb7b30 JavaThread "container-0"                       [_thread_blocked, id=6676, stack(0x000000d05e300000,0x000000d05e400000) (1024K)]
  0x000001ef235b2440 JavaThread "Cleaner-0"                  daemon [_thread_blocked, id=2780, stack(0x000000d05e000000,0x000000d05e100000) (1024K)]
  0x000001ef235b37f0 JavaThread "HikariPool-1:housekeeper"   daemon [_thread_blocked, id=9280, stack(0x000000d05e400000,0x000000d05e500000) (1024K)]
  0x000001ef235b4510 JavaThread "idle-connection-reaper"     daemon [_thread_blocked, id=11692, stack(0x000000d05e600000,0x000000d05e700000) (1024K)]
  0x000001ef235b3e80 JavaThread "File Watcher"               daemon [_thread_blocked, id=18632, stack(0x000000d05e700000,0x000000d05e800000) (1024K)]
  0x000001ef235b1090 JavaThread "spectator-gauge-polling-0"  daemon [_thread_blocked, id=10052, stack(0x000000d05e800000,0x000000d05e900000) (1024K)]
  0x000001ef226c02c0 JavaThread "AsyncResolver-bootstrap-%d" daemon [_thread_blocked, id=4488, stack(0x000000d05e900000,0x000000d05ea00000) (1024K)]
  0x000001ef226be1f0 JavaThread "DiscoveryClient-%d"         daemon [_thread_blocked, id=19176, stack(0x000000d05dd00000,0x000000d05de00000) (1024K)]
  0x000001ef226c0950 JavaThread "DiscoveryClient-%d"         daemon [_thread_blocked, id=8088, stack(0x000000d05ea00000,0x000000d05eb00000) (1024K)]
  0x000001ef226bdb60 JavaThread "DiscoveryClient-InstanceInfoReplicator-%d" daemon [_thread_blocked, id=10836, stack(0x000000d05eb00000,0x000000d05ec00000) (1024K)]
  0x000001ef226c1d00 JavaThread "http-nio-9200-exec-1"       daemon [_thread_blocked, id=10672, stack(0x000000d05ec00000,0x000000d05ed00000) (1024K)]
  0x000001ef226c0fe0 JavaThread "http-nio-9200-exec-2"       daemon [_thread_blocked, id=8104, stack(0x000000d05ed00000,0x000000d05ee00000) (1024K)]
  0x000001ef226bc120 JavaThread "http-nio-9200-exec-3"       daemon [_thread_blocked, id=5636, stack(0x000000d05ee00000,0x000000d05ef00000) (1024K)]
  0x000001ef226c2390 JavaThread "http-nio-9200-exec-4"       daemon [_thread_blocked, id=4212, stack(0x000000d05ef00000,0x000000d05f000000) (1024K)]
  0x000001ef226bba90 JavaThread "http-nio-9200-exec-5"       daemon [_thread_blocked, id=15204, stack(0x000000d05f000000,0x000000d05f100000) (1024K)]
  0x000001ef226c1670 JavaThread "http-nio-9200-exec-6"       daemon [_thread_blocked, id=14272, stack(0x000000d05f100000,0x000000d05f200000) (1024K)]
  0x000001ef226bc7b0 JavaThread "http-nio-9200-exec-7"       daemon [_thread_blocked, id=1016, stack(0x000000d05f200000,0x000000d05f300000) (1024K)]
  0x000001ef226bb400 JavaThread "http-nio-9200-exec-8"       daemon [_thread_blocked, id=15632, stack(0x000000d05f300000,0x000000d05f400000) (1024K)]
  0x000001ef226c2a20 JavaThread "http-nio-9200-exec-9"       daemon [_thread_blocked, id=18860, stack(0x000000d05f400000,0x000000d05f500000) (1024K)]
  0x000001ef226bce40 JavaThread "http-nio-9200-exec-10"      daemon [_thread_blocked, id=16164, stack(0x000000d05f500000,0x000000d05f600000) (1024K)]
  0x000001ef226bd4d0 JavaThread "http-nio-9200-Poller"       daemon [_thread_in_native, id=18724, stack(0x000000d05f600000,0x000000d05f700000) (1024K)]
  0x000001ef226bf5a0 JavaThread "http-nio-9200-Acceptor"     daemon [_thread_in_native, id=19236, stack(0x000000d05f700000,0x000000d05f800000) (1024K)]
  0x000001ef226bfc30 JavaThread "scheduling-1"                      [_thread_blocked, id=5392, stack(0x000000d05f900000,0x000000d05fa00000) (1024K)]
  0x000001ef24073be0 JavaThread "DestroyJavaVM"                     [_thread_blocked, id=10432, stack(0x000000d05c100000,0x000000d05c200000) (1024K)]
  0x000001ef24070760 JavaThread "DiscoveryClient-CacheRefreshExecutor-%d" daemon [_thread_blocked, id=18920, stack(0x000000d05be00000,0x000000d05bf00000) (1024K)]
  0x000001ef240769d0 JavaThread "DiscoveryClient-HeartbeatExecutor-%d" daemon [_thread_blocked, id=10296, stack(0x000000d05bf00000,0x000000d05c000000) (1024K)]
  0x000001ef240776f0 JavaThread "AsyncResolver-bootstrap-executor-%d" daemon [_thread_blocked, id=10388, stack(0x000000d05dc00000,0x000000d05dd00000) (1024K)]
Total: 40

Other Threads:
  0x000001eed9cae630 VMThread "VM Thread"                           [id=4100, stack(0x000000d05c800000,0x000000d05c900000) (1024K)]
  0x000001eed9c9e480 WatcherThread "VM Periodic Task Thread"        [id=18012, stack(0x000000d05c700000,0x000000d05c800000) (1024K)]
  0x000001eebb421020 WorkerThread "GC Thread#0"                     [id=4708, stack(0x000000d05c200000,0x000000d05c300000) (1024K)]
  0x000001ef1fcb1aa0 WorkerThread "GC Thread#1"                     [id=9148, stack(0x000000d05d400000,0x000000d05d500000) (1024K)]
  0x000001ef1fcadfd0 WorkerThread "GC Thread#2"                     [id=2068, stack(0x000000d05d500000,0x000000d05d600000) (1024K)]
  0x000001ef1fef34c0 WorkerThread "GC Thread#3"                     [id=5800, stack(0x000000d05d600000,0x000000d05d700000) (1024K)]
  0x000001ef2037f790 WorkerThread "GC Thread#4"                     [id=2288, stack(0x000000d05d700000,0x000000d05d800000) (1024K)]
  0x000001ef1fec5620 WorkerThread "GC Thread#5"                     [id=17096, stack(0x000000d05d800000,0x000000d05d900000) (1024K)]
  0x000001ef200c4e80 WorkerThread "GC Thread#6"                     [id=16980, stack(0x000000d05d900000,0x000000d05da00000) (1024K)]
  0x000001ef203e3020 WorkerThread "GC Thread#7"                     [id=16784, stack(0x000000d05da00000,0x000000d05db00000) (1024K)]
  0x000001eebb433c20 ConcurrentGCThread "G1 Main Marker"            [id=480, stack(0x000000d05c300000,0x000000d05c400000) (1024K)]
  0x000001eebb434dd0 WorkerThread "G1 Conc#0"                       [id=17224, stack(0x000000d05c400000,0x000000d05c500000) (1024K)]
  0x000001ef20ff4480 WorkerThread "G1 Conc#1"                       [id=16352, stack(0x000000d05de00000,0x000000d05df00000) (1024K)]
  0x000001eed9b72580 ConcurrentGCThread "G1 Refine#0"               [id=9672, stack(0x000000d05c500000,0x000000d05c600000) (1024K)]
  0x000001eed9b72b10 ConcurrentGCThread "G1 Service"                [id=12532, stack(0x000000d05c600000,0x000000d05c700000) (1024K)]
Total: 15

Threads with active compile tasks:
C2 CompilerThread0  3260025 11581   !   4       java.util.concurrent.ThreadPoolExecutor::getTask (177 bytes)
Total: 1

VM state: not at safepoint (normal execution)

VM Mutex/Monitor currently owned by a thread: None

Heap address: 0x0000000082600000, size: 2010 MB, Compressed Oops mode: 32-bit

CDS archive(s) mapped at: [0x000001eeda000000-0x000001eedac90000-0x000001eedac90000), size 13172736, SharedBaseAddress: 0x000001eeda000000, ArchiveRelocationMode: 1.
Compressed class space mapped at: 0x000001eedb000000-0x000001ef1b000000, reserved size: 1073741824
Narrow klass base: 0x000001eeda000000, Narrow klass shift: 0, Narrow klass range: 0x100000000

GC Precious Log:
 CardTable entry size: 512
 Card Set container configuration: InlinePtr #cards 5 size 8 Array Of Cards #cards 12 size 40 Howl #buckets 4 coarsen threshold 1843 Howl Bitmap #cards 512 size 80 coarsen threshold 460 Card regions per heap region 1 cards per card region 2048
 CPUs: 8 total, 8 available
 Memory: 8035M
 Large Page Support: Disabled
 NUMA Support: Disabled
 Compressed Oops: Enabled (32-bit)
 Heap Region Size: 1M
 Heap Min Capacity: 8M
 Heap Initial Capacity: 126M
 Heap Max Capacity: 2010M
 Pre-touch: Disabled
 Parallel Workers: 8
 Concurrent Workers: 2
 Concurrent Refinement Workers: 8
 Periodic GC: Disabled

Heap:
 garbage-first heap   total 162816K, used 119826K [0x0000000082600000, 0x0000000100000000)
  region size 1024K, 55 young (56320K), 6 survivors (6144K)
 Metaspace       used 117980K, committed 119360K, reserved 1179648K
  class space    used 15743K, committed 16320K, reserved 1048576K

Heap Regions: E=young(eden), S=young(survivor), O=old, HS=humongous(starts), HC=humongous(continues), CS=collection set, F=free, TAMS=top-at-mark-start, PB=parsable bottom
|   0|0x0000000082600000, 0x0000000082700000, 0x0000000082700000|100%|HS|  |TAMS 0x0000000082600000| PB 0x0000000082600000| Complete 
|   1|0x0000000082700000, 0x0000000082800000, 0x0000000082800000|100%|HS|  |TAMS 0x0000000082700000| PB 0x0000000082700000| Complete 
|   2|0x0000000082800000, 0x0000000082900000, 0x0000000082900000|100%|HS|  |TAMS 0x0000000082800000| PB 0x0000000082800000| Complete 
|   3|0x0000000082900000, 0x0000000082a00000, 0x0000000082a00000|100%| O|  |TAMS 0x0000000082900000| PB 0x0000000082900000| Untracked 
|   4|0x0000000082a00000, 0x0000000082b00000, 0x0000000082b00000|100%| O|  |TAMS 0x0000000082a00000| PB 0x0000000082a00000| Untracked 
|   5|0x0000000082b00000, 0x0000000082c00000, 0x0000000082c00000|100%| O|  |TAMS 0x0000000082b00000| PB 0x0000000082b00000| Untracked 
|   6|0x0000000082c00000, 0x0000000082d00000, 0x0000000082d00000|100%| O|  |TAMS 0x0000000082c00000| PB 0x0000000082c00000| Untracked 
|   7|0x0000000082d00000, 0x0000000082e00000, 0x0000000082e00000|100%| O|  |TAMS 0x0000000082d00000| PB 0x0000000082d00000| Untracked 
|   8|0x0000000082e00000, 0x0000000082f00000, 0x0000000082f00000|100%| O|  |TAMS 0x0000000082e00000| PB 0x0000000082e00000| Untracked 
|   9|0x0000000082f00000, 0x0000000083000000, 0x0000000083000000|100%| O|  |TAMS 0x0000000082f00000| PB 0x0000000082f00000| Untracked 
|  10|0x0000000083000000, 0x0000000083100000, 0x0000000083100000|100%| O|  |TAMS 0x0000000083000000| PB 0x0000000083000000| Untracked 
|  11|0x0000000083100000, 0x0000000083200000, 0x0000000083200000|100%| O|Cm|TAMS 0x0000000083100000| PB 0x0000000083100000| Complete 
|  12|0x0000000083200000, 0x0000000083300000, 0x0000000083300000|100%| O|Cm|TAMS 0x0000000083200000| PB 0x0000000083200000| Complete 
|  13|0x0000000083300000, 0x0000000083400000, 0x0000000083400000|100%| O|  |TAMS 0x0000000083300000| PB 0x0000000083300000| Untracked 
|  14|0x0000000083400000, 0x0000000083500000, 0x0000000083500000|100%| O|  |TAMS 0x0000000083400000| PB 0x0000000083400000| Untracked 
|  15|0x0000000083500000, 0x0000000083600000, 0x0000000083600000|100%| O|  |TAMS 0x0000000083500000| PB 0x0000000083500000| Untracked 
|  16|0x0000000083600000, 0x0000000083700000, 0x0000000083700000|100%| O|  |TAMS 0x0000000083600000| PB 0x0000000083600000| Untracked 
|  17|0x0000000083700000, 0x0000000083800000, 0x0000000083800000|100%| O|  |TAMS 0x0000000083700000| PB 0x0000000083700000| Untracked 
|  18|0x0000000083800000, 0x0000000083900000, 0x0000000083900000|100%| O|  |TAMS 0x0000000083800000| PB 0x0000000083800000| Untracked 
|  19|0x0000000083900000, 0x0000000083a00000, 0x0000000083a00000|100%| O|Cm|TAMS 0x0000000083900000| PB 0x0000000083900000| Complete 
|  20|0x0000000083a00000, 0x0000000083b00000, 0x0000000083b00000|100%| O|  |TAMS 0x0000000083a00000| PB 0x0000000083a00000| Untracked 
|  21|0x0000000083b00000, 0x0000000083c00000, 0x0000000083c00000|100%| O|  |TAMS 0x0000000083b00000| PB 0x0000000083b00000| Untracked 
|  22|0x0000000083c00000, 0x0000000083d00000, 0x0000000083d00000|100%| O|  |TAMS 0x0000000083c00000| PB 0x0000000083c00000| Untracked 
|  23|0x0000000083d00000, 0x0000000083e00000, 0x0000000083e00000|100%| O|  |TAMS 0x0000000083d00000| PB 0x0000000083d00000| Untracked 
|  24|0x0000000083e00000, 0x0000000083f00000, 0x0000000083f00000|100%| O|  |TAMS 0x0000000083e00000| PB 0x0000000083e00000| Untracked 
|  25|0x0000000083f00000, 0x0000000084000000, 0x0000000084000000|100%| O|  |TAMS 0x0000000083f00000| PB 0x0000000083f00000| Untracked 
|  26|0x0000000084000000, 0x0000000084100000, 0x0000000084100000|100%| O|Cm|TAMS 0x0000000084000000| PB 0x0000000084000000| Complete 
|  27|0x0000000084100000, 0x0000000084200000, 0x0000000084200000|100%| O|Cm|TAMS 0x0000000084100000| PB 0x0000000084100000| Complete 
|  28|0x0000000084200000, 0x0000000084300000, 0x0000000084300000|100%| O|  |TAMS 0x0000000084200000| PB 0x0000000084200000| Untracked 
|  29|0x0000000084300000, 0x0000000084400000, 0x0000000084400000|100%| O|  |TAMS 0x0000000084300000| PB 0x0000000084300000| Untracked 
|  30|0x0000000084400000, 0x0000000084500000, 0x0000000084500000|100%| O|  |TAMS 0x0000000084400000| PB 0x0000000084400000| Untracked 
|  31|0x0000000084500000, 0x0000000084600000, 0x0000000084600000|100%| O|Cm|TAMS 0x0000000084500000| PB 0x0000000084500000| Complete 
|  32|0x0000000084600000, 0x0000000084700000, 0x0000000084700000|100%| O|  |TAMS 0x0000000084600000| PB 0x0000000084600000| Untracked 
|  33|0x0000000084700000, 0x0000000084800000, 0x0000000084800000|100%| O|  |TAMS 0x0000000084700000| PB 0x0000000084700000| Untracked 
|  34|0x0000000084800000, 0x0000000084900000, 0x0000000084900000|100%| O|  |TAMS 0x0000000084800000| PB 0x0000000084800000| Untracked 
|  35|0x0000000084900000, 0x0000000084a00000, 0x0000000084a00000|100%| O|  |TAMS 0x0000000084900000| PB 0x0000000084900000| Untracked 
|  36|0x0000000084a00000, 0x0000000084b00000, 0x0000000084b00000|100%| O|Cm|TAMS 0x0000000084a00000| PB 0x0000000084a00000| Complete 
|  37|0x0000000084b00000, 0x0000000084c00000, 0x0000000084c00000|100%| O|  |TAMS 0x0000000084b00000| PB 0x0000000084b00000| Untracked 
|  38|0x0000000084c00000, 0x0000000084d00000, 0x0000000084d00000|100%| O|  |TAMS 0x0000000084c00000| PB 0x0000000084c00000| Untracked 
|  39|0x0000000084d00000, 0x0000000084e00000, 0x0000000084e00000|100%| O|  |TAMS 0x0000000084d00000| PB 0x0000000084d00000| Untracked 
|  40|0x0000000084e00000, 0x0000000084f00000, 0x0000000084f00000|100%| O|  |TAMS 0x0000000084e00000| PB 0x0000000084e00000| Untracked 
|  41|0x0000000084f00000, 0x0000000085000000, 0x0000000085000000|100%| O|Cm|TAMS 0x0000000084f00000| PB 0x0000000084f00000| Complete 
|  42|0x0000000085000000, 0x0000000085100000, 0x0000000085100000|100%| O|  |TAMS 0x0000000085000000| PB 0x0000000085000000| Untracked 
|  43|0x0000000085100000, 0x0000000085200000, 0x0000000085200000|100%| O|  |TAMS 0x0000000085100000| PB 0x0000000085100000| Untracked 
|  44|0x0000000085200000, 0x0000000085300000, 0x0000000085300000|100%| O|  |TAMS 0x0000000085200000| PB 0x0000000085200000| Untracked 
|  45|0x0000000085300000, 0x0000000085400000, 0x0000000085400000|100%| O|  |TAMS 0x0000000085300000| PB 0x0000000085300000| Untracked 
|  46|0x0000000085400000, 0x0000000085500000, 0x0000000085500000|100%| O|  |TAMS 0x0000000085400000| PB 0x0000000085400000| Untracked 
|  47|0x0000000085500000, 0x0000000085600000, 0x0000000085600000|100%| O|  |TAMS 0x0000000085500000| PB 0x0000000085500000| Untracked 
|  48|0x0000000085600000, 0x0000000085700000, 0x0000000085700000|100%| O|Cm|TAMS 0x0000000085600000| PB 0x0000000085600000| Complete 
|  49|0x0000000085700000, 0x0000000085800000, 0x0000000085800000|100%| O|  |TAMS 0x0000000085700000| PB 0x0000000085700000| Untracked 
|  50|0x0000000085800000, 0x0000000085900000, 0x0000000085900000|100%| O|  |TAMS 0x0000000085800000| PB 0x0000000085800000| Untracked 
|  51|0x0000000085900000, 0x0000000085900000, 0x0000000085a00000|  0%| F|  |TAMS 0x0000000085900000| PB 0x0000000085900000| Untracked 
|  52|0x0000000085a00000, 0x0000000085a00000, 0x0000000085b00000|  0%| F|  |TAMS 0x0000000085a00000| PB 0x0000000085a00000| Untracked 
|  53|0x0000000085b00000, 0x0000000085c00000, 0x0000000085c00000|100%| O|Cm|TAMS 0x0000000085b00000| PB 0x0000000085b00000| Complete 
|  54|0x0000000085c00000, 0x0000000085d00000, 0x0000000085d00000|100%| O|  |TAMS 0x0000000085c00000| PB 0x0000000085c00000| Untracked 
|  55|0x0000000085d00000, 0x0000000085e00000, 0x0000000085e00000|100%| O|Cm|TAMS 0x0000000085d00000| PB 0x0000000085d00000| Complete 
|  56|0x0000000085e00000, 0x0000000085e00000, 0x0000000085f00000|  0%| F|  |TAMS 0x0000000085e00000| PB 0x0000000085e00000| Untracked 
|  57|0x0000000085f00000, 0x0000000085f00000, 0x0000000086000000|  0%| F|  |TAMS 0x0000000085f00000| PB 0x0000000085f00000| Untracked 
|  58|0x0000000086000000, 0x0000000086000000, 0x0000000086100000|  0%| F|  |TAMS 0x0000000086000000| PB 0x0000000086000000| Untracked 
|  59|0x0000000086100000, 0x0000000086200000, 0x0000000086200000|100%| O|  |TAMS 0x0000000086100000| PB 0x0000000086100000| Untracked 
|  60|0x0000000086200000, 0x0000000086200000, 0x0000000086300000|  0%| F|  |TAMS 0x0000000086200000| PB 0x0000000086200000| Untracked 
|  61|0x0000000086300000, 0x0000000086400000, 0x0000000086400000|100%| O|Cm|TAMS 0x0000000086300000| PB 0x0000000086300000| Complete 
|  62|0x0000000086400000, 0x0000000086500000, 0x0000000086500000|100%| O|Cm|TAMS 0x0000000086400000| PB 0x0000000086400000| Complete 
|  63|0x0000000086500000, 0x0000000086500000, 0x0000000086600000|  0%| F|  |TAMS 0x0000000086500000| PB 0x0000000086500000| Untracked 
|  64|0x0000000086600000, 0x0000000086700000, 0x0000000086700000|100%| O|  |TAMS 0x0000000086600000| PB 0x0000000086600000| Untracked 
|  65|0x0000000086700000, 0x0000000086800000, 0x0000000086800000|100%| O|Cm|TAMS 0x0000000086700000| PB 0x0000000086700000| Complete 
|  66|0x0000000086800000, 0x0000000086900000, 0x0000000086900000|100%| O|  |TAMS 0x0000000086800000| PB 0x0000000086800000| Untracked 
|  67|0x0000000086900000, 0x0000000086900000, 0x0000000086a00000|  0%| F|  |TAMS 0x0000000086900000| PB 0x0000000086900000| Untracked 
|  68|0x0000000086a00000, 0x0000000086b00000, 0x0000000086b00000|100%| O|Cm|TAMS 0x0000000086a00000| PB 0x0000000086a00000| Complete 
|  69|0x0000000086b00000, 0x0000000086c00000, 0x0000000086c00000|100%| O|  |TAMS 0x0000000086b00000| PB 0x0000000086b00000| Untracked 
|  70|0x0000000086c00000, 0x0000000086d00000, 0x0000000086d00000|100%| O|  |TAMS 0x0000000086c00000| PB 0x0000000086c00000| Untracked 
|  71|0x0000000086d00000, 0x0000000086d6ee80, 0x0000000086e00000| 43%| O|  |TAMS 0x0000000086d00000| PB 0x0000000086d00000| Untracked 
|  72|0x0000000086e00000, 0x0000000086e00000, 0x0000000086f00000|  0%| F|  |TAMS 0x0000000086e00000| PB 0x0000000086e00000| Untracked 
|  73|0x0000000086f00000, 0x0000000086f95b50, 0x0000000087000000| 58%| S|CS|TAMS 0x0000000086f00000| PB 0x0000000086f00000| Complete 
|  74|0x0000000087000000, 0x0000000087100000, 0x0000000087100000|100%| S|CS|TAMS 0x0000000087000000| PB 0x0000000087000000| Complete 
|  75|0x0000000087100000, 0x0000000087200000, 0x0000000087200000|100%| S|CS|TAMS 0x0000000087100000| PB 0x0000000087100000| Complete 
|  76|0x0000000087200000, 0x0000000087200000, 0x0000000087300000|  0%| F|  |TAMS 0x0000000087200000| PB 0x0000000087200000| Untracked 
|  77|0x0000000087300000, 0x0000000087400000, 0x0000000087400000|100%| S|CS|TAMS 0x0000000087300000| PB 0x0000000087300000| Complete 
|  78|0x0000000087400000, 0x0000000087400000, 0x0000000087500000|  0%| F|  |TAMS 0x0000000087400000| PB 0x0000000087400000| Untracked 
|  79|0x0000000087500000, 0x0000000087600000, 0x0000000087600000|100%| S|CS|TAMS 0x0000000087500000| PB 0x0000000087500000| Complete 
|  80|0x0000000087600000, 0x0000000087600000, 0x0000000087700000|  0%| F|  |TAMS 0x0000000087600000| PB 0x0000000087600000| Untracked 
|  81|0x0000000087700000, 0x0000000087700000, 0x0000000087800000|  0%| F|  |TAMS 0x0000000087700000| PB 0x0000000087700000| Untracked 
|  82|0x0000000087800000, 0x0000000087800000, 0x0000000087900000|  0%| F|  |TAMS 0x0000000087800000| PB 0x0000000087800000| Untracked 
|  83|0x0000000087900000, 0x0000000087900000, 0x0000000087a00000|  0%| F|  |TAMS 0x0000000087900000| PB 0x0000000087900000| Untracked 
|  84|0x0000000087a00000, 0x0000000087b00000, 0x0000000087b00000|100%| S|CS|TAMS 0x0000000087a00000| PB 0x0000000087a00000| Complete 
|  85|0x0000000087b00000, 0x0000000087b00000, 0x0000000087c00000|  0%| F|  |TAMS 0x0000000087b00000| PB 0x0000000087b00000| Untracked 
|  86|0x0000000087c00000, 0x0000000087c00000, 0x0000000087d00000|  0%| F|  |TAMS 0x0000000087c00000| PB 0x0000000087c00000| Untracked 
|  87|0x0000000087d00000, 0x0000000087d00000, 0x0000000087e00000|  0%| F|  |TAMS 0x0000000087d00000| PB 0x0000000087d00000| Untracked 
|  88|0x0000000087e00000, 0x0000000087e00000, 0x0000000087f00000|  0%| F|  |TAMS 0x0000000087e00000| PB 0x0000000087e00000| Untracked 
|  89|0x0000000087f00000, 0x0000000087f00000, 0x0000000088000000|  0%| F|  |TAMS 0x0000000087f00000| PB 0x0000000087f00000| Untracked 
|  90|0x0000000088000000, 0x0000000088000000, 0x0000000088100000|  0%| F|  |TAMS 0x0000000088000000| PB 0x0000000088000000| Untracked 
|  91|0x0000000088100000, 0x0000000088100000, 0x0000000088200000|  0%| F|  |TAMS 0x0000000088100000| PB 0x0000000088100000| Untracked 
|  92|0x0000000088200000, 0x0000000088200000, 0x0000000088300000|  0%| F|  |TAMS 0x0000000088200000| PB 0x0000000088200000| Untracked 
|  93|0x0000000088300000, 0x0000000088300000, 0x0000000088400000|  0%| F|  |TAMS 0x0000000088300000| PB 0x0000000088300000| Untracked 
|  94|0x0000000088400000, 0x0000000088400000, 0x0000000088500000|  0%| F|  |TAMS 0x0000000088400000| PB 0x0000000088400000| Untracked 
|  95|0x0000000088500000, 0x0000000088500000, 0x0000000088600000|  0%| F|  |TAMS 0x0000000088500000| PB 0x0000000088500000| Untracked 
|  96|0x0000000088600000, 0x0000000088600000, 0x0000000088700000|  0%| F|  |TAMS 0x0000000088600000| PB 0x0000000088600000| Untracked 
|  97|0x0000000088700000, 0x0000000088700000, 0x0000000088800000|  0%| F|  |TAMS 0x0000000088700000| PB 0x0000000088700000| Untracked 
|  98|0x0000000088800000, 0x0000000088800000, 0x0000000088900000|  0%| F|  |TAMS 0x0000000088800000| PB 0x0000000088800000| Untracked 
|  99|0x0000000088900000, 0x0000000088900000, 0x0000000088a00000|  0%| F|  |TAMS 0x0000000088900000| PB 0x0000000088900000| Untracked 
| 100|0x0000000088a00000, 0x0000000088a00000, 0x0000000088b00000|  0%| F|  |TAMS 0x0000000088a00000| PB 0x0000000088a00000| Untracked 
| 101|0x0000000088b00000, 0x0000000088b00000, 0x0000000088c00000|  0%| F|  |TAMS 0x0000000088b00000| PB 0x0000000088b00000| Untracked 
| 102|0x0000000088c00000, 0x0000000088c00000, 0x0000000088d00000|  0%| F|  |TAMS 0x0000000088c00000| PB 0x0000000088c00000| Untracked 
| 103|0x0000000088d00000, 0x0000000088d00000, 0x0000000088e00000|  0%| F|  |TAMS 0x0000000088d00000| PB 0x0000000088d00000| Untracked 
| 104|0x0000000088e00000, 0x0000000088e00000, 0x0000000088f00000|  0%| F|  |TAMS 0x0000000088e00000| PB 0x0000000088e00000| Untracked 
| 105|0x0000000088f00000, 0x0000000088f00000, 0x0000000089000000|  0%| F|  |TAMS 0x0000000088f00000| PB 0x0000000088f00000| Untracked 
| 106|0x0000000089000000, 0x0000000089000000, 0x0000000089100000|  0%| F|  |TAMS 0x0000000089000000| PB 0x0000000089000000| Untracked 
| 107|0x0000000089100000, 0x0000000089100000, 0x0000000089200000|  0%| F|  |TAMS 0x0000000089100000| PB 0x0000000089100000| Untracked 
| 108|0x0000000089200000, 0x0000000089200000, 0x0000000089300000|  0%| F|  |TAMS 0x0000000089200000| PB 0x0000000089200000| Untracked 
| 109|0x0000000089300000, 0x0000000089300000, 0x0000000089400000|  0%| F|  |TAMS 0x0000000089300000| PB 0x0000000089300000| Untracked 
| 110|0x0000000089400000, 0x0000000089500000, 0x0000000089500000|100%| E|  |TAMS 0x0000000089400000| PB 0x0000000089400000| Complete 
| 111|0x0000000089500000, 0x0000000089600000, 0x0000000089600000|100%| E|CS|TAMS 0x0000000089500000| PB 0x0000000089500000| Complete 
| 112|0x0000000089600000, 0x0000000089700000, 0x0000000089700000|100%| E|CS|TAMS 0x0000000089600000| PB 0x0000000089600000| Complete 
| 113|0x0000000089700000, 0x0000000089800000, 0x0000000089800000|100%| E|CS|TAMS 0x0000000089700000| PB 0x0000000089700000| Complete 
| 114|0x0000000089800000, 0x0000000089900000, 0x0000000089900000|100%| E|CS|TAMS 0x0000000089800000| PB 0x0000000089800000| Complete 
| 115|0x0000000089900000, 0x0000000089a00000, 0x0000000089a00000|100%| E|CS|TAMS 0x0000000089900000| PB 0x0000000089900000| Complete 
| 116|0x0000000089a00000, 0x0000000089b00000, 0x0000000089b00000|100%| E|CS|TAMS 0x0000000089a00000| PB 0x0000000089a00000| Complete 
| 117|0x0000000089b00000, 0x0000000089c00000, 0x0000000089c00000|100%| E|CS|TAMS 0x0000000089b00000| PB 0x0000000089b00000| Complete 
| 118|0x0000000089c00000, 0x0000000089d00000, 0x0000000089d00000|100%| E|CS|TAMS 0x0000000089c00000| PB 0x0000000089c00000| Complete 
| 119|0x0000000089d00000, 0x0000000089e00000, 0x0000000089e00000|100%| E|CS|TAMS 0x0000000089d00000| PB 0x0000000089d00000| Complete 
| 120|0x0000000089e00000, 0x0000000089f00000, 0x0000000089f00000|100%| E|CS|TAMS 0x0000000089e00000| PB 0x0000000089e00000| Complete 
| 121|0x0000000089f00000, 0x000000008a000000, 0x000000008a000000|100%| E|CS|TAMS 0x0000000089f00000| PB 0x0000000089f00000| Complete 
| 122|0x000000008a000000, 0x000000008a100000, 0x000000008a100000|100%| E|CS|TAMS 0x000000008a000000| PB 0x000000008a000000| Complete 
| 123|0x000000008a100000, 0x000000008a200000, 0x000000008a200000|100%| E|CS|TAMS 0x000000008a100000| PB 0x000000008a100000| Complete 
| 124|0x000000008a200000, 0x000000008a300000, 0x000000008a300000|100%| E|CS|TAMS 0x000000008a200000| PB 0x000000008a200000| Complete 
| 125|0x000000008a300000, 0x000000008a400000, 0x000000008a400000|100%| E|CS|TAMS 0x000000008a300000| PB 0x000000008a300000| Complete 
| 126|0x000000008a400000, 0x000000008a500000, 0x000000008a500000|100%| E|CS|TAMS 0x000000008a400000| PB 0x000000008a400000| Complete 
| 127|0x000000008a500000, 0x000000008a600000, 0x000000008a600000|100%| E|CS|TAMS 0x000000008a500000| PB 0x000000008a500000| Complete 
| 128|0x000000008a600000, 0x000000008a700000, 0x000000008a700000|100%| E|CS|TAMS 0x000000008a600000| PB 0x000000008a600000| Complete 
| 129|0x000000008a700000, 0x000000008a800000, 0x000000008a800000|100%| E|CS|TAMS 0x000000008a700000| PB 0x000000008a700000| Complete 
| 130|0x000000008a800000, 0x000000008a900000, 0x000000008a900000|100%| E|CS|TAMS 0x000000008a800000| PB 0x000000008a800000| Complete 
| 131|0x000000008a900000, 0x000000008aa00000, 0x000000008aa00000|100%| E|CS|TAMS 0x000000008a900000| PB 0x000000008a900000| Complete 
| 132|0x000000008aa00000, 0x000000008ab00000, 0x000000008ab00000|100%| E|CS|TAMS 0x000000008aa00000| PB 0x000000008aa00000| Complete 
| 133|0x000000008ab00000, 0x000000008ac00000, 0x000000008ac00000|100%| E|CS|TAMS 0x000000008ab00000| PB 0x000000008ab00000| Complete 
| 134|0x000000008ac00000, 0x000000008ad00000, 0x000000008ad00000|100%| E|CS|TAMS 0x000000008ac00000| PB 0x000000008ac00000| Complete 
| 135|0x000000008ad00000, 0x000000008ae00000, 0x000000008ae00000|100%| E|CS|TAMS 0x000000008ad00000| PB 0x000000008ad00000| Complete 
| 136|0x000000008ae00000, 0x000000008af00000, 0x000000008af00000|100%| E|CS|TAMS 0x000000008ae00000| PB 0x000000008ae00000| Complete 
| 137|0x000000008af00000, 0x000000008b000000, 0x000000008b000000|100%| E|CS|TAMS 0x000000008af00000| PB 0x000000008af00000| Complete 
| 138|0x000000008b000000, 0x000000008b100000, 0x000000008b100000|100%| E|CS|TAMS 0x000000008b000000| PB 0x000000008b000000| Complete 
| 139|0x000000008b100000, 0x000000008b200000, 0x000000008b200000|100%| E|CS|TAMS 0x000000008b100000| PB 0x000000008b100000| Complete 
| 140|0x000000008b200000, 0x000000008b300000, 0x000000008b300000|100%| E|CS|TAMS 0x000000008b200000| PB 0x000000008b200000| Complete 
| 141|0x000000008b300000, 0x000000008b400000, 0x000000008b400000|100%| E|CS|TAMS 0x000000008b300000| PB 0x000000008b300000| Complete 
| 142|0x000000008b400000, 0x000000008b500000, 0x000000008b500000|100%| E|CS|TAMS 0x000000008b400000| PB 0x000000008b400000| Complete 
| 143|0x000000008b500000, 0x000000008b600000, 0x000000008b600000|100%| E|CS|TAMS 0x000000008b500000| PB 0x000000008b500000| Complete 
| 144|0x000000008b600000, 0x000000008b700000, 0x000000008b700000|100%| E|CS|TAMS 0x000000008b600000| PB 0x000000008b600000| Complete 
| 145|0x000000008b700000, 0x000000008b800000, 0x000000008b800000|100%| E|CS|TAMS 0x000000008b700000| PB 0x000000008b700000| Complete 
| 146|0x000000008b800000, 0x000000008b900000, 0x000000008b900000|100%| E|CS|TAMS 0x000000008b800000| PB 0x000000008b800000| Complete 
| 147|0x000000008b900000, 0x000000008ba00000, 0x000000008ba00000|100%| E|CS|TAMS 0x000000008b900000| PB 0x000000008b900000| Complete 
| 148|0x000000008ba00000, 0x000000008bb00000, 0x000000008bb00000|100%| E|CS|TAMS 0x000000008ba00000| PB 0x000000008ba00000| Complete 
| 149|0x000000008bb00000, 0x000000008bc00000, 0x000000008bc00000|100%| E|CS|TAMS 0x000000008bb00000| PB 0x000000008bb00000| Complete 
| 150|0x000000008bc00000, 0x000000008bd00000, 0x000000008bd00000|100%| E|CS|TAMS 0x000000008bc00000| PB 0x000000008bc00000| Complete 
| 151|0x000000008bd00000, 0x000000008be00000, 0x000000008be00000|100%| E|CS|TAMS 0x000000008bd00000| PB 0x000000008bd00000| Complete 
| 152|0x000000008be00000, 0x000000008bf00000, 0x000000008bf00000|100%| E|CS|TAMS 0x000000008be00000| PB 0x000000008be00000| Complete 
| 153|0x000000008bf00000, 0x000000008c000000, 0x000000008c000000|100%| E|CS|TAMS 0x000000008bf00000| PB 0x000000008bf00000| Complete 
| 154|0x000000008c000000, 0x000000008c100000, 0x000000008c100000|100%| E|CS|TAMS 0x000000008c000000| PB 0x000000008c000000| Complete 
| 155|0x000000008c100000, 0x000000008c200000, 0x000000008c200000|100%| E|CS|TAMS 0x000000008c100000| PB 0x000000008c100000| Complete 
|2007|0x00000000ffd00000, 0x00000000ffe00000, 0x00000000ffe00000|100%| E|CS|TAMS 0x00000000ffd00000| PB 0x00000000ffd00000| Complete 
|2008|0x00000000ffe00000, 0x00000000fff00000, 0x00000000fff00000|100%| E|CS|TAMS 0x00000000ffe00000| PB 0x00000000ffe00000| Complete 
|2009|0x00000000fff00000, 0x0000000100000000, 0x0000000100000000|100%| E|CS|TAMS 0x00000000fff00000| PB 0x00000000fff00000| Complete 

Card table byte_map: [0x000001eed4ea0000,0x000001eed5290000] _byte_map_base: 0x000001eed4a8d000

Marking Bits: (CMBitMap*) 0x000001eebb422640
 Bits: [0x000001eed5290000, 0x000001eed71f8000)

Polling page: 0x000001eebb480000

Metaspace:

Usage:
  Non-class:     99.84 MB used.
      Class:     15.37 MB used.
       Both:    115.22 MB used.

Virtual space:
  Non-class space:      128.00 MB reserved,     100.62 MB ( 79%) committed,  2 nodes.
      Class space:        1.00 GB reserved,      15.94 MB (  2%) committed,  1 nodes.
             Both:        1.12 GB reserved,     116.56 MB ( 10%) committed. 

Chunk freelists:
   Non-Class:  10.96 MB
       Class:  356.00 KB
        Both:  11.31 MB

MaxMetaspaceSize: unlimited
CompressedClassSpaceSize: 1.00 GB
Initial GC threshold: 21.00 MB
Current GC threshold: 194.31 MB
CDS: on
 - commit_granule_bytes: 65536.
 - commit_granule_words: 8192.
 - virtual_space_node_default_size: 8388608.
 - enlarge_chunks_in_place: 1.
 - use_allocation_guard: 0.


Internal statistics:

num_allocs_failed_limit: 11.
num_arena_births: 1504.
num_arena_deaths: 524.
num_vsnodes_births: 3.
num_vsnodes_deaths: 0.
num_space_committed: 1865.
num_space_uncommitted: 0.
num_chunks_returned_to_freelist: 605.
num_chunks_taken_from_freelist: 5861.
num_chunk_merges: 157.
num_chunk_splits: 4247.
num_chunks_enlarged: 3383.
num_inconsistent_stats: 0.

CodeHeap 'non-profiled nmethods': size=120000Kb used=6927Kb max_used=7132Kb free=113072Kb
 bounds [0x000001eeccb20000, 0x000001eecd220000, 0x000001eed4050000]
CodeHeap 'profiled nmethods': size=120000Kb used=17841Kb max_used=17995Kb free=102158Kb
 bounds [0x000001eec5050000, 0x000001eec61f0000, 0x000001eecc580000]
CodeHeap 'non-nmethods': size=5760Kb used=1821Kb max_used=1872Kb free=3938Kb
 bounds [0x000001eecc580000, 0x000001eecc7f0000, 0x000001eeccb20000]
 total_blobs=10358 nmethods=9540 adapters=721
 compilation: enabled
              stopped_count=0, restarted_count=0
 full_count=0

Compilation events (20 events):
Event: 3161.693 Thread 0x000001eed9ce7bf0 nmethod 11571 0x000001eec50ea310 code [0x000001eec50ea680, 0x000001eec50ebce0]
Event: 3169.226 Thread 0x000001eed9ce7bf0 11572       3       org.postgresql.jdbc.PgStatement$StatementResultHandler::handleCommandStatus (15 bytes)
Event: 3169.227 Thread 0x000001eed9ce7bf0 nmethod 11572 0x000001eec50e9910 code [0x000001eec50e9b00, 0x000001eec50ea0b0]
Event: 3169.227 Thread 0x000001eed9ce7bf0 11573       3       org.postgresql.jdbc.ResultWrapper::<init> (20 bytes)
Event: 3169.227 Thread 0x000001eed9ce7bf0 nmethod 11573 0x000001eec50e9510 code [0x000001eec50e96c0, 0x000001eec50e9858]
Event: 3191.405 Thread 0x000001eed9ce7bf0 11574       3       org.apache.hc.core5.util.Args::notNegative (29 bytes)
Event: 3191.406 Thread 0x000001eed9ce7bf0 nmethod 11574 0x000001eec5bc2d90 code [0x000001eec5bc3040, 0x000001eec5bc3d90]
Event: 3191.406 Thread 0x000001eed9ce7bf0 11575       3       org.apache.hc.core5.util.Args::positive (27 bytes)
Event: 3191.412 Thread 0x000001eed9ce7bf0 nmethod 11575 0x000001eec5bc1690 code [0x000001eec5bc1940, 0x000001eec5bc28b0]
Event: 3191.412 Thread 0x000001eed9ce7bf0 11576       3       java.util.Collections$SetFromMap::iterator (10 bytes)
Event: 3191.413 Thread 0x000001eed9ce7bf0 nmethod 11576 0x000001eec50e9090 code [0x000001eec50e9240, 0x000001eec50e9418]
Event: 3191.715 Thread 0x000001eed9ce7bf0 11577       3       com.netflix.discovery.shared.Applications::populateInstanceCountMap (99 bytes)
Event: 3191.716 Thread 0x000001eed9ce7bf0 nmethod 11577 0x000001eec5bbfe90 code [0x000001eec5bc0160, 0x000001eec5bc11a0]
Event: 3191.716 Thread 0x000001eed9ce7bf0 11578       3       java.util.concurrent.ThreadLocalRandom::nextSecondarySeed (74 bytes)
Event: 3191.716 Thread 0x000001eed9ce7bf0 nmethod 11578 0x000001eec50e8a10 code [0x000001eec50e8be0, 0x000001eec50e8e28]
Event: 3221.730 Thread 0x000001eed9ce7bf0 11579       3       org.springframework.web.util.RfcUriParser$State$1::handleNext (170 bytes)
Event: 3221.731 Thread 0x000001eed9ce7bf0 nmethod 11579 0x000001eec5bbea90 code [0x000001eec5bbeda0, 0x000001eec5bbfa10]
Event: 3249.812 Thread 0x000001eed9cdebd0 11580       4       java.util.concurrent.ScheduledThreadPoolExecutor$DelayedWorkQueue::siftDown (119 bytes)
Event: 3249.826 Thread 0x000001eed9cdebd0 nmethod 11580 0x000001eeccbe8d90 code [0x000001eeccbe8fa0, 0x000001eeccbe9938]
Event: 3259.825 Thread 0x000001eed9cdebd0 11581   !   4       java.util.concurrent.ThreadPoolExecutor::getTask (177 bytes)

GC Heap History (20 events):
Event: 33.040 GC heap before
{Heap before GC invocations=34 (full 0):
 garbage-first heap   total 122880K, used 108127K [0x0000000082600000, 0x0000000100000000)
  region size 1024K, 44 young (45056K), 4 survivors (4096K)
 Metaspace       used 101787K, committed 102592K, reserved 1179648K
  class space    used 13718K, committed 14080K, reserved 1048576K
}
Event: 33.046 GC heap after
{Heap after GC invocations=35 (full 0):
 garbage-first heap   total 122880K, used 70863K [0x0000000082600000, 0x0000000100000000)
  region size 1024K, 6 young (6144K), 6 survivors (6144K)
 Metaspace       used 101787K, committed 102592K, reserved 1179648K
  class space    used 13718K, committed 14080K, reserved 1048576K
}
Event: 33.525 GC heap before
{Heap before GC invocations=36 (full 0):
 garbage-first heap   total 135168K, used 106703K [0x0000000082600000, 0x0000000100000000)
  region size 1024K, 42 young (43008K), 6 survivors (6144K)
 Metaspace       used 102414K, committed 103232K, reserved 1179648K
  class space    used 13797K, committed 14144K, reserved 1048576K
}
Event: 33.532 GC heap after
{Heap after GC invocations=37 (full 0):
 garbage-first heap   total 135168K, used 71285K [0x0000000082600000, 0x0000000100000000)
  region size 1024K, 5 young (5120K), 5 survivors (5120K)
 Metaspace       used 102414K, committed 103232K, reserved 1179648K
  class space    used 13797K, committed 14144K, reserved 1048576K
}
Event: 34.802 GC heap before
{Heap before GC invocations=37 (full 0):
 garbage-first heap   total 135168K, used 120437K [0x0000000082600000, 0x0000000100000000)
  region size 1024K, 53 young (54272K), 5 survivors (5120K)
 Metaspace       used 104255K, committed 105088K, reserved 1179648K
  class space    used 14049K, committed 14400K, reserved 1048576K
}
Event: 34.808 GC heap after
{Heap after GC invocations=38 (full 0):
 garbage-first heap   total 135168K, used 68546K [0x0000000082600000, 0x0000000100000000)
  region size 1024K, 4 young (4096K), 4 survivors (4096K)
 Metaspace       used 104255K, committed 105088K, reserved 1179648K
  class space    used 14049K, committed 14400K, reserved 1048576K
}
Event: 35.731 GC heap before
{Heap before GC invocations=38 (full 0):
 garbage-first heap   total 135168K, used 121794K [0x0000000082600000, 0x0000000100000000)
  region size 1024K, 56 young (57344K), 4 survivors (4096K)
 Metaspace       used 105768K, committed 106624K, reserved 1179648K
  class space    used 14271K, committed 14656K, reserved 1048576K
}
Event: 35.737 GC heap after
{Heap after GC invocations=39 (full 0):
 garbage-first heap   total 135168K, used 70759K [0x0000000082600000, 0x0000000100000000)
  region size 1024K, 6 young (6144K), 6 survivors (6144K)
 Metaspace       used 105768K, committed 106624K, reserved 1179648K
  class space    used 14271K, committed 14656K, reserved 1048576K
}
Event: 36.324 GC heap before
{Heap before GC invocations=40 (full 0):
 garbage-first heap   total 135168K, used 119911K [0x0000000082600000, 0x0000000100000000)
  region size 1024K, 54 young (55296K), 6 survivors (6144K)
 Metaspace       used 106938K, committed 107840K, reserved 1179648K
  class space    used 14437K, committed 14848K, reserved 1048576K
}
Event: 36.330 GC heap after
{Heap after GC invocations=41 (full 0):
 garbage-first heap   total 135168K, used 72802K [0x0000000082600000, 0x0000000100000000)
  region size 1024K, 5 young (5120K), 5 survivors (5120K)
 Metaspace       used 106938K, committed 107840K, reserved 1179648K
  class space    used 14437K, committed 14848K, reserved 1048576K
}
Event: 36.900 GC heap before
{Heap before GC invocations=41 (full 0):
 garbage-first heap   total 135168K, used 120930K [0x0000000082600000, 0x0000000100000000)
  region size 1024K, 52 young (53248K), 5 survivors (5120K)
 Metaspace       used 107615K, committed 108480K, reserved 1179648K
  class space    used 14536K, committed 14912K, reserved 1048576K
}
Event: 36.907 GC heap after
{Heap after GC invocations=42 (full 0):
 garbage-first heap   total 135168K, used 72482K [0x0000000082600000, 0x0000000100000000)
  region size 1024K, 5 young (5120K), 5 survivors (5120K)
 Metaspace       used 107615K, committed 108480K, reserved 1179648K
  class space    used 14536K, committed 14912K, reserved 1048576K
}
Event: 38.385 GC heap before
{Heap before GC invocations=42 (full 0):
 garbage-first heap   total 135168K, used 120610K [0x0000000082600000, 0x0000000100000000)
  region size 1024K, 52 young (53248K), 5 survivors (5120K)
 Metaspace       used 112356K, committed 113280K, reserved 1179648K
  class space    used 15198K, committed 15616K, reserved 1048576K
}
Event: 38.392 GC heap after
{Heap after GC invocations=43 (full 0):
 garbage-first heap   total 162816K, used 73785K [0x0000000082600000, 0x0000000100000000)
  region size 1024K, 5 young (5120K), 5 survivors (5120K)
 Metaspace       used 112356K, committed 113280K, reserved 1179648K
  class space    used 15198K, committed 15616K, reserved 1048576K
}
Event: 750.616 GC heap before
{Heap before GC invocations=44 (full 0):
 garbage-first heap   total 162816K, used 146489K [0x0000000082600000, 0x0000000100000000)
  region size 1024K, 77 young (78848K), 5 survivors (5120K)
 Metaspace       used 117762K, committed 118784K, reserved 1179648K
  class space    used 15862K, committed 16320K, reserved 1048576K
}
Event: 750.639 GC heap after
{Heap after GC invocations=45 (full 0):
 garbage-first heap   total 162816K, used 74639K [0x0000000082600000, 0x0000000100000000)
  region size 1024K, 5 young (5120K), 5 survivors (5120K)
 Metaspace       used 117762K, committed 118784K, reserved 1179648K
  class space    used 15862K, committed 16320K, reserved 1048576K
}
Event: 1708.337 GC heap before
{Heap before GC invocations=45 (full 0):
 garbage-first heap   total 162816K, used 148367K [0x0000000082600000, 0x0000000100000000)
  region size 1024K, 77 young (78848K), 5 survivors (5120K)
 Metaspace       used 118054K, committed 119040K, reserved 1179648K
  class space    used 15865K, committed 16320K, reserved 1048576K
}
Event: 1708.392 GC heap after
{Heap after GC invocations=46 (full 0):
 garbage-first heap   total 162816K, used 70514K [0x0000000082600000, 0x0000000100000000)
  region size 1024K, 6 young (6144K), 6 survivors (6144K)
 Metaspace       used 118054K, committed 119040K, reserved 1179648K
  class space    used 15865K, committed 16320K, reserved 1048576K
}
Event: 2560.997 GC heap before
{Heap before GC invocations=46 (full 0):
 garbage-first heap   total 162816K, used 146290K [0x0000000082600000, 0x0000000100000000)
  region size 1024K, 80 young (81920K), 6 survivors (6144K)
 Metaspace       used 118340K, committed 119360K, reserved 1179648K
  class space    used 15870K, committed 16320K, reserved 1048576K
}
Event: 2561.079 GC heap after
{Heap after GC invocations=47 (full 0):
 garbage-first heap   total 162816K, used 70674K [0x0000000082600000, 0x0000000100000000)
  region size 1024K, 6 young (6144K), 6 survivors (6144K)
 Metaspace       used 118340K, committed 119360K, reserved 1179648K
  class space    used 15870K, committed 16320K, reserved 1048576K
}

Dll operation events (13 events):
Event: 0.015 Loaded shared library C:\Program Files\Java\jdk-21\bin\java.dll
Event: 0.063 Loaded shared library C:\Program Files\Java\jdk-21\bin\jsvml.dll
Event: 0.434 Loaded shared library C:\Program Files\Java\jdk-21\bin\zip.dll
Event: 0.438 Loaded shared library C:\Program Files\Java\jdk-21\bin\instrument.dll
Event: 0.447 Loaded shared library C:\Program Files\Java\jdk-21\bin\net.dll
Event: 0.449 Loaded shared library C:\Program Files\Java\jdk-21\bin\nio.dll
Event: 0.498 Loaded shared library C:\Program Files\Java\jdk-21\bin\zip.dll
Event: 11.664 Loaded shared library C:\Program Files\Java\jdk-21\bin\extnet.dll
Event: 11.693 Loaded shared library C:\Program Files\Java\jdk-21\bin\jimage.dll
Event: 13.277 Loaded shared library C:\Program Files\Java\jdk-21\bin\management.dll
Event: 13.290 Loaded shared library C:\Program Files\Java\jdk-21\bin\management_ext.dll
Event: 14.843 Loaded shared library C:\Program Files\Java\jdk-21\bin\sunmscapi.dll
Event: 38.248 Loaded shared library C:\Program Files\Java\jdk-21\bin\verify.dll

Deoptimization events (20 events):
Event: 2771.052 Thread 0x000001ef240769d0 Uncommon trap: trap_request=0xffffffbe fr.pc=0x000001eecd12299c relative=0x0000000000000a7c
Event: 2771.052 Thread 0x000001ef240769d0 Uncommon trap: reason=profile_predicate action=maybe_recompile pc=0x000001eecd12299c method=org.apache.hc.core5.util.Tokenizer.copyContent(Ljava/lang/CharSequence;Lorg/apache/hc/core5/util/Tokenizer$Cursor;Lorg/apache/hc/core5/util/Tokenizer$Delimiter;Lja
Event: 2771.052 Thread 0x000001ef240769d0 DEOPT PACKING pc=0x000001eecd12299c sp=0x000000d05bffc830
Event: 2771.052 Thread 0x000001ef240769d0 DEOPT UNPACKING pc=0x000001eecc5d46a2 sp=0x000000d05bffc7e8 mode 2
Event: 2771.052 Thread 0x000001ef240769d0 Uncommon trap: trap_request=0xffffffbe fr.pc=0x000001eecd12299c relative=0x0000000000000a7c
Event: 2771.052 Thread 0x000001ef240769d0 Uncommon trap: reason=profile_predicate action=maybe_recompile pc=0x000001eecd12299c method=org.apache.hc.core5.util.Tokenizer.copyContent(Ljava/lang/CharSequence;Lorg/apache/hc/core5/util/Tokenizer$Cursor;Lorg/apache/hc/core5/util/Tokenizer$Delimiter;Lja
Event: 2771.052 Thread 0x000001ef240769d0 DEOPT PACKING pc=0x000001eecd12299c sp=0x000000d05bffc830
Event: 2771.057 Thread 0x000001ef240769d0 DEOPT UNPACKING pc=0x000001eecc5d46a2 sp=0x000000d05bffc7e8 mode 2
Event: 2771.057 Thread 0x000001ef240769d0 Uncommon trap: trap_request=0xffffffbe fr.pc=0x000001eecd12299c relative=0x0000000000000a7c
Event: 2771.057 Thread 0x000001ef240769d0 Uncommon trap: reason=profile_predicate action=maybe_recompile pc=0x000001eecd12299c method=org.apache.hc.core5.util.Tokenizer.copyContent(Ljava/lang/CharSequence;Lorg/apache/hc/core5/util/Tokenizer$Cursor;Lorg/apache/hc/core5/util/Tokenizer$Delimiter;Lja
Event: 2771.057 Thread 0x000001ef240769d0 DEOPT PACKING pc=0x000001eecd12299c sp=0x000000d05bffc9e0
Event: 2771.057 Thread 0x000001ef240769d0 DEOPT UNPACKING pc=0x000001eecc5d46a2 sp=0x000000d05bffc998 mode 2
Event: 2771.057 Thread 0x000001ef240769d0 Uncommon trap: trap_request=0xffffffbe fr.pc=0x000001eecd12299c relative=0x0000000000000a7c
Event: 2771.057 Thread 0x000001ef240769d0 Uncommon trap: reason=profile_predicate action=maybe_recompile pc=0x000001eecd12299c method=org.apache.hc.core5.util.Tokenizer.copyContent(Ljava/lang/CharSequence;Lorg/apache/hc/core5/util/Tokenizer$Cursor;Lorg/apache/hc/core5/util/Tokenizer$Delimiter;Lja
Event: 2771.057 Thread 0x000001ef240769d0 DEOPT PACKING pc=0x000001eecd12299c sp=0x000000d05bffc9e0
Event: 2771.057 Thread 0x000001ef240769d0 DEOPT UNPACKING pc=0x000001eecc5d46a2 sp=0x000000d05bffc998 mode 2
Event: 2905.438 Thread 0x000001ef24ceb2b0 Uncommon trap: trap_request=0xffffff45 fr.pc=0x000001eeccf51874 relative=0x00000000000000d4
Event: 2905.438 Thread 0x000001ef24ceb2b0 Uncommon trap: reason=unstable_if action=reinterpret pc=0x000001eeccf51874 method=java.util.concurrent.ScheduledThreadPoolExecutor$ScheduledFutureTask.compareTo(Ljava/util/concurrent/Delayed;)I @ 40 c2
Event: 2905.438 Thread 0x000001ef24ceb2b0 DEOPT PACKING pc=0x000001eeccf51874 sp=0x000000d05e1fefb0
Event: 2905.438 Thread 0x000001ef24ceb2b0 DEOPT UNPACKING pc=0x000001eecc5d46a2 sp=0x000000d05e1fef38 mode 2

Classes loaded (20 events):
Event: 257.486 Loading class sun/nio/ch/SocketAdaptor
Event: 257.486 Loading class sun/nio/ch/SocketAdaptor done
Event: 257.486 Loading class sun/nio/ch/SocketChannelImpl$DefaultOptionsHolder
Event: 257.486 Loading class sun/nio/ch/SocketChannelImpl$DefaultOptionsHolder done
Event: 257.487 Loading class sun/nio/ch/SelectionKeyImpl
Event: 257.487 Loading class java/nio/channels/spi/AbstractSelectionKey
Event: 257.487 Loading class java/nio/channels/SelectionKey
Event: 257.487 Loading class java/nio/channels/SelectionKey done
Event: 257.487 Loading class java/nio/channels/spi/AbstractSelectionKey done
Event: 257.487 Loading class sun/nio/ch/SelectionKeyImpl done
Event: 257.488 Loading class java/lang/invoke/ConstantBootstraps
Event: 257.488 Loading class java/lang/invoke/ConstantBootstraps done
Event: 257.948 Loading class java/util/OptionalDouble
Event: 257.948 Loading class java/util/OptionalDouble done
Event: 257.981 Loading class java/util/stream/LongStream
Event: 257.981 Loading class java/util/stream/LongStream done
Event: 257.981 Loading class java/util/stream/DoubleStream
Event: 257.981 Loading class java/util/stream/DoubleStream done
Event: 258.018 Loading class sun/nio/cs/ISO_8859_1$Encoder
Event: 258.018 Loading class sun/nio/cs/ISO_8859_1$Encoder done

Classes unloaded (20 events):
Event: 2561.606 Thread 0x000001eed9cae630 Unloading class 0x000001eedb144c00 'java/lang/invoke/LambdaForm$MH+0x000001eedb144c00'
Event: 2561.606 Thread 0x000001eed9cae630 Unloading class 0x000001eedb091000 'java/lang/invoke/LambdaForm$MH+0x000001eedb091000'
Event: 2561.606 Thread 0x000001eed9cae630 Unloading class 0x000001eedb033800 'java/lang/invoke/LambdaForm$MH+0x000001eedb033800'
Event: 2561.607 Thread 0x000001eed9cae630 Unloading class 0x000001eedb033000 'java/lang/invoke/LambdaForm$MH+0x000001eedb033000'
Event: 2561.607 Thread 0x000001eed9cae630 Unloading class 0x000001eedb032800 'java/lang/invoke/LambdaForm$MH+0x000001eedb032800'
Event: 2561.609 Thread 0x000001eed9cae630 Unloading class 0x000001eedb032400 'java/lang/invoke/LambdaForm$MH+0x000001eedb032400'
Event: 2561.609 Thread 0x000001eed9cae630 Unloading class 0x000001eedb031400 'java/lang/invoke/LambdaForm$MH+0x000001eedb031400'
Event: 2561.609 Thread 0x000001eed9cae630 Unloading class 0x000001eedb030800 'java/lang/invoke/LambdaForm$MH+0x000001eedb030800'
Event: 2561.609 Thread 0x000001eed9cae630 Unloading class 0x000001eedb030400 'java/lang/invoke/LambdaForm$MH+0x000001eedb030400'
Event: 2561.610 Thread 0x000001eed9cae630 Unloading class 0x000001eedb02bc00 'java/lang/invoke/LambdaForm$MH+0x000001eedb02bc00'
Event: 2561.610 Thread 0x000001eed9cae630 Unloading class 0x000001eedb02b800 'java/lang/invoke/LambdaForm$MH+0x000001eedb02b800'
Event: 2561.610 Thread 0x000001eed9cae630 Unloading class 0x000001eedb02b400 'java/lang/invoke/LambdaForm$MH+0x000001eedb02b400'
Event: 2561.610 Thread 0x000001eed9cae630 Unloading class 0x000001eedb02a800 'java/lang/invoke/LambdaForm$MH+0x000001eedb02a800'
Event: 2561.610 Thread 0x000001eed9cae630 Unloading class 0x000001eedb029800 'java/lang/invoke/LambdaForm$MH+0x000001eedb029800'
Event: 2561.610 Thread 0x000001eed9cae630 Unloading class 0x000001eedb028c00 'java/lang/invoke/LambdaForm$MH+0x000001eedb028c00'
Event: 2561.610 Thread 0x000001eed9cae630 Unloading class 0x000001eedb028400 'java/lang/invoke/LambdaForm$MH+0x000001eedb028400'
Event: 2561.610 Thread 0x000001eed9cae630 Unloading class 0x000001eedb002400 'java/lang/invoke/LambdaForm$MH+0x000001eedb002400'
Event: 2561.610 Thread 0x000001eed9cae630 Unloading class 0x000001eedb002000 'java/lang/invoke/LambdaForm$MH+0x000001eedb002000'
Event: 2561.610 Thread 0x000001eed9cae630 Unloading class 0x000001eedb001c00 'java/lang/invoke/LambdaForm$MH+0x000001eedb001c00'
Event: 2561.610 Thread 0x000001eed9cae630 Unloading class 0x000001eedb001400 'java/lang/invoke/LambdaForm$MH+0x000001eedb001400'

Classes redefined (0 events):
No events

Internal exceptions (20 events):
Event: 2033.753 Thread 0x000001ef235b37f0 Exception <a 'java/io/IOException'{0x000000008a880178}: Connection reset by peer> (0x000000008a880178) 
thrown [s\open\src\hotspot\share\prims\jni.cpp, line 539]
Event: 2052.895 Thread 0x000001ef235b37f0 Exception <a 'java/io/IOException'{0x000000008a883658}: Connection reset by peer> (0x000000008a883658) 
thrown [s\open\src\hotspot\share\prims\jni.cpp, line 539]
Event: 2060.692 Thread 0x000001ef235b37f0 Exception <a 'java/io/IOException'{0x000000008a886af0}: Connection reset by peer> (0x000000008a886af0) 
thrown [s\open\src\hotspot\share\prims\jni.cpp, line 539]
Event: 2061.892 Thread 0x000001ef235b37f0 Exception <a 'java/io/IOException'{0x000000008a889f88}: Connection reset by peer> (0x000000008a889f88) 
thrown [s\open\src\hotspot\share\prims\jni.cpp, line 539]
Event: 2068.583 Thread 0x000001ef235b37f0 Exception <a 'java/io/IOException'{0x000000008a88d308}: Connection reset by peer> (0x000000008a88d308) 
thrown [s\open\src\hotspot\share\prims\jni.cpp, line 539]
Event: 2073.858 Thread 0x000001ef235b37f0 Exception <a 'java/io/IOException'{0x000000008a8907a0}: Connection reset by peer> (0x000000008a8907a0) 
thrown [s\open\src\hotspot\share\prims\jni.cpp, line 539]
Event: 2081.603 Thread 0x000001ef235b37f0 Exception <a 'java/io/IOException'{0x000000008a3184e8}: Connection reset by peer> (0x000000008a3184e8) 
thrown [s\open\src\hotspot\share\prims\jni.cpp, line 539]
Event: 2083.744 Thread 0x000001ef235b37f0 Exception <a 'java/io/IOException'{0x000000008a31b980}: Connection reset by peer> (0x000000008a31b980) 
thrown [s\open\src\hotspot\share\prims\jni.cpp, line 539]
Event: 2096.122 Thread 0x000001ef235b37f0 Exception <a 'java/io/IOException'{0x000000008a31ed00}: Connection reset by peer> (0x000000008a31ed00) 
thrown [s\open\src\hotspot\share\prims\jni.cpp, line 539]
Event: 2117.188 Thread 0x000001ef235b37f0 Exception <a 'java/io/IOException'{0x000000008a322198}: Connection reset by peer> (0x000000008a322198) 
thrown [s\open\src\hotspot\share\prims\jni.cpp, line 539]
Event: 2151.111 Thread 0x000001ef235b37f0 Exception <a 'java/io/IOException'{0x000000008a325680}: Connection reset by peer> (0x000000008a325680) 
thrown [s\open\src\hotspot\share\prims\jni.cpp, line 539]
Event: 2154.447 Thread 0x000001ef235b37f0 Exception <a 'java/io/IOException'{0x000000008a328b18}: Connection reset by peer> (0x000000008a328b18) 
thrown [s\open\src\hotspot\share\prims\jni.cpp, line 539]
Event: 2160.461 Thread 0x000001ef235b37f0 Exception <a 'java/io/IOException'{0x0000000089b810d0}: Connection reset by peer> (0x0000000089b810d0) 
thrown [s\open\src\hotspot\share\prims\jni.cpp, line 539]
Event: 2167.976 Thread 0x000001ef235b37f0 Exception <a 'java/io/IOException'{0x0000000089b84568}: Connection reset by peer> (0x0000000089b84568) 
thrown [s\open\src\hotspot\share\prims\jni.cpp, line 539]
Event: 2180.758 Thread 0x000001ef235b37f0 Exception <a 'java/io/IOException'{0x0000000089b87a00}: Connection reset by peer> (0x0000000089b87a00) 
thrown [s\open\src\hotspot\share\prims\jni.cpp, line 539]
Event: 2189.115 Thread 0x000001ef235b37f0 Exception <a 'java/io/IOException'{0x0000000089b8aee8}: Connection reset by peer> (0x0000000089b8aee8) 
thrown [s\open\src\hotspot\share\prims\jni.cpp, line 539]
Event: 2192.696 Thread 0x000001ef235b37f0 Exception <a 'java/io/IOException'{0x0000000089b8e378}: Connection reset by peer> (0x0000000089b8e378) 
thrown [s\open\src\hotspot\share\prims\jni.cpp, line 539]
Event: 2198.735 Thread 0x000001ef235b37f0 Exception <a 'java/io/IOException'{0x0000000089b916a8}: Connection reset by peer> (0x0000000089b916a8) 
thrown [s\open\src\hotspot\share\prims\jni.cpp, line 539]
Event: 2211.897 Thread 0x000001ef235b37f0 Exception <a 'java/io/IOException'{0x00000000896c8a58}: Connection reset by peer> (0x00000000896c8a58) 
thrown [s\open\src\hotspot\share\prims\jni.cpp, line 539]
Event: 2228.563 Thread 0x000001ef235b37f0 Exception <a 'java/io/IOException'{0x00000000896cbf40}: Connection reset by peer> (0x00000000896cbf40) 
thrown [s\open\src\hotspot\share\prims\jni.cpp, line 539]

ZGC Phase Switch (0 events):
No events

VM Operations (20 events):
Event: 2767.371 Executing VM operation: Cleanup
Event: 2767.371 Executing VM operation: Cleanup done
Event: 2771.421 Executing VM operation: Cleanup
Event: 2771.421 Executing VM operation: Cleanup done
Event: 2778.511 Executing VM operation: Cleanup
Event: 2778.511 Executing VM operation: Cleanup done
Event: 2831.918 Executing VM operation: Cleanup
Event: 2831.918 Executing VM operation: Cleanup done
Event: 2921.769 Executing VM operation: Cleanup
Event: 2921.769 Executing VM operation: Cleanup done
Event: 2952.089 Executing VM operation: Cleanup
Event: 2952.089 Executing VM operation: Cleanup done
Event: 2982.334 Executing VM operation: Cleanup
Event: 2982.334 Executing VM operation: Cleanup done
Event: 3041.763 Executing VM operation: Cleanup
Event: 3041.763 Executing VM operation: Cleanup done
Event: 3044.789 Executing VM operation: Cleanup
Event: 3044.789 Executing VM operation: Cleanup done
Event: 3102.291 Executing VM operation: Cleanup
Event: 3102.291 Executing VM operation: Cleanup done

Events (20 events):
Event: 2562.408 Thread 0x000001eed9cae630 flushing nmethod 0x000001eec5efe590
Event: 2562.409 Thread 0x000001eed9cae630 flushing nmethod 0x000001eec5f01090
Event: 2562.409 Thread 0x000001eed9cae630 flushing nmethod 0x000001eec5f06610
Event: 2562.409 Thread 0x000001eed9cae630 flushing nmethod 0x000001eec5f07090
Event: 2562.409 Thread 0x000001eed9cae630 flushing nmethod 0x000001eec5f09190
Event: 2562.409 Thread 0x000001eed9cae630 flushing nmethod 0x000001eecced5f10
Event: 2562.411 Thread 0x000001eed9cae630 flushing nmethod 0x000001eec50e8a10
Event: 2562.412 Thread 0x000001eed9cae630 flushing nmethod 0x000001eec50e8e90
Event: 2562.413 Thread 0x000001eed9cae630 flushing nmethod 0x000001eec50ebb10
Event: 2562.414 Thread 0x000001eed9cae630 flushing nmethod 0x000001eec52ca190
Event: 2562.414 Thread 0x000001eed9cae630 flushing nmethod 0x000001eec5454690
Event: 2562.414 Thread 0x000001eed9cae630 flushing nmethod 0x000001eec56d4510
Event: 2562.415 Thread 0x000001eed9cae630 flushing nmethod 0x000001eec56d6590
Event: 2562.415 Thread 0x000001eed9cae630 flushing nmethod 0x000001eec57cf410
Event: 2562.415 Thread 0x000001eed9cae630 flushing nmethod 0x000001eec589b890
Event: 2562.416 Thread 0x000001eed9cae630 flushing nmethod 0x000001eec59aeb90
Event: 2562.417 Thread 0x000001eed9cae630 flushing nmethod 0x000001eec5a9b710
Event: 2562.417 Thread 0x000001eed9cae630 flushing nmethod 0x000001eec5b48c90
Event: 2562.418 Thread 0x000001eed9cae630 flushing nmethod 0x000001eec5c5da90
Event: 2562.418 Thread 0x000001eed9cae630 flushing nmethod 0x000001eec5dd2690


Dynamic libraries:
0x00007ff695e30000 - 0x00007ff695e40000 	C:\Program Files\Java\jdk-21\bin\java.exe
0x00007ffd56bd0000 - 0x00007ffd56dc8000 	C:\Windows\SYSTEM32\ntdll.dll
0x00007ffd55cf0000 - 0x00007ffd55db2000 	C:\Windows\System32\KERNEL32.DLL
0x00007ffd54610000 - 0x00007ffd54907000 	C:\Windows\System32\KERNELBASE.dll
0x00007ffd543a0000 - 0x00007ffd544a0000 	C:\Windows\System32\ucrtbase.dll
0x00007ffd360c0000 - 0x00007ffd360d9000 	C:\Program Files\Java\jdk-21\bin\jli.dll
0x00007ffd379b0000 - 0x00007ffd379cb000 	C:\Program Files\Java\jdk-21\bin\VCRUNTIME140.dll
0x00007ffd55df0000 - 0x00007ffd55ea1000 	C:\Windows\System32\ADVAPI32.dll
0x00007ffd56a90000 - 0x00007ffd56b2e000 	C:\Windows\System32\msvcrt.dll
0x00007ffd55010000 - 0x00007ffd550af000 	C:\Windows\System32\sechost.dll
0x00007ffd55280000 - 0x00007ffd553a6000 	C:\Windows\System32\RPCRT4.dll
0x00007ffd54b00000 - 0x00007ffd54b27000 	C:\Windows\System32\bcrypt.dll
0x00007ffd550b0000 - 0x00007ffd5524d000 	C:\Windows\System32\USER32.dll
0x00007ffd54ad0000 - 0x00007ffd54af2000 	C:\Windows\System32\win32u.dll
0x00007ffd3d860000 - 0x00007ffd3dafb000 	C:\Windows\WinSxS\amd64_microsoft.windows.common-controls_6595b64144ccf1df_6.0.19041.6926_none_60b5a53971f8f7e6\COMCTL32.dll
0x00007ffd55250000 - 0x00007ffd5527b000 	C:\Windows\System32\GDI32.dll
0x00007ffd544f0000 - 0x00007ffd5460a000 	C:\Windows\System32\gdi32full.dll
0x00007ffd54b30000 - 0x00007ffd54bcd000 	C:\Windows\System32\msvcp_win.dll
0x00007ffd4a010000 - 0x00007ffd4a01a000 	C:\Windows\SYSTEM32\VERSION.dll
0x00007ffd55dc0000 - 0x00007ffd55def000 	C:\Windows\System32\IMM32.DLL
0x00007ffd3aa50000 - 0x00007ffd3aa5c000 	C:\Program Files\Java\jdk-21\bin\vcruntime140_1.dll
0x00007ffcc6860000 - 0x00007ffcc68ee000 	C:\Program Files\Java\jdk-21\bin\msvcp140.dll
0x00007ffcadda0000 - 0x00007ffcaeaba000 	C:\Program Files\Java\jdk-21\bin\server\jvm.dll
0x00007ffd55c20000 - 0x00007ffd55c8b000 	C:\Windows\System32\WS2_32.dll
0x00007ffd53790000 - 0x00007ffd537db000 	C:\Windows\SYSTEM32\POWRPROF.dll
0x00007ffd3e900000 - 0x00007ffd3e927000 	C:\Windows\SYSTEM32\WINMM.dll
0x00007ffd53600000 - 0x00007ffd53612000 	C:\Windows\SYSTEM32\UMPDC.dll
0x00007ffd52a50000 - 0x00007ffd52a62000 	C:\Windows\SYSTEM32\kernel.appcore.dll
0x00007ffd3a750000 - 0x00007ffd3a75a000 	C:\Program Files\Java\jdk-21\bin\jimage.dll
0x00007ffd4ef40000 - 0x00007ffd4f141000 	C:\Windows\SYSTEM32\DBGHELP.DLL
0x00007ffd3ed70000 - 0x00007ffd3eda4000 	C:\Windows\SYSTEM32\dbgcore.DLL
0x00007ffd54910000 - 0x00007ffd54992000 	C:\Windows\System32\bcryptPrimitives.dll
0x00007ffd3a610000 - 0x00007ffd3a61f000 	C:\Program Files\Java\jdk-21\bin\instrument.dll
0x00007ffd27aa0000 - 0x00007ffd27abf000 	C:\Program Files\Java\jdk-21\bin\java.dll
0x00007ffd56260000 - 0x00007ffd569d1000 	C:\Windows\System32\SHELL32.dll
0x00007ffd4f150000 - 0x00007ffd4f8f6000 	C:\Windows\SYSTEM32\windows.storage.dll
0x00007ffd54bd0000 - 0x00007ffd54f23000 	C:\Windows\System32\combase.dll
0x00007ffd53c60000 - 0x00007ffd53c8b000 	C:\Windows\SYSTEM32\Wldp.dll
0x00007ffd55940000 - 0x00007ffd55a16000 	C:\Windows\System32\OLEAUT32.dll
0x00007ffd569e0000 - 0x00007ffd56a8d000 	C:\Windows\System32\SHCORE.dll
0x00007ffd55c90000 - 0x00007ffd55ceb000 	C:\Windows\System32\shlwapi.dll
0x00007ffd54160000 - 0x00007ffd54184000 	C:\Windows\SYSTEM32\profapi.dll
0x00007ffcc6780000 - 0x00007ffcc6857000 	C:\Program Files\Java\jdk-21\bin\jsvml.dll
0x00007ffd23d20000 - 0x00007ffd23d38000 	C:\Program Files\Java\jdk-21\bin\zip.dll
0x00007ffd39480000 - 0x00007ffd39490000 	C:\Program Files\Java\jdk-21\bin\net.dll
0x00007ffd41000000 - 0x00007ffd4110a000 	C:\Windows\SYSTEM32\WINHTTP.dll
0x00007ffd53990000 - 0x00007ffd539fa000 	C:\Windows\system32\mswsock.dll
0x00007ffd245b0000 - 0x00007ffd245c6000 	C:\Program Files\Java\jdk-21\bin\nio.dll
0x00007ffd38b40000 - 0x00007ffd38b49000 	C:\Program Files\Java\jdk-21\bin\extnet.dll
0x00007ffd389a0000 - 0x00007ffd389aa000 	C:\Program Files\Java\jdk-21\bin\management.dll
0x00007ffd38960000 - 0x00007ffd3896b000 	C:\Program Files\Java\jdk-21\bin\management_ext.dll
0x00007ffd55c00000 - 0x00007ffd55c08000 	C:\Windows\System32\PSAPI.DLL
0x00007ffd53620000 - 0x00007ffd5365b000 	C:\Windows\SYSTEM32\IPHLPAPI.DLL
0x00007ffd55c10000 - 0x00007ffd55c18000 	C:\Windows\System32\NSI.dll
0x00007ffd53670000 - 0x00007ffd5373a000 	C:\Windows\SYSTEM32\DNSAPI.dll
0x00007ffd48880000 - 0x00007ffd4888a000 	C:\Windows\System32\rasadhlp.dll
0x00007ffd3e1e0000 - 0x00007ffd3e260000 	C:\Windows\System32\fwpuclnt.dll
0x00007ffd38dc0000 - 0x00007ffd38dce000 	C:\Program Files\Java\jdk-21\bin\sunmscapi.dll
0x00007ffd54240000 - 0x00007ffd5439d000 	C:\Windows\System32\CRYPT32.dll
0x00007ffd53cd0000 - 0x00007ffd53cf7000 	C:\Windows\SYSTEM32\ncrypt.dll
0x00007ffd53c90000 - 0x00007ffd53ccb000 	C:\Windows\SYSTEM32\NTASN1.dll
0x00007ffd53bb0000 - 0x00007ffd53bc8000 	C:\Windows\SYSTEM32\CRYPTSP.dll
0x00007ffd53240000 - 0x00007ffd53278000 	C:\Windows\system32\rsaenh.dll
0x00007ffd54120000 - 0x00007ffd5414e000 	C:\Windows\SYSTEM32\USERENV.dll
0x00007ffd53bd0000 - 0x00007ffd53bdc000 	C:\Windows\SYSTEM32\CRYPTBASE.dll
0x00007ffd373a0000 - 0x00007ffd373b0000 	C:\Program Files\Java\jdk-21\bin\verify.dll
0x00007ffd3bd00000 - 0x00007ffd3bd07000 	C:\Windows\system32\wshunix.dll

dbghelp: loaded successfully - version: 4.0.5 - missing functions: none
symbol engine: initialized successfully - sym options: 0x614 - pdb path: .;C:\Program Files\Java\jdk-21\bin;C:\Windows\SYSTEM32;C:\Windows\WinSxS\amd64_microsoft.windows.common-controls_6595b64144ccf1df_6.0.19041.6926_none_60b5a53971f8f7e6;C:\Program Files\Java\jdk-21\bin\server

VM Arguments:
jvm_args: -javaagent:C:\Program Files\JetBrains\IntelliJ IDEA Community Edition 2025.1.3\lib\idea_rt.jar=51880 -Dfile.encoding=UTF-8 -Dsun.stdout.encoding=UTF-8 -Dsun.stderr.encoding=UTF-8 
java_command: com.hms.appointment.AppointmentApplication
java_class_path (initial): D:\Hospital Management Service\HMS-Backend\AppointmentMS\target\classes;D:\MavenRepo\software\amazon\awssdk\secretsmanager\2.25.0\secretsmanager-2.25.0.jar;D:\MavenRepo\software\amazon\awssdk\aws-json-protocol\2.25.0\aws-json-protocol-2.25.0.jar;D:\MavenRepo\software\amazon\awssdk\third-party-jackson-core\2.25.0\third-party-jackson-core-2.25.0.jar;D:\MavenRepo\software\amazon\awssdk\protocol-core\2.25.0\protocol-core-2.25.0.jar;D:\MavenRepo\software\amazon\awssdk\http-auth-aws\2.25.0\http-auth-aws-2.25.0.jar;D:\MavenRepo\software\amazon\awssdk\sdk-core\2.25.0\sdk-core-2.25.0.jar;D:\MavenRepo\org\slf4j\slf4j-api\2.0.17\slf4j-api-2.0.17.jar;D:\MavenRepo\org\reactivestreams\reactive-streams\1.0.4\reactive-streams-1.0.4.jar;D:\MavenRepo\software\amazon\awssdk\auth\2.25.0\auth-2.25.0.jar;D:\MavenRepo\software\amazon\eventstream\eventstream\1.0.1\eventstream-1.0.1.jar;D:\MavenRepo\software\amazon\awssdk\http-auth-spi\2.25.0\http-auth-spi-2.25.0.jar;D:\MavenRepo\software\amazon\awssdk\http-auth\2.25.0\http-auth-2.25.0.jar;D:\MavenRepo\software\amazon\awssdk\identity-spi\2.25.0\identity-spi-2.25.0.jar;D:\MavenRepo\software\amazon\awssdk\http-client-spi\2.25.0\http-client-spi-2.25.0.jar;D:\MavenRepo\software\amazon\awssdk\regions\2.25.0\regions-2.25.0.jar;D:\MavenRepo\software\amazon\awssdk\annotations\2.25.0\annotations-2.25.0.jar;D:\MavenRepo\software\amazon\awssdk\utils\2.25.0\utils-2.25.0.jar;D:\MavenRepo\software\amazon\awssdk\aws-core\2.25.0\aws-core-2.25.0.jar;D:\MavenRepo\software\amazon\awssdk\metrics-spi\2.25.0\metrics-spi-2.25.0.jar;D:\MavenRepo\software\amazon\awssdk\json-utils\2.25.0\json-utils-2.25.0.jar;D:\MavenRepo\software\amazon\awssdk\endpoints-spi\2.25.0\endpoints-spi-2.25.0.jar;D:\MavenRepo\software\amazon\awssdk\apache-client\2.25.0\apache-client-2.25.0.jar;D:\MavenRepo\org\apache\httpcomponents\httpclient\4.5.13\httpclient-4.5.13.jar;D:\MavenRepo\commons-logging\commons-logging\1.3.6\commons-logging-1.3.6.jar;D:\MavenRepo\org\apache\httpcomponents\httpcore\4.4.16\httpcore-4.4.16.jar;D:\MavenRepo\commons-codec\commons-codec\1.19.0\commons-codec-1.19.0.jar;D:\MavenRepo\software\amazon\awssdk\netty-nio-client\2.25.0\netty-nio-client-2.25.0.jar;D:\MavenRepo\io\netty\netty-codec-http\4.2.12.Final\netty-codec-http-4.2.12.Final.jar;D:\MavenRepo\io\netty\netty-codec-base\4.2.12.Final\netty-codec-base-4.2.12.Final.jar;D:\MavenRepo\io\netty\netty-codec-compression\4.2.12.Final\netty-codec-compression-4.2.12.Final.jar;D:\MavenRepo\io\netty\netty-codec-http2\4.2.12.Final\netty-codec-http2-4.2.12.Final.jar;D:\MavenRepo\io\netty\netty-codec\4.2.12.Final\netty-codec-4.2.12.Final.jar;D:\MavenRepo\io\netty\netty-codec-protobuf\4.2.12.Final\netty-codec-protobuf-4.2.12.Final.jar;D:\MavenRepo\io\netty\netty-codec-marshalling\4.2.12.Final\netty-codec-marshalling-4.2.12.Final.jar;D:\MavenRepo\io\netty\netty-transport\4.2.12.Final\netty-transport-4.2.12.Final.jar;D:\MavenRepo\io\netty\netty-common\4.2.12.Final\netty-common-4.2.12.Final.jar;D:\MavenRepo\io\netty\netty-buffer\4.2.12.Final\netty-buffer-4.2.12.Final.jar;D:\MavenRepo\io\netty\netty-handler\4.2.12.Final\netty-handler-4.2.12.Final.jar;D:\MavenRepo\io\netty\netty-transport-native-unix-common\4.2.12.Final\netty-transport-native-unix-common-4.2.12.Final.jar;D:\MavenRepo\io\netty\netty-transport-classes-epoll\4.2.12.Final\netty-transport-classes-epoll-4.2.12.Final.jar;D:\MavenRepo\io\netty\netty-resolver\4.2.12.Final\netty-resolver-4.2.12.Final.jar;D:\MavenRepo\software\amazon\awssdk\sts\2.25.0\sts-2.25.0.jar;D:\MavenRepo\software\amazon\awssdk\aws-query-protocol\2.25.0\aws-query-protocol-2.25.0.jar;D:\MavenRepo\software\amazon\awssdk\profiles\2.25.0\profiles-2.25.0.jar;D:\MavenRepo\software\amazon\awssdk\s3\2.25.0\s3-2.25.0.jar;D:\MavenRepo\software\amazon\awssdk\aws-xml-protocol\2.25.0\aws-xml-protocol-2.25.0.jar;D:\MavenRepo\software\amazon\awssdk\arns\2.25.0\arns-2.25.0.jar;D:\MavenRepo\software\amazon\awssdk\crt-core\2.25.0\crt-core-2.25.0.jar;D:\MavenRepo\software\amazon\awssdk\checksums\2.25.0\checksums-2.25.0.jar;D:\MavenRepo\software\amazon\awssdk\checksums-spi\2.25.0\checksums-spi-2.25.0.jar;D:\MavenRepo\com\fasterxml\jackson\core\jackson-databind\2.21.2\jackson-databind-2.21.2.jar;D:\MavenRepo\com\fasterxml\jackson\core\jackson-annotations\2.21\jackson-annotations-2.21.jar;D:\MavenRepo\com\fasterxml\jackson\core\jackson-core\2.21.2\jackson-core-2.21.2.jar;D:\MavenRepo\org\springframework\boot\spring-boot-starter-data-jpa\4.0.6\spring-boot-starter-data-jpa-4.0.6.jar;D:\MavenRepo\org\springframework\boot\spring-boot-starter\4.0.6\spring-boot-starter-4.0.6.jar;D:\MavenRepo\org\springframework\boot\spring-boot-starter-logging\4.0.6\spring-boot-starter-logging-4.0.6.jar;D:\MavenRepo\ch\qos\logback\logback-classic\1.5.32\logback-classic-1.5.32.jar;D:\MavenRepo\ch\qos\logback\logback-core\1.5.32\logback-core-1.5.32.jar;D:\MavenRepo\org\apache\logging\log4j\log4j-to-slf4j\2.25.4\log4j-to-slf4j-2.25.4.jar;D:\MavenRepo\org\apache\logging\log4j\log4j-api\2.25.4\log4j-api-2.25.4.jar;D:\MavenRepo\org\slf4j\jul-to-slf4j\2.0.17\jul-to-slf4j-2.0.17.jar;D:\MavenRepo\jakarta\annotation\jakarta.annotation-api\3.0.0\jakarta.annotation-api-3.0.0.jar;D:\MavenRepo\org\yaml\snakeyaml\2.5\snakeyaml-2.5.jar;D:\MavenRepo\org\springframework\boot\spring-boot-starter-jdbc\4.0.6\spring-boot-starter-jdbc-4.0.6.jar;D:\MavenRepo\com\zaxxer\HikariCP\7.0.2\HikariCP-7.0.2.jar;D:\MavenRepo\org\springframework\boot\spring-boot-data-jpa\4.0.6\spring-boot-data-jpa-4.0.6.jar;D:\MavenRepo\org\springframework\boot\spring-boot-data-commons\4.0.6\spring-boot-data-commons-4.0.6.jar;D:\MavenRepo\org\springframework\boot\spring-boot-persistence\4.0.6\spring-boot-persistence-4.0.6.jar;D:\MavenRepo\org\springframework\data\spring-data-commons\4.0.5\spring-data-commons-4.0.5.jar;D:\MavenRepo\org\springframework\boot\spring-boot-hibernate\4.0.6\spring-boot-hibernate-4.0.6.jar;D:\MavenRepo\org\springframework\boot\spring-boot-jpa\4.0.6\spring-boot-jpa-4.0.6.jar;D:\MavenRepo\jakarta\persistence\jakarta.persistence-api\3.2.0\jakarta.persistence-api-3.2.0.jar;D:\MavenRepo\org\hibernate\orm\hibernate-core\7.2.12.Final\hibernate-core-7.2.12.Final.jar;D:\MavenRepo\jakarta\transaction\jakarta.transaction-api\2.0.1\jakarta.transaction-api-2.0.1.jar;D:\MavenRepo\org\jboss\logging\jboss-logging\3.6.3.Final\jboss-logging-3.6.3.Final.jar;D:\MavenRepo\org\hibernate\models\hibernate-models\1.0.1\hibernate-models-1.0.1.jar;D:\MavenRepo\com\fasterxml\classmate\1.7.3\classmate-1.7.3.jar;D:\MavenRepo\org\glassfish\jaxb\jaxb-runtime\4.0.6\jaxb-runtime-4.0.6.jar;D:\MavenRepo\org\glassfish\jaxb\jaxb-core\4.0.6\jaxb-core-4.0.6.jar;D:\MavenRepo\org\eclipse\angus\angus-activation\2.0.3\angus-activation-2.0.3.jar;D:\MavenRepo\org\glassfish\jaxb\txw2\4.0.6\txw2-4.0.6.jar;D:\MavenRepo\com\sun\istack\istack-commons-runtime\4.1.2\istack-commons-runtime-4.1.2.jar;D:\MavenRepo\org\springframework\spring-orm\7.0.7\spring-orm-7.0.7.jar;D:\MavenRepo\org\springframework\data\spring-data-jpa\4.0.5\spring-data-jpa-4.0.5.jar;D:\MavenRepo\org\springframework\spring-tx\7.0.7\spring-tx-7.0.7.jar;D:\MavenRepo\org\antlr\antlr4-runtime\4.13.2\antlr4-runtime-4.13.2.jar;D:\MavenRepo\org\springframework\spring-aspects\7.0.7\spring-aspects-7.0.7.jar;D:\MavenRepo\org\aspectj\aspectjweaver\1.9.25.1\aspectjweaver-1.9.25.1.jar;D:\MavenRepo\org\springframework\boot\spring-boot-jdbc\4.0.6\spring-boot-jdbc-4.0.6.jar;D:\MavenRepo\org\springframework\boot\spring-boot-sql\4.0.6\spring-boot-sql-4.0.6.jar;D:\MavenRepo\org\springframework\boot\spring-boot-transaction\4.0.6\spring-boot-transaction-4.0.6.jar;D:\MavenRepo\org\springframework\spring-jdbc\7.0.7\spring-jdbc-7.0.7.jar;D:\MavenRepo\org\springframework\boot\spring-boot-starter-security\4.0.6\spring-boot-starter-security-4.0.6.jar;D:\MavenRepo\org\springframework\boot\spring-boot-security\4.0.6\spring-boot-security-4.0.6.jar;D:\MavenRepo\org\springframework\security\spring-security-config\7.0.5\spring-security-config-7.0.5.jar;D:\MavenRepo\org\springframework\security\spring-security-core\7.0.5\spring-security-core-7.0.5.jar;D:\MavenRepo\org\springframework\security\spring-security-web\7.0.5\spring-security-web-7.0.5.jar;D:\MavenRepo\org\springframework\spring-expression\7.0.7\spring-expression-7.0.7.jar;D:\MavenRepo\org\springframework\spring-aop\7.0.7\spring-aop-7.0.7.jar;D:\MavenRepo\org\springframework\spring-beans\7.0.7\spring-beans-7.0.7.jar;D:\MavenRepo\org\springframework\spring-core\7.0.7\spring-core-7.0.7.jar;D:\MavenRepo\org\springframework\boot\spring-boot-starter-webmvc\4.0.6\spring-boot-starter-webmvc-4.0.6.jar;D:\MavenRepo\org\springframework\boot\spring-boot-starter-jackson\4.0.6\spring-boot-starter-jackson-4.0.6.jar;D:\MavenRepo\org\springframework\boot\spring-boot-jackson\4.0.6\spring-boot-jackson-4.0.6.jar;D:\MavenRepo\tools\jackson\core\jackson-databind\3.1.2\jackson-databind-3.1.2.jar;D:\MavenRepo\tools\jackson\core\jackson-core\3.1.2\jackson-core-3.1.2.jar;D:\MavenRepo\org\springframework\boot\spring-boot-starter-tomcat\4.0.6\spring-boot-starter-tomcat-4.0.6.jar;D:\MavenRepo\org\springframework\boot\spring-boot-starter-tomcat-runtime\4.0.6\spring-boot-starter-tomcat-runtime-4.0.6.jar;D:\MavenRepo\org\apache\tomcat\embed\tomcat-embed-core\11.0.21\tomcat-embed-core-11.0.21.jar;D:\MavenRepo\org\apache\tomcat\embed\tomcat-embed-el\11.0.21\tomcat-embed-el-11.0.21.jar;D:\MavenRepo\org\apache\tomcat\embed\tomcat-embed-websocket\11.0.21\tomcat-embed-websocket-11.0.21.jar;D:\MavenRepo\org\springframework\boot\spring-boot-tomcat\4.0.6\spring-boot-tomcat-4.0.6.jar;D:\MavenRepo\org\springframework\boot\spring-boot-http-converter\4.0.6\spring-boot-http-converter-4.0.6.jar;D:\MavenRepo\org\springframework\boot\spring-boot-webmvc\4.0.6\spring-boot-webmvc-4.0.6.jar;D:\MavenRepo\org\springframework\boot\spring-boot-servlet\4.0.6\spring-boot-servlet-4.0.6.jar;D:\MavenRepo\org\springframework\spring-webmvc\7.0.7\spring-webmvc-7.0.7.jar;D:\MavenRepo\org\springframework\boot\spring-boot-devtools\4.0.6\spring-boot-devtools-4.0.6.jar;D:\MavenRepo\org\springframework\boot\spring-boot\4.0.6\spring-boot-4.0.6.jar;D:\MavenRepo\org\springframework\spring-context\7.0.7\spring-context-7.0.7.jar;D:\MavenRepo\org\springframework\boot\spring-boot-autoconfigure\4.0.6\spring-boot-autoconfigure-4.0.6.jar;D:\MavenRepo\org\postgresql\postgresql\42.7.10\postgresql-42.7.10.jar;D:\MavenRepo\org\checkerframework\checker-qual\3.52.0\checker-qual-3.52.0.jar;D:\MavenRepo\org\projectlombok\lombok\1.18.46\lombok-1.18.46.jar;D:\MavenRepo\org\springframework\boot\spring-boot-starter-webflux\4.0.6\spring-boot-starter-webflux-4.0.6.jar;D:\MavenRepo\org\springframework\boot\spring-boot-starter-reactor-netty\4.0.6\spring-boot-starter-reactor-netty-4.0.6.jar;D:\MavenRepo\org\springframework\boot\spring-boot-reactor-netty\4.0.6\spring-boot-reactor-netty-4.0.6.jar;D:\MavenRepo\io\projectreactor\netty\reactor-netty-http\1.3.5\reactor-netty-http-1.3.5.jar;D:\MavenRepo\io\netty\netty-codec-http3\4.2.12.Final\netty-codec-http3-4.2.12.Final.jar;D:\MavenRepo\io\netty\netty-codec-classes-quic\4.2.12.Final\netty-codec-classes-quic-4.2.12.Final.jar;D:\MavenRepo\io\netty\netty-codec-native-quic\4.2.12.Final\netty-codec-native-quic-4.2.12.Final-linux-x86_64.jar;D:\MavenRepo\io\netty\netty-codec-native-quic\4.2.12.Final\netty-codec-native-quic-4.2.12.Final-linux-aarch_64.jar;D:\MavenRepo\io\netty\netty-codec-native-quic\4.2.12.Final\netty-codec-native-quic-4.2.12.Final-osx-x86_64.jar;D:\MavenRepo\io\netty\netty-codec-native-quic\4.2.12.Final\netty-codec-native-quic-4.2.12.Final-osx-aarch_64.jar;D:\MavenRepo\io\netty\netty-codec-native-quic\4.2.12.Final\netty-codec-native-quic-4.2.12.Final-windows-x86_64.jar;D:\MavenRepo\io\netty\netty-resolver-dns\4.2.12.Final\netty-resolver-dns-4.2.12.Final.jar;D:\MavenRepo\io\netty\netty-codec-dns\4.2.12.Final\netty-codec-dns-4.2.12.Final.jar;D:\MavenRepo\io\netty\netty-resolver-dns-native-macos\4.2.12.Final\netty-resolver-dns-native-macos-4.2.12.Final-osx-x86_64.jar;D:\MavenRepo\io\netty\netty-resolver-dns-classes-macos\4.2.12.Final\netty-resolver-dns-classes-macos-4.2.12.Final.jar;D:\MavenRepo\io\netty\netty-transport-native-epoll\4.2.12.Final\netty-transport-native-epoll-4.2.12.Final-linux-x86_64.jar;D:\MavenRepo\io\projectreactor\netty\reactor-netty-core\1.3.5\reactor-netty-core-1.3.5.jar;D:\MavenRepo\io\netty\netty-handler-proxy\4.2.12.Final\netty-handler-proxy-4.2.12.Final.jar;D:\MavenRepo\io\netty\netty-codec-socks\4.2.12.Final\netty-codec-socks-4.2.12.Final.jar;D:\MavenRepo\org\springframework\boot\spring-boot-netty\4.0.6\spring-boot-netty-4.0.6.jar;D:\MavenRepo\org\springframework\boot\spring-boot-reactor\4.0.6\spring-boot-reactor-4.0.6.jar;D:\MavenRepo\io\projectreactor\reactor-core\3.8.5\reactor-core-3.8.5.jar;D:\MavenRepo\org\springframework\boot\spring-boot-webflux\4.0.6\spring-boot-webflux-4.0.6.jar;D:\MavenRepo\org\springframework\boot\spring-boot-http-codec\4.0.6\spring-boot-http-codec-4.0.6.jar;D:\MavenRepo\org\springframework\spring-webflux\7.0.7\spring-webflux-7.0.7.jar;D:\MavenRepo\org\springframework\boot\spring-boot-web-server\4.0.6\spring-boot-web-server-4.0.6.jar;D:\MavenRepo\jakarta\xml\bind\jakarta.xml.bind-api\4.0.4\jakarta.xml.bind-api-4.0.4.jar;D:\MavenRepo\jakarta\activation\jakarta.activation-api\2.1.4\jakarta.activation-api-2.1.4.jar;D:\MavenRepo\net\bytebuddy\byte-buddy\1.17.8\byte-buddy-1.17.8.jar;D:\MavenRepo\org\springframework\cloud\spring-cloud-starter-netflix-eureka-client\5.0.1\spring-cloud-starter-netflix-eureka-client-5.0.1.jar;D:\MavenRepo\org\springframework\cloud\spring-cloud-starter\5.0.1\spring-cloud-starter-5.0.1.jar;D:\MavenRepo\org\springframework\cloud\spring-cloud-context\5.0.1\spring-cloud-context-5.0.1.jar;D:\MavenRepo\org\springframework\boot\spring-boot-restclient\4.0.6\spring-boot-restclient-4.0.6.jar;D:\MavenRepo\org\springframework\boot\spring-boot-http-client\4.0.6\spring-boot-http-client-4.0.6.jar;D:\MavenRepo\org\bouncycastle\bcprov-jdk18on\1.81\bcprov-jdk18on-1.81.jar;D:\MavenRepo\org\springframework\cloud\spring-cloud-netflix-eureka-client\5.0.1\spring-cloud-netflix-eureka-client-5.0.1.jar;D:\MavenRepo\org\springframework\boot\spring-boot-jackson2\4.0.6\spring-boot-jackson2-4.0.6.jar;D:\MavenRepo\com\fasterxml\jackson\datatype\jackson-datatype-jdk8\2.21.2\jackson-datatype-jdk8-2.21.2.jar;D:\MavenRepo\com\fasterxml\jackson\datatype\jackson-datatype-jsr310\2.21.2\jackson-datatype-jsr310-2.21.2.jar;D:\MavenRepo\com\fasterxml\jackson\module\jackson-module-parameter-names\2.21.2\jackson-module-parameter-names-2.21.2.jar;D:\MavenRepo\org\apache\httpcomponents\client5\httpclient5\5.5.2\httpclient5-5.5.2.jar;D:\MavenRepo\org\apache\httpcomponents\core5\httpcore5\5.3.6\httpcore5-5.3.6.jar;D:\MavenRepo\org\apache\httpcomponents\core5\httpcore5-h2\5.3.6\httpcore5-h2-5.3.6.jar;D:\MavenRepo\com\netflix\eureka\eureka-client\2.0.5\eureka-client-2.0.5.jar;D:\MavenRepo\com\thoughtworks\xstream\xstream\1.4.21\xstream-1.4.21.jar;D:\MavenRepo\io\github\x-stream\mxparser\1.2.2\mxparser-1.2.2.jar;D:\MavenRepo\xmlpull\xmlpull\1.1.3.1\xmlpull-1.1.3.1.jar;D:\MavenRepo\jakarta\ws\rs\jakarta.ws.rs-api\4.0.0\jakarta.ws.rs-api-4.0.0.jar;D:\MavenRepo\jakarta\inject\jakarta.inject-api\2.0.1\jakarta.inject-api-2.0.1.jar;D:\MavenRepo\com\netflix\spectator\spectator-api\1.7.3\spectator-api-1.7.3.jar;D:\MavenRepo\commons-configuration\commons-configuration\1.10\commons-configuration-1.10.jar;D:\MavenRepo\commons-lang\commons-lang\2.6\commons-lang-2.6.jar;D:\MavenRepo\com\netflix\netflix-commons\netflix-eventbus\0.3.0\netflix-eventbus-0.3.0.jar;D:\MavenRepo\com\netflix\netflix-commons\netflix-infix\0.3.0\netflix-infix-0.3.0.jar;D:\MavenRepo\commons-jxpath\commons-jxpath\1.3\commons-jxpath-1.3.jar;D:\MavenRepo\joda-time\joda-time\2.3\joda-time-2.3.jar;D:\MavenRepo\org\antlr\antlr-runtime\3.4\antlr-runtime-3.4.jar;D:\MavenRepo\org\antlr\stringtemplate\3.2.1\stringtemplate-3.2.1.jar;D:\MavenRepo\antlr\antlr\2.7.7\antlr-2.7.7.jar;D:\MavenRepo\com\google\code\gson\gson\2.13.2\gson-2.13.2.jar;D:\MavenRepo\com\google\errorprone\error_prone_annotations\2.41.0\error_prone_annotations-2.41.0.jar;D:\MavenRepo\com\netflix\servo\servo-core\0.5.3\servo-core-0.5.3.jar;D:\MavenRepo\org\apache\commons\commons-math\2.2\commons-math-2.2.jar;D:\MavenRepo\javax\annotation\javax.annotation-api\1.2\javax.annotation-api-1.2.jar;D:\MavenRepo\org\codehaus\jettison\jettison\1.5.4\jettison-1.5.4.jar;D:\MavenRepo\org\springframework\cloud\spring-cloud-starter-loadbalancer\5.0.1\spring-cloud-starter-loadbalancer-5.0.1.jar;D:\MavenRepo\org\springframework\cloud\spring-cloud-loadbalancer\5.0.1\spring-cloud-loadbalancer-5.0.1.jar;D:\MavenRepo\io\projectreactor\addons\reactor-extra\3.6.0\reactor-extra-3.6.0.jar;D:\MavenRepo\org\springframework\boot\spring-boot-starter-cache\4.0.6\spring-boot-starter-cache-4.0.6.jar;D:\MavenRepo\org\springframework\boot\spring-boot-cache\4.0.6\spring-boot-cache-4.0.6.jar;D:\MavenRepo\org\springframework\spring-context-support\7.0.7\spring-context-support-7.0.7.jar;D:\MavenRepo\com\stoyanr\evictor\1.0.0\evictor-1.0.0.jar;D:\MavenRepo\org\springframework\cloud\spring-cloud-starter-openfeign\5.0.1\spring-cloud-starter-openfeign-5.0.1.jar;D:\MavenRepo\org\springframework\cloud\spring-cloud-openfeign-core\5.0.1\spring-cloud-openfeign-core-5.0.1.jar;D:\MavenRepo\org\jspecify\jspecify\1.0.0\jspecify-1.0.0.jar;D:\MavenRepo\io\github\openfeign\feign-form-spring\13.6\feign-form-spring-13.6.jar;D:\MavenRepo\org\apache\commons\commons-text\1.13.0\commons-text-1.13.0.jar;D:\MavenRepo\org\apache\commons\commons-lang3\3.19.0\commons-lang3-3.19.0.jar;D:\MavenRepo\io\github\openfeign\feign-form\13.6\feign-form-13.6.jar;D:\MavenRepo\commons-fileupload\commons-fileupload\1.5\commons-fileupload-1.5.jar;D:\MavenRepo\org\springframework\spring-web\7.0.7\spring-web-7.0.7.jar;D:\MavenRepo\io\micrometer\micrometer-observation\1.16.5\micrometer-observation-1.16.5.jar;D:\MavenRepo\io\micrometer\micrometer-commons\1.16.5\micrometer-commons-1.16.5.jar;D:\MavenRepo\org\springframework\cloud\spring-cloud-commons\5.0.1\spring-cloud-commons-5.0.1.jar;D:\MavenRepo\org\springframework\security\spring-security-crypto\7.0.5\spring-security-crypto-7.0.5.jar;D:\MavenRepo\io\github\openfeign\feign-core\13.6\feign-core-13.6.jar;D:\MavenRepo\io\github\openfeign\feign-slf4j\13.6\feign-slf4j-13.6.jar;D:\MavenRepo\jakarta\validation\jakarta.validation-api\3.1.1\jakarta.validation-api-3.1.1.jar;D:\MavenRepo\org\springframework\cloud\spring-cloud-starter-circuitbreaker-resilience4j\5.0.1\spring-cloud-starter-circuitbreaker-resilience4j-5.0.1.jar;D:\MavenRepo\org\springframework\cloud\spring-cloud-circuitbreaker-resilience4j\5.0.1\spring-cloud-circuitbreaker-resilience4j-5.0.1.jar;D:\MavenRepo\io\github\resilience4j\resilience4j-spring-boot3\2.3.0\resilience4j-spring-boot3-2.3.0.jar;D:\MavenRepo\io\github\resilience4j\resilience4j-spring6\2.3.0\resilience4j-spring6-2.3.0.jar;D:\MavenRepo\io\github\resilience4j\resilience4j-annotations\2.3.0\resilience4j-annotations-2.3.0.jar;D:\MavenRepo\io\github\resilience4j\resilience4j-consumer\2.3.0\resilience4j-consumer-2.3.0.jar;D:\MavenRepo\io\github\resilience4j\resilience4j-circularbuffer\2.3.0\resilience4j-circularbuffer-2.3.0.jar;D:\MavenRepo\io\github\resilience4j\resilience4j-framework-common\2.3.0\resilience4j-framework-common-2.3.0.jar;D:\MavenRepo\io\github\resilience4j\resilience4j-micrometer\2.3.0\resilience4j-micrometer-2.3.0.jar;D:\MavenRepo\io\micrometer\micrometer-core\1.16.5\micrometer-core-1.16.5.jar;D:\MavenRepo\org\hdrhistogram\HdrHistogram\2.2.2\HdrHistogram-2.2.2.jar;D:\MavenRepo\org\latencyutils\LatencyUtils\2.0.3\LatencyUtils-2.0.3.jar;D:\MavenRepo\io\github\resilience4j\resilience4j-retry\2.3.0\resilience4j-retry-2.3.0.jar;D:\MavenRepo\io\github\resilience4j\resilience4j-ratelimiter\2.3.0\resilience4j-ratelimiter-2.3.0.jar;D:\MavenRepo\org\springframework\boot\spring-boot-configuration-processor\4.0.6\spring-boot-configuration-processor-4.0.6.jar;D:\MavenRepo\io\github\resilience4j\resilience4j-circuitbreaker\2.3.0\resilience4j-circuitbreaker-2.3.0.jar;D:\MavenRepo\io\github\resilience4j\resilience4j-core\2.3.0\resilience4j-core-2.3.0.jar;D:\MavenRepo\org\jetbrains\kotlin\kotlin-stdlib-jdk8\2.2.21\kotlin-stdlib-jdk8-2.2.21.jar;D:\MavenRepo\org\jetbrains\kotlin\kotlin-stdlib\2.2.21\kotlin-stdlib-2.2.21.jar;D:\MavenRepo\org\jetbrains\annotations\13.0\annotations-13.0.jar;D:\MavenRepo\org\jetbrains\kotlin\kotlin-stdlib-jdk7\2.2.21\kotlin-stdlib-jdk7-2.2.21.jar;D:\MavenRepo\io\github\resilience4j\resilience4j-timelimiter\2.3.0\resilience4j-timelimiter-2.3.0.jar
Launcher Type: SUN_STANDARD

[Global flags]
     intx CICompilerCount                          = 4                                         {product} {ergonomic}
     uint ConcGCThreads                            = 2                                         {product} {ergonomic}
     uint G1ConcRefinementThreads                  = 8                                         {product} {ergonomic}
   size_t G1HeapRegionSize                         = 1048576                                   {product} {ergonomic}
    uintx GCDrainStackTargetSize                   = 64                                        {product} {ergonomic}
   size_t InitialHeapSize                          = 132120576                                 {product} {ergonomic}
   size_t MarkStackSize                            = 4194304                                   {product} {ergonomic}
   size_t MaxHeapSize                              = 2107637760                                {product} {ergonomic}
   size_t MaxNewSize                               = 1264582656                                {product} {ergonomic}
   size_t MinHeapDeltaBytes                        = 1048576                                   {product} {ergonomic}
   size_t MinHeapSize                              = 8388608                                   {product} {ergonomic}
    uintx NonNMethodCodeHeapSize                   = 5839372                                {pd product} {ergonomic}
    uintx NonProfiledCodeHeapSize                  = 122909434                              {pd product} {ergonomic}
    uintx ProfiledCodeHeapSize                     = 122909434                              {pd product} {ergonomic}
    uintx ReservedCodeCacheSize                    = 251658240                              {pd product} {ergonomic}
     bool SegmentedCodeCache                       = true                                      {product} {ergonomic}
   size_t SoftMaxHeapSize                          = 2107637760                             {manageable} {ergonomic}
     bool UseCompressedOops                        = true                           {product lp64_product} {ergonomic}
     bool UseG1GC                                  = true                                      {product} {ergonomic}
     bool UseLargePagesIndividualAllocation        = false                                  {pd product} {ergonomic}

Logging:
Log output configuration:
 #0: stdout all=warning uptime,level,tags foldmultilines=false
 #1: stderr all=off uptime,level,tags foldmultilines=false

Environment Variables:
JAVA_HOME=C:\Program Files\Java\jdk-17
PATH=D:\NodeJs\;C:\Users\PC\AppData\Local\Microsoft\WindowsApps;C:\Users\PC\AppData\Local\Programs\Microsoft VS Code\bin;C:\apache-maven-3.9.11\bin;C:\Program Files\Java\jdk-17\bin;C:\Program Files\PostgreSQL\18\bin;C:\Windows\System32;C:\Users\PC\AppData\Roaming\npm;D:\Antigravity IDE\bin
USERNAME=PC
OS=Windows_NT
PROCESSOR_IDENTIFIER=Intel64 Family 6 Model 142 Stepping 10, GenuineIntel
TMP=C:\Users\PC\AppData\Local\Temp
TEMP=C:\Users\PC\AppData\Local\Temp




Periodic native trim disabled

---------------  S Y S T E M  ---------------

OS:
 Windows 10 , 64 bit Build 19041 (10.0.19041.7181)
OS uptime: 0 days 23:28 hours

CPU: total 8 (initial active 8) (4 cores per cpu, 2 threads per core) family 6 model 142 stepping 10 microcode 0xf6, cx8, cmov, fxsr, ht, mmx, 3dnowpref, sse, sse2, sse3, ssse3, sse4.1, sse4.2, popcnt, lzcnt, tsc, tscinvbit, avx, avx2, aes, erms, clmul, bmi1, bmi2, adx, fma, vzeroupper, clflush, clflushopt, rdtscp, f16c
Processor Information for all 8 processors :
  Max Mhz: 1800, Current Mhz: 1600, Mhz Limit: 1584

Memory: 4k page, system-wide physical 8035M (918M free)
TotalPageFile size 13478M (AvailPageFile size 0M)
current process WorkingSet (physical memory assigned to process): 361M, peak: 428M
current process commit charge ("private bytes"): 478M, peak: 484M

vm_info: Java HotSpot(TM) 64-Bit Server VM (21.0.7+8-LTS-245) for windows-amd64 JRE (21.0.7+8-LTS-245), built on 2025-02-21T05:11:27Z by "mach5one" with MS VC++ 17.6 (VS2022)

END.
