#
# There is insufficient memory for the Java Runtime Environment to continue.
# Native memory allocation (malloc) failed to allocate 838128 bytes for Chunk::new
# Possible reasons:
#   The system is out of physical RAM or swap space
#   The process is running with CompressedOops enabled, and the Java Heap may be blocking the growth of the native heap
# Possible solutions:
#   Reduce memory load on the system
#   Increase physical memory or swap space
#   Check if swap backing store is full
#   Decrease Java heap size (-Xmx/-Xms)
#   Decrease number of Java threads
#   Decrease Java thread stack sizes (-Xss)
#   Set larger code cache with -XX:ReservedCodeCacheSize=
#   JVM is running with Unscaled Compressed Oops mode in which the Java heap is
#     placed in the first 4GB address space. The Java Heap base address is the
#     maximum limit for the native heap growth. Please use -XX:HeapBaseMinAddress
#     to set the Java Heap base and to place the Java Heap above 4GB virtual address.
# This output file may be truncated or incomplete.
#
#  Out of Memory Error (arena.cpp:168), pid=22212, tid=12912
#
# JRE version: Java(TM) SE Runtime Environment (21.0.7+8) (build 21.0.7+8-LTS-245)
# Java VM: Java HotSpot(TM) 64-Bit Server VM (21.0.7+8-LTS-245, mixed mode, sharing, tiered, compressed oops, compressed class ptrs, g1 gc, windows-amd64)
# No core dump will be written. Minidumps are not enabled by default on client versions of Windows
#

---------------  S U M M A R Y ------------

Command Line: -javaagent:C:\Program Files\JetBrains\IntelliJ IDEA Community Edition 2025.1.3\lib\idea_rt.jar=63027 -Dfile.encoding=UTF-8 -Dsun.stdout.encoding=UTF-8 -Dsun.stderr.encoding=UTF-8 com.hms.appointment.AppointmentApplication

Host: Intel(R) Core(TM) i5-8250U CPU @ 1.60GHz, 8 cores, 7G,  Windows 10 , 64 bit Build 19041 (10.0.19041.7181)
Time: Tue May 19 18:59:56 2026 India Standard Time elapsed time: 8.864800 seconds (0d 0h 0m 8s)

---------------  T H R E A D  ---------------

Current thread (0x000001ce31b0e4b0):  JavaThread "C2 CompilerThread1" daemon [_thread_in_native, id=12912, stack(0x0000004815800000,0x0000004815900000) (1024K)]


Current CompileTask:
C2:   8864 5775   !   4       org.springframework.beans.factory.support.DefaultListableBeanFactory::doGetBeanNamesForType (527 bytes)

Stack: [0x0000004815800000,0x0000004815900000]
Native frames: (J=compiled Java code, j=interpreted, Vv=VM code, C=native code)
V  [jvm.dll+0x6cae19]
V  [jvm.dll+0x855741]
V  [jvm.dll+0x857c6e]
V  [jvm.dll+0x858343]
V  [jvm.dll+0x27e0b6]
V  [jvm.dll+0xc4ecd]
V  [jvm.dll+0xc5403]
V  [jvm.dll+0x3b578c]
V  [jvm.dll+0x1df69a]
V  [jvm.dll+0x246c82]
V  [jvm.dll+0x24610f]
V  [jvm.dll+0x1c6efe]
V  [jvm.dll+0x255819]
V  [jvm.dll+0x253daa]
V  [jvm.dll+0x3eebb6]
V  [jvm.dll+0x7ffa1b]
V  [jvm.dll+0x6c94fd]
C  [ucrtbase.dll+0x21bb2]
C  [KERNEL32.DLL+0x17374]
C  [ntdll.dll+0x4cc91]


---------------  P R O C E S S  ---------------

Threads class SMR info:
_java_thread_list=0x000001ce7bb753c0, length=19, elements={
0x000001ce14d553a0, 0x000001ce3169b1f0, 0x000001ce3169ce50, 0x000001ce316a1900,
0x000001ce316a2350, 0x000001ce316a48b0, 0x000001ce316a5aa0, 0x000001ce316ab4d0,
0x000001ce316b3fe0, 0x000001ce3166ab70, 0x000001ce31b0e4b0, 0x000001ce31a30260,
0x000001ce77731260, 0x000001ce77e43210, 0x000001ce77de4b00, 0x000001ce77ec66a0,
0x000001ce7a656ae0, 0x000001ce7a084750, 0x000001ce797219c0
}

Java Threads: ( => current thread )
  0x000001ce14d553a0 JavaThread "main"                              [_thread_blocked, id=22316, stack(0x0000004814700000,0x0000004814800000) (1024K)]
  0x000001ce3169b1f0 JavaThread "Reference Handler"          daemon [_thread_blocked, id=10596, stack(0x0000004814f00000,0x0000004815000000) (1024K)]
  0x000001ce3169ce50 JavaThread "Finalizer"                  daemon [_thread_blocked, id=22320, stack(0x0000004815000000,0x0000004815100000) (1024K)]
  0x000001ce316a1900 JavaThread "Signal Dispatcher"          daemon [_thread_blocked, id=21652, stack(0x0000004815100000,0x0000004815200000) (1024K)]
  0x000001ce316a2350 JavaThread "Attach Listener"            daemon [_thread_blocked, id=5492, stack(0x0000004815200000,0x0000004815300000) (1024K)]
  0x000001ce316a48b0 JavaThread "Service Thread"             daemon [_thread_blocked, id=20676, stack(0x0000004815300000,0x0000004815400000) (1024K)]
  0x000001ce316a5aa0 JavaThread "Monitor Deflation Thread"   daemon [_thread_blocked, id=21924, stack(0x0000004815400000,0x0000004815500000) (1024K)]
  0x000001ce316ab4d0 JavaThread "C2 CompilerThread0"         daemon [_thread_in_native, id=8972, stack(0x0000004815500000,0x0000004815600000) (1024K)]
  0x000001ce316b3fe0 JavaThread "C1 CompilerThread0"         daemon [_thread_in_native, id=1116, stack(0x0000004815600000,0x0000004815700000) (1024K)]
  0x000001ce3166ab70 JavaThread "Common-Cleaner"             daemon [_thread_blocked, id=1996, stack(0x0000004815700000,0x0000004815800000) (1024K)]
=>0x000001ce31b0e4b0 JavaThread "C2 CompilerThread1"         daemon [_thread_in_native, id=12912, stack(0x0000004815800000,0x0000004815900000) (1024K)]
  0x000001ce31a30260 JavaThread "Monitor Ctrl-Break"         daemon [_thread_in_native, id=21820, stack(0x0000004815900000,0x0000004815a00000) (1024K)]
  0x000001ce77731260 JavaThread "Notification Thread"        daemon [_thread_blocked, id=9372, stack(0x0000004815a00000,0x0000004815b00000) (1024K)]
  0x000001ce77e43210 JavaThread "C2 CompilerThread2"         daemon [_thread_in_native, id=21424, stack(0x0000004816000000,0x0000004816100000) (1024K)]
  0x000001ce77de4b00 JavaThread "Thread-0"                          [_thread_blocked, id=17784, stack(0x0000004816300000,0x0000004816400000) (1024K)]
  0x000001ce77ec66a0 JavaThread "restartedMain"                     [_thread_in_Java, id=16472, stack(0x0000004816400000,0x0000004816500000) (1024K)]
  0x000001ce7a656ae0 JavaThread "Catalina-utility-1"                [_thread_blocked, id=6292, stack(0x0000004816500000,0x0000004816600000) (1024K)]
  0x000001ce7a084750 JavaThread "Catalina-utility-2"                [_thread_blocked, id=15472, stack(0x0000004816700000,0x0000004816800000) (1024K)]
  0x000001ce797219c0 JavaThread "container-0"                       [_thread_blocked, id=13460, stack(0x0000004816800000,0x0000004816900000) (1024K)]
Total: 19

Other Threads:
  0x000001ce3167ce20 VMThread "VM Thread"                           [id=20984, stack(0x0000004814e00000,0x0000004814f00000) (1024K)]
  0x000001ce31669dd0 WatcherThread "VM Periodic Task Thread"        [id=19612, stack(0x0000004814d00000,0x0000004814e00000) (1024K)]
  0x000001ce14dab070 WorkerThread "GC Thread#0"                     [id=4528, stack(0x0000004814800000,0x0000004814900000) (1024K)]
  0x000001ce77d28880 WorkerThread "GC Thread#1"                     [id=20100, stack(0x0000004815b00000,0x0000004815c00000) (1024K)]
  0x000001ce77d28c20 WorkerThread "GC Thread#2"                     [id=7080, stack(0x0000004815c00000,0x0000004815d00000) (1024K)]
  0x000001ce77a4e090 WorkerThread "GC Thread#3"                     [id=21104, stack(0x0000004815d00000,0x0000004815e00000) (1024K)]
  0x000001ce77e06580 WorkerThread "GC Thread#4"                     [id=10588, stack(0x0000004815e00000,0x0000004815f00000) (1024K)]
  0x000001ce77d09170 WorkerThread "GC Thread#5"                     [id=18844, stack(0x0000004815f00000,0x0000004816000000) (1024K)]
  0x000001ce77ec3800 WorkerThread "GC Thread#6"                     [id=2364, stack(0x0000004816100000,0x0000004816200000) (1024K)]
  0x000001ce77f0a650 WorkerThread "GC Thread#7"                     [id=14908, stack(0x0000004816200000,0x0000004816300000) (1024K)]
  0x000001ce14dbcce0 ConcurrentGCThread "G1 Main Marker"            [id=18748, stack(0x0000004814900000,0x0000004814a00000) (1024K)]
  0x000001ce14dbde90 WorkerThread "G1 Conc#0"                       [id=14956, stack(0x0000004814a00000,0x0000004814b00000) (1024K)]
  0x000001ce7836c860 WorkerThread "G1 Conc#1"                       [id=9960, stack(0x0000004816600000,0x0000004816700000) (1024K)]
  0x000001ce14e0e130 ConcurrentGCThread "G1 Refine#0"               [id=21648, stack(0x0000004814b00000,0x0000004814c00000) (1024K)]
  0x000001ce14e0ea50 ConcurrentGCThread "G1 Service"                [id=11296, stack(0x0000004814c00000,0x0000004814d00000) (1024K)]
Total: 15

Threads with active compile tasks:
C2 CompilerThread0     8918 5685       4       org.springframework.core.annotation.MergedAnnotations::from (11 bytes)
C1 CompilerThread0     8918 5871       3       java.net.URLStreamHandler::parseURL (1124 bytes)
C2 CompilerThread1     8918 5775   !   4       org.springframework.beans.factory.support.DefaultListableBeanFactory::doGetBeanNamesForType (527 bytes)
C2 CompilerThread2     8919 5692       4       org.springframework.core.annotation.MergedAnnotations::from (41 bytes)
Total: 4

VM state: not at safepoint (normal execution)

VM Mutex/Monitor currently owned by a thread: None

Heap address: 0x0000000082600000, size: 2010 MB, Compressed Oops mode: 32-bit

CDS archive(s) mapped at: [0x000001ce32000000-0x000001ce32c90000-0x000001ce32c90000), size 13172736, SharedBaseAddress: 0x000001ce32000000, ArchiveRelocationMode: 1.
Compressed class space mapped at: 0x000001ce33000000-0x000001ce73000000, reserved size: 1073741824
Narrow klass base: 0x000001ce32000000, Narrow klass shift: 0, Narrow klass range: 0x100000000

GC Precious Log:
 CardTable entry size: 512
 Card Set container configuration: InlinePtr #cards 5 size 8 Array Of Cards #cards 12 size 40 Howl #buckets 4 coarsen threshold 1843 Howl Bitmap #cards 512 size 80 coarsen threshold 460 Card regions per heap region 1 cards per card region 2048
 CPUs: 8 total, 8 available
 Memory: 8035M
 Large Page Support: Disabled
 NUMA Support: Disabled
 Compressed Oops: Enabled (32-bit)
 Heap Region Size: 1M
 Heap Min Capacity: 8M
 Heap Initial Capacity: 126M
 Heap Max Capacity: 2010M
 Pre-touch: Disabled
 Parallel Workers: 8
 Concurrent Workers: 2
 Concurrent Refinement Workers: 8
 Periodic GC: Disabled

Heap:
 garbage-first heap   total 82944K, used 43614K [0x0000000082600000, 0x0000000100000000)
  region size 1024K, 7 young (7168K), 3 survivors (3072K)
 Metaspace       used 44297K, committed 44928K, reserved 1114112K
  class space    used 5413K, committed 5696K, reserved 1048576K

Heap Regions: E=young(eden), S=young(survivor), O=old, HS=humongous(starts), HC=humongous(continues), CS=collection set, F=free, TAMS=top-at-mark-start, PB=parsable bottom
|   0|0x0000000082600000, 0x0000000082700000, 0x0000000082700000|100%|HS|  |TAMS 0x0000000082600000| PB 0x0000000082600000| Complete 
|   1|0x0000000082700000, 0x0000000082800000, 0x0000000082800000|100%|HS|  |TAMS 0x0000000082700000| PB 0x0000000082700000| Complete 
|   2|0x0000000082800000, 0x0000000082900000, 0x0000000082900000|100%|HS|  |TAMS 0x0000000082800000| PB 0x0000000082800000| Complete 
|   3|0x0000000082900000, 0x0000000082a00000, 0x0000000082a00000|100%| O|  |TAMS 0x0000000082900000| PB 0x0000000082900000| Untracked 
|   4|0x0000000082a00000, 0x0000000082b00000, 0x0000000082b00000|100%| O|  |TAMS 0x0000000082a00000| PB 0x0000000082a00000| Untracked 
|   5|0x0000000082b00000, 0x0000000082c00000, 0x0000000082c00000|100%| O|  |TAMS 0x0000000082b00000| PB 0x0000000082b00000| Untracked 
|   6|0x0000000082c00000, 0x0000000082d00000, 0x0000000082d00000|100%| O|  |TAMS 0x0000000082c00000| PB 0x0000000082c00000| Untracked 
|   7|0x0000000082d00000, 0x0000000082e00000, 0x0000000082e00000|100%| O|  |TAMS 0x0000000082d00000| PB 0x0000000082d00000| Untracked 
|   8|0x0000000082e00000, 0x0000000082f00000, 0x0000000082f00000|100%| O|  |TAMS 0x0000000082e00000| PB 0x0000000082e00000| Untracked 
|   9|0x0000000082f00000, 0x0000000083000000, 0x0000000083000000|100%| O|  |TAMS 0x0000000082f00000| PB 0x0000000082f00000| Untracked 
|  10|0x0000000083000000, 0x0000000083100000, 0x0000000083100000|100%| O|  |TAMS 0x0000000083000000| PB 0x0000000083000000| Untracked 
|  11|0x0000000083100000, 0x0000000083200000, 0x0000000083200000|100%| O|  |TAMS 0x0000000083100000| PB 0x0000000083100000| Untracked 
|  12|0x0000000083200000, 0x0000000083300000, 0x0000000083300000|100%| O|  |TAMS 0x0000000083200000| PB 0x0000000083200000| Untracked 
|  13|0x0000000083300000, 0x0000000083400000, 0x0000000083400000|100%| O|  |TAMS 0x0000000083300000| PB 0x0000000083300000| Untracked 
|  14|0x0000000083400000, 0x0000000083500000, 0x0000000083500000|100%| O|  |TAMS 0x0000000083400000| PB 0x0000000083400000| Untracked 
|  15|0x0000000083500000, 0x0000000083600000, 0x0000000083600000|100%| O|  |TAMS 0x0000000083500000| PB 0x0000000083500000| Untracked 
|  16|0x0000000083600000, 0x0000000083700000, 0x0000000083700000|100%| O|  |TAMS 0x0000000083600000| PB 0x0000000083600000| Untracked 
|  17|0x0000000083700000, 0x0000000083800000, 0x0000000083800000|100%| O|  |TAMS 0x0000000083700000| PB 0x0000000083700000| Untracked 
|  18|0x0000000083800000, 0x0000000083900000, 0x0000000083900000|100%| O|  |TAMS 0x0000000083800000| PB 0x0000000083800000| Untracked 
|  19|0x0000000083900000, 0x0000000083a00000, 0x0000000083a00000|100%| O|  |TAMS 0x0000000083900000| PB 0x0000000083900000| Untracked 
|  20|0x0000000083a00000, 0x0000000083b00000, 0x0000000083b00000|100%| O|  |TAMS 0x0000000083a00000| PB 0x0000000083a00000| Untracked 
|  21|0x0000000083b00000, 0x0000000083c00000, 0x0000000083c00000|100%| O|  |TAMS 0x0000000083b00000| PB 0x0000000083b00000| Untracked 
|  22|0x0000000083c00000, 0x0000000083d00000, 0x0000000083d00000|100%| O|  |TAMS 0x0000000083c00000| PB 0x0000000083c00000| Untracked 
|  23|0x0000000083d00000, 0x0000000083e00000, 0x0000000083e00000|100%| O|  |TAMS 0x0000000083d00000| PB 0x0000000083d00000| Untracked 
|  24|0x0000000083e00000, 0x0000000083f00000, 0x0000000083f00000|100%| O|  |TAMS 0x0000000083e00000| PB 0x0000000083e00000| Untracked 
|  25|0x0000000083f00000, 0x0000000084000000, 0x0000000084000000|100%| O|  |TAMS 0x0000000083f00000| PB 0x0000000083f00000| Untracked 
|  26|0x0000000084000000, 0x0000000084100000, 0x0000000084100000|100%| O|  |TAMS 0x0000000084000000| PB 0x0000000084000000| Untracked 
|  27|0x0000000084100000, 0x0000000084200000, 0x0000000084200000|100%| O|  |TAMS 0x0000000084100000| PB 0x0000000084100000| Untracked 
|  28|0x0000000084200000, 0x0000000084300000, 0x0000000084300000|100%| O|  |TAMS 0x0000000084200000| PB 0x0000000084200000| Untracked 
|  29|0x0000000084300000, 0x0000000084300000, 0x0000000084400000|  0%| F|  |TAMS 0x0000000084300000| PB 0x0000000084300000| Untracked 
|  30|0x0000000084400000, 0x0000000084500000, 0x0000000084500000|100%| O|  |TAMS 0x0000000084400000| PB 0x0000000084400000| Untracked 
|  31|0x0000000084500000, 0x0000000084500000, 0x0000000084600000|  0%| F|  |TAMS 0x0000000084500000| PB 0x0000000084500000| Untracked 
|  32|0x0000000084600000, 0x0000000084700000, 0x0000000084700000|100%| O|  |TAMS 0x0000000084600000| PB 0x0000000084600000| Untracked 
|  33|0x0000000084700000, 0x0000000084724750, 0x0000000084800000| 14%| O|  |TAMS 0x0000000084700000| PB 0x0000000084700000| Untracked 
|  34|0x0000000084800000, 0x0000000084800000, 0x0000000084900000|  0%| F|  |TAMS 0x0000000084800000| PB 0x0000000084800000| Untracked 
|  35|0x0000000084900000, 0x0000000084900000, 0x0000000084a00000|  0%| F|  |TAMS 0x0000000084900000| PB 0x0000000084900000| Untracked 
|  36|0x0000000084a00000, 0x0000000084a00000, 0x0000000084b00000|  0%| F|  |TAMS 0x0000000084a00000| PB 0x0000000084a00000| Untracked 
|  37|0x0000000084b00000, 0x0000000084c00000, 0x0000000084c00000|100%| O|  |TAMS 0x0000000084b00000| PB 0x0000000084b00000| Untracked 
|  38|0x0000000084c00000, 0x0000000084c00000, 0x0000000084d00000|  0%| F|  |TAMS 0x0000000084c00000| PB 0x0000000084c00000| Untracked 
|  39|0x0000000084d00000, 0x0000000084d00000, 0x0000000084e00000|  0%| F|  |TAMS 0x0000000084d00000| PB 0x0000000084d00000| Untracked 
|  40|0x0000000084e00000, 0x0000000084e00000, 0x0000000084f00000|  0%| F|  |TAMS 0x0000000084e00000| PB 0x0000000084e00000| Untracked 
|  41|0x0000000084f00000, 0x0000000084f00000, 0x0000000085000000|  0%| F|  |TAMS 0x0000000084f00000| PB 0x0000000084f00000| Untracked 
|  42|0x0000000085000000, 0x0000000085000000, 0x0000000085100000|  0%| F|  |TAMS 0x0000000085000000| PB 0x0000000085000000| Untracked 
|  43|0x0000000085100000, 0x0000000085100000, 0x0000000085200000|  0%| F|  |TAMS 0x0000000085100000| PB 0x0000000085100000| Untracked 
|  44|0x0000000085200000, 0x00000000852730f0, 0x0000000085300000| 44%| S|CS|TAMS 0x0000000085200000| PB 0x0000000085200000| Complete 
|  45|0x0000000085300000, 0x0000000085400000, 0x0000000085400000|100%| S|CS|TAMS 0x0000000085300000| PB 0x0000000085300000| Complete 
|  46|0x0000000085400000, 0x0000000085500000, 0x0000000085500000|100%| S|CS|TAMS 0x0000000085400000| PB 0x0000000085400000| Complete 
|  47|0x0000000085500000, 0x0000000085500000, 0x0000000085600000|  0%| F|  |TAMS 0x0000000085500000| PB 0x0000000085500000| Untracked 
|  48|0x0000000085600000, 0x0000000085600000, 0x0000000085700000|  0%| F|  |TAMS 0x0000000085600000| PB 0x0000000085600000| Untracked 
|  49|0x0000000085700000, 0x0000000085700000, 0x0000000085800000|  0%| F|  |TAMS 0x0000000085700000| PB 0x0000000085700000| Untracked 
|  50|0x0000000085800000, 0x0000000085800000, 0x0000000085900000|  0%| F|  |TAMS 0x0000000085800000| PB 0x0000000085800000| Untracked 
|  51|0x0000000085900000, 0x0000000085900000, 0x0000000085a00000|  0%| F|  |TAMS 0x0000000085900000| PB 0x0000000085900000| Untracked 
|  52|0x0000000085a00000, 0x0000000085a00000, 0x0000000085b00000|  0%| F|  |TAMS 0x0000000085a00000| PB 0x0000000085a00000| Untracked 
|  53|0x0000000085b00000, 0x0000000085b00000, 0x0000000085c00000|  0%| F|  |TAMS 0x0000000085b00000| PB 0x0000000085b00000| Untracked 
|  54|0x0000000085c00000, 0x0000000085c00000, 0x0000000085d00000|  0%| F|  |TAMS 0x0000000085c00000| PB 0x0000000085c00000| Untracked 
|  55|0x0000000085d00000, 0x0000000085d00000, 0x0000000085e00000|  0%| F|  |TAMS 0x0000000085d00000| PB 0x0000000085d00000| Untracked 
|  56|0x0000000085e00000, 0x0000000085e00000, 0x0000000085f00000|  0%| F|  |TAMS 0x0000000085e00000| PB 0x0000000085e00000| Untracked 
|  57|0x0000000085f00000, 0x0000000085f00000, 0x0000000086000000|  0%| F|  |TAMS 0x0000000085f00000| PB 0x0000000085f00000| Untracked 
|  58|0x0000000086000000, 0x0000000086000000, 0x0000000086100000|  0%| F|  |TAMS 0x0000000086000000| PB 0x0000000086000000| Untracked 
|  59|0x0000000086100000, 0x0000000086100000, 0x0000000086200000|  0%| F|  |TAMS 0x0000000086100000| PB 0x0000000086100000| Untracked 
|  60|0x0000000086200000, 0x0000000086200000, 0x0000000086300000|  0%| F|  |TAMS 0x0000000086200000| PB 0x0000000086200000| Untracked 
|  61|0x0000000086300000, 0x0000000086300000, 0x0000000086400000|  0%| F|  |TAMS 0x0000000086300000| PB 0x0000000086300000| Untracked 
|  62|0x0000000086400000, 0x0000000086400000, 0x0000000086500000|  0%| F|  |TAMS 0x0000000086400000| PB 0x0000000086400000| Untracked 
|  63|0x0000000086500000, 0x0000000086500000, 0x0000000086600000|  0%| F|  |TAMS 0x0000000086500000| PB 0x0000000086500000| Untracked 
|  64|0x0000000086600000, 0x0000000086600000, 0x0000000086700000|  0%| F|  |TAMS 0x0000000086600000| PB 0x0000000086600000| Untracked 
|  65|0x0000000086700000, 0x0000000086700000, 0x0000000086800000|  0%| F|  |TAMS 0x0000000086700000| PB 0x0000000086700000| Untracked 
|  66|0x0000000086800000, 0x0000000086800000, 0x0000000086900000|  0%| F|  |TAMS 0x0000000086800000| PB 0x0000000086800000| Untracked 
|  67|0x0000000086900000, 0x0000000086900000, 0x0000000086a00000|  0%| F|  |TAMS 0x0000000086900000| PB 0x0000000086900000| Untracked 
|  68|0x0000000086a00000, 0x0000000086a00000, 0x0000000086b00000|  0%| F|  |TAMS 0x0000000086a00000| PB 0x0000000086a00000| Untracked 
|  69|0x0000000086b00000, 0x0000000086b00000, 0x0000000086c00000|  0%| F|  |TAMS 0x0000000086b00000| PB 0x0000000086b00000| Untracked 
| 113|0x0000000089700000, 0x0000000089700000, 0x0000000089800000|  0%| F|  |TAMS 0x0000000089700000| PB 0x0000000089700000| Untracked 
| 114|0x0000000089800000, 0x0000000089800000, 0x0000000089900000|  0%| F|  |TAMS 0x0000000089800000| PB 0x0000000089800000| Untracked 
| 115|0x0000000089900000, 0x00000000899f7e38, 0x0000000089a00000| 96%| E|  |TAMS 0x0000000089900000| PB 0x0000000089900000| Complete 
| 116|0x0000000089a00000, 0x0000000089b00000, 0x0000000089b00000|100%| E|CS|TAMS 0x0000000089a00000| PB 0x0000000089a00000| Complete 
| 117|0x0000000089b00000, 0x0000000089c00000, 0x0000000089c00000|100%| E|CS|TAMS 0x0000000089b00000| PB 0x0000000089b00000| Complete 
| 125|0x000000008a300000, 0x000000008a400000, 0x000000008a400000|100%| E|CS|TAMS 0x000000008a300000| PB 0x000000008a300000| Complete 
|2005|0x00000000ffb00000, 0x00000000ffc00000, 0x00000000ffc00000|100%| O|  |TAMS 0x00000000ffb00000| PB 0x00000000ffb00000| Untracked 
|2006|0x00000000ffc00000, 0x00000000ffd00000, 0x00000000ffd00000|100%| O|Cm|TAMS 0x00000000ffc00000| PB 0x00000000ffc00000| Complete 
|2007|0x00000000ffd00000, 0x00000000ffe00000, 0x00000000ffe00000|100%| O|Cm|TAMS 0x00000000ffd00000| PB 0x00000000ffd00000| Complete 
|2008|0x00000000ffe00000, 0x00000000fff00000, 0x00000000fff00000|100%| O|  |TAMS 0x00000000ffe00000| PB 0x00000000ffe00000| Untracked 
|2009|0x00000000fff00000, 0x0000000100000000, 0x0000000100000000|100%| O|  |TAMS 0x00000000fff00000| PB 0x00000000fff00000| Untracked 

Card table byte_map: [0x000001ce2c900000,0x000001ce2ccf0000] _byte_map_base: 0x000001ce2c4ed000

Marking Bits: (CMBitMap*) 0x000001ce14dab680
 Bits: [0x000001ce2ccf0000, 0x000001ce2ec58000)

Polling page: 0x000001ce12c20000

Metaspace:

Usage:
  Non-class:     37.98 MB used.
      Class:      5.29 MB used.
       Both:     43.27 MB used.

Virtual space:
  Non-class space:       64.00 MB reserved,      38.31 MB ( 60%) committed,  1 nodes.
      Class space:        1.00 GB reserved,       5.56 MB ( <1%) committed,  1 nodes.
             Both:        1.06 GB reserved,      43.88 MB (  4%) committed. 

Chunk freelists:
   Non-Class:  9.22 MB
       Class:  10.41 MB
        Both:  19.63 MB

MaxMetaspaceSize: unlimited
CompressedClassSpaceSize: 1.00 GB
Initial GC threshold: 21.00 MB
Current GC threshold: 69.69 MB
CDS: on
 - commit_granule_bytes: 65536.
 - commit_granule_words: 8192.
 - virtual_space_node_default_size: 8388608.
 - enlarge_chunks_in_place: 1.
 - use_allocation_guard: 0.


Internal statistics:

num_allocs_failed_limit: 6.
num_arena_births: 794.
num_arena_deaths: 0.
num_vsnodes_births: 2.
num_vsnodes_deaths: 0.
num_space_committed: 702.
num_space_uncommitted: 0.
num_chunks_returned_to_freelist: 6.
num_chunks_taken_from_freelist: 2429.
num_chunk_merges: 3.
num_chunk_splits: 1650.
num_chunks_enlarged: 1214.
num_inconsistent_stats: 0.

CodeHeap 'non-profiled nmethods': size=120000Kb used=3571Kb max_used=3571Kb free=116428Kb
 bounds [0x000001ce24cb0000, 0x000001ce25040000, 0x000001ce2c1e0000]
CodeHeap 'profiled nmethods': size=120000Kb used=10608Kb max_used=11499Kb free=109391Kb
 bounds [0x000001ce1d1e0000, 0x000001ce1dd20000, 0x000001ce24710000]
CodeHeap 'non-nmethods': size=5760Kb used=1507Kb max_used=1617Kb free=4252Kb
 bounds [0x000001ce24710000, 0x000001ce24980000, 0x000001ce24cb0000]
 total_blobs=5634 nmethods=5054 adapters=484
 compilation: enabled
              stopped_count=0, restarted_count=0
 full_count=0

Compilation events (20 events):
Event: 8.763 Thread 0x000001ce316ab4d0 5732       4       org.springframework.core.SimpleAliasRegistry::canonicalName (28 bytes)
Event: 8.778 Thread 0x000001ce316ab4d0 nmethod 5732 0x000001ce24d71590 code [0x000001ce24d71760, 0x000001ce24d71b78]
Event: 8.778 Thread 0x000001ce316ab4d0 5776       4       org.springframework.core.annotation.MergedAnnotation::missing (4 bytes)
Event: 8.778 Thread 0x000001ce316ab4d0 nmethod 5776 0x000001ce24d71290 code [0x000001ce24d71420, 0x000001ce24d71490]
Event: 8.778 Thread 0x000001ce316ab4d0 5757       4       org.springframework.core.BridgeMethodResolver::resolveBridgeMethod (173 bytes)
Event: 8.794 Thread 0x000001ce316ab4d0 nmethod 5757 0x000001ce24d9b990 code [0x000001ce24d9bbe0, 0x000001ce24d9c2f0]
Event: 8.794 Thread 0x000001ce316ab4d0 5802       4       org.aspectj.weaver.UnresolvedType::forSignature (350 bytes)
Event: 8.797 Thread 0x000001ce316ab4d0 nmethod 5802 0x000001ce24d70c10 code [0x000001ce24d70dc0, 0x000001ce24d70f98]
Event: 8.798 Thread 0x000001ce316ab4d0 5672       4       org.aspectj.weaver.UnresolvedType::isRawType (16 bytes)
Event: 8.799 Thread 0x000001ce316ab4d0 nmethod 5672 0x000001ce24d9b690 code [0x000001ce24d9b820, 0x000001ce24d9b8c0]
Event: 8.799 Thread 0x000001ce316ab4d0 5812       4       org.aspectj.weaver.UnresolvedType::nameToSignature (511 bytes)
Event: 8.845 Thread 0x000001ce316b3fe0 5839   !   3       java.lang.reflect.Executable::parameterData (75 bytes)
Event: 8.846 Thread 0x000001ce316b3fe0 nmethod 5839 0x000001ce1d6b8b10 code [0x000001ce1d6b8d40, 0x000001ce1d6b94e0]
Event: 8.847 Thread 0x000001ce316b3fe0 5840   !   3       org.springframework.util.ReflectionUtils::getDeclaredFields (81 bytes)
Event: 8.849 Thread 0x000001ce316b3fe0 nmethod 5840 0x000001ce1d70de90 code [0x000001ce1d70e120, 0x000001ce1d70ebe8]
Event: 8.861 Thread 0x000001ce316b3fe0 5847       1       java.util.ImmutableCollections$List12::isEmpty (2 bytes)
Event: 8.861 Thread 0x000001ce316b3fe0 nmethod 5847 0x000001ce24d9b110 code [0x000001ce24d9b2a0, 0x000001ce24d9b368]
Event: 8.861 Thread 0x000001ce316b3fe0 5848       3       jdk.internal.org.objectweb.asm.ClassWriter::visitSource (39 bytes)
Event: 8.862 Thread 0x000001ce316b3fe0 nmethod 5848 0x000001ce1d68d390 code [0x000001ce1d68d580, 0x000001ce1d68da00]
Event: 8.862 Thread 0x000001ce316b3fe0 5849       3       java.lang.invoke.InvokerBytecodeGenerator::methodPrologue (29 bytes)

GC Heap History (20 events):
Event: 2.556 GC heap before
{Heap before GC invocations=2 (full 0):
 garbage-first heap   total 129024K, used 67073K [0x0000000082600000, 0x0000000100000000)
  region size 1024K, 53 young (54272K), 4 survivors (4096K)
 Metaspace       used 20003K, committed 20416K, reserved 1114112K
  class space    used 2420K, committed 2560K, reserved 1048576K
}
Event: 2.561 GC heap after
{Heap after GC invocations=3 (full 0):
 garbage-first heap   total 129024K, used 20468K [0x0000000082600000, 0x0000000100000000)
  region size 1024K, 5 young (5120K), 5 survivors (5120K)
 Metaspace       used 20003K, committed 20416K, reserved 1114112K
  class space    used 2420K, committed 2560K, reserved 1048576K
}
Event: 2.696 GC heap before
{Heap before GC invocations=3 (full 0):
 garbage-first heap   total 129024K, used 27636K [0x0000000082600000, 0x0000000100000000)
  region size 1024K, 13 young (13312K), 5 survivors (5120K)
 Metaspace       used 21113K, committed 21504K, reserved 1114112K
  class space    used 2538K, committed 2752K, reserved 1048576K
}
Event: 2.700 GC heap after
{Heap after GC invocations=4 (full 0):
 garbage-first heap   total 129024K, used 21239K [0x0000000082600000, 0x0000000100000000)
  region size 1024K, 5 young (5120K), 5 survivors (5120K)
 Metaspace       used 21113K, committed 21504K, reserved 1114112K
  class space    used 2538K, committed 2752K, reserved 1048576K
}
Event: 3.433 GC heap before
{Heap before GC invocations=5 (full 0):
 garbage-first heap   total 75776K, used 60151K [0x0000000082600000, 0x0000000100000000)
  region size 1024K, 44 young (45056K), 5 survivors (5120K)
 Metaspace       used 26877K, committed 27264K, reserved 1114112K
  class space    used 3123K, committed 3328K, reserved 1048576K
}
Event: 3.439 GC heap after
{Heap after GC invocations=6 (full 0):
 garbage-first heap   total 75776K, used 24080K [0x0000000082600000, 0x0000000100000000)
  region size 1024K, 4 young (4096K), 4 survivors (4096K)
 Metaspace       used 26877K, committed 27264K, reserved 1114112K
  class space    used 3123K, committed 3328K, reserved 1048576K
}
Event: 4.191 GC heap before
{Heap before GC invocations=6 (full 0):
 garbage-first heap   total 75776K, used 59920K [0x0000000082600000, 0x0000000100000000)
  region size 1024K, 39 young (39936K), 4 survivors (4096K)
 Metaspace       used 29615K, committed 30144K, reserved 1114112K
  class space    used 3486K, committed 3712K, reserved 1048576K
}
Event: 4.195 GC heap after
{Heap after GC invocations=7 (full 0):
 garbage-first heap   total 75776K, used 26131K [0x0000000082600000, 0x0000000100000000)
  region size 1024K, 5 young (5120K), 5 survivors (5120K)
 Metaspace       used 29615K, committed 30144K, reserved 1114112K
  class space    used 3486K, committed 3712K, reserved 1048576K
}
Event: 5.172 GC heap before
{Heap before GC invocations=7 (full 0):
 garbage-first heap   total 75776K, used 61971K [0x0000000082600000, 0x0000000100000000)
  region size 1024K, 40 young (40960K), 5 survivors (5120K)
 Metaspace       used 34406K, committed 34880K, reserved 1114112K
  class space    used 4216K, committed 4416K, reserved 1048576K
}
Event: 5.178 GC heap after
{Heap after GC invocations=8 (full 0):
 garbage-first heap   total 75776K, used 28573K [0x0000000082600000, 0x0000000100000000)
  region size 1024K, 5 young (5120K), 5 survivors (5120K)
 Metaspace       used 34406K, committed 34880K, reserved 1114112K
  class space    used 4216K, committed 4416K, reserved 1048576K
}
Event: 5.466 GC heap before
{Heap before GC invocations=8 (full 0):
 garbage-first heap   total 75776K, used 42909K [0x0000000082600000, 0x0000000100000000)
  region size 1024K, 20 young (20480K), 5 survivors (5120K)
 Metaspace       used 35494K, committed 35968K, reserved 1114112K
  class space    used 4341K, committed 4544K, reserved 1048576K
}
Event: 5.472 GC heap after
{Heap after GC invocations=9 (full 0):
 garbage-first heap   total 75776K, used 29582K [0x0000000082600000, 0x0000000100000000)
  region size 1024K, 4 young (4096K), 4 survivors (4096K)
 Metaspace       used 35494K, committed 35968K, reserved 1114112K
  class space    used 4341K, committed 4544K, reserved 1048576K
}
Event: 6.550 GC heap before
{Heap before GC invocations=10 (full 0):
 garbage-first heap   total 75776K, used 64398K [0x0000000082600000, 0x0000000100000000)
  region size 1024K, 38 young (38912K), 4 survivors (4096K)
 Metaspace       used 40190K, committed 40704K, reserved 1114112K
  class space    used 4971K, committed 5184K, reserved 1048576K
}
Event: 6.559 GC heap after
{Heap after GC invocations=11 (full 0):
 garbage-first heap   total 75776K, used 31904K [0x0000000082600000, 0x0000000100000000)
  region size 1024K, 4 young (4096K), 4 survivors (4096K)
 Metaspace       used 40190K, committed 40704K, reserved 1114112K
  class space    used 4971K, committed 5184K, reserved 1048576K
}
Event: 7.360 GC heap before
{Heap before GC invocations=11 (full 0):
 garbage-first heap   total 75776K, used 69792K [0x0000000082600000, 0x0000000100000000)
  region size 1024K, 37 young (37888K), 4 survivors (4096K)
 Metaspace       used 41854K, committed 42368K, reserved 1114112K
  class space    used 5132K, committed 5376K, reserved 1048576K
}
Event: 7.373 GC heap after
{Heap after GC invocations=12 (full 0):
 garbage-first heap   total 82944K, used 41355K [0x0000000082600000, 0x0000000100000000)
  region size 1024K, 5 young (5120K), 5 survivors (5120K)
 Metaspace       used 41854K, committed 42368K, reserved 1114112K
  class space    used 5132K, committed 5376K, reserved 1048576K
}
Event: 7.636 GC heap before
{Heap before GC invocations=12 (full 0):
 garbage-first heap   total 82944K, used 52619K [0x0000000082600000, 0x0000000100000000)
  region size 1024K, 17 young (17408K), 5 survivors (5120K)
 Metaspace       used 42185K, committed 42752K, reserved 1114112K
  class space    used 5165K, committed 5440K, reserved 1048576K
}
Event: 7.644 GC heap after
{Heap after GC invocations=13 (full 0):
 garbage-first heap   total 82944K, used 41105K [0x0000000082600000, 0x0000000100000000)
  region size 1024K, 2 young (2048K), 2 survivors (2048K)
 Metaspace       used 42185K, committed 42752K, reserved 1114112K
  class space    used 5165K, committed 5440K, reserved 1048576K
}
Event: 8.768 GC heap before
{Heap before GC invocations=14 (full 0):
 garbage-first heap   total 82944K, used 68753K [0x0000000082600000, 0x0000000100000000)
  region size 1024K, 29 young (29696K), 2 survivors (2048K)
 Metaspace       used 43765K, committed 44416K, reserved 1114112K
  class space    used 5356K, committed 5632K, reserved 1048576K
}
Event: 8.776 GC heap after
{Heap after GC invocations=15 (full 0):
 garbage-first heap   total 82944K, used 40542K [0x0000000082600000, 0x0000000100000000)
  region size 1024K, 3 young (3072K), 3 survivors (3072K)
 Metaspace       used 43765K, committed 44416K, reserved 1114112K
  class space    used 5356K, committed 5632K, reserved 1048576K
}

Dll operation events (12 events):
Event: 0.011 Loaded shared library C:\Program Files\Java\jdk-21\bin\java.dll
Event: 0.058 Loaded shared library C:\Program Files\Java\jdk-21\bin\jsvml.dll
Event: 0.205 Loaded shared library C:\Program Files\Java\jdk-21\bin\zip.dll
Event: 0.215 Loaded shared library C:\Program Files\Java\jdk-21\bin\instrument.dll
Event: 0.225 Loaded shared library C:\Program Files\Java\jdk-21\bin\net.dll
Event: 0.227 Loaded shared library C:\Program Files\Java\jdk-21\bin\nio.dll
Event: 0.231 Loaded shared library C:\Program Files\Java\jdk-21\bin\zip.dll
Event: 0.437 Loaded shared library C:\Program Files\Java\jdk-21\bin\extnet.dll
Event: 0.453 Loaded shared library C:\Program Files\Java\jdk-21\bin\jimage.dll
Event: 1.305 Loaded shared library C:\Program Files\Java\jdk-21\bin\management.dll
Event: 1.308 Loaded shared library C:\Program Files\Java\jdk-21\bin\management_ext.dll
Event: 2.639 Loaded shared library C:\Program Files\Java\jdk-21\bin\sunmscapi.dll

Deoptimization events (20 events):
Event: 8.107 Thread 0x000001ce77ec66a0 Uncommon trap: trap_request=0xffffff45 fr.pc=0x000001ce24feef84 relative=0x0000000000000804
Event: 8.107 Thread 0x000001ce77ec66a0 Uncommon trap: reason=unstable_if action=reinterpret pc=0x000001ce24feef84 method=java.lang.PublicMethods$MethodList.filter([Ljava/lang/reflect/Method;Ljava/lang/String;[Ljava/lang/Class;Z)Ljava/lang/PublicMethods$MethodList; @ 43 c2
Event: 8.107 Thread 0x000001ce77ec66a0 DEOPT PACKING pc=0x000001ce24feef84 sp=0x00000048164fdcd0
Event: 8.107 Thread 0x000001ce77ec66a0 DEOPT UNPACKING pc=0x000001ce247646a2 sp=0x00000048164fdca0 mode 2
Event: 8.165 Thread 0x000001ce77ec66a0 Uncommon trap: trap_request=0xffffffde fr.pc=0x000001ce24fa3d50 relative=0x0000000000007e50
Event: 8.165 Thread 0x000001ce77ec66a0 Uncommon trap: reason=class_check action=maybe_recompile pc=0x000001ce24fa3d50 method=org.springframework.beans.factory.support.AbstractBeanFactory.isSingleton(Ljava/lang/String;)Z @ 25 c2
Event: 8.165 Thread 0x000001ce77ec66a0 DEOPT PACKING pc=0x000001ce24fa3d50 sp=0x00000048164fee50
Event: 8.165 Thread 0x000001ce77ec66a0 DEOPT UNPACKING pc=0x000001ce247646a2 sp=0x00000048164fed60 mode 2
Event: 8.169 Thread 0x000001ce77ec66a0 Uncommon trap: trap_request=0xffffffde fr.pc=0x000001ce24fa3d50 relative=0x0000000000007e50
Event: 8.169 Thread 0x000001ce77ec66a0 Uncommon trap: reason=class_check action=maybe_recompile pc=0x000001ce24fa3d50 method=org.springframework.beans.factory.support.AbstractBeanFactory.isSingleton(Ljava/lang/String;)Z @ 25 c2
Event: 8.169 Thread 0x000001ce77ec66a0 DEOPT PACKING pc=0x000001ce24fa3d50 sp=0x00000048164fee50
Event: 8.170 Thread 0x000001ce77ec66a0 DEOPT UNPACKING pc=0x000001ce247646a2 sp=0x00000048164fed60 mode 2
Event: 8.529 Thread 0x000001ce77ec66a0 Uncommon trap: trap_request=0xffffff45 fr.pc=0x000001ce24f290b8 relative=0x0000000000001378
Event: 8.529 Thread 0x000001ce77ec66a0 Uncommon trap: reason=unstable_if action=reinterpret pc=0x000001ce24f290b8 method=org.springframework.core.ResolvableType.equals(Ljava/lang/Object;)Z @ 136 c2
Event: 8.529 Thread 0x000001ce77ec66a0 DEOPT PACKING pc=0x000001ce24f290b8 sp=0x00000048164fc230
Event: 8.529 Thread 0x000001ce77ec66a0 DEOPT UNPACKING pc=0x000001ce247646a2 sp=0x00000048164fc228 mode 2
Event: 8.529 Thread 0x000001ce77ec66a0 Uncommon trap: trap_request=0xffffff45 fr.pc=0x000001ce24e3899c relative=0x000000000000025c
Event: 8.529 Thread 0x000001ce77ec66a0 Uncommon trap: reason=unstable_if action=reinterpret pc=0x000001ce24e3899c method=org.springframework.util.ConcurrentReferenceHashMap$Segment.findInChain(Lorg/springframework/util/ConcurrentReferenceHashMap$Reference;Ljava/lang/Object;I)Lorg/springframewo
Event: 8.529 Thread 0x000001ce77ec66a0 DEOPT PACKING pc=0x000001ce24e3899c sp=0x00000048164fc140
Event: 8.529 Thread 0x000001ce77ec66a0 DEOPT UNPACKING pc=0x000001ce247646a2 sp=0x00000048164fc0e8 mode 2

Classes loaded (20 events):
Event: 7.571 Loading class java/util/concurrent/RunnableScheduledFuture
Event: 7.571 Loading class java/util/concurrent/ScheduledFuture
Event: 7.571 Loading class java/util/concurrent/Delayed
Event: 7.571 Loading class java/util/concurrent/Delayed done
Event: 7.571 Loading class java/util/concurrent/ScheduledFuture done
Event: 7.571 Loading class java/util/concurrent/RunnableScheduledFuture done
Event: 7.573 Loading class java/util/logging/LogRecord
Event: 7.573 Loading class java/util/logging/LogRecord done
Event: 7.971 Loading class java/io/EOFException
Event: 7.971 Loading class java/io/EOFException done
Event: 7.971 Loading class javax/net/ssl/SSLException
Event: 7.971 Loading class javax/net/ssl/SSLException done
Event: 7.990 Loading class java/nio/channels/CompletionHandler
Event: 7.990 Loading class java/nio/channels/CompletionHandler done
Event: 8.012 Loading class java/util/concurrent/ScheduledThreadPoolExecutor$ScheduledFutureTask
Event: 8.012 Loading class java/util/concurrent/ScheduledThreadPoolExecutor$ScheduledFutureTask done
Event: 8.012 Loading class java/util/concurrent/Executors$RunnableAdapter
Event: 8.012 Loading class java/util/concurrent/Executors$RunnableAdapter done
Event: 8.026 Loading class jdk/internal/event/ThreadSleepEvent
Event: 8.026 Loading class jdk/internal/event/ThreadSleepEvent done

Classes unloaded (0 events):
No events

Classes redefined (0 events):
No events

Internal exceptions (20 events):
Event: 6.409 Thread 0x000001ce77ec66a0 Exception <a 'java/lang/IncompatibleClassChangeError'{0x0000000084e5a9e8}: Found class java.lang.Object, but interface was expected> (0x0000000084e5a9e8) 
thrown [s\open\src\hotspot\share\interpreter\linkResolver.cpp, line 840]
Event: 6.410 Thread 0x000001ce77ec66a0 Exception <a 'java/lang/IncompatibleClassChangeError'{0x0000000084e60730}: Found class java.lang.Object, but interface was expected> (0x0000000084e60730) 
thrown [s\open\src\hotspot\share\interpreter\linkResolver.cpp, line 840]
Event: 6.411 Thread 0x000001ce77ec66a0 Exception <a 'java/lang/IncompatibleClassChangeError'{0x0000000084e69c00}: Found class java.lang.Object, but interface was expected> (0x0000000084e69c00) 
thrown [s\open\src\hotspot\share\interpreter\linkResolver.cpp, line 840]
Event: 6.424 Thread 0x000001ce77ec66a0 Exception <a 'java/lang/NoSuchMethodError'{0x0000000084e9f470}: 'void java.lang.invoke.DirectMethodHandle$Holder.invokeStatic(java.lang.Object, java.lang.Object, java.lang.Object, int, java.lang.Object)'> (0x0000000084e9f470) 
thrown [s\open\src\hotspot\share\interpreter\linkResolver.cpp, line 773]
Event: 6.425 Thread 0x000001ce77ec66a0 Exception <a 'java/lang/NoSuchMethodError'{0x0000000084ea5c78}: 'java.lang.Object java.lang.invoke.DirectMethodHandle$Holder.newInvokeSpecial(java.lang.Object, java.lang.Object, java.lang.Object, int)'> (0x0000000084ea5c78) 
thrown [s\open\src\hotspot\share\interpreter\linkResolver.cpp, line 773]
Event: 6.425 Thread 0x000001ce77ec66a0 Exception <a 'java/lang/NoSuchMethodError'{0x0000000084ea9b08}: 'java.lang.Object java.lang.invoke.DirectMethodHandle$Holder.invokeSpecial(java.lang.Object, java.lang.Object, java.lang.Object, java.lang.Object, int)'> (0x0000000084ea9b08) 
thrown [s\open\src\hotspot\share\interpreter\linkResolver.cpp, line 773]
Event: 6.426 Thread 0x000001ce77ec66a0 Exception <a 'java/lang/NoSuchMethodError'{0x0000000084eacfa0}: 'java.lang.Object java.lang.invoke.Invokers$Holder.linkToTargetMethod(java.lang.Object, java.lang.Object, int, java.lang.Object)'> (0x0000000084eacfa0) 
thrown [s\open\src\hotspot\share\interpreter\linkResolver.cpp, line 773]
Event: 6.442 Thread 0x000001ce77ec66a0 Exception <a 'java/lang/NoSuchMethodError'{0x0000000084d05c50}: 'void java.lang.invoke.DirectMethodHandle$Holder.invokeStatic(java.lang.Object, int, java.lang.Object)'> (0x0000000084d05c50) 
thrown [s\open\src\hotspot\share\interpreter\linkResolver.cpp, line 773]
Event: 6.621 Thread 0x000001ce77ec66a0 Exception <a 'java/lang/NoSuchMethodError'{0x0000000089993128}: 'java.lang.Object java.lang.invoke.DirectMethodHandle$Holder.invokeVirtual(java.lang.Object, java.lang.Object, java.lang.Object, java.lang.Object, java.lang.Object)'> (0x0000000089993128) 
thrown [s\open\src\hotspot\share\interpreter\linkResolver.cpp, line 773]
Event: 6.899 Thread 0x000001ce77ec66a0 Exception <a 'java/lang/NoSuchMethodError'{0x000000008641dd78}: 'java.lang.Object java.lang.invoke.DirectMethodHandle$Holder.invokeStaticInit(java.lang.Object, java.lang.Object, int, int, int, int)'> (0x000000008641dd78) 
thrown [s\open\src\hotspot\share\interpreter\linkResolver.cpp, line 773]
Event: 7.383 Thread 0x000001ce77ec66a0 Implicit null exception at 0x000001ce24d4b378 to 0x000001ce24d4bc1e
Event: 7.515 Thread 0x000001ce77ec66a0 Exception <a 'java/lang/NoSuchMethodError'{0x000000008671f508}: 'int java.lang.invoke.DirectMethodHandle$Holder.invokeVirtual(java.lang.Object, java.lang.Object, java.lang.Object, java.lang.Object)'> (0x000000008671f508) 
thrown [s\open\src\hotspot\share\interpreter\linkResolver.cpp, line 773]
Event: 7.516 Thread 0x000001ce77ec66a0 Exception <a 'java/lang/NoSuchMethodError'{0x0000000086722f80}: 'int java.lang.invoke.DelegatingMethodHandle$Holder.reinvoke_L(java.lang.Object, java.lang.Object, java.lang.Object, java.lang.Object)'> (0x0000000086722f80) 
thrown [s\open\src\hotspot\share\interpreter\linkResolver.cpp, line 773]
Event: 7.600 Thread 0x000001ce77ec66a0 Exception <a 'java/io/FileNotFoundException'{0x0000000086651b00}> (0x0000000086651b00) 
thrown [s\open\src\hotspot\share\prims\jni.cpp, line 520]
Event: 7.757 Thread 0x000001ce77ec66a0 Exception <a 'java/lang/NoSuchMethodError'{0x0000000089be7410}: 'int java.lang.invoke.DirectMethodHandle$Holder.invokeInterface(java.lang.Object, java.lang.Object, java.lang.Object, java.lang.Object)'> (0x0000000089be7410) 
thrown [s\open\src\hotspot\share\interpreter\linkResolver.cpp, line 773]
Event: 7.991 Thread 0x000001ce77ec66a0 Exception <a 'java/lang/NoSuchMethodError'{0x0000000086811fa8}: 'long java.lang.invoke.DirectMethodHandle$Holder.invokeVirtual(java.lang.Object, java.lang.Object)'> (0x0000000086811fa8) 
thrown [s\open\src\hotspot\share\interpreter\linkResolver.cpp, line 773]
Event: 7.999 Thread 0x000001ce77ec66a0 Exception <a 'java/io/FileNotFoundException'{0x000000008683b508}> (0x000000008683b508) 
thrown [s\open\src\hotspot\share\prims\jni.cpp, line 520]
Event: 8.099 Thread 0x000001ce77ec66a0 Exception <a 'java/lang/NoSuchMethodError'{0x000000008650fd58}: 'void java.lang.invoke.DirectMethodHandle$Holder.invokeVirtual(java.lang.Object, java.lang.Object, long)'> (0x000000008650fd58) 
thrown [s\open\src\hotspot\share\interpreter\linkResolver.cpp, line 773]
Event: 8.559 Thread 0x000001ce77ec66a0 Exception <a 'java/lang/NoSuchMethodError'{0x0000000085894c28}: 'java.lang.Object java.lang.invoke.DirectMethodHandle$Holder.newInvokeSpecial(java.lang.Object, java.lang.Object, java.lang.Object, java.lang.Object, java.lang.Object, java.lang.Object, java.lang.Object, java.lang.Object, java.lang.Object, java.lang.Object, java.lang.Object, java.lang.Object)'> (0x0000000085894c28) 
thrown [s\open\src\hotspot\share\interpreter\linkResolver.cpp, line 773]
Event: 8.560 Thread 0x000001ce77ec66a0 Exception <a 'java/lang/NoSuchMethodError'{0x0000000085899998}: 'java.lang.Object java.lang.invoke.DirectMethodHandle$Holder.invokeSpecial(java.lang.Object, java.lang.Object, java.lang.Object, java.lang.Object, java.lang.Object, java.lang.Object, java.lang.Object, java.lang.Object, java.lang.Object, java.lang.Object, java.lang.Object, java.lang.Object, java.lang.Object)'> (0x0000000085899998) 
thrown [s\open\src\hotspot\share\interpreter\linkResolver.cpp, line 773]

ZGC Phase Switch (0 events):
No events

VM Operations (20 events):
Event: 6.021 Executing VM operation: HandshakeAllThreads (Deoptimize)
Event: 6.021 Executing VM operation: HandshakeAllThreads (Deoptimize) done
Event: 6.550 Executing VM operation: G1CollectForAllocation (G1 Evacuation Pause)
Event: 6.559 Executing VM operation: G1CollectForAllocation (G1 Evacuation Pause) done
Event: 7.360 Executing VM operation: G1CollectForAllocation (G1 Evacuation Pause)
Event: 7.373 Executing VM operation: G1CollectForAllocation (G1 Evacuation Pause) done
Event: 7.636 Executing VM operation: G1TryInitiateConcMark (G1 Humongous Allocation)
Event: 7.644 Executing VM operation: G1TryInitiateConcMark (G1 Humongous Allocation) done
Event: 7.693 Executing VM operation: G1PauseRemark
Event: 7.698 Executing VM operation: G1PauseRemark done
Event: 7.706 Executing VM operation: HandshakeAllThreads (Deoptimize)
Event: 7.707 Executing VM operation: HandshakeAllThreads (Deoptimize) done
Event: 7.725 Executing VM operation: G1PauseCleanup
Event: 7.725 Executing VM operation: G1PauseCleanup done
Event: 7.942 Executing VM operation: HandshakeAllThreads (Deoptimize)
Event: 7.942 Executing VM operation: HandshakeAllThreads (Deoptimize) done
Event: 8.005 Executing VM operation: HandshakeAllThreads (Deoptimize)
Event: 8.005 Executing VM operation: HandshakeAllThreads (Deoptimize) done
Event: 8.768 Executing VM operation: G1CollectForAllocation (G1 Evacuation Pause)
Event: 8.776 Executing VM operation: G1CollectForAllocation (G1 Evacuation Pause) done

Events (20 events):
Event: 7.698 Thread 0x000001ce3167ce20 flushing nmethod 0x000001ce1d944090
Event: 7.698 Thread 0x000001ce3167ce20 flushing nmethod 0x000001ce1d944510
Event: 7.698 Thread 0x000001ce3167ce20 flushing nmethod 0x000001ce1da21190
Event: 7.698 Thread 0x000001ce3167ce20 flushing nmethod 0x000001ce1da2d810
Event: 7.698 Thread 0x000001ce3167ce20 flushing nmethod 0x000001ce1da36690
Event: 7.698 Thread 0x000001ce3167ce20 flushing nmethod 0x000001ce1da36a90
Event: 7.698 Thread 0x000001ce3167ce20 flushing nmethod 0x000001ce1da37b10
Event: 7.698 Thread 0x000001ce3167ce20 flushing nmethod 0x000001ce1dafa110
Event: 7.698 Thread 0x000001ce3167ce20 flushing nmethod 0x000001ce1db07390
Event: 7.698 Thread 0x000001ce3167ce20 flushing nmethod 0x000001ce1db1a990
Event: 7.698 Thread 0x000001ce3167ce20 flushing nmethod 0x000001ce1db1b890
Event: 7.698 Thread 0x000001ce3167ce20 flushing nmethod 0x000001ce1db1c410
Event: 7.698 Thread 0x000001ce3167ce20 flushing nmethod 0x000001ce1db1cc90
Event: 7.698 Thread 0x000001ce3167ce20 flushing nmethod 0x000001ce1db1d490
Event: 7.698 Thread 0x000001ce3167ce20 flushing nmethod 0x000001ce1db1e490
Event: 7.698 Thread 0x000001ce3167ce20 flushing nmethod 0x000001ce1db24d10
Event: 7.698 Thread 0x000001ce3167ce20 flushing nmethod 0x000001ce1dbbd390
Event: 8.014 Thread 0x000001ce7a656ae0 Thread added: 0x000001ce7a656ae0
Event: 8.016 Thread 0x000001ce7a084750 Thread added: 0x000001ce7a084750
Event: 8.025 Thread 0x000001ce797219c0 Thread added: 0x000001ce797219c0


Dynamic libraries:
0x00007ff7e3e60000 - 0x00007ff7e3e70000 	C:\Program Files\Java\jdk-21\bin\java.exe
0x00007ffe2a4f0000 - 0x00007ffe2a6e8000 	C:\Windows\SYSTEM32\ntdll.dll
0x00007ffe29150000 - 0x00007ffe29212000 	C:\Windows\System32\KERNEL32.DLL
0x00007ffe27f00000 - 0x00007ffe281f7000 	C:\Windows\System32\KERNELBASE.dll
0x00007ffe28200000 - 0x00007ffe28300000 	C:\Windows\System32\ucrtbase.dll
0x00007ffe208a0000 - 0x00007ffe208b9000 	C:\Program Files\Java\jdk-21\bin\jli.dll
0x00007ffe20980000 - 0x00007ffe2099b000 	C:\Program Files\Java\jdk-21\bin\VCRUNTIME140.dll
0x00007ffe29320000 - 0x00007ffe293d1000 	C:\Windows\System32\ADVAPI32.dll
0x00007ffe28ae0000 - 0x00007ffe28b7e000 	C:\Windows\System32\msvcrt.dll
0x00007ffe28610000 - 0x00007ffe286af000 	C:\Windows\System32\sechost.dll
0x00007ffe293e0000 - 0x00007ffe29506000 	C:\Windows\System32\RPCRT4.dll
0x00007ffe28300000 - 0x00007ffe28327000 	C:\Windows\System32\bcrypt.dll
0x00007ffe29580000 - 0x00007ffe2971d000 	C:\Windows\System32\USER32.dll
0x00007ffe27ed0000 - 0x00007ffe27ef2000 	C:\Windows\System32\win32u.dll
0x00007ffe0f570000 - 0x00007ffe0f80b000 	C:\Windows\WinSxS\amd64_microsoft.windows.common-controls_6595b64144ccf1df_6.0.19041.6926_none_60b5a53971f8f7e6\COMCTL32.dll
0x00007ffe286d0000 - 0x00007ffe286fb000 	C:\Windows\System32\GDI32.dll
0x00007ffe283d0000 - 0x00007ffe284ea000 	C:\Windows\System32\gdi32full.dll
0x00007ffe28330000 - 0x00007ffe283cd000 	C:\Windows\System32\msvcp_win.dll
0x00007ffe1dbb0000 - 0x00007ffe1dbba000 	C:\Windows\SYSTEM32\VERSION.dll
0x00007ffe297d0000 - 0x00007ffe297ff000 	C:\Windows\System32\IMM32.DLL
0x00007ffe20ab0000 - 0x00007ffe20abc000 	C:\Program Files\Java\jdk-21\bin\vcruntime140_1.dll
0x00007ffde0ac0000 - 0x00007ffde0b4e000 	C:\Program Files\Java\jdk-21\bin\msvcp140.dll
0x00007ffddb0c0000 - 0x00007ffddbdda000 	C:\Program Files\Java\jdk-21\bin\server\jvm.dll
0x00007ffe29510000 - 0x00007ffe2957b000 	C:\Windows\System32\WS2_32.dll
0x00007ffe1dde0000 - 0x00007ffe1de07000 	C:\Windows\SYSTEM32\WINMM.dll
0x00007ffe270b0000 - 0x00007ffe270fb000 	C:\Windows\SYSTEM32\POWRPROF.dll
0x00007ffe26f20000 - 0x00007ffe26f32000 	C:\Windows\SYSTEM32\UMPDC.dll
0x00007ffe26370000 - 0x00007ffe26382000 	C:\Windows\SYSTEM32\kernel.appcore.dll
0x00007ffe20890000 - 0x00007ffe2089a000 	C:\Program Files\Java\jdk-21\bin\jimage.dll
0x00007ffe22860000 - 0x00007ffe22a61000 	C:\Windows\SYSTEM32\DBGHELP.DLL
0x00007ffe10b60000 - 0x00007ffe10b94000 	C:\Windows\SYSTEM32\dbgcore.DLL
0x00007ffe27dc0000 - 0x00007ffe27e42000 	C:\Windows\System32\bcryptPrimitives.dll
0x00007ffdfb240000 - 0x00007ffdfb24f000 	C:\Program Files\Java\jdk-21\bin\instrument.dll
0x00007ffe10cc0000 - 0x00007ffe10cdf000 	C:\Program Files\Java\jdk-21\bin\java.dll
0x00007ffe29860000 - 0x00007ffe29fd1000 	C:\Windows\System32\SHELL32.dll
0x00007ffe22a70000 - 0x00007ffe23216000 	C:\Windows\SYSTEM32\windows.storage.dll
0x00007ffe28780000 - 0x00007ffe28ad3000 	C:\Windows\System32\combase.dll
0x00007ffe27580000 - 0x00007ffe275ab000 	C:\Windows\SYSTEM32\Wldp.dll
0x00007ffe28bf0000 - 0x00007ffe28cc6000 	C:\Windows\System32\OLEAUT32.dll
0x00007ffe28e00000 - 0x00007ffe28ead000 	C:\Windows\System32\SHCORE.dll
0x00007ffe2a450000 - 0x00007ffe2a4ab000 	C:\Windows\System32\shlwapi.dll
0x00007ffe27a80000 - 0x00007ffe27aa4000 	C:\Windows\SYSTEM32\profapi.dll
0x00007ffddee10000 - 0x00007ffddeee7000 	C:\Program Files\Java\jdk-21\bin\jsvml.dll
0x00007ffe10ca0000 - 0x00007ffe10cb8000 	C:\Program Files\Java\jdk-21\bin\zip.dll
0x00007ffe20880000 - 0x00007ffe20890000 	C:\Program Files\Java\jdk-21\bin\net.dll
0x00007ffe1a480000 - 0x00007ffe1a58a000 	C:\Windows\SYSTEM32\WINHTTP.dll
0x00007ffe272b0000 - 0x00007ffe2731a000 	C:\Windows\system32\mswsock.dll
0x00007ffe0eed0000 - 0x00007ffe0eee6000 	C:\Program Files\Java\jdk-21\bin\nio.dll
0x00007ffe10d00000 - 0x00007ffe10d09000 	C:\Program Files\Java\jdk-21\bin\extnet.dll
0x00007ffdfb1d0000 - 0x00007ffdfb1da000 	C:\Program Files\Java\jdk-21\bin\management.dll
0x00007ffdfac30000 - 0x00007ffdfac3b000 	C:\Program Files\Java\jdk-21\bin\management_ext.dll
0x00007ffe28be0000 - 0x00007ffe28be8000 	C:\Windows\System32\PSAPI.DLL
0x00007ffe26f40000 - 0x00007ffe26f7b000 	C:\Windows\SYSTEM32\IPHLPAPI.DLL
0x00007ffe29310000 - 0x00007ffe29318000 	C:\Windows\System32\NSI.dll
0x00007ffe26f90000 - 0x00007ffe2705a000 	C:\Windows\SYSTEM32\DNSAPI.dll
0x00007ffe1c140000 - 0x00007ffe1c14a000 	C:\Windows\System32\rasadhlp.dll
0x00007ffe12ae0000 - 0x00007ffe12b60000 	C:\Windows\System32\fwpuclnt.dll
0x00007ffe202a0000 - 0x00007ffe202ae000 	C:\Program Files\Java\jdk-21\bin\sunmscapi.dll
0x00007ffe27c10000 - 0x00007ffe27d6d000 	C:\Windows\System32\CRYPT32.dll
0x00007ffe275f0000 - 0x00007ffe27617000 	C:\Windows\SYSTEM32\ncrypt.dll
0x00007ffe275b0000 - 0x00007ffe275eb000 	C:\Windows\SYSTEM32\NTASN1.dll
0x00007ffe274e0000 - 0x00007ffe274f8000 	C:\Windows\SYSTEM32\CRYPTSP.dll
0x00007ffe26b60000 - 0x00007ffe26b98000 	C:\Windows\system32\rsaenh.dll
0x00007ffe27a40000 - 0x00007ffe27a6e000 	C:\Windows\SYSTEM32\USERENV.dll
0x00007ffe274d0000 - 0x00007ffe274dc000 	C:\Windows\SYSTEM32\CRYPTBASE.dll

dbghelp: loaded successfully - version: 4.0.5 - missing functions: none
symbol engine: initialized successfully - sym options: 0x614 - pdb path: .;C:\Program Files\Java\jdk-21\bin;C:\Windows\SYSTEM32;C:\Windows\WinSxS\amd64_microsoft.windows.common-controls_6595b64144ccf1df_6.0.19041.6926_none_60b5a53971f8f7e6;C:\Program Files\Java\jdk-21\bin\server

VM Arguments:
jvm_args: -javaagent:C:\Program Files\JetBrains\IntelliJ IDEA Community Edition 2025.1.3\lib\idea_rt.jar=63027 -Dfile.encoding=UTF-8 -Dsun.stdout.encoding=UTF-8 -Dsun.stderr.encoding=UTF-8 
java_command: com.hms.appointment.AppointmentApplication
java_class_path (initial): D:\Hospital Management Service\HMS-Backend\AppointmentMS\target\classes;D:\MavenRepo\org\springframework\boot\spring-boot-starter-data-jpa\4.0.6\spring-boot-starter-data-jpa-4.0.6.jar;D:\MavenRepo\org\springframework\boot\spring-boot-starter\4.0.6\spring-boot-starter-4.0.6.jar;D:\MavenRepo\org\springframework\boot\spring-boot-starter-logging\4.0.6\spring-boot-starter-logging-4.0.6.jar;D:\MavenRepo\ch\qos\logback\logback-classic\1.5.32\logback-classic-1.5.32.jar;D:\MavenRepo\ch\qos\logback\logback-core\1.5.32\logback-core-1.5.32.jar;D:\MavenRepo\org\apache\logging\log4j\log4j-to-slf4j\2.25.4\log4j-to-slf4j-2.25.4.jar;D:\MavenRepo\org\apache\logging\log4j\log4j-api\2.25.4\log4j-api-2.25.4.jar;D:\MavenRepo\org\slf4j\jul-to-slf4j\2.0.17\jul-to-slf4j-2.0.17.jar;D:\MavenRepo\jakarta\annotation\jakarta.annotation-api\3.0.0\jakarta.annotation-api-3.0.0.jar;D:\MavenRepo\org\yaml\snakeyaml\2.5\snakeyaml-2.5.jar;D:\MavenRepo\org\springframework\boot\spring-boot-starter-jdbc\4.0.6\spring-boot-starter-jdbc-4.0.6.jar;D:\MavenRepo\com\zaxxer\HikariCP\7.0.2\HikariCP-7.0.2.jar;D:\MavenRepo\org\springframework\boot\spring-boot-data-jpa\4.0.6\spring-boot-data-jpa-4.0.6.jar;D:\MavenRepo\org\springframework\boot\spring-boot-data-commons\4.0.6\spring-boot-data-commons-4.0.6.jar;D:\MavenRepo\org\springframework\boot\spring-boot-persistence\4.0.6\spring-boot-persistence-4.0.6.jar;D:\MavenRepo\org\springframework\data\spring-data-commons\4.0.5\spring-data-commons-4.0.5.jar;D:\MavenRepo\org\springframework\boot\spring-boot-hibernate\4.0.6\spring-boot-hibernate-4.0.6.jar;D:\MavenRepo\org\springframework\boot\spring-boot-jpa\4.0.6\spring-boot-jpa-4.0.6.jar;D:\MavenRepo\jakarta\persistence\jakarta.persistence-api\3.2.0\jakarta.persistence-api-3.2.0.jar;D:\MavenRepo\org\hibernate\orm\hibernate-core\7.2.12.Final\hibernate-core-7.2.12.Final.jar;D:\MavenRepo\jakarta\transaction\jakarta.transaction-api\2.0.1\jakarta.transaction-api-2.0.1.jar;D:\MavenRepo\org\jboss\logging\jboss-logging\3.6.3.Final\jboss-logging-3.6.3.Final.jar;D:\MavenRepo\org\hibernate\models\hibernate-models\1.0.1\hibernate-models-1.0.1.jar;D:\MavenRepo\com\fasterxml\classmate\1.7.3\classmate-1.7.3.jar;D:\MavenRepo\org\glassfish\jaxb\jaxb-runtime\4.0.6\jaxb-runtime-4.0.6.jar;D:\MavenRepo\org\glassfish\jaxb\jaxb-core\4.0.6\jaxb-core-4.0.6.jar;D:\MavenRepo\org\eclipse\angus\angus-activation\2.0.3\angus-activation-2.0.3.jar;D:\MavenRepo\org\glassfish\jaxb\txw2\4.0.6\txw2-4.0.6.jar;D:\MavenRepo\com\sun\istack\istack-commons-runtime\4.1.2\istack-commons-runtime-4.1.2.jar;D:\MavenRepo\org\springframework\spring-orm\7.0.7\spring-orm-7.0.7.jar;D:\MavenRepo\org\springframework\data\spring-data-jpa\4.0.5\spring-data-jpa-4.0.5.jar;D:\MavenRepo\org\springframework\spring-tx\7.0.7\spring-tx-7.0.7.jar;D:\MavenRepo\org\antlr\antlr4-runtime\4.13.2\antlr4-runtime-4.13.2.jar;D:\MavenRepo\org\springframework\spring-aspects\7.0.7\spring-aspects-7.0.7.jar;D:\MavenRepo\org\aspectj\aspectjweaver\1.9.25.1\aspectjweaver-1.9.25.1.jar;D:\MavenRepo\org\springframework\boot\spring-boot-jdbc\4.0.6\spring-boot-jdbc-4.0.6.jar;D:\MavenRepo\org\springframework\boot\spring-boot-sql\4.0.6\spring-boot-sql-4.0.6.jar;D:\MavenRepo\org\springframework\boot\spring-boot-transaction\4.0.6\spring-boot-transaction-4.0.6.jar;D:\MavenRepo\org\springframework\spring-jdbc\7.0.7\spring-jdbc-7.0.7.jar;D:\MavenRepo\org\springframework\boot\spring-boot-starter-security\4.0.6\spring-boot-starter-security-4.0.6.jar;D:\MavenRepo\org\springframework\boot\spring-boot-security\4.0.6\spring-boot-security-4.0.6.jar;D:\MavenRepo\org\springframework\security\spring-security-config\7.0.5\spring-security-config-7.0.5.jar;D:\MavenRepo\org\springframework\security\spring-security-core\7.0.5\spring-security-core-7.0.5.jar;D:\MavenRepo\org\springframework\security\spring-security-web\7.0.5\spring-security-web-7.0.5.jar;D:\MavenRepo\org\springframework\spring-expression\7.0.7\spring-expression-7.0.7.jar;D:\MavenRepo\org\springframework\spring-aop\7.0.7\spring-aop-7.0.7.jar;D:\MavenRepo\org\springframework\spring-beans\7.0.7\spring-beans-7.0.7.jar;D:\MavenRepo\org\springframework\spring-core\7.0.7\spring-core-7.0.7.jar;D:\MavenRepo\commons-logging\commons-logging\1.3.6\commons-logging-1.3.6.jar;D:\MavenRepo\org\springframework\boot\spring-boot-starter-webmvc\4.0.6\spring-boot-starter-webmvc-4.0.6.jar;D:\MavenRepo\org\springframework\boot\spring-boot-starter-jackson\4.0.6\spring-boot-starter-jackson-4.0.6.jar;D:\MavenRepo\org\springframework\boot\spring-boot-jackson\4.0.6\spring-boot-jackson-4.0.6.jar;D:\MavenRepo\tools\jackson\core\jackson-databind\3.1.2\jackson-databind-3.1.2.jar;D:\MavenRepo\tools\jackson\core\jackson-core\3.1.2\jackson-core-3.1.2.jar;D:\MavenRepo\org\springframework\boot\spring-boot-starter-tomcat\4.0.6\spring-boot-starter-tomcat-4.0.6.jar;D:\MavenRepo\org\springframework\boot\spring-boot-starter-tomcat-runtime\4.0.6\spring-boot-starter-tomcat-runtime-4.0.6.jar;D:\MavenRepo\org\apache\tomcat\embed\tomcat-embed-core\11.0.21\tomcat-embed-core-11.0.21.jar;D:\MavenRepo\org\apache\tomcat\embed\tomcat-embed-el\11.0.21\tomcat-embed-el-11.0.21.jar;D:\MavenRepo\org\apache\tomcat\embed\tomcat-embed-websocket\11.0.21\tomcat-embed-websocket-11.0.21.jar;D:\MavenRepo\org\springframework\boot\spring-boot-tomcat\4.0.6\spring-boot-tomcat-4.0.6.jar;D:\MavenRepo\org\springframework\boot\spring-boot-http-converter\4.0.6\spring-boot-http-converter-4.0.6.jar;D:\MavenRepo\org\springframework\boot\spring-boot-webmvc\4.0.6\spring-boot-webmvc-4.0.6.jar;D:\MavenRepo\org\springframework\boot\spring-boot-servlet\4.0.6\spring-boot-servlet-4.0.6.jar;D:\MavenRepo\org\springframework\spring-webmvc\7.0.7\spring-webmvc-7.0.7.jar;D:\MavenRepo\org\springframework\boot\spring-boot-devtools\4.0.6\spring-boot-devtools-4.0.6.jar;D:\MavenRepo\org\springframework\boot\spring-boot\4.0.6\spring-boot-4.0.6.jar;D:\MavenRepo\org\springframework\spring-context\7.0.7\spring-context-7.0.7.jar;D:\MavenRepo\org\springframework\boot\spring-boot-autoconfigure\4.0.6\spring-boot-autoconfigure-4.0.6.jar;D:\MavenRepo\org\postgresql\postgresql\42.7.10\postgresql-42.7.10.jar;D:\MavenRepo\org\checkerframework\checker-qual\3.52.0\checker-qual-3.52.0.jar;D:\MavenRepo\org\projectlombok\lombok\1.18.46\lombok-1.18.46.jar;D:\MavenRepo\org\springframework\boot\spring-boot-starter-webflux\4.0.6\spring-boot-starter-webflux-4.0.6.jar;D:\MavenRepo\org\springframework\boot\spring-boot-starter-reactor-netty\4.0.6\spring-boot-starter-reactor-netty-4.0.6.jar;D:\MavenRepo\org\springframework\boot\spring-boot-reactor-netty\4.0.6\spring-boot-reactor-netty-4.0.6.jar;D:\MavenRepo\io\projectreactor\netty\reactor-netty-http\1.3.5\reactor-netty-http-1.3.5.jar;D:\MavenRepo\io\netty\netty-codec-http\4.2.12.Final\netty-codec-http-4.2.12.Final.jar;D:\MavenRepo\io\netty\netty-buffer\4.2.12.Final\netty-buffer-4.2.12.Final.jar;D:\MavenRepo\io\netty\netty-transport\4.2.12.Final\netty-transport-4.2.12.Final.jar;D:\MavenRepo\io\netty\netty-codec-base\4.2.12.Final\netty-codec-base-4.2.12.Final.jar;D:\MavenRepo\io\netty\netty-codec-compression\4.2.12.Final\netty-codec-compression-4.2.12.Final.jar;D:\MavenRepo\io\netty\netty-handler\4.2.12.Final\netty-handler-4.2.12.Final.jar;D:\MavenRepo\io\netty\netty-codec-http2\4.2.12.Final\netty-codec-http2-4.2.12.Final.jar;D:\MavenRepo\io\netty\netty-codec-http3\4.2.12.Final\netty-codec-http3-4.2.12.Final.jar;D:\MavenRepo\io\netty\netty-transport-native-unix-common\4.2.12.Final\netty-transport-native-unix-common-4.2.12.Final.jar;D:\MavenRepo\io\netty\netty-resolver\4.2.12.Final\netty-resolver-4.2.12.Final.jar;D:\MavenRepo\io\netty\netty-codec-classes-quic\4.2.12.Final\netty-codec-classes-quic-4.2.12.Final.jar;D:\MavenRepo\io\netty\netty-codec-native-quic\4.2.12.Final\netty-codec-native-quic-4.2.12.Final-linux-x86_64.jar;D:\MavenRepo\io\netty\netty-codec-native-quic\4.2.12.Final\netty-codec-native-quic-4.2.12.Final-linux-aarch_64.jar;D:\MavenRepo\io\netty\netty-codec-native-quic\4.2.12.Final\netty-codec-native-quic-4.2.12.Final-osx-x86_64.jar;D:\MavenRepo\io\netty\netty-codec-native-quic\4.2.12.Final\netty-codec-native-quic-4.2.12.Final-osx-aarch_64.jar;D:\MavenRepo\io\netty\netty-codec-native-quic\4.2.12.Final\netty-codec-native-quic-4.2.12.Final-windows-x86_64.jar;D:\MavenRepo\io\netty\netty-resolver-dns\4.2.12.Final\netty-resolver-dns-4.2.12.Final.jar;D:\MavenRepo\io\netty\netty-codec-dns\4.2.12.Final\netty-codec-dns-4.2.12.Final.jar;D:\MavenRepo\io\netty\netty-resolver-dns-native-macos\4.2.12.Final\netty-resolver-dns-native-macos-4.2.12.Final-osx-x86_64.jar;D:\MavenRepo\io\netty\netty-resolver-dns-classes-macos\4.2.12.Final\netty-resolver-dns-classes-macos-4.2.12.Final.jar;D:\MavenRepo\io\netty\netty-transport-native-epoll\4.2.12.Final\netty-transport-native-epoll-4.2.12.Final-linux-x86_64.jar;D:\MavenRepo\io\netty\netty-transport-classes-epoll\4.2.12.Final\netty-transport-classes-epoll-4.2.12.Final.jar;D:\MavenRepo\io\projectreactor\netty\reactor-netty-core\1.3.5\reactor-netty-core-1.3.5.jar;D:\MavenRepo\io\netty\netty-handler-proxy\4.2.12.Final\netty-handler-proxy-4.2.12.Final.jar;D:\MavenRepo\io\netty\netty-codec-socks\4.2.12.Final\netty-codec-socks-4.2.12.Final.jar;D:\MavenRepo\org\springframework\boot\spring-boot-netty\4.0.6\spring-boot-netty-4.0.6.jar;D:\MavenRepo\io\netty\netty-common\4.2.12.Final\netty-common-4.2.12.Final.jar;D:\MavenRepo\org\springframework\boot\spring-boot-reactor\4.0.6\spring-boot-reactor-4.0.6.jar;D:\MavenRepo\io\projectreactor\reactor-core\3.8.5\reactor-core-3.8.5.jar;D:\MavenRepo\org\reactivestreams\reactive-streams\1.0.4\reactive-streams-1.0.4.jar;D:\MavenRepo\org\springframework\boot\spring-boot-webflux\4.0.6\spring-boot-webflux-4.0.6.jar;D:\MavenRepo\org\springframework\boot\spring-boot-http-codec\4.0.6\spring-boot-http-codec-4.0.6.jar;D:\MavenRepo\org\springframework\spring-webflux\7.0.7\spring-webflux-7.0.7.jar;D:\MavenRepo\org\springframework\boot\spring-boot-web-server\4.0.6\spring-boot-web-server-4.0.6.jar;D:\MavenRepo\jakarta\xml\bind\jakarta.xml.bind-api\4.0.4\jakarta.xml.bind-api-4.0.4.jar;D:\MavenRepo\jakarta\activation\jakarta.activation-api\2.1.4\jakarta.activation-api-2.1.4.jar;D:\MavenRepo\net\bytebuddy\byte-buddy\1.17.8\byte-buddy-1.17.8.jar;D:\MavenRepo\org\springframework\cloud\spring-cloud-starter-netflix-eureka-client\5.0.1\spring-cloud-starter-netflix-eureka-client-5.0.1.jar;D:\MavenRepo\org\springframework\cloud\spring-cloud-starter\5.0.1\spring-cloud-starter-5.0.1.jar;D:\MavenRepo\org\springframework\cloud\spring-cloud-context\5.0.1\spring-cloud-context-5.0.1.jar;D:\MavenRepo\org\springframework\boot\spring-boot-restclient\4.0.6\spring-boot-restclient-4.0.6.jar;D:\MavenRepo\org\springframework\boot\spring-boot-http-client\4.0.6\spring-boot-http-client-4.0.6.jar;D:\MavenRepo\org\bouncycastle\bcprov-jdk18on\1.81\bcprov-jdk18on-1.81.jar;D:\MavenRepo\org\springframework\cloud\spring-cloud-netflix-eureka-client\5.0.1\spring-cloud-netflix-eureka-client-5.0.1.jar;D:\MavenRepo\org\springframework\boot\spring-boot-jackson2\4.0.6\spring-boot-jackson2-4.0.6.jar;D:\MavenRepo\com\fasterxml\jackson\datatype\jackson-datatype-jdk8\2.21.2\jackson-datatype-jdk8-2.21.2.jar;D:\MavenRepo\com\fasterxml\jackson\datatype\jackson-datatype-jsr310\2.21.2\jackson-datatype-jsr310-2.21.2.jar;D:\MavenRepo\com\fasterxml\jackson\module\jackson-module-parameter-names\2.21.2\jackson-module-parameter-names-2.21.2.jar;D:\MavenRepo\org\apache\httpcomponents\client5\httpclient5\5.5.2\httpclient5-5.5.2.jar;D:\MavenRepo\org\apache\httpcomponents\core5\httpcore5\5.3.6\httpcore5-5.3.6.jar;D:\MavenRepo\org\apache\httpcomponents\core5\httpcore5-h2\5.3.6\httpcore5-h2-5.3.6.jar;D:\MavenRepo\com\netflix\eureka\eureka-client\2.0.5\eureka-client-2.0.5.jar;D:\MavenRepo\com\thoughtworks\xstream\xstream\1.4.21\xstream-1.4.21.jar;D:\MavenRepo\io\github\x-stream\mxparser\1.2.2\mxparser-1.2.2.jar;D:\MavenRepo\xmlpull\xmlpull\1.1.3.1\xmlpull-1.1.3.1.jar;D:\MavenRepo\jakarta\ws\rs\jakarta.ws.rs-api\4.0.0\jakarta.ws.rs-api-4.0.0.jar;D:\MavenRepo\jakarta\inject\jakarta.inject-api\2.0.1\jakarta.inject-api-2.0.1.jar;D:\MavenRepo\com\netflix\spectator\spectator-api\1.7.3\spectator-api-1.7.3.jar;D:\MavenRepo\org\slf4j\slf4j-api\2.0.17\slf4j-api-2.0.17.jar;D:\MavenRepo\org\apache\httpcomponents\httpclient\4.5.3\httpclient-4.5.3.jar;D:\MavenRepo\org\apache\httpcomponents\httpcore\4.4.16\httpcore-4.4.16.jar;D:\MavenRepo\commons-codec\commons-codec\1.19.0\commons-codec-1.19.0.jar;D:\MavenRepo\commons-configuration\commons-configuration\1.10\commons-configuration-1.10.jar;D:\MavenRepo\commons-lang\commons-lang\2.6\commons-lang-2.6.jar;D:\MavenRepo\com\fasterxml\jackson\core\jackson-annotations\2.21\jackson-annotations-2.21.jar;D:\MavenRepo\com\fasterxml\jackson\core\jackson-core\2.21.2\jackson-core-2.21.2.jar;D:\MavenRepo\com\fasterxml\jackson\core\jackson-databind\2.21.2\jackson-databind-2.21.2.jar;D:\MavenRepo\com\netflix\netflix-commons\netflix-eventbus\0.3.0\netflix-eventbus-0.3.0.jar;D:\MavenRepo\com\netflix\netflix-commons\netflix-infix\0.3.0\netflix-infix-0.3.0.jar;D:\MavenRepo\commons-jxpath\commons-jxpath\1.3\commons-jxpath-1.3.jar;D:\MavenRepo\joda-time\joda-time\2.3\joda-time-2.3.jar;D:\MavenRepo\org\antlr\antlr-runtime\3.4\antlr-runtime-3.4.jar;D:\MavenRepo\org\antlr\stringtemplate\3.2.1\stringtemplate-3.2.1.jar;D:\MavenRepo\antlr\antlr\2.7.7\antlr-2.7.7.jar;D:\MavenRepo\com\google\code\gson\gson\2.13.2\gson-2.13.2.jar;D:\MavenRepo\com\google\errorprone\error_prone_annotations\2.41.0\error_prone_annotations-2.41.0.jar;D:\MavenRepo\com\netflix\servo\servo-core\0.5.3\servo-core-0.5.3.jar;D:\MavenRepo\org\apache\commons\commons-math\2.2\commons-math-2.2.jar;D:\MavenRepo\javax\annotation\javax.annotation-api\1.2\javax.annotation-api-1.2.jar;D:\MavenRepo\org\codehaus\jettison\jettison\1.5.4\jettison-1.5.4.jar;D:\MavenRepo\org\springframework\cloud\spring-cloud-starter-loadbalancer\5.0.1\spring-cloud-starter-loadbalancer-5.0.1.jar;D:\MavenRepo\org\springframework\cloud\spring-cloud-loadbalancer\5.0.1\spring-cloud-loadbalancer-5.0.1.jar;D:\MavenRepo\io\projectreactor\addons\reactor-extra\3.6.0\reactor-extra-3.6.0.jar;D:\MavenRepo\org\springframework\boot\spring-boot-starter-cache\4.0.6\spring-boot-starter-cache-4.0.6.jar;D:\MavenRepo\org\springframework\boot\spring-boot-cache\4.0.6\spring-boot-cache-4.0.6.jar;D:\MavenRepo\org\springframework\spring-context-support\7.0.7\spring-context-support-7.0.7.jar;D:\MavenRepo\com\stoyanr\evictor\1.0.0\evictor-1.0.0.jar;D:\MavenRepo\org\springframework\cloud\spring-cloud-starter-openfeign\5.0.1\spring-cloud-starter-openfeign-5.0.1.jar;D:\MavenRepo\org\springframework\cloud\spring-cloud-openfeign-core\5.0.1\spring-cloud-openfeign-core-5.0.1.jar;D:\MavenRepo\org\jspecify\jspecify\1.0.0\jspecify-1.0.0.jar;D:\MavenRepo\io\github\openfeign\feign-form-spring\13.6\feign-form-spring-13.6.jar;D:\MavenRepo\org\apache\commons\commons-text\1.13.0\commons-text-1.13.0.jar;D:\MavenRepo\org\apache\commons\commons-lang3\3.19.0\commons-lang3-3.19.0.jar;D:\MavenRepo\io\github\openfeign\feign-form\13.6\feign-form-13.6.jar;D:\MavenRepo\commons-fileupload\commons-fileupload\1.5\commons-fileupload-1.5.jar;D:\MavenRepo\org\springframework\spring-web\7.0.7\spring-web-7.0.7.jar;D:\MavenRepo\io\micrometer\micrometer-observation\1.16.5\micrometer-observation-1.16.5.jar;D:\MavenRepo\io\micrometer\micrometer-commons\1.16.5\micrometer-commons-1.16.5.jar;D:\MavenRepo\org\springframework\cloud\spring-cloud-commons\5.0.1\spring-cloud-commons-5.0.1.jar;D:\MavenRepo\org\springframework\security\spring-security-crypto\7.0.5\spring-security-crypto-7.0.5.jar;D:\MavenRepo\io\github\openfeign\feign-core\13.6\feign-core-13.6.jar;D:\MavenRepo\io\github\openfeign\feign-slf4j\13.6\feign-slf4j-13.6.jar;D:\MavenRepo\jakarta\validation\jakarta.validation-api\3.1.1\jakarta.validation-api-3.1.1.jar;D:\MavenRepo\org\springframework\cloud\spring-cloud-starter-circuitbreaker-resilience4j\5.0.1\spring-cloud-starter-circuitbreaker-resilience4j-5.0.1.jar;D:\MavenRepo\org\springframework\cloud\spring-cloud-circuitbreaker-resilience4j\5.0.1\spring-cloud-circuitbreaker-resilience4j-5.0.1.jar;D:\MavenRepo\io\github\resilience4j\resilience4j-spring-boot3\2.3.0\resilience4j-spring-boot3-2.3.0.jar;D:\MavenRepo\io\github\resilience4j\resilience4j-spring6\2.3.0\resilience4j-spring6-2.3.0.jar;D:\MavenRepo\io\github\resilience4j\resilience4j-annotations\2.3.0\resilience4j-annotations-2.3.0.jar;D:\MavenRepo\io\github\resilience4j\resilience4j-consumer\2.3.0\resilience4j-consumer-2.3.0.jar;D:\MavenRepo\io\github\resilience4j\resilience4j-circularbuffer\2.3.0\resilience4j-circularbuffer-2.3.0.jar;D:\MavenRepo\io\github\resilience4j\resilience4j-framework-common\2.3.0\resilience4j-framework-common-2.3.0.jar;D:\MavenRepo\io\github\resilience4j\resilience4j-micrometer\2.3.0\resilience4j-micrometer-2.3.0.jar;D:\MavenRepo\io\micrometer\micrometer-core\1.16.5\micrometer-core-1.16.5.jar;D:\MavenRepo\org\hdrhistogram\HdrHistogram\2.2.2\HdrHistogram-2.2.2.jar;D:\MavenRepo\org\latencyutils\LatencyUtils\2.0.3\LatencyUtils-2.0.3.jar;D:\MavenRepo\io\github\resilience4j\resilience4j-retry\2.3.0\resilience4j-retry-2.3.0.jar;D:\MavenRepo\io\github\resilience4j\resilience4j-ratelimiter\2.3.0\resilience4j-ratelimiter-2.3.0.jar;D:\MavenRepo\org\springframework\boot\spring-boot-configuration-processor\4.0.6\spring-boot-configuration-processor-4.0.6.jar;D:\MavenRepo\io\github\resilience4j\resilience4j-circuitbreaker\2.3.0\resilience4j-circuitbreaker-2.3.0.jar;D:\MavenRepo\io\github\resilience4j\resilience4j-core\2.3.0\resilience4j-core-2.3.0.jar;D:\MavenRepo\org\jetbrains\kotlin\kotlin-stdlib-jdk8\2.2.21\kotlin-stdlib-jdk8-2.2.21.jar;D:\MavenRepo\org\jetbrains\kotlin\kotlin-stdlib\2.2.21\kotlin-stdlib-2.2.21.jar;D:\MavenRepo\org\jetbrains\annotations\13.0\annotations-13.0.jar;D:\MavenRepo\org\jetbrains\kotlin\kotlin-stdlib-jdk7\2.2.21\kotlin-stdlib-jdk7-2.2.21.jar;D:\MavenRepo\io\github\resilience4j\resilience4j-timelimiter\2.3.0\resilience4j-timelimiter-2.3.0.jar
Launcher Type: SUN_STANDARD

[Global flags]
     intx CICompilerCount                          = 4                                         {product} {ergonomic}
     uint ConcGCThreads                            = 2                                         {product} {ergonomic}
     uint G1ConcRefinementThreads                  = 8                                         {product} {ergonomic}
   size_t G1HeapRegionSize                         = 1048576                                   {product} {ergonomic}
    uintx GCDrainStackTargetSize                   = 64                                        {product} {ergonomic}
   size_t InitialHeapSize                          = 132120576                                 {product} {ergonomic}
   size_t MarkStackSize                            = 4194304                                   {product} {ergonomic}
   size_t MaxHeapSize                              = 2107637760                                {product} {ergonomic}
   size_t MaxNewSize                               = 1264582656                                {product} {ergonomic}
   size_t MinHeapDeltaBytes                        = 1048576                                   {product} {ergonomic}
   size_t MinHeapSize                              = 8388608                                   {product} {ergonomic}
    uintx NonNMethodCodeHeapSize                   = 5839372                                {pd product} {ergonomic}
    uintx NonProfiledCodeHeapSize                  = 122909434                              {pd product} {ergonomic}
    uintx ProfiledCodeHeapSize                     = 122909434                              {pd product} {ergonomic}
    uintx ReservedCodeCacheSize                    = 251658240                              {pd product} {ergonomic}
     bool SegmentedCodeCache                       = true                                      {product} {ergonomic}
   size_t SoftMaxHeapSize                          = 2107637760                             {manageable} {ergonomic}
     bool UseCompressedOops                        = true                           {product lp64_product} {ergonomic}
     bool UseG1GC                                  = true                                      {product} {ergonomic}
     bool UseLargePagesIndividualAllocation        = false                                  {pd product} {ergonomic}

Logging:
Log output configuration:
 #0: stdout all=warning uptime,level,tags foldmultilines=false
 #1: stderr all=off uptime,level,tags foldmultilines=false

Environment Variables:
JAVA_HOME=C:\Program Files\Java\jdk-17
PATH=D:\NodeJs\;C:\Users\PC\AppData\Local\Microsoft\WindowsApps;C:\Users\PC\AppData\Local\Programs\Microsoft VS Code\bin;C:\apache-maven-3.9.11\bin;C:\Program Files\Java\jdk-17\bin;C:\Program Files\PostgreSQL\18\bin;C:\Windows\System32;C:\Users\PC\AppData\Roaming\npm
USERNAME=PC
OS=Windows_NT
PROCESSOR_IDENTIFIER=Intel64 Family 6 Model 142 Stepping 10, GenuineIntel
TMP=C:\Users\PC\AppData\Local\Temp
TEMP=C:\Users\PC\AppData\Local\Temp




Periodic native trim disabled

---------------  S Y S T E M  ---------------

OS:
 Windows 10 , 64 bit Build 19041 (10.0.19041.7181)
OS uptime: 2 days 9:25 hours

CPU: total 8 (initial active 8) (4 cores per cpu, 2 threads per core) family 6 model 142 stepping 10 microcode 0xf6, cx8, cmov, fxsr, ht, mmx, 3dnowpref, sse, sse2, sse3, ssse3, sse4.1, sse4.2, popcnt, lzcnt, tsc, tscinvbit, avx, avx2, aes, erms, clmul, bmi1, bmi2, adx, fma, vzeroupper, clflush, clflushopt, rdtscp, f16c
Processor Information for all 8 processors :
  Max Mhz: 1800, Current Mhz: 1600, Mhz Limit: 1584

Memory: 4k page, system-wide physical 8035M (602M free)
TotalPageFile size 18182M (AvailPageFile size 36M)
current process WorkingSet (physical memory assigned to process): 267M, peak: 278M
current process commit charge ("private bytes"): 309M, peak: 320M

vm_info: Java HotSpot(TM) 64-Bit Server VM (21.0.7+8-LTS-245) for windows-amd64 JRE (21.0.7+8-LTS-245), built on 2025-02-21T05:11:27Z by "mach5one" with MS VC++ 17.6 (VS2022)

END.
