#
# There is insufficient memory for the Java Runtime Environment to continue.
# Native memory allocation (malloc) failed to allocate 131088 bytes for Chunk::new
# Possible reasons:
#   The system is out of physical RAM or swap space
#   The process is running with CompressedOops enabled, and the Java Heap may be blocking the growth of the native heap
# Possible solutions:
#   Reduce memory load on the system
#   Increase physical memory or swap space
#   Check if swap backing store is full
#   Decrease Java heap size (-Xmx/-Xms)
#   Decrease number of Java threads
#   Decrease Java thread stack sizes (-Xss)
#   Set larger code cache with -XX:ReservedCodeCacheSize=
#   JVM is running with Unscaled Compressed Oops mode in which the Java heap is
#     placed in the first 4GB address space. The Java Heap base address is the
#     maximum limit for the native heap growth. Please use -XX:HeapBaseMinAddress
#     to set the Java Heap base and to place the Java Heap above 4GB virtual address.
# This output file may be truncated or incomplete.
#
#  Out of Memory Error (arena.cpp:168), pid=14040, tid=8800
#
# JRE version: Java(TM) SE Runtime Environment (21.0.7+8) (build 21.0.7+8-LTS-245)
# Java VM: Java HotSpot(TM) 64-Bit Server VM (21.0.7+8-LTS-245, mixed mode, sharing, tiered, compressed oops, compressed class ptrs, g1 gc, windows-amd64)
# No core dump will be written. Minidumps are not enabled by default on client versions of Windows
#

---------------  S U M M A R Y ------------

Command Line: -javaagent:C:\Program Files\JetBrains\IntelliJ IDEA Community Edition 2025.1.3\lib\idea_rt.jar=52031 -Dfile.encoding=UTF-8 -Dsun.stdout.encoding=UTF-8 -Dsun.stderr.encoding=UTF-8 com.hms.user.UserServiceApplication

Host: Intel(R) Core(TM) i5-8250U CPU @ 1.60GHz, 8 cores, 7G,  Windows 10 , 64 bit Build 19041 (10.0.19041.7181)
Time: Wed Jun 10 12:15:03 2026 India Standard Time elapsed time: 1.878576 seconds (0d 0h 0m 1s)

---------------  T H R E A D  ---------------

Current thread (0x000001fa2a4088a0):  JavaThread "C2 CompilerThread0" daemon [_thread_in_native, id=8800, stack(0x000000c7d9900000,0x000000c7d9a00000) (1024K)]


Current CompileTask:
C2:   1878 2153       4       jdk.internal.org.objectweb.asm.Frame::execute (2305 bytes)

Stack: [0x000000c7d9900000,0x000000c7d9a00000]
Native frames: (J=compiled Java code, j=interpreted, Vv=VM code, C=native code)
V  [jvm.dll+0x6cae19]
V  [jvm.dll+0x855741]
V  [jvm.dll+0x857c6e]
V  [jvm.dll+0x858343]
V  [jvm.dll+0x27e0b6]
V  [jvm.dll+0xc4ecd]
V  [jvm.dll+0xc5403]
V  [jvm.dll+0x6f0192]
V  [jvm.dll+0x24583e]
V  [jvm.dll+0x1c6efe]
V  [jvm.dll+0x255819]
V  [jvm.dll+0x253daa]
V  [jvm.dll+0x3eebb6]
V  [jvm.dll+0x7ffa1b]
V  [jvm.dll+0x6c94fd]
C  [ucrtbase.dll+0x21bb2]
C  [KERNEL32.DLL+0x17374]
C  [ntdll.dll+0x4cc91]


---------------  P R O C E S S  ---------------

Threads class SMR info:
_java_thread_list=0x000001fa716dcb20, length=15, elements={
0x000001fa0c007f60, 0x000001fa2a3fd6a0, 0x000001fa2a3fe3b0, 0x000001fa2a400f80,
0x000001fa2a401c50, 0x000001fa2a4026a0, 0x000001fa2a4030f0, 0x000001fa2a4088a0,
0x000001fa2a40d070, 0x000001fa2a3ce330, 0x000001fa2a40a790, 0x000001fa703be640,
0x000001fa701bb0a0, 0x000001fa7194d2c0, 0x000001fa7188d850
}

Java Threads: ( => current thread )
  0x000001fa0c007f60 JavaThread "main"                              [_thread_blocked, id=12156, stack(0x000000c7d8b00000,0x000000c7d8c00000) (1024K)]
  0x000001fa2a3fd6a0 JavaThread "Reference Handler"          daemon [_thread_blocked, id=12404, stack(0x000000c7d9300000,0x000000c7d9400000) (1024K)]
  0x000001fa2a3fe3b0 JavaThread "Finalizer"                  daemon [_thread_blocked, id=12116, stack(0x000000c7d9400000,0x000000c7d9500000) (1024K)]
  0x000001fa2a400f80 JavaThread "Signal Dispatcher"          daemon [_thread_blocked, id=9912, stack(0x000000c7d9500000,0x000000c7d9600000) (1024K)]
  0x000001fa2a401c50 JavaThread "Attach Listener"            daemon [_thread_blocked, id=16328, stack(0x000000c7d9600000,0x000000c7d9700000) (1024K)]
  0x000001fa2a4026a0 JavaThread "Service Thread"             daemon [_thread_blocked, id=10452, stack(0x000000c7d9700000,0x000000c7d9800000) (1024K)]
  0x000001fa2a4030f0 JavaThread "Monitor Deflation Thread"   daemon [_thread_blocked, id=12516, stack(0x000000c7d9800000,0x000000c7d9900000) (1024K)]
=>0x000001fa2a4088a0 JavaThread "C2 CompilerThread0"         daemon [_thread_in_native, id=8800, stack(0x000000c7d9900000,0x000000c7d9a00000) (1024K)]
  0x000001fa2a40d070 JavaThread "C1 CompilerThread0"         daemon [_thread_blocked, id=6740, stack(0x000000c7d9a00000,0x000000c7d9b00000) (1024K)]
  0x000001fa2a3ce330 JavaThread "Common-Cleaner"             daemon [_thread_blocked, id=8416, stack(0x000000c7d9b00000,0x000000c7d9c00000) (1024K)]
  0x000001fa2a40a790 JavaThread "C2 CompilerThread1"         daemon [_thread_in_native, id=3688, stack(0x000000c7d9c00000,0x000000c7d9d00000) (1024K)]
  0x000001fa703be640 JavaThread "Monitor Ctrl-Break"         daemon [_thread_in_native, id=11244, stack(0x000000c7d9d00000,0x000000c7d9e00000) (1024K)]
  0x000001fa701bb0a0 JavaThread "Notification Thread"        daemon [_thread_blocked, id=12776, stack(0x000000c7d9e00000,0x000000c7d9f00000) (1024K)]
  0x000001fa7194d2c0 JavaThread "Thread-0"                          [_thread_blocked, id=9644, stack(0x000000c7da600000,0x000000c7da700000) (1024K)]
  0x000001fa7188d850 JavaThread "restartedMain"                     [_thread_in_vm, id=10992, stack(0x000000c7da700000,0x000000c7da800000) (1024K)]
Total: 15

Other Threads:
  0x000001fa2a3df0d0 VMThread "VM Thread"                           [id=14348, stack(0x000000c7d9200000,0x000000c7d9300000) (1024K)]
  0x000001fa2a3cd310 WatcherThread "VM Periodic Task Thread"        [id=10984, stack(0x000000c7d9100000,0x000000c7d9200000) (1024K)]
  0x000001fa0c05dd60 WorkerThread "GC Thread#0"                     [id=15104, stack(0x000000c7d8c00000,0x000000c7d8d00000) (1024K)]
  0x000001fa70c71aa0 WorkerThread "GC Thread#1"                     [id=11268, stack(0x000000c7da000000,0x000000c7da100000) (1024K)]
  0x000001fa70c71e40 WorkerThread "GC Thread#2"                     [id=2424, stack(0x000000c7da100000,0x000000c7da200000) (1024K)]
  0x000001fa70b59a90 WorkerThread "GC Thread#3"                     [id=8232, stack(0x000000c7da200000,0x000000c7da300000) (1024K)]
  0x000001fa713622c0 WorkerThread "GC Thread#4"                     [id=9892, stack(0x000000c7da300000,0x000000c7da400000) (1024K)]
  0x000001fa715652a0 WorkerThread "GC Thread#5"                     [id=1972, stack(0x000000c7da400000,0x000000c7da500000) (1024K)]
  0x000001fa718a74c0 WorkerThread "GC Thread#6"                     [id=10220, stack(0x000000c7d9f00000,0x000000c7da000000) (1024K)]
  0x000001fa718a7860 WorkerThread "GC Thread#7"                     [id=9620, stack(0x000000c7da500000,0x000000c7da600000) (1024K)]
  0x000001fa0c0af010 ConcurrentGCThread "G1 Main Marker"            [id=5388, stack(0x000000c7d8d00000,0x000000c7d8e00000) (1024K)]
  0x000001fa0c0b00c0 WorkerThread "G1 Conc#0"                       [id=9532, stack(0x000000c7d8e00000,0x000000c7d8f00000) (1024K)]
  0x000001fa2a299730 ConcurrentGCThread "G1 Refine#0"               [id=4084, stack(0x000000c7d8f00000,0x000000c7d9000000) (1024K)]
  0x000001fa2a29a0b0 ConcurrentGCThread "G1 Service"                [id=9372, stack(0x000000c7d9000000,0x000000c7d9100000) (1024K)]
Total: 14

Threads with active compile tasks:
C2 CompilerThread0     1908 2153       4       jdk.internal.org.objectweb.asm.Frame::execute (2305 bytes)
C2 CompilerThread1     1908 2092       4       org.springframework.boot.context.config.ConfigDataEnvironmentContributor$ContributorIterator::fetchIfNecessary (153 bytes)
Total: 2

VM state: not at safepoint (normal execution)

VM Mutex/Monitor currently owned by a thread: None

OutOfMemory and StackOverflow Exception counts:
OutOfMemoryError java_heap_errors=1
LinkageErrors=57

Heap address: 0x0000000082600000, size: 2010 MB, Compressed Oops mode: 32-bit

CDS archive(s) mapped at: [0x000001fa2b000000-0x000001fa2bc90000-0x000001fa2bc90000), size 13172736, SharedBaseAddress: 0x000001fa2b000000, ArchiveRelocationMode: 1.
Compressed class space mapped at: 0x000001fa2c000000-0x000001fa6c000000, reserved size: 1073741824
Narrow klass base: 0x000001fa2b000000, Narrow klass shift: 0, Narrow klass range: 0x100000000

GC Precious Log:
 CardTable entry size: 512
 Card Set container configuration: InlinePtr #cards 5 size 8 Array Of Cards #cards 12 size 40 Howl #buckets 4 coarsen threshold 1843 Howl Bitmap #cards 512 size 80 coarsen threshold 460 Card regions per heap region 1 cards per card region 2048
 CPUs: 8 total, 8 available
 Memory: 8035M
 Large Page Support: Disabled
 NUMA Support: Disabled
 Compressed Oops: Enabled (32-bit)
 Heap Region Size: 1M
 Heap Min Capacity: 8M
 Heap Initial Capacity: 126M
 Heap Max Capacity: 2010M
 Pre-touch: Disabled
 Parallel Workers: 8
 Concurrent Workers: 2
 Concurrent Refinement Workers: 8
 Periodic GC: Disabled

Heap:
 garbage-first heap   total 129024K, used 53391K [0x0000000082600000, 0x0000000100000000)
  region size 1024K, 41 young (41984K), 4 survivors (4096K)
 Metaspace       used 14959K, committed 15296K, reserved 1114112K
  class space    used 1708K, committed 1856K, reserved 1048576K

Heap Regions: E=young(eden), S=young(survivor), O=old, HS=humongous(starts), HC=humongous(continues), CS=collection set, F=free, TAMS=top-at-mark-start, PB=parsable bottom
|   0|0x0000000082600000, 0x0000000082700000, 0x0000000082700000|100%|HS|  |TAMS 0x0000000082600000| PB 0x0000000082600000| Complete 
|   1|0x0000000082700000, 0x0000000082800000, 0x0000000082800000|100%|HS|  |TAMS 0x0000000082700000| PB 0x0000000082700000| Complete 
|   2|0x0000000082800000, 0x0000000082900000, 0x0000000082900000|100%|HS|  |TAMS 0x0000000082800000| PB 0x0000000082800000| Complete 
|   3|0x0000000082900000, 0x0000000082a00000, 0x0000000082a00000|100%|HS|  |TAMS 0x0000000082900000| PB 0x0000000082900000| Complete 
|   4|0x0000000082a00000, 0x0000000082b00000, 0x0000000082b00000|100%| O|  |TAMS 0x0000000082a00000| PB 0x0000000082a00000| Untracked 
|   5|0x0000000082b00000, 0x0000000082c00000, 0x0000000082c00000|100%| O|  |TAMS 0x0000000082b00000| PB 0x0000000082b00000| Untracked 
|   6|0x0000000082c00000, 0x0000000082d00000, 0x0000000082d00000|100%| O|  |TAMS 0x0000000082c00000| PB 0x0000000082c00000| Untracked 
|   7|0x0000000082d00000, 0x0000000082e00000, 0x0000000082e00000|100%| O|  |TAMS 0x0000000082d00000| PB 0x0000000082d00000| Untracked 
|   8|0x0000000082e00000, 0x0000000082f00000, 0x0000000082f00000|100%| O|  |TAMS 0x0000000082e00000| PB 0x0000000082e00000| Untracked 
|   9|0x0000000082f00000, 0x0000000083000000, 0x0000000083000000|100%| O|  |TAMS 0x0000000082f00000| PB 0x0000000082f00000| Untracked 
|  10|0x0000000083000000, 0x0000000083000000, 0x0000000083100000|  0%| F|  |TAMS 0x0000000083000000| PB 0x0000000083000000| Untracked 
|  11|0x0000000083100000, 0x0000000083100000, 0x0000000083200000|  0%| F|  |TAMS 0x0000000083100000| PB 0x0000000083100000| Untracked 
|  12|0x0000000083200000, 0x0000000083200000, 0x0000000083300000|  0%| F|  |TAMS 0x0000000083200000| PB 0x0000000083200000| Untracked 
|  13|0x0000000083300000, 0x0000000083400000, 0x0000000083400000|100%| O|  |TAMS 0x0000000083300000| PB 0x0000000083300000| Untracked 
|  14|0x0000000083400000, 0x0000000083500000, 0x0000000083500000|100%| O|  |TAMS 0x0000000083400000| PB 0x0000000083400000| Untracked 
|  15|0x0000000083500000, 0x0000000083600000, 0x0000000083600000|100%| O|  |TAMS 0x0000000083500000| PB 0x0000000083500000| Untracked 
|  16|0x0000000083600000, 0x0000000083623db8, 0x0000000083700000| 14%| O|  |TAMS 0x0000000083600000| PB 0x0000000083600000| Untracked 
|  17|0x0000000083700000, 0x0000000083700000, 0x0000000083800000|  0%| F|  |TAMS 0x0000000083700000| PB 0x0000000083700000| Untracked 
|  18|0x0000000083800000, 0x0000000083800000, 0x0000000083900000|  0%| F|  |TAMS 0x0000000083800000| PB 0x0000000083800000| Untracked 
|  19|0x0000000083900000, 0x0000000083900000, 0x0000000083a00000|  0%| F|  |TAMS 0x0000000083900000| PB 0x0000000083900000| Untracked 
|  20|0x0000000083a00000, 0x0000000083a00000, 0x0000000083b00000|  0%| F|  |TAMS 0x0000000083a00000| PB 0x0000000083a00000| Untracked 
|  21|0x0000000083b00000, 0x0000000083b00000, 0x0000000083c00000|  0%| F|  |TAMS 0x0000000083b00000| PB 0x0000000083b00000| Untracked 
|  22|0x0000000083c00000, 0x0000000083c00000, 0x0000000083d00000|  0%| F|  |TAMS 0x0000000083c00000| PB 0x0000000083c00000| Untracked 
|  23|0x0000000083d00000, 0x0000000083d00000, 0x0000000083e00000|  0%| F|  |TAMS 0x0000000083d00000| PB 0x0000000083d00000| Untracked 
|  24|0x0000000083e00000, 0x0000000083e00000, 0x0000000083f00000|  0%| F|  |TAMS 0x0000000083e00000| PB 0x0000000083e00000| Untracked 
|  25|0x0000000083f00000, 0x0000000083f00000, 0x0000000084000000|  0%| F|  |TAMS 0x0000000083f00000| PB 0x0000000083f00000| Untracked 
|  26|0x0000000084000000, 0x0000000084000000, 0x0000000084100000|  0%| F|  |TAMS 0x0000000084000000| PB 0x0000000084000000| Untracked 
|  27|0x0000000084100000, 0x0000000084100000, 0x0000000084200000|  0%| F|  |TAMS 0x0000000084100000| PB 0x0000000084100000| Untracked 
|  28|0x0000000084200000, 0x0000000084200000, 0x0000000084300000|  0%| F|  |TAMS 0x0000000084200000| PB 0x0000000084200000| Untracked 
|  29|0x0000000084300000, 0x0000000084300000, 0x0000000084400000|  0%| F|  |TAMS 0x0000000084300000| PB 0x0000000084300000| Untracked 
|  30|0x0000000084400000, 0x0000000084400000, 0x0000000084500000|  0%| F|  |TAMS 0x0000000084400000| PB 0x0000000084400000| Untracked 
|  31|0x0000000084500000, 0x0000000084500000, 0x0000000084600000|  0%| F|  |TAMS 0x0000000084500000| PB 0x0000000084500000| Untracked 
|  32|0x0000000084600000, 0x0000000084600000, 0x0000000084700000|  0%| F|  |TAMS 0x0000000084600000| PB 0x0000000084600000| Untracked 
|  33|0x0000000084700000, 0x0000000084700000, 0x0000000084800000|  0%| F|  |TAMS 0x0000000084700000| PB 0x0000000084700000| Untracked 
|  34|0x0000000084800000, 0x0000000084800000, 0x0000000084900000|  0%| F|  |TAMS 0x0000000084800000| PB 0x0000000084800000| Untracked 
|  35|0x0000000084900000, 0x0000000084900000, 0x0000000084a00000|  0%| F|  |TAMS 0x0000000084900000| PB 0x0000000084900000| Untracked 
|  36|0x0000000084a00000, 0x0000000084a00000, 0x0000000084b00000|  0%| F|  |TAMS 0x0000000084a00000| PB 0x0000000084a00000| Untracked 
|  37|0x0000000084b00000, 0x0000000084b00000, 0x0000000084c00000|  0%| F|  |TAMS 0x0000000084b00000| PB 0x0000000084b00000| Untracked 
|  38|0x0000000084c00000, 0x0000000084c00000, 0x0000000084d00000|  0%| F|  |TAMS 0x0000000084c00000| PB 0x0000000084c00000| Untracked 
|  39|0x0000000084d00000, 0x0000000084d00000, 0x0000000084e00000|  0%| F|  |TAMS 0x0000000084d00000| PB 0x0000000084d00000| Untracked 
|  40|0x0000000084e00000, 0x0000000084e00000, 0x0000000084f00000|  0%| F|  |TAMS 0x0000000084e00000| PB 0x0000000084e00000| Untracked 
|  41|0x0000000084f00000, 0x0000000084f00000, 0x0000000085000000|  0%| F|  |TAMS 0x0000000084f00000| PB 0x0000000084f00000| Untracked 
|  42|0x0000000085000000, 0x0000000085000000, 0x0000000085100000|  0%| F|  |TAMS 0x0000000085000000| PB 0x0000000085000000| Untracked 
|  43|0x0000000085100000, 0x0000000085100000, 0x0000000085200000|  0%| F|  |TAMS 0x0000000085100000| PB 0x0000000085100000| Untracked 
|  44|0x0000000085200000, 0x0000000085200000, 0x0000000085300000|  0%| F|  |TAMS 0x0000000085200000| PB 0x0000000085200000| Untracked 
|  45|0x0000000085300000, 0x0000000085300000, 0x0000000085400000|  0%| F|  |TAMS 0x0000000085300000| PB 0x0000000085300000| Untracked 
|  46|0x0000000085400000, 0x0000000085400000, 0x0000000085500000|  0%| F|  |TAMS 0x0000000085400000| PB 0x0000000085400000| Untracked 
|  47|0x0000000085500000, 0x0000000085500000, 0x0000000085600000|  0%| F|  |TAMS 0x0000000085500000| PB 0x0000000085500000| Untracked 
|  48|0x0000000085600000, 0x0000000085600000, 0x0000000085700000|  0%| F|  |TAMS 0x0000000085600000| PB 0x0000000085600000| Untracked 
|  49|0x0000000085700000, 0x0000000085700000, 0x0000000085800000|  0%| F|  |TAMS 0x0000000085700000| PB 0x0000000085700000| Untracked 
|  50|0x0000000085800000, 0x0000000085800000, 0x0000000085900000|  0%| F|  |TAMS 0x0000000085800000| PB 0x0000000085800000| Untracked 
|  51|0x0000000085900000, 0x0000000085900000, 0x0000000085a00000|  0%| F|  |TAMS 0x0000000085900000| PB 0x0000000085900000| Untracked 
|  52|0x0000000085a00000, 0x0000000085a00000, 0x0000000085b00000|  0%| F|  |TAMS 0x0000000085a00000| PB 0x0000000085a00000| Untracked 
|  53|0x0000000085b00000, 0x0000000085b00000, 0x0000000085c00000|  0%| F|  |TAMS 0x0000000085b00000| PB 0x0000000085b00000| Untracked 
|  54|0x0000000085c00000, 0x0000000085c00000, 0x0000000085d00000|  0%| F|  |TAMS 0x0000000085c00000| PB 0x0000000085c00000| Untracked 
|  55|0x0000000085d00000, 0x0000000085d00000, 0x0000000085e00000|  0%| F|  |TAMS 0x0000000085d00000| PB 0x0000000085d00000| Untracked 
|  56|0x0000000085e00000, 0x0000000085e00000, 0x0000000085f00000|  0%| F|  |TAMS 0x0000000085e00000| PB 0x0000000085e00000| Untracked 
|  57|0x0000000085f00000, 0x0000000085f00000, 0x0000000086000000|  0%| F|  |TAMS 0x0000000085f00000| PB 0x0000000085f00000| Untracked 
|  58|0x0000000086000000, 0x0000000086000000, 0x0000000086100000|  0%| F|  |TAMS 0x0000000086000000| PB 0x0000000086000000| Untracked 
|  59|0x0000000086100000, 0x0000000086100000, 0x0000000086200000|  0%| F|  |TAMS 0x0000000086100000| PB 0x0000000086100000| Untracked 
|  60|0x0000000086200000, 0x0000000086200000, 0x0000000086300000|  0%| F|  |TAMS 0x0000000086200000| PB 0x0000000086200000| Untracked 
|  61|0x0000000086300000, 0x0000000086300000, 0x0000000086400000|  0%| F|  |TAMS 0x0000000086300000| PB 0x0000000086300000| Untracked 
|  62|0x0000000086400000, 0x0000000086400000, 0x0000000086500000|  0%| F|  |TAMS 0x0000000086400000| PB 0x0000000086400000| Untracked 
|  63|0x0000000086500000, 0x0000000086500000, 0x0000000086600000|  0%| F|  |TAMS 0x0000000086500000| PB 0x0000000086500000| Untracked 
|  64|0x0000000086600000, 0x0000000086600000, 0x0000000086700000|  0%| F|  |TAMS 0x0000000086600000| PB 0x0000000086600000| Untracked 
|  65|0x0000000086700000, 0x0000000086700000, 0x0000000086800000|  0%| F|  |TAMS 0x0000000086700000| PB 0x0000000086700000| Untracked 
|  66|0x0000000086800000, 0x0000000086800000, 0x0000000086900000|  0%| F|  |TAMS 0x0000000086800000| PB 0x0000000086800000| Untracked 
|  67|0x0000000086900000, 0x0000000086900000, 0x0000000086a00000|  0%| F|  |TAMS 0x0000000086900000| PB 0x0000000086900000| Untracked 
|  68|0x0000000086a00000, 0x0000000086a00000, 0x0000000086b00000|  0%| F|  |TAMS 0x0000000086a00000| PB 0x0000000086a00000| Untracked 
|  69|0x0000000086b00000, 0x0000000086b00000, 0x0000000086c00000|  0%| F|  |TAMS 0x0000000086b00000| PB 0x0000000086b00000| Untracked 
|  70|0x0000000086c00000, 0x0000000086c00000, 0x0000000086d00000|  0%| F|  |TAMS 0x0000000086c00000| PB 0x0000000086c00000| Untracked 
|  71|0x0000000086d00000, 0x0000000086d00000, 0x0000000086e00000|  0%| F|  |TAMS 0x0000000086d00000| PB 0x0000000086d00000| Untracked 
|  72|0x0000000086e00000, 0x0000000086e00000, 0x0000000086f00000|  0%| F|  |TAMS 0x0000000086e00000| PB 0x0000000086e00000| Untracked 
|  73|0x0000000086f00000, 0x0000000086f00000, 0x0000000087000000|  0%| F|  |TAMS 0x0000000086f00000| PB 0x0000000086f00000| Untracked 
|  74|0x0000000087000000, 0x0000000087000000, 0x0000000087100000|  0%| F|  |TAMS 0x0000000087000000| PB 0x0000000087000000| Untracked 
|  75|0x0000000087100000, 0x0000000087100000, 0x0000000087200000|  0%| F|  |TAMS 0x0000000087100000| PB 0x0000000087100000| Untracked 
|  76|0x0000000087200000, 0x0000000087200000, 0x0000000087300000|  0%| F|  |TAMS 0x0000000087200000| PB 0x0000000087200000| Untracked 
|  77|0x0000000087300000, 0x0000000087300000, 0x0000000087400000|  0%| F|  |TAMS 0x0000000087300000| PB 0x0000000087300000| Untracked 
|  78|0x0000000087400000, 0x0000000087400000, 0x0000000087500000|  0%| F|  |TAMS 0x0000000087400000| PB 0x0000000087400000| Untracked 
|  79|0x0000000087500000, 0x0000000087500000, 0x0000000087600000|  0%| F|  |TAMS 0x0000000087500000| PB 0x0000000087500000| Untracked 
|  80|0x0000000087600000, 0x0000000087600000, 0x0000000087700000|  0%| F|  |TAMS 0x0000000087600000| PB 0x0000000087600000| Untracked 
|  81|0x0000000087700000, 0x0000000087700000, 0x0000000087800000|  0%| F|  |TAMS 0x0000000087700000| PB 0x0000000087700000| Untracked 
|  82|0x0000000087800000, 0x0000000087800000, 0x0000000087900000|  0%| F|  |TAMS 0x0000000087800000| PB 0x0000000087800000| Untracked 
|  83|0x0000000087900000, 0x0000000087900000, 0x0000000087a00000|  0%| F|  |TAMS 0x0000000087900000| PB 0x0000000087900000| Untracked 
|  84|0x0000000087a00000, 0x0000000087a00000, 0x0000000087b00000|  0%| F|  |TAMS 0x0000000087a00000| PB 0x0000000087a00000| Untracked 
|  85|0x0000000087b00000, 0x0000000087b6fc20, 0x0000000087c00000| 43%| E|  |TAMS 0x0000000087b00000| PB 0x0000000087b00000| Complete 
|  86|0x0000000087c00000, 0x0000000087d00000, 0x0000000087d00000|100%| E|CS|TAMS 0x0000000087c00000| PB 0x0000000087c00000| Complete 
|  87|0x0000000087d00000, 0x0000000087e00000, 0x0000000087e00000|100%| E|CS|TAMS 0x0000000087d00000| PB 0x0000000087d00000| Complete 
|  88|0x0000000087e00000, 0x0000000087f00000, 0x0000000087f00000|100%| E|CS|TAMS 0x0000000087e00000| PB 0x0000000087e00000| Complete 
|  89|0x0000000087f00000, 0x0000000088000000, 0x0000000088000000|100%| E|CS|TAMS 0x0000000087f00000| PB 0x0000000087f00000| Complete 
|  90|0x0000000088000000, 0x0000000088100000, 0x0000000088100000|100%| E|CS|TAMS 0x0000000088000000| PB 0x0000000088000000| Complete 
|  91|0x0000000088100000, 0x0000000088200000, 0x0000000088200000|100%| E|CS|TAMS 0x0000000088100000| PB 0x0000000088100000| Complete 
|  92|0x0000000088200000, 0x0000000088300000, 0x0000000088300000|100%| E|CS|TAMS 0x0000000088200000| PB 0x0000000088200000| Complete 
|  93|0x0000000088300000, 0x0000000088400000, 0x0000000088400000|100%| E|CS|TAMS 0x0000000088300000| PB 0x0000000088300000| Complete 
|  94|0x0000000088400000, 0x0000000088500000, 0x0000000088500000|100%| E|CS|TAMS 0x0000000088400000| PB 0x0000000088400000| Complete 
|  95|0x0000000088500000, 0x0000000088600000, 0x0000000088600000|100%| E|CS|TAMS 0x0000000088500000| PB 0x0000000088500000| Complete 
|  96|0x0000000088600000, 0x0000000088700000, 0x0000000088700000|100%| S|CS|TAMS 0x0000000088600000| PB 0x0000000088600000| Complete 
|  97|0x0000000088700000, 0x0000000088800000, 0x0000000088800000|100%| S|CS|TAMS 0x0000000088700000| PB 0x0000000088700000| Complete 
|  98|0x0000000088800000, 0x0000000088900000, 0x0000000088900000|100%| S|CS|TAMS 0x0000000088800000| PB 0x0000000088800000| Complete 
|  99|0x0000000088900000, 0x0000000088a00000, 0x0000000088a00000|100%| S|CS|TAMS 0x0000000088900000| PB 0x0000000088900000| Complete 
| 100|0x0000000088a00000, 0x0000000088b00000, 0x0000000088b00000|100%| E|CS|TAMS 0x0000000088a00000| PB 0x0000000088a00000| Complete 
| 101|0x0000000088b00000, 0x0000000088c00000, 0x0000000088c00000|100%| E|CS|TAMS 0x0000000088b00000| PB 0x0000000088b00000| Complete 
| 102|0x0000000088c00000, 0x0000000088d00000, 0x0000000088d00000|100%| E|CS|TAMS 0x0000000088c00000| PB 0x0000000088c00000| Complete 
| 103|0x0000000088d00000, 0x0000000088e00000, 0x0000000088e00000|100%| E|CS|TAMS 0x0000000088d00000| PB 0x0000000088d00000| Complete 
| 104|0x0000000088e00000, 0x0000000088f00000, 0x0000000088f00000|100%| E|CS|TAMS 0x0000000088e00000| PB 0x0000000088e00000| Complete 
| 105|0x0000000088f00000, 0x0000000089000000, 0x0000000089000000|100%| E|CS|TAMS 0x0000000088f00000| PB 0x0000000088f00000| Complete 
| 106|0x0000000089000000, 0x0000000089100000, 0x0000000089100000|100%| E|CS|TAMS 0x0000000089000000| PB 0x0000000089000000| Complete 
| 107|0x0000000089100000, 0x0000000089200000, 0x0000000089200000|100%| E|CS|TAMS 0x0000000089100000| PB 0x0000000089100000| Complete 
| 108|0x0000000089200000, 0x0000000089300000, 0x0000000089300000|100%| E|CS|TAMS 0x0000000089200000| PB 0x0000000089200000| Complete 
| 109|0x0000000089300000, 0x0000000089400000, 0x0000000089400000|100%| E|CS|TAMS 0x0000000089300000| PB 0x0000000089300000| Complete 
| 110|0x0000000089400000, 0x0000000089500000, 0x0000000089500000|100%| E|CS|TAMS 0x0000000089400000| PB 0x0000000089400000| Complete 
| 111|0x0000000089500000, 0x0000000089600000, 0x0000000089600000|100%| E|CS|TAMS 0x0000000089500000| PB 0x0000000089500000| Complete 
| 112|0x0000000089600000, 0x0000000089700000, 0x0000000089700000|100%| E|CS|TAMS 0x0000000089600000| PB 0x0000000089600000| Complete 
| 113|0x0000000089700000, 0x0000000089800000, 0x0000000089800000|100%| E|  |TAMS 0x0000000089700000| PB 0x0000000089700000| Complete 
| 114|0x0000000089800000, 0x0000000089900000, 0x0000000089900000|100%| E|CS|TAMS 0x0000000089800000| PB 0x0000000089800000| Complete 
| 115|0x0000000089900000, 0x0000000089a00000, 0x0000000089a00000|100%| E|CS|TAMS 0x0000000089900000| PB 0x0000000089900000| Complete 
| 116|0x0000000089a00000, 0x0000000089b00000, 0x0000000089b00000|100%| E|CS|TAMS 0x0000000089a00000| PB 0x0000000089a00000| Complete 
| 117|0x0000000089b00000, 0x0000000089c00000, 0x0000000089c00000|100%| E|CS|TAMS 0x0000000089b00000| PB 0x0000000089b00000| Complete 
| 118|0x0000000089c00000, 0x0000000089d00000, 0x0000000089d00000|100%| E|CS|TAMS 0x0000000089c00000| PB 0x0000000089c00000| Complete 
| 119|0x0000000089d00000, 0x0000000089e00000, 0x0000000089e00000|100%| E|CS|TAMS 0x0000000089d00000| PB 0x0000000089d00000| Complete 
| 120|0x0000000089e00000, 0x0000000089f00000, 0x0000000089f00000|100%| E|CS|TAMS 0x0000000089e00000| PB 0x0000000089e00000| Complete 
| 121|0x0000000089f00000, 0x000000008a000000, 0x000000008a000000|100%| E|CS|TAMS 0x0000000089f00000| PB 0x0000000089f00000| Complete 
| 122|0x000000008a000000, 0x000000008a100000, 0x000000008a100000|100%| E|CS|TAMS 0x000000008a000000| PB 0x000000008a000000| Complete 
| 123|0x000000008a100000, 0x000000008a200000, 0x000000008a200000|100%| E|CS|TAMS 0x000000008a100000| PB 0x000000008a100000| Complete 
| 124|0x000000008a200000, 0x000000008a300000, 0x000000008a300000|100%| E|CS|TAMS 0x000000008a200000| PB 0x000000008a200000| Complete 
| 125|0x000000008a300000, 0x000000008a400000, 0x000000008a400000|100%| E|CS|TAMS 0x000000008a300000| PB 0x000000008a300000| Complete 

Card table byte_map: [0x000001fa25af0000,0x000001fa25ee0000] _byte_map_base: 0x000001fa256dd000

Marking Bits: (CMBitMap*) 0x000001fa0c05f280
 Bits: [0x000001fa25ee0000, 0x000001fa27e48000)

Polling page: 0x000001fa0bea0000

Metaspace:

Usage:
  Non-class:     12.99 MB used.
      Class:      1.67 MB used.
       Both:     14.66 MB used.

Virtual space:
  Non-class space:       64.00 MB reserved,      13.19 MB ( 21%) committed,  1 nodes.
      Class space:        1.00 GB reserved,       1.81 MB ( <1%) committed,  1 nodes.
             Both:        1.06 GB reserved,      15.00 MB (  1%) committed. 

Chunk freelists:
   Non-Class:  2.77 MB
       Class:  14.00 MB
        Both:  16.77 MB

MaxMetaspaceSize: unlimited
CompressedClassSpaceSize: 1.00 GB
Initial GC threshold: 21.00 MB
Current GC threshold: 21.00 MB
CDS: on
 - commit_granule_bytes: 65536.
 - commit_granule_words: 8192.
 - virtual_space_node_default_size: 8388608.
 - enlarge_chunks_in_place: 1.
 - use_allocation_guard: 0.


Internal statistics:

num_allocs_failed_limit: 0.
num_arena_births: 382.
num_arena_deaths: 0.
num_vsnodes_births: 2.
num_vsnodes_deaths: 0.
num_space_committed: 240.
num_space_uncommitted: 0.
num_chunks_returned_to_freelist: 0.
num_chunks_taken_from_freelist: 864.
num_chunk_merges: 0.
num_chunk_splits: 542.
num_chunks_enlarged: 339.
num_inconsistent_stats: 0.

CodeHeap 'non-profiled nmethods': size=120000Kb used=1034Kb max_used=1034Kb free=118966Kb
 bounds [0x000001fa1d750000, 0x000001fa1d9c0000, 0x000001fa24c80000]
CodeHeap 'profiled nmethods': size=120000Kb used=3963Kb max_used=3963Kb free=116036Kb
 bounds [0x000001fa15c80000, 0x000001fa16060000, 0x000001fa1d1b0000]
CodeHeap 'non-nmethods': size=5760Kb used=1435Kb max_used=1456Kb free=4324Kb
 bounds [0x000001fa1d1b0000, 0x000001fa1d420000, 0x000001fa1d750000]
 total_blobs=2703 nmethods=2181 adapters=426
 compilation: enabled
              stopped_count=0, restarted_count=0
 full_count=0

Compilation events (20 events):
Event: 1.869 Thread 0x000001fa2a40d070 2142       3       java.lang.invoke.MethodHandle::getApproximateCommonClassLoader (58 bytes)
Event: 1.869 Thread 0x000001fa2a4088a0 2148       4       org.springframework.util.ConcurrentReferenceHashMap::getSegmentForHash (23 bytes)
Event: 1.869 Thread 0x000001fa2a40d070 nmethod 2142 0x000001fa1604c310 code [0x000001fa1604c580, 0x000001fa1604d0c0]
Event: 1.869 Thread 0x000001fa2a40d070 2146       3       org.springframework.boot.context.properties.source.CachingConfigurationPropertySource::find (21 bytes)
Event: 1.870 Thread 0x000001fa2a40d070 nmethod 2146 0x000001fa1604d510 code [0x000001fa1604d6e0, 0x000001fa1604dac0]
Event: 1.870 Thread 0x000001fa2a40d070 2147       3       java.util.Collections::emptySet (4 bytes)
Event: 1.870 Thread 0x000001fa2a40d070 nmethod 2147 0x000001fa1604dc10 code [0x000001fa1604dda0, 0x000001fa1604de98]
Event: 1.870 Thread 0x000001fa2a40d070 2145       3       java.lang.invoke.MethodHandles$Lookup::resolveOrFail (44 bytes)
Event: 1.870 Thread 0x000001fa2a4088a0 nmethod 2148 0x000001fa1d850590 code [0x000001fa1d850720, 0x000001fa1d850800]
Event: 1.870 Thread 0x000001fa2a40d070 nmethod 2145 0x000001fa1604df10 code [0x000001fa1604e1c0, 0x000001fa1604eda8]
Event: 1.870 Thread 0x000001fa2a40d070 2149       3       org.springframework.boot.context.properties.source.ConfigurationPropertyName$$Lambda/0x000001fa2c175530::test (6 bytes)
Event: 1.870 Thread 0x000001fa2a40d070 nmethod 2149 0x000001fa1604f210 code [0x000001fa1604f3e0, 0x000001fa1604f800]
Event: 1.871 Thread 0x000001fa2a40d070 2150       3       org.springframework.boot.context.properties.source.ConfigurationPropertyName::lambda$convertToUniformElement$0 (5 bytes)
Event: 1.871 Thread 0x000001fa2a40d070 nmethod 2150 0x000001fa1604f990 code [0x000001fa1604fb60, 0x000001fa1604ff00]
Event: 1.871 Thread 0x000001fa2a40d070 2151       3       org.springframework.boot.context.properties.source.SpringConfigurationPropertySource::getPropertySourceProperty (36 bytes)
Event: 1.871 Thread 0x000001fa2a40d070 nmethod 2151 0x000001fa16050010 code [0x000001fa16050200, 0x000001fa16050880]
Event: 1.871 Thread 0x000001fa2a40d070 2152       3       java.util.Collections$SingletonList::iterator (8 bytes)
Event: 1.871 Thread 0x000001fa2a40d070 nmethod 2152 0x000001fa16050a10 code [0x000001fa16050bc0, 0x000001fa16050ea0]
Event: 1.871 Thread 0x000001fa2a40d070 2144       3       java.lang.Module::canRead (86 bytes)
Event: 1.871 Thread 0x000001fa2a4088a0 2153       4       jdk.internal.org.objectweb.asm.Frame::execute (2305 bytes)

GC Heap History (4 events):
Event: 0.728 GC heap before
{Heap before GC invocations=0 (full 0):
 garbage-first heap   total 129024K, used 26624K [0x0000000082600000, 0x0000000100000000)
  region size 1024K, 23 young (23552K), 0 survivors (0K)
 Metaspace       used 4361K, committed 4480K, reserved 1114112K
  class space    used 470K, committed 512K, reserved 1048576K
}
Event: 0.735 GC heap after
{Heap after GC invocations=1 (full 0):
 garbage-first heap   total 129024K, used 11519K [0x0000000082600000, 0x0000000100000000)
  region size 1024K, 3 young (3072K), 3 survivors (3072K)
 Metaspace       used 4361K, committed 4480K, reserved 1114112K
  class space    used 470K, committed 512K, reserved 1048576K
}
Event: 1.210 GC heap before
{Heap before GC invocations=1 (full 0):
 garbage-first heap   total 129024K, used 38143K [0x0000000082600000, 0x0000000100000000)
  region size 1024K, 26 young (26624K), 3 survivors (3072K)
 Metaspace       used 8373K, committed 8576K, reserved 1114112K
  class space    used 851K, committed 960K, reserved 1048576K
}
Event: 1.218 GC heap after
{Heap after GC invocations=2 (full 0):
 garbage-first heap   total 129024K, used 16527K [0x0000000082600000, 0x0000000100000000)
  region size 1024K, 4 young (4096K), 4 survivors (4096K)
 Metaspace       used 8373K, committed 8576K, reserved 1114112K
  class space    used 851K, committed 960K, reserved 1048576K
}

Dll operation events (11 events):
Event: 0.010 Loaded shared library C:\Program Files\Java\jdk-21\bin\java.dll
Event: 0.052 Loaded shared library C:\Program Files\Java\jdk-21\bin\jsvml.dll
Event: 0.180 Loaded shared library C:\Program Files\Java\jdk-21\bin\zip.dll
Event: 0.185 Loaded shared library C:\Program Files\Java\jdk-21\bin\instrument.dll
Event: 0.189 Loaded shared library C:\Program Files\Java\jdk-21\bin\net.dll
Event: 0.191 Loaded shared library C:\Program Files\Java\jdk-21\bin\nio.dll
Event: 0.198 Loaded shared library C:\Program Files\Java\jdk-21\bin\zip.dll
Event: 0.351 Loaded shared library C:\Program Files\Java\jdk-21\bin\extnet.dll
Event: 0.358 Loaded shared library C:\Program Files\Java\jdk-21\bin\jimage.dll
Event: 1.425 Loaded shared library C:\Program Files\Java\jdk-21\bin\management.dll
Event: 1.428 Loaded shared library C:\Program Files\Java\jdk-21\bin\management_ext.dll

Deoptimization events (20 events):
Event: 1.500 Thread 0x000001fa7188d850 Uncommon trap: trap_request=0xffffff45 fr.pc=0x000001fa1d79456c relative=0x0000000000001b4c
Event: 1.500 Thread 0x000001fa7188d850 Uncommon trap: reason=unstable_if action=reinterpret pc=0x000001fa1d79456c method=java.io.WinNTFileSystem.normalize(Ljava/lang/String;)Ljava/lang/String; @ 128 c2
Event: 1.500 Thread 0x000001fa7188d850 DEOPT PACKING pc=0x000001fa1d79456c sp=0x000000c7da7fdda0
Event: 1.500 Thread 0x000001fa7188d850 DEOPT UNPACKING pc=0x000001fa1d2046a2 sp=0x000000c7da7fdd88 mode 2
Event: 1.516 Thread 0x000001fa7188d850 Uncommon trap: trap_request=0xffffff45 fr.pc=0x000001fa1d801848 relative=0x0000000000000e48
Event: 1.516 Thread 0x000001fa7188d850 Uncommon trap: reason=unstable_if action=reinterpret pc=0x000001fa1d801848 method=java.util.concurrent.ConcurrentHashMap.putVal(Ljava/lang/Object;Ljava/lang/Object;Z)Ljava/lang/Object; @ 231 c2
Event: 1.516 Thread 0x000001fa7188d850 DEOPT PACKING pc=0x000001fa1d801848 sp=0x000000c7da7fed40
Event: 1.516 Thread 0x000001fa7188d850 DEOPT UNPACKING pc=0x000001fa1d2046a2 sp=0x000000c7da7fecb0 mode 2
Event: 1.528 Thread 0x000001fa7188d850 Uncommon trap: trap_request=0xffffff45 fr.pc=0x000001fa1d7e498c relative=0x000000000000006c
Event: 1.528 Thread 0x000001fa7188d850 Uncommon trap: reason=unstable_if action=reinterpret pc=0x000001fa1d7e498c method=java.util.LinkedHashMap.afterNodeInsertion(Z)V @ 1 c2
Event: 1.528 Thread 0x000001fa7188d850 DEOPT PACKING pc=0x000001fa1d7e498c sp=0x000000c7da7fd5d0
Event: 1.528 Thread 0x000001fa7188d850 DEOPT UNPACKING pc=0x000001fa1d2046a2 sp=0x000000c7da7fd540 mode 2
Event: 1.536 Thread 0x000001fa7188d850 Uncommon trap: trap_request=0xffffff45 fr.pc=0x000001fa1d7c7c74 relative=0x00000000000000d4
Event: 1.536 Thread 0x000001fa7188d850 Uncommon trap: reason=unstable_if action=reinterpret pc=0x000001fa1d7c7c74 method=java.util.concurrent.locks.ReentrantLock$Sync.tryRelease(I)Z @ 26 c2
Event: 1.536 Thread 0x000001fa7188d850 DEOPT PACKING pc=0x000001fa1d7c7c74 sp=0x000000c7da7fe100
Event: 1.536 Thread 0x000001fa7188d850 DEOPT UNPACKING pc=0x000001fa1d2046a2 sp=0x000000c7da7fe0a0 mode 2
Event: 1.778 Thread 0x000001fa7188d850 Uncommon trap: trap_request=0xffffff6e fr.pc=0x000001fa1d7b8bbc relative=0x000000000000047c
Event: 1.778 Thread 0x000001fa7188d850 Uncommon trap: reason=loop_limit_check action=maybe_recompile pc=0x000001fa1d7b8bbc method=java.lang.StringLatin1.indexOf([BI[BII)I @ 37 c2
Event: 1.778 Thread 0x000001fa7188d850 DEOPT PACKING pc=0x000001fa1d7b8bbc sp=0x000000c7da7fdc20
Event: 1.778 Thread 0x000001fa7188d850 DEOPT UNPACKING pc=0x000001fa1d2046a2 sp=0x000000c7da7fdb80 mode 2

Classes loaded (20 events):
Event: 1.837 Loading class java/util/LinkedList
Event: 1.837 Loading class java/util/AbstractSequentialList
Event: 1.837 Loading class java/util/AbstractSequentialList done
Event: 1.837 Loading class java/util/LinkedList done
Event: 1.865 Loading class java/beans/Introspector
Event: 1.866 Loading class java/beans/Introspector done
Event: 1.866 Loading class java/beans/EventSetDescriptor
Event: 1.866 Loading class java/beans/FeatureDescriptor
Event: 1.866 Loading class java/beans/FeatureDescriptor done
Event: 1.866 Loading class java/beans/EventSetDescriptor done
Event: 1.866 Loading class java/beans/Introspector$1
Event: 1.866 Loading class jdk/internal/access/JavaBeansAccess
Event: 1.866 Loading class jdk/internal/access/JavaBeansAccess done
Event: 1.866 Loading class java/beans/Introspector$1 done
Event: 1.869 Loading class sun/reflect/generics/scope/MethodScope
Event: 1.869 Loading class sun/reflect/generics/scope/MethodScope done
Event: 1.869 Loading class sun/reflect/generics/repository/MethodRepository
Event: 1.869 Loading class sun/reflect/generics/repository/MethodRepository done
Event: 1.869 Loading class java/util/AbstractList$ListItr
Event: 1.870 Loading class java/util/AbstractList$ListItr done

Classes unloaded (0 events):
No events

Classes redefined (0 events):
No events

Internal exceptions (20 events):
Event: 1.792 Thread 0x000001fa7188d850 Exception <a 'java/lang/NoSuchMethodError'{0x0000000087f253d8}: 'int java.lang.invoke.DirectMethodHandle$Holder.invokeVirtual(java.lang.Object, java.lang.Object)'> (0x0000000087f253d8) 
thrown [s\open\src\hotspot\share\interpreter\linkResolver.cpp, line 773]
Event: 1.798 Thread 0x000001fa7188d850 Exception <a 'java/lang/NoSuchMethodError'{0x0000000087f51cb8}: 'java.lang.Object java.lang.invoke.DirectMethodHandle$Holder.invokeStaticInit(java.lang.Object, java.lang.Object, java.lang.Object, java.lang.Object, java.lang.Object, java.lang.Object, java.lang.Object)'> (0x0000000087f51cb8) 
thrown [s\open\src\hotspot\share\interpreter\linkResolver.cpp, line 773]
Event: 1.798 Thread 0x000001fa7188d850 Exception <a 'java/lang/NoSuchMethodError'{0x0000000087f5a588}: 'java.lang.Object java.lang.invoke.Invokers$Holder.invoke_MT(java.lang.Object, java.lang.Object, java.lang.Object, java.lang.Object, java.lang.Object, java.lang.Object, java.lang.Object, java.lang.Object, java.lang.Object, java.lang.Object)'> (0x0000000087f5a588) 
thrown [s\open\src\hotspot\share\interpreter\linkResolver.cpp, line 773]
Event: 1.799 Thread 0x000001fa7188d850 Exception <a 'java/lang/NoSuchMethodError'{0x0000000087f601b0}: 'java.lang.Object java.lang.invoke.DirectMethodHandle$Holder.invokeStatic(java.lang.Object, java.lang.Object, int)'> (0x0000000087f601b0) 
thrown [s\open\src\hotspot\share\interpreter\linkResolver.cpp, line 773]
Event: 1.801 Thread 0x000001fa7188d850 Exception <a 'java/lang/NoSuchMethodError'{0x0000000087f72980}: 'void java.lang.invoke.DelegatingMethodHandle$Holder.delegate(java.lang.Object, java.lang.Object, int, java.lang.Object)'> (0x0000000087f72980) 
thrown [s\open\src\hotspot\share\interpreter\linkResolver.cpp, line 773]
Event: 1.803 Thread 0x000001fa7188d850 Exception <a 'java/lang/NoSuchMethodError'{0x0000000087f90bc0}: 'int java.lang.invoke.DirectMethodHandle$Holder.invokeVirtual(java.lang.Object, java.lang.Object, java.lang.Object)'> (0x0000000087f90bc0) 
thrown [s\open\src\hotspot\share\interpreter\linkResolver.cpp, line 773]
Event: 1.804 Thread 0x000001fa7188d850 Exception <a 'java/lang/NoSuchMethodError'{0x0000000087f95080}: 'int java.lang.invoke.DirectMethodHandle$Holder.invokeStaticInit(java.lang.Object, int, int)'> (0x0000000087f95080) 
thrown [s\open\src\hotspot\share\interpreter\linkResolver.cpp, line 773]
Event: 1.804 Thread 0x000001fa7188d850 Exception <a 'java/lang/NoSuchMethodError'{0x0000000087f9c710}: 'int java.lang.invoke.DirectMethodHandle$Holder.invokeStaticInit(java.lang.Object, long, long)'> (0x0000000087f9c710) 
thrown [s\open\src\hotspot\share\interpreter\linkResolver.cpp, line 773]
Event: 1.804 Thread 0x000001fa7188d850 Exception <a 'java/lang/NoSuchMethodError'{0x0000000087fa32f8}: 'int java.lang.invoke.DirectMethodHandle$Holder.invokeStaticInit(java.lang.Object, float, float)'> (0x0000000087fa32f8) 
thrown [s\open\src\hotspot\share\interpreter\linkResolver.cpp, line 773]
Event: 1.805 Thread 0x000001fa7188d850 Exception <a 'java/lang/NoSuchMethodError'{0x0000000087faa120}: 'int java.lang.invoke.DirectMethodHandle$Holder.invokeStaticInit(java.lang.Object, double, double)'> (0x0000000087faa120) 
thrown [s\open\src\hotspot\share\interpreter\linkResolver.cpp, line 773]
Event: 1.805 Thread 0x000001fa7188d850 Exception <a 'java/lang/NoSuchMethodError'{0x0000000087fae748}: 'int java.lang.invoke.DirectMethodHandle$Holder.invokeStatic(java.lang.Object, long)'> (0x0000000087fae748) 
thrown [s\open\src\hotspot\share\interpreter\linkResolver.cpp, line 773]
Event: 1.808 Thread 0x000001fa7188d850 Exception <a 'java/lang/NoSuchMethodError'{0x0000000087fcfea8}: 'int java.lang.invoke.Invokers$Holder.linkToTargetMethod(java.lang.Object, java.lang.Object)'> (0x0000000087fcfea8) 
thrown [s\open\src\hotspot\share\interpreter\linkResolver.cpp, line 773]
Event: 1.819 Thread 0x000001fa7188d850 Exception <a 'java/lang/NoSuchMethodError'{0x0000000087e4f460}: 'java.lang.Object java.lang.invoke.DirectMethodHandle$Holder.invokeSpecial(java.lang.Object, java.lang.Object, java.lang.Object, int, java.lang.Object)'> (0x0000000087e4f460) 
thrown [s\open\src\hotspot\share\interpreter\linkResolver.cpp, line 773]
Event: 1.820 Thread 0x000001fa7188d850 Exception <a 'java/lang/NoSuchMethodError'{0x0000000087e56c78}: 'java.lang.Object java.lang.invoke.DirectMethodHandle$Holder.newInvokeSpecial(java.lang.Object, java.lang.Object, java.lang.Object, int, java.lang.Object)'> (0x0000000087e56c78) 
thrown [s\open\src\hotspot\share\interpreter\linkResolver.cpp, line 773]
Event: 1.820 Thread 0x000001fa7188d850 Exception <a 'java/lang/NoSuchMethodError'{0x0000000087e5e150}: 'java.lang.Object java.lang.invoke.Invokers$Holder.linkToTargetMethod(java.lang.Object, java.lang.Object, int, java.lang.Object, java.lang.Object)'> (0x0000000087e5e150) 
thrown [s\open\src\hotspot\share\interpreter\linkResolver.cpp, line 773]
Event: 1.821 Thread 0x000001fa7188d850 Exception <a 'java/lang/NoSuchMethodError'{0x0000000087e6d378}: 'java.lang.Object java.lang.invoke.DirectMethodHandle$Holder.newInvokeSpecial(java.lang.Object, int, java.lang.Object)'> (0x0000000087e6d378) 
thrown [s\open\src\hotspot\share\interpreter\linkResolver.cpp, line 773]
Event: 1.822 Thread 0x000001fa7188d850 Exception <a 'java/lang/NoSuchMethodError'{0x0000000087e71fb8}: 'int java.lang.invoke.DirectMethodHandle$Holder.invokeSpecialIFC(java.lang.Object, java.lang.Object, java.lang.Object, java.lang.Object)'> (0x0000000087e71fb8) 
thrown [s\open\src\hotspot\share\interpreter\linkResolver.cpp, line 773]
Event: 1.841 Thread 0x000001fa7188d850 Exception <a 'java/lang/NoSuchMethodError'{0x0000000087d172f0}: 'void java.lang.invoke.DirectMethodHandle$Holder.invokeInterface(java.lang.Object, java.lang.Object, java.lang.Object)'> (0x0000000087d172f0) 
thrown [s\open\src\hotspot\share\interpreter\linkResolver.cpp, line 773]
Event: 1.859 Thread 0x000001fa7188d850 Exception <a 'java/lang/NoSuchMethodError'{0x0000000087da2a80}: 'java.lang.Object java.lang.invoke.Invokers$Holder.invoke_MT(java.lang.Object, java.lang.Object, java.lang.Object, java.lang.Object, java.lang.Object, java.lang.Object, java.lang.Object, java.lang.Object, java.lang.Object)'> (0x0000000087da2a80) 
thrown [s\open\src\hotspot\share\interpreter\linkResolver.cpp, line 773]
Event: 1.863 Thread 0x000001fa7188d850 Exception <a 'java/lang/NoSuchMethodError'{0x0000000087dce9f8}: 'java.lang.reflect.Field[] java.lang.Class.getDeclaredFields(java.lang.Class)'> (0x0000000087dce9f8) 
thrown [s\open\src\hotspot\share\interpreter\linkResolver.cpp, line 773]

ZGC Phase Switch (0 events):
No events

VM Operations (20 events):
Event: 0.559 Executing VM operation: HandshakeAllThreads (Deoptimize)
Event: 0.559 Executing VM operation: HandshakeAllThreads (Deoptimize) done
Event: 0.583 Executing VM operation: HandshakeAllThreads (Deoptimize)
Event: 0.583 Executing VM operation: HandshakeAllThreads (Deoptimize) done
Event: 0.583 Executing VM operation: HandshakeAllThreads (Deoptimize)
Event: 0.583 Executing VM operation: HandshakeAllThreads (Deoptimize) done
Event: 0.727 Executing VM operation: G1CollectForAllocation (G1 Evacuation Pause)
Event: 0.735 Executing VM operation: G1CollectForAllocation (G1 Evacuation Pause) done
Event: 0.874 Executing VM operation: HandshakeAllThreads (Deoptimize)
Event: 0.874 Executing VM operation: HandshakeAllThreads (Deoptimize) done
Event: 1.165 Executing VM operation: HandshakeAllThreads (Deoptimize)
Event: 1.165 Executing VM operation: HandshakeAllThreads (Deoptimize) done
Event: 1.210 Executing VM operation: G1CollectForAllocation (G1 Evacuation Pause)
Event: 1.218 Executing VM operation: G1CollectForAllocation (G1 Evacuation Pause) done
Event: 1.233 Executing VM operation: HandshakeAllThreads (Deoptimize)
Event: 1.233 Executing VM operation: HandshakeAllThreads (Deoptimize) done
Event: 1.799 Executing VM operation: HandshakeAllThreads (Deoptimize)
Event: 1.799 Executing VM operation: HandshakeAllThreads (Deoptimize) done
Event: 1.855 Executing VM operation: ICBufferFull
Event: 1.855 Executing VM operation: ICBufferFull done

Events (17 events):
Event: 0.031 Thread 0x000001fa0c007f60 Thread added: 0x000001fa0c007f60
Event: 0.049 Thread 0x000001fa2a3fd6a0 Thread added: 0x000001fa2a3fd6a0
Event: 0.049 Thread 0x000001fa2a3fe3b0 Thread added: 0x000001fa2a3fe3b0
Event: 0.050 Thread 0x000001fa2a400f80 Thread added: 0x000001fa2a400f80
Event: 0.050 Thread 0x000001fa2a401c50 Thread added: 0x000001fa2a401c50
Event: 0.050 Thread 0x000001fa2a4026a0 Thread added: 0x000001fa2a4026a0
Event: 0.050 Thread 0x000001fa2a4030f0 Thread added: 0x000001fa2a4030f0
Event: 0.050 Thread 0x000001fa2a4088a0 Thread added: 0x000001fa2a4088a0
Event: 0.050 Thread 0x000001fa2a40d070 Thread added: 0x000001fa2a40d070
Event: 0.158 Thread 0x000001fa2a3ce330 Thread added: 0x000001fa2a3ce330
Event: 0.231 Thread 0x000001fa2a40a790 Thread added: 0x000001fa2a40a790
Event: 0.341 Thread 0x000001fa703be640 Thread added: 0x000001fa703be640
Event: 0.341 Thread 0x000001fa701bb0a0 Thread added: 0x000001fa701bb0a0
Event: 0.582 Thread 0x000001fa2a40c9a0 Thread added: 0x000001fa2a40c9a0
Event: 1.141 Thread 0x000001fa2a40c9a0 Thread exited: 0x000001fa2a40c9a0
Event: 1.492 Thread 0x000001fa7194d2c0 Thread added: 0x000001fa7194d2c0
Event: 1.498 Thread 0x000001fa7188d850 Thread added: 0x000001fa7188d850


Dynamic libraries:
0x00007ff7ded70000 - 0x00007ff7ded80000 	C:\Program Files\Java\jdk-21\bin\java.exe
0x00007ff87bf70000 - 0x00007ff87c168000 	C:\Windows\SYSTEM32\ntdll.dll
0x00007ff87b510000 - 0x00007ff87b5d2000 	C:\Windows\System32\KERNEL32.DLL
0x00007ff879c40000 - 0x00007ff879f37000 	C:\Windows\System32\KERNELBASE.dll
0x00007ff879820000 - 0x00007ff879920000 	C:\Windows\System32\ucrtbase.dll
0x00007ff84ba90000 - 0x00007ff84baa9000 	C:\Program Files\Java\jdk-21\bin\jli.dll
0x00007ff84bab0000 - 0x00007ff84bacb000 	C:\Program Files\Java\jdk-21\bin\VCRUNTIME140.dll
0x00007ff87b5e0000 - 0x00007ff87b691000 	C:\Windows\System32\ADVAPI32.dll
0x00007ff87b8d0000 - 0x00007ff87b96e000 	C:\Windows\System32\msvcrt.dll
0x00007ff879fd0000 - 0x00007ff87a06f000 	C:\Windows\System32\sechost.dll
0x00007ff87b380000 - 0x00007ff87b4a6000 	C:\Windows\System32\RPCRT4.dll
0x00007ff8795e0000 - 0x00007ff879607000 	C:\Windows\System32\bcrypt.dll
0x00007ff87b970000 - 0x00007ff87bb0d000 	C:\Windows\System32\USER32.dll
0x00007ff879f40000 - 0x00007ff879f62000 	C:\Windows\System32\win32u.dll
0x00007ff861a10000 - 0x00007ff861cab000 	C:\Windows\WinSxS\amd64_microsoft.windows.common-controls_6595b64144ccf1df_6.0.19041.6926_none_60b5a53971f8f7e6\COMCTL32.dll
0x00007ff87bd50000 - 0x00007ff87bd7b000 	C:\Windows\System32\GDI32.dll
0x00007ff879b20000 - 0x00007ff879c3a000 	C:\Windows\System32\gdi32full.dll
0x00007ff879920000 - 0x00007ff8799bd000 	C:\Windows\System32\msvcp_win.dll
0x00007ff8713d0000 - 0x00007ff8713da000 	C:\Windows\SYSTEM32\VERSION.dll
0x00007ff87bb20000 - 0x00007ff87bb4f000 	C:\Windows\System32\IMM32.DLL
0x00007ff870670000 - 0x00007ff87067c000 	C:\Program Files\Java\jdk-21\bin\vcruntime140_1.dll
0x00007ff83ba60000 - 0x00007ff83baee000 	C:\Program Files\Java\jdk-21\bin\msvcp140.dll
0x00007ffff3f20000 - 0x00007ffff4c3a000 	C:\Program Files\Java\jdk-21\bin\server\jvm.dll
0x00007ff87bd80000 - 0x00007ff87bdeb000 	C:\Windows\System32\WS2_32.dll
0x00007ff878b30000 - 0x00007ff878b7b000 	C:\Windows\SYSTEM32\POWRPROF.dll
0x00007ff85eca0000 - 0x00007ff85ecc7000 	C:\Windows\SYSTEM32\WINMM.dll
0x00007ff8789a0000 - 0x00007ff8789b2000 	C:\Windows\SYSTEM32\UMPDC.dll
0x00007ff877df0000 - 0x00007ff877e02000 	C:\Windows\SYSTEM32\kernel.appcore.dll
0x00007ff84f4b0000 - 0x00007ff84f4ba000 	C:\Program Files\Java\jdk-21\bin\jimage.dll
0x00007ff8742e0000 - 0x00007ff8744e1000 	C:\Windows\SYSTEM32\DBGHELP.DLL
0x00007ff862760000 - 0x00007ff862794000 	C:\Windows\SYSTEM32\dbgcore.DLL
0x00007ff8796e0000 - 0x00007ff879762000 	C:\Windows\System32\bcryptPrimitives.dll
0x00007ff84c320000 - 0x00007ff84c32f000 	C:\Program Files\Java\jdk-21\bin\instrument.dll
0x00007ff84ba70000 - 0x00007ff84ba8f000 	C:\Program Files\Java\jdk-21\bin\java.dll
0x00007ff87ac00000 - 0x00007ff87b371000 	C:\Windows\System32\SHELL32.dll
0x00007ff8744f0000 - 0x00007ff874c96000 	C:\Windows\SYSTEM32\windows.storage.dll
0x00007ff87a150000 - 0x00007ff87a4a3000 	C:\Windows\System32\combase.dll
0x00007ff879000000 - 0x00007ff87902b000 	C:\Windows\SYSTEM32\Wldp.dll
0x00007ff87bdf0000 - 0x00007ff87bec6000 	C:\Windows\System32\OLEAUT32.dll
0x00007ff87bc90000 - 0x00007ff87bd3d000 	C:\Windows\System32\SHCORE.dll
0x00007ff87a0f0000 - 0x00007ff87a14b000 	C:\Windows\System32\shlwapi.dll
0x00007ff879500000 - 0x00007ff879524000 	C:\Windows\SYSTEM32\profapi.dll
0x00007ff839f80000 - 0x00007ff83a057000 	C:\Program Files\Java\jdk-21\bin\jsvml.dll
0x00007ff848720000 - 0x00007ff848738000 	C:\Program Files\Java\jdk-21\bin\zip.dll
0x00007ff84c980000 - 0x00007ff84c990000 	C:\Program Files\Java\jdk-21\bin\net.dll
0x00007ff86c050000 - 0x00007ff86c15a000 	C:\Windows\SYSTEM32\WINHTTP.dll
0x00007ff878d30000 - 0x00007ff878d9a000 	C:\Windows\system32\mswsock.dll
0x00007ff84ba50000 - 0x00007ff84ba66000 	C:\Program Files\Java\jdk-21\bin\nio.dll
0x00007ff84c1f0000 - 0x00007ff84c1f9000 	C:\Program Files\Java\jdk-21\bin\extnet.dll
0x00007ff84b9e0000 - 0x00007ff84b9ea000 	C:\Program Files\Java\jdk-21\bin\management.dll
0x00007ff84b8f0000 - 0x00007ff84b8fb000 	C:\Program Files\Java\jdk-21\bin\management_ext.dll
0x00007ff87bb10000 - 0x00007ff87bb18000 	C:\Windows\System32\PSAPI.DLL
0x00007ff8789c0000 - 0x00007ff8789fb000 	C:\Windows\SYSTEM32\IPHLPAPI.DLL
0x00007ff87bd40000 - 0x00007ff87bd48000 	C:\Windows\System32\NSI.dll

dbghelp: loaded successfully - version: 4.0.5 - missing functions: none
symbol engine: initialized successfully - sym options: 0x614 - pdb path: .;C:\Program Files\Java\jdk-21\bin;C:\Windows\SYSTEM32;C:\Windows\WinSxS\amd64_microsoft.windows.common-controls_6595b64144ccf1df_6.0.19041.6926_none_60b5a53971f8f7e6;C:\Program Files\Java\jdk-21\bin\server

VM Arguments:
jvm_args: -javaagent:C:\Program Files\JetBrains\IntelliJ IDEA Community Edition 2025.1.3\lib\idea_rt.jar=52031 -Dfile.encoding=UTF-8 -Dsun.stdout.encoding=UTF-8 -Dsun.stderr.encoding=UTF-8 
java_command: com.hms.user.UserServiceApplication
java_class_path (initial): D:\Hospital Management Service\HMS-Backend\UserMs\target\classes;D:\MavenRepo\software\amazon\awssdk\secretsmanager\2.25.0\secretsmanager-2.25.0.jar;D:\MavenRepo\software\amazon\awssdk\aws-json-protocol\2.25.0\aws-json-protocol-2.25.0.jar;D:\MavenRepo\software\amazon\awssdk\third-party-jackson-core\2.25.0\third-party-jackson-core-2.25.0.jar;D:\MavenRepo\software\amazon\awssdk\protocol-core\2.25.0\protocol-core-2.25.0.jar;D:\MavenRepo\software\amazon\awssdk\http-auth-aws\2.25.0\http-auth-aws-2.25.0.jar;D:\MavenRepo\software\amazon\awssdk\checksums-spi\2.25.0\checksums-spi-2.25.0.jar;D:\MavenRepo\software\amazon\awssdk\checksums\2.25.0\checksums-2.25.0.jar;D:\MavenRepo\software\amazon\awssdk\sdk-core\2.25.0\sdk-core-2.25.0.jar;D:\MavenRepo\org\slf4j\slf4j-api\2.0.17\slf4j-api-2.0.17.jar;D:\MavenRepo\org\reactivestreams\reactive-streams\1.0.4\reactive-streams-1.0.4.jar;D:\MavenRepo\software\amazon\awssdk\auth\2.25.0\auth-2.25.0.jar;D:\MavenRepo\software\amazon\eventstream\eventstream\1.0.1\eventstream-1.0.1.jar;D:\MavenRepo\software\amazon\awssdk\http-auth-spi\2.25.0\http-auth-spi-2.25.0.jar;D:\MavenRepo\software\amazon\awssdk\http-auth\2.25.0\http-auth-2.25.0.jar;D:\MavenRepo\software\amazon\awssdk\identity-spi\2.25.0\identity-spi-2.25.0.jar;D:\MavenRepo\software\amazon\awssdk\http-client-spi\2.25.0\http-client-spi-2.25.0.jar;D:\MavenRepo\software\amazon\awssdk\regions\2.25.0\regions-2.25.0.jar;D:\MavenRepo\software\amazon\awssdk\annotations\2.25.0\annotations-2.25.0.jar;D:\MavenRepo\software\amazon\awssdk\utils\2.25.0\utils-2.25.0.jar;D:\MavenRepo\software\amazon\awssdk\aws-core\2.25.0\aws-core-2.25.0.jar;D:\MavenRepo\software\amazon\awssdk\metrics-spi\2.25.0\metrics-spi-2.25.0.jar;D:\MavenRepo\software\amazon\awssdk\json-utils\2.25.0\json-utils-2.25.0.jar;D:\MavenRepo\software\amazon\awssdk\endpoints-spi\2.25.0\endpoints-spi-2.25.0.jar;D:\MavenRepo\software\amazon\awssdk\apache-client\2.25.0\apache-client-2.25.0.jar;D:\MavenRepo\org\apache\httpcomponents\httpclient\4.5.13\httpclient-4.5.13.jar;D:\MavenRepo\org\apache\httpcomponents\httpcore\4.4.16\httpcore-4.4.16.jar;D:\MavenRepo\commons-codec\commons-codec\1.19.0\commons-codec-1.19.0.jar;D:\MavenRepo\software\amazon\awssdk\netty-nio-client\2.25.0\netty-nio-client-2.25.0.jar;D:\MavenRepo\io\netty\netty-codec-http\4.2.12.Final\netty-codec-http-4.2.12.Final.jar;D:\MavenRepo\io\netty\netty-codec-base\4.2.12.Final\netty-codec-base-4.2.12.Final.jar;D:\MavenRepo\io\netty\netty-codec-compression\4.2.12.Final\netty-codec-compression-4.2.12.Final.jar;D:\MavenRepo\io\netty\netty-codec-http2\4.2.12.Final\netty-codec-http2-4.2.12.Final.jar;D:\MavenRepo\io\netty\netty-codec\4.2.12.Final\netty-codec-4.2.12.Final.jar;D:\MavenRepo\io\netty\netty-codec-protobuf\4.2.12.Final\netty-codec-protobuf-4.2.12.Final.jar;D:\MavenRepo\io\netty\netty-codec-marshalling\4.2.12.Final\netty-codec-marshalling-4.2.12.Final.jar;D:\MavenRepo\io\netty\netty-transport\4.2.12.Final\netty-transport-4.2.12.Final.jar;D:\MavenRepo\io\netty\netty-common\4.2.12.Final\netty-common-4.2.12.Final.jar;D:\MavenRepo\io\netty\netty-buffer\4.2.12.Final\netty-buffer-4.2.12.Final.jar;D:\MavenRepo\io\netty\netty-handler\4.2.12.Final\netty-handler-4.2.12.Final.jar;D:\MavenRepo\io\netty\netty-transport-native-unix-common\4.2.12.Final\netty-transport-native-unix-common-4.2.12.Final.jar;D:\MavenRepo\io\netty\netty-transport-classes-epoll\4.2.12.Final\netty-transport-classes-epoll-4.2.12.Final.jar;D:\MavenRepo\io\netty\netty-resolver\4.2.12.Final\netty-resolver-4.2.12.Final.jar;D:\MavenRepo\software\amazon\awssdk\sts\2.25.0\sts-2.25.0.jar;D:\MavenRepo\software\amazon\awssdk\aws-query-protocol\2.25.0\aws-query-protocol-2.25.0.jar;D:\MavenRepo\software\amazon\awssdk\profiles\2.25.0\profiles-2.25.0.jar;D:\MavenRepo\org\springframework\boot\spring-boot-starter\4.0.6\spring-boot-starter-4.0.6.jar;D:\MavenRepo\org\springframework\boot\spring-boot-starter-logging\4.0.6\spring-boot-starter-logging-4.0.6.jar;D:\MavenRepo\ch\qos\logback\logback-classic\1.5.32\logback-classic-1.5.32.jar;D:\MavenRepo\ch\qos\logback\logback-core\1.5.32\logback-core-1.5.32.jar;D:\MavenRepo\org\apache\logging\log4j\log4j-to-slf4j\2.25.4\log4j-to-slf4j-2.25.4.jar;D:\MavenRepo\org\apache\logging\log4j\log4j-api\2.25.4\log4j-api-2.25.4.jar;D:\MavenRepo\org\slf4j\jul-to-slf4j\2.0.17\jul-to-slf4j-2.0.17.jar;D:\MavenRepo\jakarta\annotation\jakarta.annotation-api\3.0.0\jakarta.annotation-api-3.0.0.jar;D:\MavenRepo\org\yaml\snakeyaml\2.5\snakeyaml-2.5.jar;D:\MavenRepo\jakarta\xml\bind\jakarta.xml.bind-api\4.0.4\jakarta.xml.bind-api-4.0.4.jar;D:\MavenRepo\jakarta\activation\jakarta.activation-api\2.1.4\jakarta.activation-api-2.1.4.jar;D:\MavenRepo\net\bytebuddy\byte-buddy\1.17.8\byte-buddy-1.17.8.jar;D:\MavenRepo\org\springframework\spring-core\7.0.7\spring-core-7.0.7.jar;D:\MavenRepo\commons-logging\commons-logging\1.3.6\commons-logging-1.3.6.jar;D:\MavenRepo\org\jspecify\jspecify\1.0.0\jspecify-1.0.0.jar;D:\MavenRepo\org\springframework\security\spring-security-core\7.0.5\spring-security-core-7.0.5.jar;D:\MavenRepo\org\springframework\security\spring-security-crypto\7.0.5\spring-security-crypto-7.0.5.jar;D:\MavenRepo\org\springframework\spring-beans\7.0.7\spring-beans-7.0.7.jar;D:\MavenRepo\org\springframework\spring-context\7.0.7\spring-context-7.0.7.jar;D:\MavenRepo\org\springframework\spring-expression\7.0.7\spring-expression-7.0.7.jar;D:\MavenRepo\io\micrometer\micrometer-observation\1.16.5\micrometer-observation-1.16.5.jar;D:\MavenRepo\io\micrometer\micrometer-commons\1.16.5\micrometer-commons-1.16.5.jar;D:\MavenRepo\org\springframework\security\spring-security-web\7.0.5\spring-security-web-7.0.5.jar;D:\MavenRepo\org\springframework\boot\spring-boot-starter-data-jpa\4.0.6\spring-boot-starter-data-jpa-4.0.6.jar;D:\MavenRepo\org\springframework\boot\spring-boot-starter-jdbc\4.0.6\spring-boot-starter-jdbc-4.0.6.jar;D:\MavenRepo\com\zaxxer\HikariCP\7.0.2\HikariCP-7.0.2.jar;D:\MavenRepo\org\springframework\boot\spring-boot-data-jpa\4.0.6\spring-boot-data-jpa-4.0.6.jar;D:\MavenRepo\org\springframework\boot\spring-boot-data-commons\4.0.6\spring-boot-data-commons-4.0.6.jar;D:\MavenRepo\org\springframework\boot\spring-boot-persistence\4.0.6\spring-boot-persistence-4.0.6.jar;D:\MavenRepo\org\springframework\data\spring-data-commons\4.0.5\spring-data-commons-4.0.5.jar;D:\MavenRepo\org\springframework\boot\spring-boot-hibernate\4.0.6\spring-boot-hibernate-4.0.6.jar;D:\MavenRepo\org\springframework\boot\spring-boot-jpa\4.0.6\spring-boot-jpa-4.0.6.jar;D:\MavenRepo\jakarta\persistence\jakarta.persistence-api\3.2.0\jakarta.persistence-api-3.2.0.jar;D:\MavenRepo\org\hibernate\orm\hibernate-core\7.2.12.Final\hibernate-core-7.2.12.Final.jar;D:\MavenRepo\jakarta\transaction\jakarta.transaction-api\2.0.1\jakarta.transaction-api-2.0.1.jar;D:\MavenRepo\org\hibernate\models\hibernate-models\1.0.1\hibernate-models-1.0.1.jar;D:\MavenRepo\org\glassfish\jaxb\jaxb-runtime\4.0.6\jaxb-runtime-4.0.6.jar;D:\MavenRepo\org\glassfish\jaxb\jaxb-core\4.0.6\jaxb-core-4.0.6.jar;D:\MavenRepo\org\glassfish\jaxb\txw2\4.0.6\txw2-4.0.6.jar;D:\MavenRepo\com\sun\istack\istack-commons-runtime\4.1.2\istack-commons-runtime-4.1.2.jar;D:\MavenRepo\org\springframework\spring-orm\7.0.7\spring-orm-7.0.7.jar;D:\MavenRepo\org\springframework\data\spring-data-jpa\4.0.5\spring-data-jpa-4.0.5.jar;D:\MavenRepo\org\springframework\spring-tx\7.0.7\spring-tx-7.0.7.jar;D:\MavenRepo\org\antlr\antlr4-runtime\4.13.2\antlr4-runtime-4.13.2.jar;D:\MavenRepo\org\springframework\spring-aspects\7.0.7\spring-aspects-7.0.7.jar;D:\MavenRepo\org\aspectj\aspectjweaver\1.9.25.1\aspectjweaver-1.9.25.1.jar;D:\MavenRepo\org\springframework\boot\spring-boot-jdbc\4.0.6\spring-boot-jdbc-4.0.6.jar;D:\MavenRepo\org\springframework\boot\spring-boot-sql\4.0.6\spring-boot-sql-4.0.6.jar;D:\MavenRepo\org\springframework\boot\spring-boot-transaction\4.0.6\spring-boot-transaction-4.0.6.jar;D:\MavenRepo\org\springframework\spring-jdbc\7.0.7\spring-jdbc-7.0.7.jar;D:\MavenRepo\org\springframework\boot\spring-boot-starter-security\4.0.6\spring-boot-starter-security-4.0.6.jar;D:\MavenRepo\org\springframework\boot\spring-boot-security\4.0.6\spring-boot-security-4.0.6.jar;D:\MavenRepo\org\springframework\security\spring-security-config\7.0.5\spring-security-config-7.0.5.jar;D:\MavenRepo\org\springframework\spring-aop\7.0.7\spring-aop-7.0.7.jar;D:\MavenRepo\org\springframework\boot\spring-boot-starter-validation\4.0.6\spring-boot-starter-validation-4.0.6.jar;D:\MavenRepo\org\springframework\boot\spring-boot-validation\4.0.6\spring-boot-validation-4.0.6.jar;D:\MavenRepo\org\apache\tomcat\embed\tomcat-embed-el\11.0.21\tomcat-embed-el-11.0.21.jar;D:\MavenRepo\org\hibernate\validator\hibernate-validator\9.0.1.Final\hibernate-validator-9.0.1.Final.jar;D:\MavenRepo\jakarta\validation\jakarta.validation-api\3.1.1\jakarta.validation-api-3.1.1.jar;D:\MavenRepo\org\jboss\logging\jboss-logging\3.6.3.Final\jboss-logging-3.6.3.Final.jar;D:\MavenRepo\com\fasterxml\classmate\1.7.3\classmate-1.7.3.jar;D:\MavenRepo\org\springframework\boot\spring-boot-starter-webmvc\4.0.6\spring-boot-starter-webmvc-4.0.6.jar;D:\MavenRepo\org\springframework\boot\spring-boot-starter-jackson\4.0.6\spring-boot-starter-jackson-4.0.6.jar;D:\MavenRepo\org\springframework\boot\spring-boot-jackson\4.0.6\spring-boot-jackson-4.0.6.jar;D:\MavenRepo\tools\jackson\core\jackson-databind\3.1.2\jackson-databind-3.1.2.jar;D:\MavenRepo\tools\jackson\core\jackson-core\3.1.2\jackson-core-3.1.2.jar;D:\MavenRepo\org\springframework\boot\spring-boot-starter-tomcat\4.0.6\spring-boot-starter-tomcat-4.0.6.jar;D:\MavenRepo\org\springframework\boot\spring-boot-starter-tomcat-runtime\4.0.6\spring-boot-starter-tomcat-runtime-4.0.6.jar;D:\MavenRepo\org\apache\tomcat\embed\tomcat-embed-core\11.0.21\tomcat-embed-core-11.0.21.jar;D:\MavenRepo\org\apache\tomcat\embed\tomcat-embed-websocket\11.0.21\tomcat-embed-websocket-11.0.21.jar;D:\MavenRepo\org\springframework\boot\spring-boot-tomcat\4.0.6\spring-boot-tomcat-4.0.6.jar;D:\MavenRepo\org\springframework\boot\spring-boot-http-converter\4.0.6\spring-boot-http-converter-4.0.6.jar;D:\MavenRepo\org\springframework\boot\spring-boot-webmvc\4.0.6\spring-boot-webmvc-4.0.6.jar;D:\MavenRepo\org\springframework\boot\spring-boot-servlet\4.0.6\spring-boot-servlet-4.0.6.jar;D:\MavenRepo\org\springframework\spring-webmvc\7.0.7\spring-webmvc-7.0.7.jar;D:\MavenRepo\org\springframework\boot\spring-boot-starter-mail\4.0.6\spring-boot-starter-mail-4.0.6.jar;D:\MavenRepo\org\springframework\boot\spring-boot-mail\4.0.6\spring-boot-mail-4.0.6.jar;D:\MavenRepo\org\springframework\spring-context-support\7.0.7\spring-context-support-7.0.7.jar;D:\MavenRepo\jakarta\mail\jakarta.mail-api\2.1.5\jakarta.mail-api-2.1.5.jar;D:\MavenRepo\org\eclipse\angus\angus-mail\2.0.5\angus-mail-2.0.5.jar;D:\MavenRepo\org\eclipse\angus\angus-activation\2.0.3\angus-activation-2.0.3.jar;D:\MavenRepo\org\springframework\boot\spring-boot-devtools\4.0.6\spring-boot-devtools-4.0.6.jar;D:\MavenRepo\org\springframework\boot\spring-boot\4.0.6\spring-boot-4.0.6.jar;D:\MavenRepo\org\springframework\boot\spring-boot-autoconfigure\4.0.6\spring-boot-autoconfigure-4.0.6.jar;D:\MavenRepo\org\postgresql\postgresql\42.7.10\postgresql-42.7.10.jar;D:\MavenRepo\org\checkerframework\checker-qual\3.52.0\checker-qual-3.52.0.jar;D:\MavenRepo\org\projectlombok\lombok\1.18.46\lombok-1.18.46.jar;D:\MavenRepo\org\springframework\boot\spring-boot-web-server\4.0.6\spring-boot-web-server-4.0.6.jar;D:\MavenRepo\org\springframework\boot\spring-boot-starter-webflux\4.0.6\spring-boot-starter-webflux-4.0.6.jar;D:\MavenRepo\org\springframework\boot\spring-boot-starter-reactor-netty\4.0.6\spring-boot-starter-reactor-netty-4.0.6.jar;D:\MavenRepo\org\springframework\boot\spring-boot-reactor-netty\4.0.6\spring-boot-reactor-netty-4.0.6.jar;D:\MavenRepo\io\projectreactor\netty\reactor-netty-http\1.3.5\reactor-netty-http-1.3.5.jar;D:\MavenRepo\io\netty\netty-codec-http3\4.2.12.Final\netty-codec-http3-4.2.12.Final.jar;D:\MavenRepo\io\netty\netty-codec-classes-quic\4.2.12.Final\netty-codec-classes-quic-4.2.12.Final.jar;D:\MavenRepo\io\netty\netty-codec-native-quic\4.2.12.Final\netty-codec-native-quic-4.2.12.Final-linux-x86_64.jar;D:\MavenRepo\io\netty\netty-codec-native-quic\4.2.12.Final\netty-codec-native-quic-4.2.12.Final-linux-aarch_64.jar;D:\MavenRepo\io\netty\netty-codec-native-quic\4.2.12.Final\netty-codec-native-quic-4.2.12.Final-osx-x86_64.jar;D:\MavenRepo\io\netty\netty-codec-native-quic\4.2.12.Final\netty-codec-native-quic-4.2.12.Final-osx-aarch_64.jar;D:\MavenRepo\io\netty\netty-codec-native-quic\4.2.12.Final\netty-codec-native-quic-4.2.12.Final-windows-x86_64.jar;D:\MavenRepo\io\netty\netty-resolver-dns\4.2.12.Final\netty-resolver-dns-4.2.12.Final.jar;D:\MavenRepo\io\netty\netty-codec-dns\4.2.12.Final\netty-codec-dns-4.2.12.Final.jar;D:\MavenRepo\io\netty\netty-resolver-dns-native-macos\4.2.12.Final\netty-resolver-dns-native-macos-4.2.12.Final-osx-x86_64.jar;D:\MavenRepo\io\netty\netty-resolver-dns-classes-macos\4.2.12.Final\netty-resolver-dns-classes-macos-4.2.12.Final.jar;D:\MavenRepo\io\netty\netty-transport-native-epoll\4.2.12.Final\netty-transport-native-epoll-4.2.12.Final-linux-x86_64.jar;D:\MavenRepo\io\projectreactor\netty\reactor-netty-core\1.3.5\reactor-netty-core-1.3.5.jar;D:\MavenRepo\io\netty\netty-handler-proxy\4.2.12.Final\netty-handler-proxy-4.2.12.Final.jar;D:\MavenRepo\io\netty\netty-codec-socks\4.2.12.Final\netty-codec-socks-4.2.12.Final.jar;D:\MavenRepo\org\springframework\boot\spring-boot-netty\4.0.6\spring-boot-netty-4.0.6.jar;D:\MavenRepo\org\springframework\boot\spring-boot-reactor\4.0.6\spring-boot-reactor-4.0.6.jar;D:\MavenRepo\io\projectreactor\reactor-core\3.8.5\reactor-core-3.8.5.jar;D:\MavenRepo\org\springframework\boot\spring-boot-webflux\4.0.6\spring-boot-webflux-4.0.6.jar;D:\MavenRepo\org\springframework\boot\spring-boot-http-codec\4.0.6\spring-boot-http-codec-4.0.6.jar;D:\MavenRepo\org\springframework\spring-webflux\7.0.7\spring-webflux-7.0.7.jar;D:\MavenRepo\io\jsonwebtoken\jjwt-api\0.12.5\jjwt-api-0.12.5.jar;D:\MavenRepo\io\jsonwebtoken\jjwt-impl\0.12.5\jjwt-impl-0.12.5.jar;D:\MavenRepo\io\jsonwebtoken\jjwt-jackson\0.12.5\jjwt-jackson-0.12.5.jar;D:\MavenRepo\com\fasterxml\jackson\core\jackson-databind\2.21.2\jackson-databind-2.21.2.jar;D:\MavenRepo\com\fasterxml\jackson\core\jackson-annotations\2.21\jackson-annotations-2.21.jar;D:\MavenRepo\com\fasterxml\jackson\core\jackson-core\2.21.2\jackson-core-2.21.2.jar;D:\MavenRepo\org\springframework\cloud\spring-cloud-starter-netflix-eureka-client\5.0.1\spring-cloud-starter-netflix-eureka-client-5.0.1.jar;D:\MavenRepo\org\springframework\cloud\spring-cloud-starter\5.0.1\spring-cloud-starter-5.0.1.jar;D:\MavenRepo\org\springframework\cloud\spring-cloud-context\5.0.1\spring-cloud-context-5.0.1.jar;D:\MavenRepo\org\springframework\boot\spring-boot-restclient\4.0.6\spring-boot-restclient-4.0.6.jar;D:\MavenRepo\org\springframework\boot\spring-boot-http-client\4.0.6\spring-boot-http-client-4.0.6.jar;D:\MavenRepo\org\bouncycastle\bcprov-jdk18on\1.81\bcprov-jdk18on-1.81.jar;D:\MavenRepo\org\springframework\cloud\spring-cloud-netflix-eureka-client\5.0.1\spring-cloud-netflix-eureka-client-5.0.1.jar;D:\MavenRepo\org\springframework\boot\spring-boot-jackson2\4.0.6\spring-boot-jackson2-4.0.6.jar;D:\MavenRepo\com\fasterxml\jackson\datatype\jackson-datatype-jdk8\2.21.2\jackson-datatype-jdk8-2.21.2.jar;D:\MavenRepo\com\fasterxml\jackson\datatype\jackson-datatype-jsr310\2.21.2\jackson-datatype-jsr310-2.21.2.jar;D:\MavenRepo\com\fasterxml\jackson\module\jackson-module-parameter-names\2.21.2\jackson-module-parameter-names-2.21.2.jar;D:\MavenRepo\org\apache\httpcomponents\client5\httpclient5\5.5.2\httpclient5-5.5.2.jar;D:\MavenRepo\org\apache\httpcomponents\core5\httpcore5\5.3.6\httpcore5-5.3.6.jar;D:\MavenRepo\org\apache\httpcomponents\core5\httpcore5-h2\5.3.6\httpcore5-h2-5.3.6.jar;D:\MavenRepo\com\netflix\eureka\eureka-client\2.0.5\eureka-client-2.0.5.jar;D:\MavenRepo\com\thoughtworks\xstream\xstream\1.4.21\xstream-1.4.21.jar;D:\MavenRepo\io\github\x-stream\mxparser\1.2.2\mxparser-1.2.2.jar;D:\MavenRepo\xmlpull\xmlpull\1.1.3.1\xmlpull-1.1.3.1.jar;D:\MavenRepo\jakarta\ws\rs\jakarta.ws.rs-api\4.0.0\jakarta.ws.rs-api-4.0.0.jar;D:\MavenRepo\jakarta\inject\jakarta.inject-api\2.0.1\jakarta.inject-api-2.0.1.jar;D:\MavenRepo\com\netflix\spectator\spectator-api\1.7.3\spectator-api-1.7.3.jar;D:\MavenRepo\commons-configuration\commons-configuration\1.10\commons-configuration-1.10.jar;D:\MavenRepo\commons-lang\commons-lang\2.6\commons-lang-2.6.jar;D:\MavenRepo\com\netflix\netflix-commons\netflix-eventbus\0.3.0\netflix-eventbus-0.3.0.jar;D:\MavenRepo\com\netflix\netflix-commons\netflix-infix\0.3.0\netflix-infix-0.3.0.jar;D:\MavenRepo\commons-jxpath\commons-jxpath\1.3\commons-jxpath-1.3.jar;D:\MavenRepo\joda-time\joda-time\2.3\joda-time-2.3.jar;D:\MavenRepo\org\antlr\antlr-runtime\3.4\antlr-runtime-3.4.jar;D:\MavenRepo\org\antlr\stringtemplate\3.2.1\stringtemplate-3.2.1.jar;D:\MavenRepo\antlr\antlr\2.7.7\antlr-2.7.7.jar;D:\MavenRepo\com\google\code\gson\gson\2.13.2\gson-2.13.2.jar;D:\MavenRepo\com\google\errorprone\error_prone_annotations\2.41.0\error_prone_annotations-2.41.0.jar;D:\MavenRepo\com\netflix\servo\servo-core\0.5.3\servo-core-0.5.3.jar;D:\MavenRepo\org\apache\commons\commons-math\2.2\commons-math-2.2.jar;D:\MavenRepo\javax\annotation\javax.annotation-api\1.2\javax.annotation-api-1.2.jar;D:\MavenRepo\org\codehaus\jettison\jettison\1.5.4\jettison-1.5.4.jar;D:\MavenRepo\org\springframework\cloud\spring-cloud-starter-loadbalancer\5.0.1\spring-cloud-starter-loadbalancer-5.0.1.jar;D:\MavenRepo\org\springframework\cloud\spring-cloud-loadbalancer\5.0.1\spring-cloud-loadbalancer-5.0.1.jar;D:\MavenRepo\io\projectreactor\addons\reactor-extra\3.6.0\reactor-extra-3.6.0.jar;D:\MavenRepo\org\springframework\boot\spring-boot-starter-cache\4.0.6\spring-boot-starter-cache-4.0.6.jar;D:\MavenRepo\org\springframework\boot\spring-boot-cache\4.0.6\spring-boot-cache-4.0.6.jar;D:\MavenRepo\com\stoyanr\evictor\1.0.0\evictor-1.0.0.jar;D:\MavenRepo\org\springframework\cloud\spring-cloud-starter-openfeign\5.0.1\spring-cloud-starter-openfeign-5.0.1.jar;D:\MavenRepo\org\springframework\cloud\spring-cloud-openfeign-core\5.0.1\spring-cloud-openfeign-core-5.0.1.jar;D:\MavenRepo\io\github\openfeign\feign-form-spring\13.6\feign-form-spring-13.6.jar;D:\MavenRepo\org\apache\commons\commons-text\1.13.0\commons-text-1.13.0.jar;D:\MavenRepo\org\apache\commons\commons-lang3\3.19.0\commons-lang3-3.19.0.jar;D:\MavenRepo\io\github\openfeign\feign-form\13.6\feign-form-13.6.jar;D:\MavenRepo\commons-fileupload\commons-fileupload\1.5\commons-fileupload-1.5.jar;D:\MavenRepo\org\springframework\spring-web\7.0.7\spring-web-7.0.7.jar;D:\MavenRepo\org\springframework\cloud\spring-cloud-commons\5.0.1\spring-cloud-commons-5.0.1.jar;D:\MavenRepo\io\github\openfeign\feign-core\13.6\feign-core-13.6.jar;D:\MavenRepo\io\github\openfeign\feign-slf4j\13.6\feign-slf4j-13.6.jar
Launcher Type: SUN_STANDARD

[Global flags]
     intx CICompilerCount                          = 4                                         {product} {ergonomic}
     uint ConcGCThreads                            = 2                                         {product} {ergonomic}
     uint G1ConcRefinementThreads                  = 8                                         {product} {ergonomic}
   size_t G1HeapRegionSize                         = 1048576                                   {product} {ergonomic}
    uintx GCDrainStackTargetSize                   = 64                                        {product} {ergonomic}
   size_t InitialHeapSize                          = 132120576                                 {product} {ergonomic}
   size_t MarkStackSize                            = 4194304                                   {product} {ergonomic}
   size_t MaxHeapSize                              = 2107637760                                {product} {ergonomic}
   size_t MaxNewSize                               = 1264582656                                {product} {ergonomic}
   size_t MinHeapDeltaBytes                        = 1048576                                   {product} {ergonomic}
   size_t MinHeapSize                              = 8388608                                   {product} {ergonomic}
    uintx NonNMethodCodeHeapSize                   = 5839372                                {pd product} {ergonomic}
    uintx NonProfiledCodeHeapSize                  = 122909434                              {pd product} {ergonomic}
    uintx ProfiledCodeHeapSize                     = 122909434                              {pd product} {ergonomic}
    uintx ReservedCodeCacheSize                    = 251658240                              {pd product} {ergonomic}
     bool SegmentedCodeCache                       = true                                      {product} {ergonomic}
   size_t SoftMaxHeapSize                          = 2107637760                             {manageable} {ergonomic}
     bool UseCompressedOops                        = true                           {product lp64_product} {ergonomic}
     bool UseG1GC                                  = true                                      {product} {ergonomic}
     bool UseLargePagesIndividualAllocation        = false                                  {pd product} {ergonomic}

Logging:
Log output configuration:
 #0: stdout all=warning uptime,level,tags foldmultilines=false
 #1: stderr all=off uptime,level,tags foldmultilines=false

Environment Variables:
JAVA_HOME=C:\Program Files\Java\jdk-17
PATH=D:\NodeJs\;C:\Users\PC\AppData\Local\Microsoft\WindowsApps;C:\Users\PC\AppData\Local\Programs\Microsoft VS Code\bin;C:\apache-maven-3.9.11\bin;C:\Program Files\Java\jdk-17\bin;C:\Program Files\PostgreSQL\18\bin;C:\Windows\System32;C:\Users\PC\AppData\Roaming\npm;D:\Antigravity IDE\bin
USERNAME=PC
OS=Windows_NT
PROCESSOR_IDENTIFIER=Intel64 Family 6 Model 142 Stepping 10, GenuineIntel
TMP=C:\Users\PC\AppData\Local\Temp
TEMP=C:\Users\PC\AppData\Local\Temp




Periodic native trim disabled

---------------  S Y S T E M  ---------------

OS:
 Windows 10 , 64 bit Build 19041 (10.0.19041.7181)
OS uptime: 0 days 2:02 hours

CPU: total 8 (initial active 8) (4 cores per cpu, 2 threads per core) family 6 model 142 stepping 10 microcode 0xf6, cx8, cmov, fxsr, ht, mmx, 3dnowpref, sse, sse2, sse3, ssse3, sse4.1, sse4.2, popcnt, lzcnt, tsc, tscinvbit, avx, avx2, aes, erms, clmul, bmi1, bmi2, adx, fma, vzeroupper, clflush, clflushopt, rdtscp, f16c
Processor Information for all 8 processors :
  Max Mhz: 1800, Current Mhz: 1600, Mhz Limit: 1584

Memory: 4k page, system-wide physical 8035M (896M free)
TotalPageFile size 12847M (AvailPageFile size 265M)
current process WorkingSet (physical memory assigned to process): 137M, peak: 138M
current process commit charge ("private bytes"): 253M, peak: 255M

vm_info: Java HotSpot(TM) 64-Bit Server VM (21.0.7+8-LTS-245) for windows-amd64 JRE (21.0.7+8-LTS-245), built on 2025-02-21T05:11:27Z by "mach5one" with MS VC++ 17.6 (VS2022)

END.
