#
# There is insufficient memory for the Java Runtime Environment to continue.
# Native memory allocation (mmap) failed to map 110100480 bytes for G1 virtual space
# Possible reasons:
#   The system is out of physical RAM or swap space
#   The process is running with CompressedOops enabled, and the Java Heap may be blocking the growth of the native heap
# Possible solutions:
#   Reduce memory load on the system
#   Increase physical memory or swap space
#   Check if swap backing store is full
#   Decrease Java heap size (-Xmx/-Xms)
#   Decrease number of Java threads
#   Decrease Java thread stack sizes (-Xss)
#   Set larger code cache with -XX:ReservedCodeCacheSize=
#   JVM is running with Unscaled Compressed Oops mode in which the Java heap is
#     placed in the first 4GB address space. The Java Heap base address is the
#     maximum limit for the native heap growth. Please use -XX:HeapBaseMinAddress
#     to set the Java Heap base and to place the Java Heap above 4GB virtual address.
# This output file may be truncated or incomplete.
#
#  Out of Memory Error (os_windows.cpp:3603), pid=2424, tid=13192
#
# JRE version: Java(TM) SE Runtime Environment (21.0.7+8) (build 21.0.7+8-LTS-245)
# Java VM: Java HotSpot(TM) 64-Bit Server VM (21.0.7+8-LTS-245, mixed mode, sharing, tiered, compressed oops, compressed class ptrs, g1 gc, windows-amd64)
# No core dump will be written. Minidumps are not enabled by default on client versions of Windows
#

---------------  S U M M A R Y ------------

Command Line: -javaagent:C:\Program Files\JetBrains\IntelliJ IDEA Community Edition 2025.1.3\lib\idea_rt.jar=51989 -Dfile.encoding=UTF-8 -Dsun.stdout.encoding=UTF-8 -Dsun.stderr.encoding=UTF-8 com.hms.appointment.AppointmentApplication

Host: Intel(R) Core(TM) i5-8250U CPU @ 1.60GHz, 8 cores, 7G,  Windows 10 , 64 bit Build 19041 (10.0.19041.7181)
Time: Wed Jun 10 12:13:29 2026 India Standard Time elapsed time: 15.896914 seconds (0d 0h 0m 15s)

---------------  T H R E A D  ---------------

Current thread (0x000001dbfe844a20):  VMThread "VM Thread"          [id=13192, stack(0x00000008ea600000,0x00000008ea700000) (1024K)]

Stack: [0x00000008ea600000,0x00000008ea700000]
Native frames: (J=compiled Java code, j=interpreted, Vv=VM code, C=native code)
V  [jvm.dll+0x6cae19]
V  [jvm.dll+0x855741]
V  [jvm.dll+0x857c6e]
V  [jvm.dll+0x858343]
V  [jvm.dll+0x27e0b6]
V  [jvm.dll+0x6c7595]
V  [jvm.dll+0x6bc0fa]
V  [jvm.dll+0x353eaa]
V  [jvm.dll+0x35bb26]
V  [jvm.dll+0x3ae52e]
V  [jvm.dll+0x3ae7d8]
V  [jvm.dll+0x3281bc]
V  [jvm.dll+0x328247]
V  [jvm.dll+0x36cbcc]
V  [jvm.dll+0x36b41e]
V  [jvm.dll+0x327981]
V  [jvm.dll+0x36ab3a]
V  [jvm.dll+0x85e110]
V  [jvm.dll+0x85f494]
V  [jvm.dll+0x85f9d0]
V  [jvm.dll+0x85fc73]
V  [jvm.dll+0x7ffa1b]
V  [jvm.dll+0x6c94fd]
C  [ucrtbase.dll+0x21bb2]
C  [KERNEL32.DLL+0x17374]
C  [ntdll.dll+0x4cc91]

VM_Operation (0x00000008ebbf89c0): G1CollectForAllocation, mode: safepoint, requested by thread 0x000001dbde501740


---------------  P R O C E S S  ---------------

Threads class SMR info:
_java_thread_list=0x000001dbe3a570d0, length=22, elements={
0x000001dbf92eaaf0, 0x000001dbfe860140, 0x000001dbfe862060, 0x000001dbfe865fb0,
0x000001dbfe866a00, 0x000001dbfe867450, 0x000001dbfe867ea0, 0x000001dbfe876140,
0x000001dbfe878e30, 0x000001dbfe832300, 0x000001dbdd44ba80, 0x000001dbdd44c0e0,
0x000001dbde50e910, 0x000001dbde501740, 0x000001dbdf5e9d80, 0x000001dbe23dfea0,
0x000001dbe347e4e0, 0x000001dbe27bb2d0, 0x000001dbe27b9f20, 0x000001dbe27bc680,
0x000001dbe2407280, 0x000001dbe24019f0
}

Java Threads: ( => current thread )
  0x000001dbf92eaaf0 JavaThread "main"                              [_thread_blocked, id=12232, stack(0x00000008e9f00000,0x00000008ea000000) (1024K)]
  0x000001dbfe860140 JavaThread "Reference Handler"          daemon [_thread_blocked, id=10000, stack(0x00000008ea700000,0x00000008ea800000) (1024K)]
  0x000001dbfe862060 JavaThread "Finalizer"                  daemon [_thread_blocked, id=12264, stack(0x00000008ea800000,0x00000008ea900000) (1024K)]
  0x000001dbfe865fb0 JavaThread "Signal Dispatcher"          daemon [_thread_blocked, id=1692, stack(0x00000008ea900000,0x00000008eaa00000) (1024K)]
  0x000001dbfe866a00 JavaThread "Attach Listener"            daemon [_thread_blocked, id=2956, stack(0x00000008eaa00000,0x00000008eab00000) (1024K)]
  0x000001dbfe867450 JavaThread "Service Thread"             daemon [_thread_blocked, id=15896, stack(0x00000008eab00000,0x00000008eac00000) (1024K)]
  0x000001dbfe867ea0 JavaThread "Monitor Deflation Thread"   daemon [_thread_blocked, id=7860, stack(0x00000008eac00000,0x00000008ead00000) (1024K)]
  0x000001dbfe876140 JavaThread "C2 CompilerThread0"         daemon [_thread_blocked, id=6300, stack(0x00000008ead00000,0x00000008eae00000) (1024K)]
  0x000001dbfe878e30 JavaThread "C1 CompilerThread0"         daemon [_thread_blocked, id=9656, stack(0x00000008eae00000,0x00000008eaf00000) (1024K)]
  0x000001dbfe832300 JavaThread "Common-Cleaner"             daemon [_thread_blocked, id=10644, stack(0x00000008eaf00000,0x00000008eb000000) (1024K)]
  0x000001dbdd44ba80 JavaThread "Monitor Ctrl-Break"         daemon [_thread_in_native, id=10788, stack(0x00000008eb100000,0x00000008eb200000) (1024K)]
  0x000001dbdd44c0e0 JavaThread "Notification Thread"        daemon [_thread_blocked, id=15516, stack(0x00000008eb200000,0x00000008eb300000) (1024K)]
  0x000001dbde50e910 JavaThread "Thread-0"                          [_thread_blocked, id=9504, stack(0x00000008eba00000,0x00000008ebb00000) (1024K)]
  0x000001dbde501740 JavaThread "restartedMain"                     [_thread_blocked, id=11472, stack(0x00000008ebb00000,0x00000008ebc00000) (1024K)]
  0x000001dbdf5e9d80 JavaThread "Catalina-utility-1"                [_thread_blocked, id=3160, stack(0x00000008ebe00000,0x00000008ebf00000) (1024K)]
  0x000001dbe23dfea0 JavaThread "Catalina-utility-2"                [_thread_blocked, id=6584, stack(0x00000008ec000000,0x00000008ec100000) (1024K)]
  0x000001dbe347e4e0 JavaThread "container-0"                       [_thread_blocked, id=4368, stack(0x00000008ec100000,0x00000008ec200000) (1024K)]
  0x000001dbe27bb2d0 JavaThread "Cleaner-0"                  daemon [_thread_blocked, id=9832, stack(0x00000008ebc00000,0x00000008ebd00000) (1024K)]
  0x000001dbe27b9f20 JavaThread "HikariPool-1:housekeeper"   daemon [_thread_blocked, id=5464, stack(0x00000008ec200000,0x00000008ec300000) (1024K)]
  0x000001dbe27bc680 JavaThread "HikariPool-1:connection-adder" daemon [_thread_blocked, id=16200, stack(0x00000008ec300000,0x00000008ec400000) (1024K)]
  0x000001dbe2407280 JavaThread "C2 CompilerThread1"         daemon [_thread_blocked, id=10736, stack(0x00000008eb000000,0x00000008eb100000) (1024K)]
  0x000001dbe24019f0 JavaThread "C2 CompilerThread2"         daemon [_thread_blocked, id=12188, stack(0x00000008ec400000,0x00000008ec500000) (1024K)]
Total: 22

Other Threads:
=>0x000001dbfe844a20 VMThread "VM Thread"                           [id=13192, stack(0x00000008ea600000,0x00000008ea700000) (1024K)]
  0x000001dbfe831810 WatcherThread "VM Periodic Task Thread"        [id=10112, stack(0x00000008ea500000,0x00000008ea600000) (1024K)]
  0x000001dbf93407c0 WorkerThread "GC Thread#0"                     [id=13496, stack(0x00000008ea000000,0x00000008ea100000) (1024K)]
  0x000001dbddb837e0 WorkerThread "GC Thread#1"                     [id=3824, stack(0x00000008eb300000,0x00000008eb400000) (1024K)]
  0x000001dbddd958c0 WorkerThread "GC Thread#2"                     [id=9236, stack(0x00000008eb400000,0x00000008eb500000) (1024K)]
  0x000001dbddb486c0 WorkerThread "GC Thread#3"                     [id=3004, stack(0x00000008eb500000,0x00000008eb600000) (1024K)]
  0x000001dbddc07840 WorkerThread "GC Thread#4"                     [id=8852, stack(0x00000008eb600000,0x00000008eb700000) (1024K)]
  0x000001dbddce2d00 WorkerThread "GC Thread#5"                     [id=3732, stack(0x00000008eb700000,0x00000008eb800000) (1024K)]
  0x000001dbddb1f110 WorkerThread "GC Thread#6"                     [id=10088, stack(0x00000008eb800000,0x00000008eb900000) (1024K)]
  0x000001dbdd9cc520 WorkerThread "GC Thread#7"                     [id=16224, stack(0x00000008eb900000,0x00000008eba00000) (1024K)]
  0x000001dbf93533c0 ConcurrentGCThread "G1 Main Marker"            [id=14440, stack(0x00000008ea100000,0x00000008ea200000) (1024K)]
  0x000001dbf9354570 WorkerThread "G1 Conc#0"                       [id=10992, stack(0x00000008ea200000,0x00000008ea300000) (1024K)]
  0x000001dbde705490 WorkerThread "G1 Conc#1"                       [id=5516, stack(0x00000008ebd00000,0x00000008ebe00000) (1024K)]
  0x000001dbf939e530 ConcurrentGCThread "G1 Refine#0"               [id=15724, stack(0x00000008ea300000,0x00000008ea400000) (1024K)]
  0x000001dbfe6ff160 ConcurrentGCThread "G1 Service"                [id=13524, stack(0x00000008ea400000,0x00000008ea500000) (1024K)]
Total: 15

Threads with active compile tasks:
C2 CompilerThread0    15982 8239 %     4       org.antlr.v4.runtime.misc.Array2DHashSet::expand @ 102 (247 bytes)
C2 CompilerThread1    15982 8216       4       org.antlr.v4.runtime.atn.ParserATNSimulator::closure_ (343 bytes)
Total: 2

VM state: at safepoint (normal execution)

VM Mutex/Monitor currently owned by a thread:  ([mutex/lock_event])
[0x00007ffff4b5de50] Threads_lock - owner thread: 0x000001dbfe844a20
[0x00007ffff4b5df50] Heap_lock - owner thread: 0x000001dbde501740

Heap address: 0x0000000082600000, size: 2010 MB, Compressed Oops mode: 32-bit

CDS archive(s) mapped at: [0x000001db98000000-0x000001db98c90000-0x000001db98c90000), size 13172736, SharedBaseAddress: 0x000001db98000000, ArchiveRelocationMode: 1.
Compressed class space mapped at: 0x000001db99000000-0x000001dbd9000000, reserved size: 1073741824
Narrow klass base: 0x000001db98000000, Narrow klass shift: 0, Narrow klass range: 0x100000000

GC Precious Log:
 CardTable entry size: 512
 Card Set container configuration: InlinePtr #cards 5 size 8 Array Of Cards #cards 12 size 40 Howl #buckets 4 coarsen threshold 1843 Howl Bitmap #cards 512 size 80 coarsen threshold 460 Card regions per heap region 1 cards per card region 2048
 CPUs: 8 total, 8 available
 Memory: 8035M
 Large Page Support: Disabled
 NUMA Support: Disabled
 Compressed Oops: Enabled (32-bit)
 Heap Region Size: 1M
 Heap Min Capacity: 8M
 Heap Initial Capacity: 126M
 Heap Max Capacity: 2010M
 Pre-touch: Disabled
 Parallel Workers: 8
 Concurrent Workers: 2
 Concurrent Refinement Workers: 8
 Periodic GC: Disabled

Heap:
 garbage-first heap   total 160768K, used 77244K [0x0000000082600000, 0x0000000100000000)
  region size 1024K, 2 young (2048K), 2 survivors (2048K)
 Metaspace       used 93844K, committed 94528K, reserved 1179648K
  class space    used 12794K, committed 13120K, reserved 1048576K

Heap Regions: E=young(eden), S=young(survivor), O=old, HS=humongous(starts), HC=humongous(continues), CS=collection set, F=free, TAMS=top-at-mark-start, PB=parsable bottom
|   0|0x0000000082600000, 0x0000000082700000, 0x0000000082700000|100%|HS|  |TAMS 0x0000000082700000| PB 0x0000000082600000| Complete 
|   1|0x0000000082700000, 0x0000000082800000, 0x0000000082800000|100%|HS|  |TAMS 0x0000000082800000| PB 0x0000000082700000| Complete 
|   2|0x0000000082800000, 0x0000000082900000, 0x0000000082900000|100%|HS|  |TAMS 0x0000000082900000| PB 0x0000000082800000| Complete 
|   3|0x0000000082900000, 0x0000000082a00000, 0x0000000082a00000|100%| O|  |TAMS 0x0000000082a00000| PB 0x0000000082a00000| Untracked 
|   4|0x0000000082a00000, 0x0000000082b00000, 0x0000000082b00000|100%| O|  |TAMS 0x0000000082b00000| PB 0x0000000082b00000| Untracked 
|   5|0x0000000082b00000, 0x0000000082c00000, 0x0000000082c00000|100%| O|  |TAMS 0x0000000082c00000| PB 0x0000000082c00000| Untracked 
|   6|0x0000000082c00000, 0x0000000082d00000, 0x0000000082d00000|100%| O|  |TAMS 0x0000000082d00000| PB 0x0000000082d00000| Untracked 
|   7|0x0000000082d00000, 0x0000000082e00000, 0x0000000082e00000|100%| O|  |TAMS 0x0000000082e00000| PB 0x0000000082e00000| Untracked 
|   8|0x0000000082e00000, 0x0000000082f00000, 0x0000000082f00000|100%| O|  |TAMS 0x0000000082f00000| PB 0x0000000082f00000| Untracked 
|   9|0x0000000082f00000, 0x0000000083000000, 0x0000000083000000|100%| O|  |TAMS 0x0000000083000000| PB 0x0000000083000000| Untracked 
|  10|0x0000000083000000, 0x0000000083100000, 0x0000000083100000|100%| O|  |TAMS 0x0000000083100000| PB 0x0000000083100000| Untracked 
|  11|0x0000000083100000, 0x0000000083200000, 0x0000000083200000|100%| O|  |TAMS 0x0000000083200000| PB 0x0000000083200000| Untracked 
|  12|0x0000000083200000, 0x0000000083300000, 0x0000000083300000|100%| O|  |TAMS 0x0000000083300000| PB 0x0000000083300000| Untracked 
|  13|0x0000000083300000, 0x0000000083400000, 0x0000000083400000|100%| O|  |TAMS 0x0000000083400000| PB 0x0000000083400000| Updating 
|  14|0x0000000083400000, 0x0000000083500000, 0x0000000083500000|100%| O|  |TAMS 0x0000000083500000| PB 0x0000000083500000| Untracked 
|  15|0x0000000083500000, 0x0000000083600000, 0x0000000083600000|100%| O|  |TAMS 0x0000000083600000| PB 0x0000000083600000| Untracked 
|  16|0x0000000083600000, 0x0000000083700000, 0x0000000083700000|100%| O|  |TAMS 0x0000000083700000| PB 0x0000000083700000| Untracked 
|  17|0x0000000083700000, 0x0000000083800000, 0x0000000083800000|100%| O|  |TAMS 0x0000000083800000| PB 0x0000000083800000| Untracked 
|  18|0x0000000083800000, 0x0000000083900000, 0x0000000083900000|100%| O|  |TAMS 0x0000000083900000| PB 0x0000000083900000| Untracked 
|  19|0x0000000083900000, 0x0000000083a00000, 0x0000000083a00000|100%| O|  |TAMS 0x0000000083a00000| PB 0x0000000083a00000| Untracked 
|  20|0x0000000083a00000, 0x0000000083b00000, 0x0000000083b00000|100%| O|  |TAMS 0x0000000083b00000| PB 0x0000000083b00000| Untracked 
|  21|0x0000000083b00000, 0x0000000083c00000, 0x0000000083c00000|100%| O|  |TAMS 0x0000000083c00000| PB 0x0000000083c00000| Untracked 
|  22|0x0000000083c00000, 0x0000000083d00000, 0x0000000083d00000|100%| O|  |TAMS 0x0000000083d00000| PB 0x0000000083d00000| Untracked 
|  23|0x0000000083d00000, 0x0000000083e00000, 0x0000000083e00000|100%| O|  |TAMS 0x0000000083e00000| PB 0x0000000083e00000| Untracked 
|  24|0x0000000083e00000, 0x0000000083f00000, 0x0000000083f00000|100%| O|  |TAMS 0x0000000083f00000| PB 0x0000000083f00000| Untracked 
|  25|0x0000000083f00000, 0x0000000084000000, 0x0000000084000000|100%| O|  |TAMS 0x0000000084000000| PB 0x0000000084000000| Untracked 
|  26|0x0000000084000000, 0x0000000084100000, 0x0000000084100000|100%| O|  |TAMS 0x0000000084100000| PB 0x0000000084100000| Untracked 
|  27|0x0000000084100000, 0x0000000084200000, 0x0000000084200000|100%| O|  |TAMS 0x0000000084200000| PB 0x0000000084200000| Untracked 
|  28|0x0000000084200000, 0x0000000084300000, 0x0000000084300000|100%| O|  |TAMS 0x0000000084200000| PB 0x0000000084200000| Untracked 
|  29|0x0000000084300000, 0x0000000084400000, 0x0000000084400000|100%| O|  |TAMS 0x0000000084400000| PB 0x0000000084400000| Updating 
|  30|0x0000000084400000, 0x0000000084500000, 0x0000000084500000|100%| O|  |TAMS 0x0000000084500000| PB 0x0000000084500000| Untracked 
|  31|0x0000000084500000, 0x0000000084600000, 0x0000000084600000|100%| O|  |TAMS 0x0000000084600000| PB 0x0000000084600000| Untracked 
|  32|0x0000000084600000, 0x0000000084700000, 0x0000000084700000|100%| O|  |TAMS 0x0000000084700000| PB 0x0000000084700000| Updating 
|  33|0x0000000084700000, 0x0000000084800000, 0x0000000084800000|100%| O|  |TAMS 0x0000000084800000| PB 0x0000000084800000| Untracked 
|  34|0x0000000084800000, 0x0000000084900000, 0x0000000084900000|100%| O|  |TAMS 0x0000000084900000| PB 0x0000000084900000| Updating 
|  35|0x0000000084900000, 0x0000000084a00000, 0x0000000084a00000|100%| O|  |TAMS 0x0000000084a00000| PB 0x0000000084a00000| Updating 
|  36|0x0000000084a00000, 0x0000000084b00000, 0x0000000084b00000|100%| O|  |TAMS 0x0000000084b00000| PB 0x0000000084b00000| Untracked 
|  37|0x0000000084b00000, 0x0000000084c00000, 0x0000000084c00000|100%| O|  |TAMS 0x0000000084c00000| PB 0x0000000084c00000| Untracked 
|  38|0x0000000084c00000, 0x0000000084d00000, 0x0000000084d00000|100%| O|  |TAMS 0x0000000084d00000| PB 0x0000000084d00000| Untracked 
|  39|0x0000000084d00000, 0x0000000084e00000, 0x0000000084e00000|100%| O|  |TAMS 0x0000000084e00000| PB 0x0000000084e00000| Updating 
|  40|0x0000000084e00000, 0x0000000084f00000, 0x0000000084f00000|100%| O|  |TAMS 0x0000000084f00000| PB 0x0000000084f00000| Untracked 
|  41|0x0000000084f00000, 0x0000000085000000, 0x0000000085000000|100%| O|  |TAMS 0x0000000085000000| PB 0x0000000085000000| Untracked 
|  42|0x0000000085000000, 0x0000000085100000, 0x0000000085100000|100%| O|  |TAMS 0x0000000085100000| PB 0x0000000085100000| Updating 
|  43|0x0000000085100000, 0x0000000085200000, 0x0000000085200000|100%| O|  |TAMS 0x0000000085200000| PB 0x0000000085200000| Updating 
|  44|0x0000000085200000, 0x0000000085300000, 0x0000000085300000|100%| O|  |TAMS 0x0000000085300000| PB 0x0000000085300000| Untracked 
|  45|0x0000000085300000, 0x0000000085400000, 0x0000000085400000|100%| O|  |TAMS 0x0000000085300000| PB 0x0000000085300000| Untracked 
|  46|0x0000000085400000, 0x0000000085500000, 0x0000000085500000|100%| O|  |TAMS 0x0000000085500000| PB 0x0000000085500000| Untracked 
|  47|0x0000000085500000, 0x0000000085600000, 0x0000000085600000|100%| O|  |TAMS 0x0000000085600000| PB 0x0000000085600000| Untracked 
|  48|0x0000000085600000, 0x0000000085700000, 0x0000000085700000|100%| O|  |TAMS 0x0000000085700000| PB 0x0000000085700000| Updating 
|  49|0x0000000085700000, 0x0000000085800000, 0x0000000085800000|100%| O|  |TAMS 0x0000000085800000| PB 0x0000000085800000| Untracked 
|  50|0x0000000085800000, 0x0000000085900000, 0x0000000085900000|100%| O|  |TAMS 0x0000000085900000| PB 0x0000000085900000| Untracked 
|  51|0x0000000085900000, 0x0000000085a00000, 0x0000000085a00000|100%| O|  |TAMS 0x0000000085a00000| PB 0x0000000085a00000| Updating 
|  52|0x0000000085a00000, 0x0000000085b00000, 0x0000000085b00000|100%| O|  |TAMS 0x0000000085b00000| PB 0x0000000085b00000| Updating 
|  53|0x0000000085b00000, 0x0000000085c00000, 0x0000000085c00000|100%| O|  |TAMS 0x0000000085c00000| PB 0x0000000085c00000| Updating 
|  54|0x0000000085c00000, 0x0000000085d00000, 0x0000000085d00000|100%| O|  |TAMS 0x0000000085d00000| PB 0x0000000085d00000| Updating 
|  55|0x0000000085d00000, 0x0000000085e00000, 0x0000000085e00000|100%| O|  |TAMS 0x0000000085e00000| PB 0x0000000085e00000| Untracked 
|  56|0x0000000085e00000, 0x0000000085f00000, 0x0000000085f00000|100%| O|  |TAMS 0x0000000085f00000| PB 0x0000000085f00000| Updating 
|  57|0x0000000085f00000, 0x0000000086000000, 0x0000000086000000|100%| O|  |TAMS 0x0000000086000000| PB 0x0000000086000000| Updating 
|  58|0x0000000086000000, 0x0000000086100000, 0x0000000086100000|100%| O|  |TAMS 0x0000000086100000| PB 0x0000000086100000| Untracked 
|  59|0x0000000086100000, 0x0000000086200000, 0x0000000086200000|100%| O|  |TAMS 0x0000000086200000| PB 0x0000000086200000| Updating 
|  60|0x0000000086200000, 0x0000000086300000, 0x0000000086300000|100%| O|  |TAMS 0x0000000086300000| PB 0x0000000086300000| Updating 
|  61|0x0000000086300000, 0x0000000086400000, 0x0000000086400000|100%| O|  |TAMS 0x0000000086400000| PB 0x0000000086400000| Untracked 
|  62|0x0000000086400000, 0x0000000086500000, 0x0000000086500000|100%| O|  |TAMS 0x0000000086500000| PB 0x0000000086500000| Untracked 
|  63|0x0000000086500000, 0x0000000086600000, 0x0000000086600000|100%| O|  |TAMS 0x0000000086600000| PB 0x0000000086600000| Untracked 
|  64|0x0000000086600000, 0x0000000086700000, 0x0000000086700000|100%| O|  |TAMS 0x0000000086700000| PB 0x0000000086700000| Updating 
|  65|0x0000000086700000, 0x0000000086800000, 0x0000000086800000|100%| O|  |TAMS 0x0000000086800000| PB 0x0000000086800000| Updating 
|  66|0x0000000086800000, 0x0000000086900000, 0x0000000086900000|100%| O|  |TAMS 0x0000000086900000| PB 0x0000000086900000| Untracked 
|  67|0x0000000086900000, 0x0000000086a00000, 0x0000000086a00000|100%| O|  |TAMS 0x0000000086a00000| PB 0x0000000086a00000| Untracked 
|  68|0x0000000086a00000, 0x0000000086b00000, 0x0000000086b00000|100%| O|  |TAMS 0x0000000086b00000| PB 0x0000000086b00000| Updating 
|  69|0x0000000086b00000, 0x0000000086c00000, 0x0000000086c00000|100%| O|  |TAMS 0x0000000086b28518| PB 0x0000000086b28518| Untracked 
|  70|0x0000000086c00000, 0x0000000086d00000, 0x0000000086d00000|100%| O|  |TAMS 0x0000000086c00000| PB 0x0000000086c00000| Untracked 
|  71|0x0000000086d00000, 0x0000000086db14f8, 0x0000000086e00000| 69%| O|  |TAMS 0x0000000086d00000| PB 0x0000000086d00000| Untracked 
|  72|0x0000000086e00000, 0x0000000086f00000, 0x0000000086f00000|100%| O|  |TAMS 0x0000000086e00000| PB 0x0000000086e00000| Untracked 
|  73|0x0000000086f00000, 0x0000000087000000, 0x0000000087000000|100%| O|  |TAMS 0x0000000086f00000| PB 0x0000000086f00000| Untracked 
|  74|0x0000000087000000, 0x0000000087000000, 0x0000000087100000|  0%| F|  |TAMS 0x0000000087000000| PB 0x0000000087000000| Untracked 
|  75|0x0000000087100000, 0x0000000087100000, 0x0000000087200000|  0%| F|  |TAMS 0x0000000087100000| PB 0x0000000087100000| Untracked 
|  76|0x0000000087200000, 0x0000000087200000, 0x0000000087300000|  0%| F|  |TAMS 0x0000000087200000| PB 0x0000000087200000| Untracked 
|  77|0x0000000087300000, 0x0000000087300000, 0x0000000087400000|  0%| F|  |TAMS 0x0000000087300000| PB 0x0000000087300000| Untracked 
|  78|0x0000000087400000, 0x0000000087400000, 0x0000000087500000|  0%| F|  |TAMS 0x0000000087400000| PB 0x0000000087400000| Untracked 
|  79|0x0000000087500000, 0x0000000087500000, 0x0000000087600000|  0%| F|  |TAMS 0x0000000087500000| PB 0x0000000087500000| Untracked 
|  80|0x0000000087600000, 0x0000000087600000, 0x0000000087700000|  0%| F|  |TAMS 0x0000000087600000| PB 0x0000000087600000| Untracked 
|  81|0x0000000087700000, 0x0000000087700000, 0x0000000087800000|  0%| F|  |TAMS 0x0000000087700000| PB 0x0000000087700000| Untracked 
|  82|0x0000000087800000, 0x0000000087800000, 0x0000000087900000|  0%| F|  |TAMS 0x0000000087800000| PB 0x0000000087800000| Untracked 
|  83|0x0000000087900000, 0x0000000087900000, 0x0000000087a00000|  0%| F|  |TAMS 0x0000000087900000| PB 0x0000000087900000| Untracked 
|  84|0x0000000087a00000, 0x0000000087a00000, 0x0000000087b00000|  0%| F|  |TAMS 0x0000000087a00000| PB 0x0000000087a00000| Untracked 
|  85|0x0000000087b00000, 0x0000000087b00000, 0x0000000087c00000|  0%| F|  |TAMS 0x0000000087b00000| PB 0x0000000087b00000| Untracked 
|  86|0x0000000087c00000, 0x0000000087c00000, 0x0000000087d00000|  0%| F|  |TAMS 0x0000000087c00000| PB 0x0000000087c00000| Untracked 
|  87|0x0000000087d00000, 0x0000000087d00000, 0x0000000087e00000|  0%| F|  |TAMS 0x0000000087d00000| PB 0x0000000087d00000| Untracked 
|  88|0x0000000087e00000, 0x0000000087e00000, 0x0000000087f00000|  0%| F|  |TAMS 0x0000000087e00000| PB 0x0000000087e00000| Untracked 
|  89|0x0000000087f00000, 0x0000000087f00000, 0x0000000088000000|  0%| F|  |TAMS 0x0000000087f00000| PB 0x0000000087f00000| Untracked 
|  90|0x0000000088000000, 0x0000000088000000, 0x0000000088100000|  0%| F|  |TAMS 0x0000000088000000| PB 0x0000000088000000| Untracked 
|  91|0x0000000088100000, 0x0000000088100000, 0x0000000088200000|  0%| F|  |TAMS 0x0000000088100000| PB 0x0000000088100000| Untracked 
|  92|0x0000000088200000, 0x0000000088200000, 0x0000000088300000|  0%| F|  |TAMS 0x0000000088200000| PB 0x0000000088200000| Untracked 
|  93|0x0000000088300000, 0x0000000088300000, 0x0000000088400000|  0%| F|  |TAMS 0x0000000088300000| PB 0x0000000088300000| Untracked 
|  94|0x0000000088400000, 0x0000000088400000, 0x0000000088500000|  0%| F|  |TAMS 0x0000000088400000| PB 0x0000000088400000| Untracked 
|  95|0x0000000088500000, 0x0000000088500000, 0x0000000088600000|  0%| F|  |TAMS 0x0000000088500000| PB 0x0000000088500000| Untracked 
|  96|0x0000000088600000, 0x0000000088600000, 0x0000000088700000|  0%| F|  |TAMS 0x0000000088600000| PB 0x0000000088600000| Untracked 
|  97|0x0000000088700000, 0x0000000088700000, 0x0000000088800000|  0%| F|  |TAMS 0x0000000088700000| PB 0x0000000088700000| Untracked 
|  98|0x0000000088800000, 0x0000000088800000, 0x0000000088900000|  0%| F|  |TAMS 0x0000000088800000| PB 0x0000000088800000| Untracked 
|  99|0x0000000088900000, 0x0000000088900000, 0x0000000088a00000|  0%| F|  |TAMS 0x0000000088900000| PB 0x0000000088900000| Untracked 
| 100|0x0000000088a00000, 0x0000000088a00000, 0x0000000088b00000|  0%| F|  |TAMS 0x0000000088a00000| PB 0x0000000088a00000| Untracked 
| 101|0x0000000088b00000, 0x0000000088b00000, 0x0000000088c00000|  0%| F|  |TAMS 0x0000000088b00000| PB 0x0000000088b00000| Untracked 
| 102|0x0000000088c00000, 0x0000000088c00000, 0x0000000088d00000|  0%| F|  |TAMS 0x0000000088c00000| PB 0x0000000088c00000| Untracked 
| 103|0x0000000088d00000, 0x0000000088d00000, 0x0000000088e00000|  0%| F|  |TAMS 0x0000000088d00000| PB 0x0000000088d00000| Untracked 
| 104|0x0000000088e00000, 0x0000000088e00000, 0x0000000088f00000|  0%| F|  |TAMS 0x0000000088e00000| PB 0x0000000088e00000| Untracked 
| 105|0x0000000088f00000, 0x0000000088f00000, 0x0000000089000000|  0%| F|  |TAMS 0x0000000088f00000| PB 0x0000000088f00000| Untracked 
| 106|0x0000000089000000, 0x0000000089000000, 0x0000000089100000|  0%| F|  |TAMS 0x0000000089000000| PB 0x0000000089000000| Untracked 
| 107|0x0000000089100000, 0x0000000089100000, 0x0000000089200000|  0%| F|  |TAMS 0x0000000089100000| PB 0x0000000089100000| Untracked 
| 108|0x0000000089200000, 0x0000000089200000, 0x0000000089300000|  0%| F|  |TAMS 0x0000000089200000| PB 0x0000000089200000| Untracked 
| 109|0x0000000089300000, 0x0000000089300000, 0x0000000089400000|  0%| F|  |TAMS 0x0000000089300000| PB 0x0000000089300000| Untracked 
| 110|0x0000000089400000, 0x0000000089400000, 0x0000000089500000|  0%| F|  |TAMS 0x0000000089400000| PB 0x0000000089400000| Untracked 
| 111|0x0000000089500000, 0x0000000089500000, 0x0000000089600000|  0%| F|  |TAMS 0x0000000089500000| PB 0x0000000089500000| Untracked 
| 112|0x0000000089600000, 0x0000000089600000, 0x0000000089700000|  0%| F|  |TAMS 0x0000000089600000| PB 0x0000000089600000| Untracked 
| 113|0x0000000089700000, 0x0000000089700000, 0x0000000089800000|  0%| F|  |TAMS 0x0000000089700000| PB 0x0000000089700000| Untracked 
| 114|0x0000000089800000, 0x0000000089800000, 0x0000000089900000|  0%| F|  |TAMS 0x0000000089800000| PB 0x0000000089800000| Untracked 
| 115|0x0000000089900000, 0x0000000089900000, 0x0000000089a00000|  0%| F|  |TAMS 0x0000000089900000| PB 0x0000000089900000| Untracked 
| 116|0x0000000089a00000, 0x0000000089a00000, 0x0000000089b00000|  0%| F|  |TAMS 0x0000000089a00000| PB 0x0000000089a00000| Untracked 
| 117|0x0000000089b00000, 0x0000000089b00000, 0x0000000089c00000|  0%| F|  |TAMS 0x0000000089b00000| PB 0x0000000089b00000| Untracked 
| 118|0x0000000089c00000, 0x0000000089c00000, 0x0000000089d00000|  0%| F|  |TAMS 0x0000000089c00000| PB 0x0000000089c00000| Untracked 
| 119|0x0000000089d00000, 0x0000000089d00000, 0x0000000089e00000|  0%| F|  |TAMS 0x0000000089d00000| PB 0x0000000089d00000| Untracked 
| 120|0x0000000089e00000, 0x0000000089e00000, 0x0000000089f00000|  0%| F|  |TAMS 0x0000000089e00000| PB 0x0000000089e00000| Untracked 
| 121|0x0000000089f00000, 0x0000000089f00000, 0x000000008a000000|  0%| F|  |TAMS 0x0000000089f00000| PB 0x0000000089f00000| Untracked 
| 122|0x000000008a000000, 0x000000008a000000, 0x000000008a100000|  0%| F|  |TAMS 0x000000008a000000| PB 0x000000008a000000| Untracked 
| 123|0x000000008a100000, 0x000000008a100000, 0x000000008a200000|  0%| F|  |TAMS 0x000000008a100000| PB 0x000000008a100000| Untracked 
| 124|0x000000008a200000, 0x000000008a200000, 0x000000008a300000|  0%| F|  |TAMS 0x000000008a200000| PB 0x000000008a200000| Untracked 
| 125|0x000000008a300000, 0x000000008a300000, 0x000000008a400000|  0%| F|  |TAMS 0x000000008a300000| PB 0x000000008a300000| Untracked 
| 126|0x000000008a400000, 0x000000008a400000, 0x000000008a500000|  0%| F|  |TAMS 0x000000008a400000| PB 0x000000008a400000| Untracked 
| 127|0x000000008a500000, 0x000000008a500000, 0x000000008a600000|  0%| F|  |TAMS 0x000000008a500000| PB 0x000000008a500000| Untracked 
| 128|0x000000008a600000, 0x000000008a600000, 0x000000008a700000|  0%| F|  |TAMS 0x000000008a600000| PB 0x000000008a600000| Untracked 
| 129|0x000000008a700000, 0x000000008a700000, 0x000000008a800000|  0%| F|  |TAMS 0x000000008a700000| PB 0x000000008a700000| Untracked 
| 130|0x000000008a800000, 0x000000008a800000, 0x000000008a900000|  0%| F|  |TAMS 0x000000008a800000| PB 0x000000008a800000| Untracked 
| 131|0x000000008a900000, 0x000000008a900000, 0x000000008aa00000|  0%| F|  |TAMS 0x000000008a900000| PB 0x000000008a900000| Untracked 
| 132|0x000000008aa00000, 0x000000008aa00000, 0x000000008ab00000|  0%| F|  |TAMS 0x000000008aa00000| PB 0x000000008aa00000| Untracked 
| 133|0x000000008ab00000, 0x000000008ab00000, 0x000000008ac00000|  0%| F|  |TAMS 0x000000008ab00000| PB 0x000000008ab00000| Untracked 
| 134|0x000000008ac00000, 0x000000008ac00000, 0x000000008ad00000|  0%| F|  |TAMS 0x000000008ac00000| PB 0x000000008ac00000| Untracked 
| 135|0x000000008ad00000, 0x000000008ad00000, 0x000000008ae00000|  0%| F|  |TAMS 0x000000008ad00000| PB 0x000000008ad00000| Untracked 
| 136|0x000000008ae00000, 0x000000008ae00000, 0x000000008af00000|  0%| F|  |TAMS 0x000000008ae00000| PB 0x000000008ae00000| Untracked 
| 137|0x000000008af00000, 0x000000008af00000, 0x000000008b000000|  0%| F|  |TAMS 0x000000008af00000| PB 0x000000008af00000| Untracked 
| 138|0x000000008b000000, 0x000000008b000000, 0x000000008b100000|  0%| F|  |TAMS 0x000000008b000000| PB 0x000000008b000000| Untracked 
| 139|0x000000008b100000, 0x000000008b100000, 0x000000008b200000|  0%| F|  |TAMS 0x000000008b100000| PB 0x000000008b100000| Untracked 
| 140|0x000000008b200000, 0x000000008b200000, 0x000000008b300000|  0%| F|  |TAMS 0x000000008b200000| PB 0x000000008b200000| Untracked 
| 141|0x000000008b300000, 0x000000008b300000, 0x000000008b400000|  0%| F|  |TAMS 0x000000008b300000| PB 0x000000008b300000| Untracked 
| 142|0x000000008b400000, 0x000000008b400000, 0x000000008b500000|  0%| F|  |TAMS 0x000000008b400000| PB 0x000000008b400000| Untracked 
| 143|0x000000008b500000, 0x000000008b500000, 0x000000008b600000|  0%| F|  |TAMS 0x000000008b500000| PB 0x000000008b500000| Untracked 
| 144|0x000000008b600000, 0x000000008b600000, 0x000000008b700000|  0%| F|  |TAMS 0x000000008b600000| PB 0x000000008b600000| Untracked 
| 145|0x000000008b700000, 0x000000008b700000, 0x000000008b800000|  0%| F|  |TAMS 0x000000008b700000| PB 0x000000008b700000| Untracked 
| 146|0x000000008b800000, 0x000000008b800000, 0x000000008b900000|  0%| F|  |TAMS 0x000000008b800000| PB 0x000000008b800000| Untracked 
| 147|0x000000008b900000, 0x000000008b900000, 0x000000008ba00000|  0%| F|  |TAMS 0x000000008b900000| PB 0x000000008b900000| Untracked 
| 148|0x000000008ba00000, 0x000000008ba00000, 0x000000008bb00000|  0%| F|  |TAMS 0x000000008ba00000| PB 0x000000008ba00000| Untracked 
| 149|0x000000008bb00000, 0x000000008bb00000, 0x000000008bc00000|  0%| F|  |TAMS 0x000000008bb00000| PB 0x000000008bb00000| Untracked 
| 150|0x000000008bc00000, 0x000000008bc00000, 0x000000008bd00000|  0%| F|  |TAMS 0x000000008bc00000| PB 0x000000008bc00000| Untracked 
| 151|0x000000008bd00000, 0x000000008bd00000, 0x000000008be00000|  0%| F|  |TAMS 0x000000008bd00000| PB 0x000000008bd00000| Untracked 
| 152|0x000000008be00000, 0x000000008be00000, 0x000000008bf00000|  0%| F|  |TAMS 0x000000008be00000| PB 0x000000008be00000| Untracked 
| 153|0x000000008bf00000, 0x000000008bf00000, 0x000000008c000000|  0%| F|  |TAMS 0x000000008bf00000| PB 0x000000008bf00000| Untracked 
| 154|0x000000008c000000, 0x000000008c000000, 0x000000008c100000|  0%| F|  |TAMS 0x000000008c000000| PB 0x000000008c000000| Untracked 
| 155|0x000000008c100000, 0x000000008c1bdc50, 0x000000008c200000| 74%| S|CS|TAMS 0x000000008c100000| PB 0x000000008c100000| Complete 
| 156|0x000000008c200000, 0x000000008c300000, 0x000000008c300000|100%| S|CS|TAMS 0x000000008c200000| PB 0x000000008c200000| Complete 

Card table byte_map: [0x000001dbf9ad0000,0x000001dbf9ec0000] _byte_map_base: 0x000001dbf96bd000

Marking Bits: (CMBitMap*) 0x000001dbf9340dd0
 Bits: [0x000001dbf9ec0000, 0x000001dbfbe28000)

Polling page: 0x000001dbf8aa0000

Metaspace:

Usage:
  Non-class:     79.15 MB used.
      Class:     12.49 MB used.
       Both:     91.65 MB used.

Virtual space:
  Non-class space:      128.00 MB reserved,      79.50 MB ( 62%) committed,  2 nodes.
      Class space:        1.00 GB reserved,      12.81 MB (  1%) committed,  1 nodes.
             Both:        1.12 GB reserved,      92.31 MB (  8%) committed. 

Chunk freelists:
   Non-Class:  512.00 KB
       Class:  3.12 MB
        Both:  3.62 MB

MaxMetaspaceSize: unlimited
CompressedClassSpaceSize: 1.00 GB
Initial GC threshold: 21.00 MB
Current GC threshold: 153.88 MB
CDS: on
 - commit_granule_bytes: 65536.
 - commit_granule_words: 8192.
 - virtual_space_node_default_size: 8388608.
 - enlarge_chunks_in_place: 1.
 - use_allocation_guard: 0.


Internal statistics:

num_allocs_failed_limit: 11.
num_arena_births: 1016.
num_arena_deaths: 0.
num_vsnodes_births: 3.
num_vsnodes_deaths: 0.
num_space_committed: 1477.
num_space_uncommitted: 0.
num_chunks_returned_to_freelist: 11.
num_chunks_taken_from_freelist: 4336.
num_chunk_merges: 8.
num_chunk_splits: 3191.
num_chunks_enlarged: 2574.
num_inconsistent_stats: 0.

CodeHeap 'non-profiled nmethods': size=120000Kb used=4800Kb max_used=5251Kb free=115199Kb
 bounds [0x000001db8fea0000, 0x000001db903d0000, 0x000001db973d0000]
CodeHeap 'profiled nmethods': size=120000Kb used=12859Kb max_used=13953Kb free=107140Kb
 bounds [0x000001db883d0000, 0x000001db89190000, 0x000001db8f900000]
CodeHeap 'non-nmethods': size=5760Kb used=1755Kb max_used=1835Kb free=4004Kb
 bounds [0x000001db8f900000, 0x000001db8fb70000, 0x000001db8fea0000]
 total_blobs=7466 nmethods=6700 adapters=669
 compilation: enabled
              stopped_count=0, restarted_count=0
 full_count=0

Compilation events (20 events):
Event: 15.833 Thread 0x000001dbfe878e30 nmethod 8229 0x000001db88f13310 code [0x000001db88f13540, 0x000001db88f13fa8]
Event: 15.833 Thread 0x000001dbe24019f0 8230       4       org.antlr.v4.runtime.atn.PredictionContext::isEmpty (13 bytes)
Event: 15.834 Thread 0x000001dbe24019f0 nmethod 8230 0x000001db90038e90 code [0x000001db90039020, 0x000001db900390d0]
Event: 15.834 Thread 0x000001dbfe876140 8231 %     4       org.antlr.v4.runtime.misc.Array2DHashSet::expand @ 68 (247 bytes)
Event: 15.835 Thread 0x000001dbe24019f0 8232       4       org.antlr.v4.runtime.misc.FlexibleHashMap::get (85 bytes)
Event: 15.849 Thread 0x000001dbe24019f0 nmethod 8232 0x000001db90037e10 code [0x000001db90038000, 0x000001db900386b8]
Event: 15.865 Thread 0x000001dbfe878e30 8233       1       org.antlr.v4.runtime.atn.PlusLoopbackState::getStateType (3 bytes)
Event: 15.865 Thread 0x000001dbfe878e30 nmethod 8233 0x000001db90037b10 code [0x000001db90037ca0, 0x000001db90037d68]
Event: 15.866 Thread 0x000001dbfe878e30 8234       3       org.antlr.v4.runtime.atn.ATNConfigSet::isEmpty (8 bytes)
Event: 15.866 Thread 0x000001dbfe878e30 nmethod 8234 0x000001db88a50590 code [0x000001db88a50740, 0x000001db88a50990]
Event: 15.866 Thread 0x000001dbfe878e30 8235       1       org.antlr.v4.runtime.atn.EmptyPredictionContext::size (2 bytes)
Event: 15.866 Thread 0x000001dbfe878e30 nmethod 8235 0x000001db90037810 code [0x000001db900379a0, 0x000001db90037a68]
Event: 15.866 Thread 0x000001dbfe876140 nmethod 8231% 0x000001db90035b10 code [0x000001db90035d60, 0x000001db90036fe0]
Event: 15.867 Thread 0x000001dbe24019f0 8236       4       org.antlr.v4.runtime.atn.ATNConfig::equals (18 bytes)
Event: 15.867 Thread 0x000001dbfe876140 8237       4       org.antlr.v4.runtime.atn.ATNConfig::equals (86 bytes)
Event: 15.867 Thread 0x000001dbfe878e30 8238       3       org.antlr.v4.runtime.atn.ParserATNSimulator::getExistingTargetState (31 bytes)
Event: 15.867 Thread 0x000001dbfe878e30 nmethod 8238 0x000001db88849e10 code [0x000001db88849fc0, 0x000001db8884a1c0]
Event: 15.871 Thread 0x000001dbfe876140 nmethod 8237 0x000001db90035510 code [0x000001db900356c0, 0x000001db90035940]
Event: 15.871 Thread 0x000001dbfe876140 8239 %     4       org.antlr.v4.runtime.misc.Array2DHashSet::expand @ 102 (247 bytes)
Event: 15.874 Thread 0x000001dbe24019f0 nmethod 8236 0x000001db90034d10 code [0x000001db90034f00, 0x000001db90035290]

GC Heap History (20 events):
Event: 8.908 GC heap after
{Heap after GC invocations=17 (full 0):
 garbage-first heap   total 99328K, used 42701K [0x0000000082600000, 0x0000000100000000)
  region size 1024K, 4 young (4096K), 4 survivors (4096K)
 Metaspace       used 56092K, committed 56768K, reserved 1114112K
  class space    used 6984K, committed 7296K, reserved 1048576K
}
Event: 9.889 GC heap before
{Heap before GC invocations=17 (full 0):
 garbage-first heap   total 99328K, used 81613K [0x0000000082600000, 0x0000000100000000)
  region size 1024K, 42 young (43008K), 4 survivors (4096K)
 Metaspace       used 60208K, committed 60864K, reserved 1114112K
  class space    used 7496K, committed 7808K, reserved 1048576K
}
Event: 9.896 GC heap after
{Heap after GC invocations=18 (full 0):
 garbage-first heap   total 99328K, used 44841K [0x0000000082600000, 0x0000000100000000)
  region size 1024K, 3 young (3072K), 3 survivors (3072K)
 Metaspace       used 60208K, committed 60864K, reserved 1114112K
  class space    used 7496K, committed 7808K, reserved 1048576K
}
Event: 11.102 GC heap before
{Heap before GC invocations=18 (full 0):
 garbage-first heap   total 99328K, used 82729K [0x0000000082600000, 0x0000000100000000)
  region size 1024K, 40 young (40960K), 3 survivors (3072K)
 Metaspace       used 68451K, committed 69056K, reserved 1114112K
  class space    used 8890K, committed 9152K, reserved 1048576K
}
Event: 11.106 GC heap after
{Heap after GC invocations=19 (full 0):
 garbage-first heap   total 99328K, used 47049K [0x0000000082600000, 0x0000000100000000)
  region size 1024K, 5 young (5120K), 5 survivors (5120K)
 Metaspace       used 68451K, committed 69056K, reserved 1114112K
  class space    used 8890K, committed 9152K, reserved 1048576K
}
Event: 12.486 GC heap before
{Heap before GC invocations=19 (full 0):
 garbage-first heap   total 99328K, used 83913K [0x0000000082600000, 0x0000000100000000)
  region size 1024K, 42 young (43008K), 5 survivors (5120K)
 Metaspace       used 77010K, committed 77696K, reserved 1179648K
  class space    used 9975K, committed 10304K, reserved 1048576K
}
Event: 12.492 GC heap after
{Heap after GC invocations=20 (full 0):
 garbage-first heap   total 99328K, used 49569K [0x0000000082600000, 0x0000000100000000)
  region size 1024K, 5 young (5120K), 5 survivors (5120K)
 Metaspace       used 77010K, committed 77696K, reserved 1179648K
  class space    used 9975K, committed 10304K, reserved 1048576K
}
Event: 13.857 GC heap before
{Heap before GC invocations=21 (full 0):
 garbage-first heap   total 99328K, used 87457K [0x0000000082600000, 0x0000000100000000)
  region size 1024K, 42 young (43008K), 5 survivors (5120K)
 Metaspace       used 86045K, committed 86784K, reserved 1179648K
  class space    used 11437K, committed 11776K, reserved 1048576K
}
Event: 13.862 GC heap after
{Heap after GC invocations=22 (full 0):
 garbage-first heap   total 99328K, used 50880K [0x0000000082600000, 0x0000000100000000)
  region size 1024K, 4 young (4096K), 4 survivors (4096K)
 Metaspace       used 86045K, committed 86784K, reserved 1179648K
  class space    used 11437K, committed 11776K, reserved 1048576K
}
Event: 14.800 GC heap before
{Heap before GC invocations=22 (full 0):
 garbage-first heap   total 99328K, used 88768K [0x0000000082600000, 0x0000000100000000)
  region size 1024K, 41 young (41984K), 4 survivors (4096K)
 Metaspace       used 89878K, committed 90688K, reserved 1179648K
  class space    used 11901K, committed 12288K, reserved 1048576K
}
Event: 14.808 GC heap after
{Heap after GC invocations=23 (full 0):
 garbage-first heap   total 99328K, used 53342K [0x0000000082600000, 0x0000000100000000)
  region size 1024K, 5 young (5120K), 5 survivors (5120K)
 Metaspace       used 89878K, committed 90688K, reserved 1179648K
  class space    used 11901K, committed 12288K, reserved 1048576K
}
Event: 15.178 GC heap before
{Heap before GC invocations=23 (full 0):
 garbage-first heap   total 99328K, used 86110K [0x0000000082600000, 0x0000000100000000)
  region size 1024K, 38 young (38912K), 5 survivors (5120K)
 Metaspace       used 92106K, committed 92864K, reserved 1179648K
  class space    used 12362K, committed 12736K, reserved 1048576K
}
Event: 15.186 GC heap after
{Heap after GC invocations=24 (full 0):
 garbage-first heap   total 99328K, used 58426K [0x0000000082600000, 0x0000000100000000)
  region size 1024K, 5 young (5120K), 5 survivors (5120K)
 Metaspace       used 92106K, committed 92864K, reserved 1179648K
  class space    used 12362K, committed 12736K, reserved 1048576K
}
Event: 15.347 GC heap before
{Heap before GC invocations=25 (full 0):
 garbage-first heap   total 107520K, used 87098K [0x0000000082600000, 0x0000000100000000)
  region size 1024K, 33 young (33792K), 5 survivors (5120K)
 Metaspace       used 92106K, committed 92864K, reserved 1179648K
  class space    used 12362K, committed 12736K, reserved 1048576K
}
Event: 15.356 GC heap after
{Heap after GC invocations=26 (full 0):
 garbage-first heap   total 107520K, used 66647K [0x0000000082600000, 0x0000000100000000)
  region size 1024K, 5 young (5120K), 5 survivors (5120K)
 Metaspace       used 92106K, committed 92864K, reserved 1179648K
  class space    used 12362K, committed 12736K, reserved 1048576K
}
Event: 15.466 GC heap before
{Heap before GC invocations=26 (full 0):
 garbage-first heap   total 107520K, used 93271K [0x0000000082600000, 0x0000000100000000)
  region size 1024K, 31 young (31744K), 5 survivors (5120K)
 Metaspace       used 92106K, committed 92864K, reserved 1179648K
  class space    used 12362K, committed 12736K, reserved 1048576K
}
Event: 15.474 GC heap after
{Heap after GC invocations=27 (full 0):
 garbage-first heap   total 107520K, used 72865K [0x0000000082600000, 0x0000000100000000)
  region size 1024K, 4 young (4096K), 4 survivors (4096K)
 Metaspace       used 92106K, committed 92864K, reserved 1179648K
  class space    used 12362K, committed 12736K, reserved 1048576K
}
Event: 15.802 GC heap before
{Heap before GC invocations=27 (full 0):
 garbage-first heap   total 107520K, used 93345K [0x0000000082600000, 0x0000000100000000)
  region size 1024K, 24 young (24576K), 4 survivors (4096K)
 Metaspace       used 93841K, committed 94528K, reserved 1179648K
  class space    used 12794K, committed 13120K, reserved 1048576K
}
Event: 15.807 GC heap after
{Heap after GC invocations=28 (full 0):
 garbage-first heap   total 107520K, used 75680K [0x0000000082600000, 0x0000000100000000)
  region size 1024K, 2 young (2048K), 2 survivors (2048K)
 Metaspace       used 93841K, committed 94528K, reserved 1179648K
  class space    used 12794K, committed 13120K, reserved 1048576K
}
Event: 15.885 GC heap before
{Heap before GC invocations=28 (full 0):
 garbage-first heap   total 160768K, used 96160K [0x0000000082600000, 0x0000000100000000)
  region size 1024K, 22 young (22528K), 2 survivors (2048K)
 Metaspace       used 93844K, committed 94528K, reserved 1179648K
  class space    used 12794K, committed 13120K, reserved 1048576K
}

Dll operation events (12 events):
Event: 0.010 Loaded shared library C:\Program Files\Java\jdk-21\bin\java.dll
Event: 0.058 Loaded shared library C:\Program Files\Java\jdk-21\bin\jsvml.dll
Event: 0.197 Loaded shared library C:\Program Files\Java\jdk-21\bin\zip.dll
Event: 0.202 Loaded shared library C:\Program Files\Java\jdk-21\bin\instrument.dll
Event: 0.208 Loaded shared library C:\Program Files\Java\jdk-21\bin\net.dll
Event: 0.210 Loaded shared library C:\Program Files\Java\jdk-21\bin\nio.dll
Event: 0.215 Loaded shared library C:\Program Files\Java\jdk-21\bin\zip.dll
Event: 0.392 Loaded shared library C:\Program Files\Java\jdk-21\bin\extnet.dll
Event: 0.426 Loaded shared library C:\Program Files\Java\jdk-21\bin\jimage.dll
Event: 1.563 Loaded shared library C:\Program Files\Java\jdk-21\bin\management.dll
Event: 1.568 Loaded shared library C:\Program Files\Java\jdk-21\bin\management_ext.dll
Event: 2.736 Loaded shared library C:\Program Files\Java\jdk-21\bin\sunmscapi.dll

Deoptimization events (20 events):
Event: 15.789 Thread 0x000001dbde501740 Uncommon trap: trap_request=0xffffffbe fr.pc=0x000001db9026f6e4 relative=0x0000000000001bc4
Event: 15.789 Thread 0x000001dbde501740 Uncommon trap: reason=profile_predicate action=maybe_recompile pc=0x000001db9026f6e4 method=org.antlr.v4.runtime.atn.PredictionContext.getCachedContext(Lorg/antlr/v4/runtime/atn/PredictionContext;Lorg/antlr/v4/runtime/atn/PredictionContextCache;Ljava/util
Event: 15.789 Thread 0x000001dbde501740 DEOPT PACKING pc=0x000001db9026f6e4 sp=0x00000008ebbfb320
Event: 15.789 Thread 0x000001dbde501740 DEOPT UNPACKING pc=0x000001db8f9546a2 sp=0x00000008ebbfb2e8 mode 2
Event: 15.789 Thread 0x000001dbde501740 Uncommon trap: trap_request=0xffffffbe fr.pc=0x000001db9026f6e4 relative=0x0000000000001bc4
Event: 15.789 Thread 0x000001dbde501740 Uncommon trap: reason=profile_predicate action=maybe_recompile pc=0x000001db9026f6e4 method=org.antlr.v4.runtime.atn.PredictionContext.getCachedContext(Lorg/antlr/v4/runtime/atn/PredictionContext;Lorg/antlr/v4/runtime/atn/PredictionContextCache;Ljava/util
Event: 15.789 Thread 0x000001dbde501740 DEOPT PACKING pc=0x000001db9026f6e4 sp=0x00000008ebbfb280
Event: 15.789 Thread 0x000001dbde501740 DEOPT UNPACKING pc=0x000001db8f9546a2 sp=0x00000008ebbfb248 mode 2
Event: 15.789 Thread 0x000001dbde501740 Uncommon trap: trap_request=0xffffffbe fr.pc=0x000001db9026f6e4 relative=0x0000000000001bc4
Event: 15.789 Thread 0x000001dbde501740 Uncommon trap: reason=profile_predicate action=maybe_recompile pc=0x000001db9026f6e4 method=org.antlr.v4.runtime.atn.PredictionContext.getCachedContext(Lorg/antlr/v4/runtime/atn/PredictionContext;Lorg/antlr/v4/runtime/atn/PredictionContextCache;Ljava/util
Event: 15.789 Thread 0x000001dbde501740 DEOPT PACKING pc=0x000001db9026f6e4 sp=0x00000008ebbfb1e0
Event: 15.789 Thread 0x000001dbde501740 DEOPT UNPACKING pc=0x000001db8f9546a2 sp=0x00000008ebbfb1a8 mode 2
Event: 15.789 Thread 0x000001dbde501740 Uncommon trap: trap_request=0xffffffbe fr.pc=0x000001db9026bb0c relative=0x000000000000204c
Event: 15.789 Thread 0x000001dbde501740 Uncommon trap: reason=profile_predicate action=maybe_recompile pc=0x000001db9026bb0c method=org.antlr.v4.runtime.atn.PredictionContext.getCachedContext(Lorg/antlr/v4/runtime/atn/PredictionContext;Lorg/antlr/v4/runtime/atn/PredictionContextCache;Ljava/util
Event: 15.789 Thread 0x000001dbde501740 DEOPT PACKING pc=0x000001db9026bb0c sp=0x00000008ebbfb450
Event: 15.789 Thread 0x000001dbde501740 DEOPT UNPACKING pc=0x000001db8f9546a2 sp=0x00000008ebbfb390 mode 2
Event: 15.793 Thread 0x000001dbde501740 Uncommon trap: trap_request=0xffffff45 fr.pc=0x000001db901913e8 relative=0x0000000000000128
Event: 15.793 Thread 0x000001dbde501740 Uncommon trap: reason=unstable_if action=reinterpret pc=0x000001db901913e8 method=org.antlr.v4.runtime.atn.SingletonPredictionContext.equals(Ljava/lang/Object;)Z @ 11 c2
Event: 15.793 Thread 0x000001dbde501740 DEOPT PACKING pc=0x000001db901913e8 sp=0x00000008ebbfaf50
Event: 15.793 Thread 0x000001dbde501740 DEOPT UNPACKING pc=0x000001db8f9546a2 sp=0x00000008ebbfaee8 mode 2

Classes loaded (20 events):
Event: 14.282 Loading class sun/reflect/annotation/AnnotationInvocationHandler$1
Event: 14.282 Loading class sun/reflect/annotation/AnnotationInvocationHandler$1 done
Event: 14.345 Loading class java/lang/SafeVarargs
Event: 14.350 Loading class java/lang/SafeVarargs done
Event: 14.392 Loading class sun/reflect/generics/reflectiveObjects/GenericArrayTypeImpl
Event: 14.392 Loading class sun/reflect/generics/reflectiveObjects/GenericArrayTypeImpl done
Event: 14.609 Loading class java/lang/Package$1PackageInfoProxy
Event: 14.609 Loading class java/lang/Package$1PackageInfoProxy done
Event: 14.763 Loading class java/lang/invoke/WrongMethodTypeException
Event: 14.763 Loading class java/lang/invoke/WrongMethodTypeException done
Event: 14.781 Loading class java/util/regex/Pattern$Neg
Event: 14.781 Loading class java/util/regex/Pattern$Neg done
Event: 14.785 Loading class java/util/regex/Pattern$Bound
Event: 14.785 Loading class java/util/regex/Pattern$Bound done
Event: 14.786 Loading class java/util/regex/Pattern$Behind
Event: 14.786 Loading class java/util/regex/Pattern$Behind done
Event: 14.813 Loading class java/util/EmptyStackException
Event: 14.814 Loading class java/util/EmptyStackException done
Event: 14.962 Loading class java/io/InvalidClassException
Event: 14.962 Loading class java/io/InvalidClassException done

Classes unloaded (0 events):
No events

Classes redefined (0 events):
No events

Internal exceptions (20 events):
Event: 11.838 Thread 0x000001dbde501740 Exception <a 'java/lang/NoSuchMethodError'{0x000000008756d750}: 'void java.lang.invoke.DirectMethodHandle$Holder.invokeSpecial(java.lang.Object, java.lang.Object, int, java.lang.Object)'> (0x000000008756d750) 
thrown [s\open\src\hotspot\share\interpreter\linkResolver.cpp, line 773]
Event: 11.857 Thread 0x000001dbde501740 Exception <a 'java/lang/NoSuchMethodError'{0x00000000874395b0}: 'java.lang.Object java.lang.invoke.DirectMethodHandle$Holder.invokeSpecial(java.lang.Object, java.lang.Object, java.lang.Object, long, long)'> (0x00000000874395b0) 
thrown [s\open\src\hotspot\share\interpreter\linkResolver.cpp, line 773]
Event: 12.055 Thread 0x000001dbde501740 Implicit null exception at 0x000001db903a6844 to 0x000001db903a69c0
Event: 12.139 Thread 0x000001dbde501740 Implicit null exception at 0x000001db900859c0 to 0x000001db900859f8
Event: 12.162 Thread 0x000001dbde501740 Exception <a 'java/lang/IncompatibleClassChangeError'{0x00000000869b54d8}: Found class java.lang.Object, but interface was expected> (0x00000000869b54d8) 
thrown [s\open\src\hotspot\share\interpreter\linkResolver.cpp, line 840]
Event: 12.200 Thread 0x000001dbde501740 Exception <a 'java/lang/NoSuchMethodError'{0x0000000086864068}: 'java.lang.Object java.lang.invoke.DirectMethodHandle$Holder.invokeStaticInit(java.lang.Object, java.lang.Object, int, java.lang.Object)'> (0x0000000086864068) 
thrown [s\open\src\hotspot\share\interpreter\linkResolver.cpp, line 773]
Event: 13.289 Thread 0x000001dbde501740 Exception <a 'java/lang/NoSuchMethodError'{0x0000000086e6fc98}: 'void java.lang.invoke.DirectMethodHandle$Holder.invokeStaticInit(java.lang.Object, int, java.lang.Object, java.lang.Object, java.lang.Object, java.lang.Object)'> (0x0000000086e6fc98) 
thrown [s\open\src\hotspot\share\interpreter\linkResolver.cpp, line 773]
Event: 13.342 Thread 0x000001dbde501740 Exception <a 'java/lang/NoSuchMethodError'{0x0000000086d79a18}: 'int java.lang.invoke.DirectMethodHandle$Holder.invokeStatic(java.lang.Object, java.lang.Object, java.lang.Object, java.lang.Object, java.lang.Object, java.lang.Object)'> (0x0000000086d79a18) 
thrown [s\open\src\hotspot\share\interpreter\linkResolver.cpp, line 773]
Event: 13.344 Thread 0x000001dbde501740 Exception <a 'java/lang/NoSuchMethodError'{0x0000000086d8d780}: 'int java.lang.invoke.DirectMethodHandle$Holder.invokeStatic(java.lang.Object, java.lang.Object, java.lang.Object, java.lang.Object, java.lang.Object)'> (0x0000000086d8d780) 
thrown [s\open\src\hotspot\share\interpreter\linkResolver.cpp, line 773]
Event: 13.376 Thread 0x000001dbde501740 Exception <a 'java/lang/NoSuchMethodError'{0x0000000086c222d8}: 'void java.lang.invoke.DirectMethodHandle$Holder.invokeInterface(java.lang.Object, java.lang.Object, int, java.lang.Object)'> (0x0000000086c222d8) 
thrown [s\open\src\hotspot\share\interpreter\linkResolver.cpp, line 773]
Event: 13.385 Thread 0x000001dbde501740 Exception <a 'java/lang/NoSuchMethodError'{0x0000000086c55ab0}: 'java.lang.Object java.lang.invoke.DirectMethodHandle$Holder.newInvokeSpecial(java.lang.Object, java.lang.Object, int, java.lang.Object)'> (0x0000000086c55ab0) 
thrown [s\open\src\hotspot\share\interpreter\linkResolver.cpp, line 773]
Event: 13.440 Thread 0x000001dbde501740 Exception <a 'java/lang/NoSuchMethodError'{0x0000000086b2edb0}: 'void java.lang.invoke.DirectMethodHandle$Holder.invokeSpecial(java.lang.Object, java.lang.Object, java.lang.Object, java.lang.Object, java.lang.Object, java.lang.Object, java.lang.Object, java.lang.Object)'> (0x0000000086b2edb0) 
thrown [s\open\src\hotspot\share\interpreter\linkResolver.cpp, line 773]
Event: 13.517 Thread 0x000001dbde501740 Exception <a 'java/lang/NoSuchMethodError'{0x0000000086951058}: 'java.lang.Object java.lang.invoke.Invokers$Holder.linkToTargetMethod(java.lang.Object, java.lang.Object, java.lang.Object, java.lang.Object, java.lang.Object, java.lang.Object, java.lang.Object, java.lang.Object, java.lang.Object, java.lang.Object, java.lang.Object, java.lang.Object)'> (0x0000000086951058) 
thrown [s\open\src\hotspot\share\interpreter\linkResolver.cpp, line 773]
Event: 13.583 Thread 0x000001dbde501740 Exception <a 'java/lang/IncompatibleClassChangeError'{0x00000000868da8e8}: Found class java.lang.Object, but interface was expected> (0x00000000868da8e8) 
thrown [s\open\src\hotspot\share\interpreter\linkResolver.cpp, line 840]
Event: 13.655 Thread 0x000001dbde501740 Exception <a 'java/lang/NoSuchMethodError'{0x00000000866611d8}: 'java.lang.Object java.lang.invoke.DirectMethodHandle$Holder.newInvokeSpecial(java.lang.Object, java.lang.Object, int, java.lang.Object, int, java.lang.Object, java.lang.Object)'> (0x00000000866611d8) 
thrown [s\open\src\hotspot\share\interpreter\linkResolver.cpp, line 773]
Event: 14.268 Thread 0x000001dbde501740 Exception <a 'java/lang/NoSuchMethodError'{0x000000008806e118}: 'void java.lang.invoke.Invokers$Holder.invokeExact_MT(java.lang.Object, java.lang.Object, java.lang.Object, java.lang.Object)'> (0x000000008806e118) 
thrown [s\open\src\hotspot\share\interpreter\linkResolver.cpp, line 773]
Event: 14.439 Thread 0x000001dbde501740 Implicit null exception at 0x000001db90319c64 to 0x000001db9031b7bc
Event: 14.445 Thread 0x000001dbde501740 Exception <a 'java/lang/IncompatibleClassChangeError'{0x00000000871f26b0}: Found class java.lang.Object, but interface was expected> (0x00000000871f26b0) 
thrown [s\open\src\hotspot\share\interpreter\linkResolver.cpp, line 840]
Event: 14.515 Thread 0x000001dbde501740 Exception <a 'java/lang/IncompatibleClassChangeError'{0x0000000086c85940}: Found class java.lang.Object, but interface was expected> (0x0000000086c85940) 
thrown [s\open\src\hotspot\share\interpreter\linkResolver.cpp, line 840]
Event: 14.787 Thread 0x000001dbde501740 Exception <a 'java/lang/IncompatibleClassChangeError'{0x000000008627cb88}: Found class java.lang.Object, but interface was expected> (0x000000008627cb88) 
thrown [s\open\src\hotspot\share\interpreter\linkResolver.cpp, line 840]

ZGC Phase Switch (0 events):
No events

VM Operations (20 events):
Event: 14.808 Executing VM operation: G1CollectForAllocation (G1 Evacuation Pause) done
Event: 14.979 Executing VM operation: HandshakeAllThreads (Deoptimize)
Event: 14.979 Executing VM operation: HandshakeAllThreads (Deoptimize) done
Event: 15.178 Executing VM operation: G1CollectForAllocation (G1 Evacuation Pause)
Event: 15.186 Executing VM operation: G1CollectForAllocation (G1 Evacuation Pause) done
Event: 15.241 Executing VM operation: G1PauseRemark
Event: 15.247 Executing VM operation: G1PauseRemark done
Event: 15.272 Executing VM operation: G1PauseCleanup
Event: 15.272 Executing VM operation: G1PauseCleanup done
Event: 15.347 Executing VM operation: G1CollectForAllocation (G1 Evacuation Pause)
Event: 15.356 Executing VM operation: G1CollectForAllocation (G1 Evacuation Pause) done
Event: 15.386 Executing VM operation: HandshakeAllThreads (Deoptimize)
Event: 15.386 Executing VM operation: HandshakeAllThreads (Deoptimize) done
Event: 15.466 Executing VM operation: G1CollectForAllocation (G1 Evacuation Pause)
Event: 15.474 Executing VM operation: G1CollectForAllocation (G1 Evacuation Pause) done
Event: 15.802 Executing VM operation: G1CollectForAllocation (G1 Evacuation Pause)
Event: 15.807 Executing VM operation: G1CollectForAllocation (G1 Evacuation Pause) done
Event: 15.879 Executing VM operation: G1PauseRemark
Event: 15.884 Executing VM operation: G1PauseRemark done
Event: 15.884 Executing VM operation: G1CollectForAllocation (G1 Evacuation Pause)

Events (20 events):
Event: 15.883 Thread 0x000001dbfe844a20 flushing nmethod 0x000001db9031cc90
Event: 15.883 Thread 0x000001dbfe844a20 flushing nmethod 0x000001db9031df10
Event: 15.883 Thread 0x000001dbfe844a20 flushing nmethod 0x000001db90323d90
Event: 15.883 Thread 0x000001dbfe844a20 flushing nmethod 0x000001db90326b90
Event: 15.883 Thread 0x000001dbfe844a20 flushing nmethod 0x000001db9032be10
Event: 15.883 Thread 0x000001dbfe844a20 flushing nmethod 0x000001db90334890
Event: 15.883 Thread 0x000001dbfe844a20 flushing nmethod 0x000001db883e8810
Event: 15.883 Thread 0x000001dbfe844a20 flushing nmethod 0x000001db88484f90
Event: 15.883 Thread 0x000001dbfe844a20 flushing nmethod 0x000001db88563a10
Event: 15.883 Thread 0x000001dbfe844a20 flushing nmethod 0x000001db885ad790
Event: 15.883 Thread 0x000001dbfe844a20 flushing nmethod 0x000001db885b0490
Event: 15.883 Thread 0x000001dbfe844a20 flushing nmethod 0x000001db885b0d10
Event: 15.883 Thread 0x000001dbfe844a20 flushing nmethod 0x000001db885b2390
Event: 15.883 Thread 0x000001dbfe844a20 flushing nmethod 0x000001db8870e390
Event: 15.883 Thread 0x000001dbfe844a20 flushing nmethod 0x000001db8873b390
Event: 15.883 Thread 0x000001dbfe844a20 flushing nmethod 0x000001db888fb090
Event: 15.883 Thread 0x000001dbfe844a20 flushing nmethod 0x000001db88945390
Event: 15.883 Thread 0x000001dbfe844a20 flushing nmethod 0x000001db88945a90
Event: 15.883 Thread 0x000001dbfe844a20 flushing nmethod 0x000001db88948f90
Event: 15.883 Thread 0x000001dbfe844a20 flushing nmethod 0x000001db890cc510


Dynamic libraries:
0x00007ff7ded70000 - 0x00007ff7ded80000 	C:\Program Files\Java\jdk-21\bin\java.exe
0x00007ff87bf70000 - 0x00007ff87c168000 	C:\Windows\SYSTEM32\ntdll.dll
0x00007ff87b510000 - 0x00007ff87b5d2000 	C:\Windows\System32\KERNEL32.DLL
0x00007ff879c40000 - 0x00007ff879f37000 	C:\Windows\System32\KERNELBASE.dll
0x00007ff879820000 - 0x00007ff879920000 	C:\Windows\System32\ucrtbase.dll
0x00007ff84ba90000 - 0x00007ff84baa9000 	C:\Program Files\Java\jdk-21\bin\jli.dll
0x00007ff84bab0000 - 0x00007ff84bacb000 	C:\Program Files\Java\jdk-21\bin\VCRUNTIME140.dll
0x00007ff87b5e0000 - 0x00007ff87b691000 	C:\Windows\System32\ADVAPI32.dll
0x00007ff87b8d0000 - 0x00007ff87b96e000 	C:\Windows\System32\msvcrt.dll
0x00007ff879fd0000 - 0x00007ff87a06f000 	C:\Windows\System32\sechost.dll
0x00007ff87b380000 - 0x00007ff87b4a6000 	C:\Windows\System32\RPCRT4.dll
0x00007ff8795e0000 - 0x00007ff879607000 	C:\Windows\System32\bcrypt.dll
0x00007ff87b970000 - 0x00007ff87bb0d000 	C:\Windows\System32\USER32.dll
0x00007ff879f40000 - 0x00007ff879f62000 	C:\Windows\System32\win32u.dll
0x00007ff861a10000 - 0x00007ff861cab000 	C:\Windows\WinSxS\amd64_microsoft.windows.common-controls_6595b64144ccf1df_6.0.19041.6926_none_60b5a53971f8f7e6\COMCTL32.dll
0x00007ff87bd50000 - 0x00007ff87bd7b000 	C:\Windows\System32\GDI32.dll
0x00007ff879b20000 - 0x00007ff879c3a000 	C:\Windows\System32\gdi32full.dll
0x00007ff879920000 - 0x00007ff8799bd000 	C:\Windows\System32\msvcp_win.dll
0x00007ff8713d0000 - 0x00007ff8713da000 	C:\Windows\SYSTEM32\VERSION.dll
0x00007ff87bb20000 - 0x00007ff87bb4f000 	C:\Windows\System32\IMM32.DLL
0x00007ff870670000 - 0x00007ff87067c000 	C:\Program Files\Java\jdk-21\bin\vcruntime140_1.dll
0x00007ff83ba60000 - 0x00007ff83baee000 	C:\Program Files\Java\jdk-21\bin\msvcp140.dll
0x00007ffff3f20000 - 0x00007ffff4c3a000 	C:\Program Files\Java\jdk-21\bin\server\jvm.dll
0x00007ff87bd80000 - 0x00007ff87bdeb000 	C:\Windows\System32\WS2_32.dll
0x00007ff878b30000 - 0x00007ff878b7b000 	C:\Windows\SYSTEM32\POWRPROF.dll
0x00007ff85eca0000 - 0x00007ff85ecc7000 	C:\Windows\SYSTEM32\WINMM.dll
0x00007ff8789a0000 - 0x00007ff8789b2000 	C:\Windows\SYSTEM32\UMPDC.dll
0x00007ff877df0000 - 0x00007ff877e02000 	C:\Windows\SYSTEM32\kernel.appcore.dll
0x00007ff84f4b0000 - 0x00007ff84f4ba000 	C:\Program Files\Java\jdk-21\bin\jimage.dll
0x00007ff8742e0000 - 0x00007ff8744e1000 	C:\Windows\SYSTEM32\DBGHELP.DLL
0x00007ff862760000 - 0x00007ff862794000 	C:\Windows\SYSTEM32\dbgcore.DLL
0x00007ff8796e0000 - 0x00007ff879762000 	C:\Windows\System32\bcryptPrimitives.dll
0x00007ff84c320000 - 0x00007ff84c32f000 	C:\Program Files\Java\jdk-21\bin\instrument.dll
0x00007ff84ba70000 - 0x00007ff84ba8f000 	C:\Program Files\Java\jdk-21\bin\java.dll
0x00007ff87ac00000 - 0x00007ff87b371000 	C:\Windows\System32\SHELL32.dll
0x00007ff8744f0000 - 0x00007ff874c96000 	C:\Windows\SYSTEM32\windows.storage.dll
0x00007ff87a150000 - 0x00007ff87a4a3000 	C:\Windows\System32\combase.dll
0x00007ff879000000 - 0x00007ff87902b000 	C:\Windows\SYSTEM32\Wldp.dll
0x00007ff87bdf0000 - 0x00007ff87bec6000 	C:\Windows\System32\OLEAUT32.dll
0x00007ff87bc90000 - 0x00007ff87bd3d000 	C:\Windows\System32\SHCORE.dll
0x00007ff87a0f0000 - 0x00007ff87a14b000 	C:\Windows\System32\shlwapi.dll
0x00007ff879500000 - 0x00007ff879524000 	C:\Windows\SYSTEM32\profapi.dll
0x00007ff839f80000 - 0x00007ff83a057000 	C:\Program Files\Java\jdk-21\bin\jsvml.dll
0x00007ff848720000 - 0x00007ff848738000 	C:\Program Files\Java\jdk-21\bin\zip.dll
0x00007ff84c980000 - 0x00007ff84c990000 	C:\Program Files\Java\jdk-21\bin\net.dll
0x00007ff86c050000 - 0x00007ff86c15a000 	C:\Windows\SYSTEM32\WINHTTP.dll
0x00007ff878d30000 - 0x00007ff878d9a000 	C:\Windows\system32\mswsock.dll
0x00007ff84ba50000 - 0x00007ff84ba66000 	C:\Program Files\Java\jdk-21\bin\nio.dll
0x00007ff84c1f0000 - 0x00007ff84c1f9000 	C:\Program Files\Java\jdk-21\bin\extnet.dll
0x00007ff84b9e0000 - 0x00007ff84b9ea000 	C:\Program Files\Java\jdk-21\bin\management.dll
0x00007ff84b8f0000 - 0x00007ff84b8fb000 	C:\Program Files\Java\jdk-21\bin\management_ext.dll
0x00007ff87bb10000 - 0x00007ff87bb18000 	C:\Windows\System32\PSAPI.DLL
0x00007ff8789c0000 - 0x00007ff8789fb000 	C:\Windows\SYSTEM32\IPHLPAPI.DLL
0x00007ff87bd40000 - 0x00007ff87bd48000 	C:\Windows\System32\NSI.dll
0x00007ff878a10000 - 0x00007ff878ada000 	C:\Windows\SYSTEM32\DNSAPI.dll
0x00007ff86df40000 - 0x00007ff86df4a000 	C:\Windows\System32\rasadhlp.dll
0x00007ff8647b0000 - 0x00007ff864830000 	C:\Windows\System32\fwpuclnt.dll
0x00007ff84c240000 - 0x00007ff84c24e000 	C:\Program Files\Java\jdk-21\bin\sunmscapi.dll
0x00007ff8799c0000 - 0x00007ff879b1d000 	C:\Windows\System32\CRYPT32.dll
0x00007ff879070000 - 0x00007ff879097000 	C:\Windows\SYSTEM32\ncrypt.dll
0x00007ff879030000 - 0x00007ff87906b000 	C:\Windows\SYSTEM32\NTASN1.dll
0x00007ff878f50000 - 0x00007ff878f68000 	C:\Windows\SYSTEM32\CRYPTSP.dll
0x00007ff8785e0000 - 0x00007ff878618000 	C:\Windows\system32\rsaenh.dll
0x00007ff8794c0000 - 0x00007ff8794ee000 	C:\Windows\SYSTEM32\USERENV.dll
0x00007ff878f70000 - 0x00007ff878f7c000 	C:\Windows\SYSTEM32\CRYPTBASE.dll

dbghelp: loaded successfully - version: 4.0.5 - missing functions: none
symbol engine: initialized successfully - sym options: 0x614 - pdb path: .;C:\Program Files\Java\jdk-21\bin;C:\Windows\SYSTEM32;C:\Windows\WinSxS\amd64_microsoft.windows.common-controls_6595b64144ccf1df_6.0.19041.6926_none_60b5a53971f8f7e6;C:\Program Files\Java\jdk-21\bin\server

VM Arguments:
jvm_args: -javaagent:C:\Program Files\JetBrains\IntelliJ IDEA Community Edition 2025.1.3\lib\idea_rt.jar=51989 -Dfile.encoding=UTF-8 -Dsun.stdout.encoding=UTF-8 -Dsun.stderr.encoding=UTF-8 
java_command: com.hms.appointment.AppointmentApplication
java_class_path (initial): D:\Hospital Management Service\HMS-Backend\AppointmentMS\target\classes;D:\MavenRepo\software\amazon\awssdk\secretsmanager\2.25.0\secretsmanager-2.25.0.jar;D:\MavenRepo\software\amazon\awssdk\aws-json-protocol\2.25.0\aws-json-protocol-2.25.0.jar;D:\MavenRepo\software\amazon\awssdk\third-party-jackson-core\2.25.0\third-party-jackson-core-2.25.0.jar;D:\MavenRepo\software\amazon\awssdk\protocol-core\2.25.0\protocol-core-2.25.0.jar;D:\MavenRepo\software\amazon\awssdk\http-auth-aws\2.25.0\http-auth-aws-2.25.0.jar;D:\MavenRepo\software\amazon\awssdk\sdk-core\2.25.0\sdk-core-2.25.0.jar;D:\MavenRepo\org\slf4j\slf4j-api\2.0.17\slf4j-api-2.0.17.jar;D:\MavenRepo\org\reactivestreams\reactive-streams\1.0.4\reactive-streams-1.0.4.jar;D:\MavenRepo\software\amazon\awssdk\auth\2.25.0\auth-2.25.0.jar;D:\MavenRepo\software\amazon\eventstream\eventstream\1.0.1\eventstream-1.0.1.jar;D:\MavenRepo\software\amazon\awssdk\http-auth-spi\2.25.0\http-auth-spi-2.25.0.jar;D:\MavenRepo\software\amazon\awssdk\http-auth\2.25.0\http-auth-2.25.0.jar;D:\MavenRepo\software\amazon\awssdk\identity-spi\2.25.0\identity-spi-2.25.0.jar;D:\MavenRepo\software\amazon\awssdk\http-client-spi\2.25.0\http-client-spi-2.25.0.jar;D:\MavenRepo\software\amazon\awssdk\regions\2.25.0\regions-2.25.0.jar;D:\MavenRepo\software\amazon\awssdk\annotations\2.25.0\annotations-2.25.0.jar;D:\MavenRepo\software\amazon\awssdk\utils\2.25.0\utils-2.25.0.jar;D:\MavenRepo\software\amazon\awssdk\aws-core\2.25.0\aws-core-2.25.0.jar;D:\MavenRepo\software\amazon\awssdk\metrics-spi\2.25.0\metrics-spi-2.25.0.jar;D:\MavenRepo\software\amazon\awssdk\json-utils\2.25.0\json-utils-2.25.0.jar;D:\MavenRepo\software\amazon\awssdk\endpoints-spi\2.25.0\endpoints-spi-2.25.0.jar;D:\MavenRepo\software\amazon\awssdk\apache-client\2.25.0\apache-client-2.25.0.jar;D:\MavenRepo\org\apache\httpcomponents\httpclient\4.5.13\httpclient-4.5.13.jar;D:\MavenRepo\commons-logging\commons-logging\1.3.6\commons-logging-1.3.6.jar;D:\MavenRepo\org\apache\httpcomponents\httpcore\4.4.16\httpcore-4.4.16.jar;D:\MavenRepo\commons-codec\commons-codec\1.19.0\commons-codec-1.19.0.jar;D:\MavenRepo\software\amazon\awssdk\netty-nio-client\2.25.0\netty-nio-client-2.25.0.jar;D:\MavenRepo\io\netty\netty-codec-http\4.2.12.Final\netty-codec-http-4.2.12.Final.jar;D:\MavenRepo\io\netty\netty-codec-base\4.2.12.Final\netty-codec-base-4.2.12.Final.jar;D:\MavenRepo\io\netty\netty-codec-compression\4.2.12.Final\netty-codec-compression-4.2.12.Final.jar;D:\MavenRepo\io\netty\netty-codec-http2\4.2.12.Final\netty-codec-http2-4.2.12.Final.jar;D:\MavenRepo\io\netty\netty-codec\4.2.12.Final\netty-codec-4.2.12.Final.jar;D:\MavenRepo\io\netty\netty-codec-protobuf\4.2.12.Final\netty-codec-protobuf-4.2.12.Final.jar;D:\MavenRepo\io\netty\netty-codec-marshalling\4.2.12.Final\netty-codec-marshalling-4.2.12.Final.jar;D:\MavenRepo\io\netty\netty-transport\4.2.12.Final\netty-transport-4.2.12.Final.jar;D:\MavenRepo\io\netty\netty-common\4.2.12.Final\netty-common-4.2.12.Final.jar;D:\MavenRepo\io\netty\netty-buffer\4.2.12.Final\netty-buffer-4.2.12.Final.jar;D:\MavenRepo\io\netty\netty-handler\4.2.12.Final\netty-handler-4.2.12.Final.jar;D:\MavenRepo\io\netty\netty-transport-native-unix-common\4.2.12.Final\netty-transport-native-unix-common-4.2.12.Final.jar;D:\MavenRepo\io\netty\netty-transport-classes-epoll\4.2.12.Final\netty-transport-classes-epoll-4.2.12.Final.jar;D:\MavenRepo\io\netty\netty-resolver\4.2.12.Final\netty-resolver-4.2.12.Final.jar;D:\MavenRepo\software\amazon\awssdk\sts\2.25.0\sts-2.25.0.jar;D:\MavenRepo\software\amazon\awssdk\aws-query-protocol\2.25.0\aws-query-protocol-2.25.0.jar;D:\MavenRepo\software\amazon\awssdk\profiles\2.25.0\profiles-2.25.0.jar;D:\MavenRepo\software\amazon\awssdk\s3\2.25.0\s3-2.25.0.jar;D:\MavenRepo\software\amazon\awssdk\aws-xml-protocol\2.25.0\aws-xml-protocol-2.25.0.jar;D:\MavenRepo\software\amazon\awssdk\arns\2.25.0\arns-2.25.0.jar;D:\MavenRepo\software\amazon\awssdk\crt-core\2.25.0\crt-core-2.25.0.jar;D:\MavenRepo\software\amazon\awssdk\checksums\2.25.0\checksums-2.25.0.jar;D:\MavenRepo\software\amazon\awssdk\checksums-spi\2.25.0\checksums-spi-2.25.0.jar;D:\MavenRepo\com\fasterxml\jackson\core\jackson-databind\2.21.2\jackson-databind-2.21.2.jar;D:\MavenRepo\com\fasterxml\jackson\core\jackson-annotations\2.21\jackson-annotations-2.21.jar;D:\MavenRepo\com\fasterxml\jackson\core\jackson-core\2.21.2\jackson-core-2.21.2.jar;D:\MavenRepo\org\springframework\boot\spring-boot-starter-data-jpa\4.0.6\spring-boot-starter-data-jpa-4.0.6.jar;D:\MavenRepo\org\springframework\boot\spring-boot-starter\4.0.6\spring-boot-starter-4.0.6.jar;D:\MavenRepo\org\springframework\boot\spring-boot-starter-logging\4.0.6\spring-boot-starter-logging-4.0.6.jar;D:\MavenRepo\ch\qos\logback\logback-classic\1.5.32\logback-classic-1.5.32.jar;D:\MavenRepo\ch\qos\logback\logback-core\1.5.32\logback-core-1.5.32.jar;D:\MavenRepo\org\apache\logging\log4j\log4j-to-slf4j\2.25.4\log4j-to-slf4j-2.25.4.jar;D:\MavenRepo\org\apache\logging\log4j\log4j-api\2.25.4\log4j-api-2.25.4.jar;D:\MavenRepo\org\slf4j\jul-to-slf4j\2.0.17\jul-to-slf4j-2.0.17.jar;D:\MavenRepo\jakarta\annotation\jakarta.annotation-api\3.0.0\jakarta.annotation-api-3.0.0.jar;D:\MavenRepo\org\yaml\snakeyaml\2.5\snakeyaml-2.5.jar;D:\MavenRepo\org\springframework\boot\spring-boot-starter-jdbc\4.0.6\spring-boot-starter-jdbc-4.0.6.jar;D:\MavenRepo\com\zaxxer\HikariCP\7.0.2\HikariCP-7.0.2.jar;D:\MavenRepo\org\springframework\boot\spring-boot-data-jpa\4.0.6\spring-boot-data-jpa-4.0.6.jar;D:\MavenRepo\org\springframework\boot\spring-boot-data-commons\4.0.6\spring-boot-data-commons-4.0.6.jar;D:\MavenRepo\org\springframework\boot\spring-boot-persistence\4.0.6\spring-boot-persistence-4.0.6.jar;D:\MavenRepo\org\springframework\data\spring-data-commons\4.0.5\spring-data-commons-4.0.5.jar;D:\MavenRepo\org\springframework\boot\spring-boot-hibernate\4.0.6\spring-boot-hibernate-4.0.6.jar;D:\MavenRepo\org\springframework\boot\spring-boot-jpa\4.0.6\spring-boot-jpa-4.0.6.jar;D:\MavenRepo\jakarta\persistence\jakarta.persistence-api\3.2.0\jakarta.persistence-api-3.2.0.jar;D:\MavenRepo\org\hibernate\orm\hibernate-core\7.2.12.Final\hibernate-core-7.2.12.Final.jar;D:\MavenRepo\jakarta\transaction\jakarta.transaction-api\2.0.1\jakarta.transaction-api-2.0.1.jar;D:\MavenRepo\org\jboss\logging\jboss-logging\3.6.3.Final\jboss-logging-3.6.3.Final.jar;D:\MavenRepo\org\hibernate\models\hibernate-models\1.0.1\hibernate-models-1.0.1.jar;D:\MavenRepo\com\fasterxml\classmate\1.7.3\classmate-1.7.3.jar;D:\MavenRepo\org\glassfish\jaxb\jaxb-runtime\4.0.6\jaxb-runtime-4.0.6.jar;D:\MavenRepo\org\glassfish\jaxb\jaxb-core\4.0.6\jaxb-core-4.0.6.jar;D:\MavenRepo\org\eclipse\angus\angus-activation\2.0.3\angus-activation-2.0.3.jar;D:\MavenRepo\org\glassfish\jaxb\txw2\4.0.6\txw2-4.0.6.jar;D:\MavenRepo\com\sun\istack\istack-commons-runtime\4.1.2\istack-commons-runtime-4.1.2.jar;D:\MavenRepo\org\springframework\spring-orm\7.0.7\spring-orm-7.0.7.jar;D:\MavenRepo\org\springframework\data\spring-data-jpa\4.0.5\spring-data-jpa-4.0.5.jar;D:\MavenRepo\org\springframework\spring-tx\7.0.7\spring-tx-7.0.7.jar;D:\MavenRepo\org\antlr\antlr4-runtime\4.13.2\antlr4-runtime-4.13.2.jar;D:\MavenRepo\org\springframework\spring-aspects\7.0.7\spring-aspects-7.0.7.jar;D:\MavenRepo\org\aspectj\aspectjweaver\1.9.25.1\aspectjweaver-1.9.25.1.jar;D:\MavenRepo\org\springframework\boot\spring-boot-jdbc\4.0.6\spring-boot-jdbc-4.0.6.jar;D:\MavenRepo\org\springframework\boot\spring-boot-sql\4.0.6\spring-boot-sql-4.0.6.jar;D:\MavenRepo\org\springframework\boot\spring-boot-transaction\4.0.6\spring-boot-transaction-4.0.6.jar;D:\MavenRepo\org\springframework\spring-jdbc\7.0.7\spring-jdbc-7.0.7.jar;D:\MavenRepo\org\springframework\boot\spring-boot-starter-security\4.0.6\spring-boot-starter-security-4.0.6.jar;D:\MavenRepo\org\springframework\boot\spring-boot-security\4.0.6\spring-boot-security-4.0.6.jar;D:\MavenRepo\org\springframework\security\spring-security-config\7.0.5\spring-security-config-7.0.5.jar;D:\MavenRepo\org\springframework\security\spring-security-core\7.0.5\spring-security-core-7.0.5.jar;D:\MavenRepo\org\springframework\security\spring-security-web\7.0.5\spring-security-web-7.0.5.jar;D:\MavenRepo\org\springframework\spring-expression\7.0.7\spring-expression-7.0.7.jar;D:\MavenRepo\org\springframework\spring-aop\7.0.7\spring-aop-7.0.7.jar;D:\MavenRepo\org\springframework\spring-beans\7.0.7\spring-beans-7.0.7.jar;D:\MavenRepo\org\springframework\spring-core\7.0.7\spring-core-7.0.7.jar;D:\MavenRepo\org\springframework\boot\spring-boot-starter-webmvc\4.0.6\spring-boot-starter-webmvc-4.0.6.jar;D:\MavenRepo\org\springframework\boot\spring-boot-starter-jackson\4.0.6\spring-boot-starter-jackson-4.0.6.jar;D:\MavenRepo\org\springframework\boot\spring-boot-jackson\4.0.6\spring-boot-jackson-4.0.6.jar;D:\MavenRepo\tools\jackson\core\jackson-databind\3.1.2\jackson-databind-3.1.2.jar;D:\MavenRepo\tools\jackson\core\jackson-core\3.1.2\jackson-core-3.1.2.jar;D:\MavenRepo\org\springframework\boot\spring-boot-starter-tomcat\4.0.6\spring-boot-starter-tomcat-4.0.6.jar;D:\MavenRepo\org\springframework\boot\spring-boot-starter-tomcat-runtime\4.0.6\spring-boot-starter-tomcat-runtime-4.0.6.jar;D:\MavenRepo\org\apache\tomcat\embed\tomcat-embed-core\11.0.21\tomcat-embed-core-11.0.21.jar;D:\MavenRepo\org\apache\tomcat\embed\tomcat-embed-el\11.0.21\tomcat-embed-el-11.0.21.jar;D:\MavenRepo\org\apache\tomcat\embed\tomcat-embed-websocket\11.0.21\tomcat-embed-websocket-11.0.21.jar;D:\MavenRepo\org\springframework\boot\spring-boot-tomcat\4.0.6\spring-boot-tomcat-4.0.6.jar;D:\MavenRepo\org\springframework\boot\spring-boot-http-converter\4.0.6\spring-boot-http-converter-4.0.6.jar;D:\MavenRepo\org\springframework\boot\spring-boot-webmvc\4.0.6\spring-boot-webmvc-4.0.6.jar;D:\MavenRepo\org\springframework\boot\spring-boot-servlet\4.0.6\spring-boot-servlet-4.0.6.jar;D:\MavenRepo\org\springframework\spring-webmvc\7.0.7\spring-webmvc-7.0.7.jar;D:\MavenRepo\org\springframework\boot\spring-boot-devtools\4.0.6\spring-boot-devtools-4.0.6.jar;D:\MavenRepo\org\springframework\boot\spring-boot\4.0.6\spring-boot-4.0.6.jar;D:\MavenRepo\org\springframework\spring-context\7.0.7\spring-context-7.0.7.jar;D:\MavenRepo\org\springframework\boot\spring-boot-autoconfigure\4.0.6\spring-boot-autoconfigure-4.0.6.jar;D:\MavenRepo\org\postgresql\postgresql\42.7.10\postgresql-42.7.10.jar;D:\MavenRepo\org\checkerframework\checker-qual\3.52.0\checker-qual-3.52.0.jar;D:\MavenRepo\org\projectlombok\lombok\1.18.46\lombok-1.18.46.jar;D:\MavenRepo\org\springframework\boot\spring-boot-starter-webflux\4.0.6\spring-boot-starter-webflux-4.0.6.jar;D:\MavenRepo\org\springframework\boot\spring-boot-starter-reactor-netty\4.0.6\spring-boot-starter-reactor-netty-4.0.6.jar;D:\MavenRepo\org\springframework\boot\spring-boot-reactor-netty\4.0.6\spring-boot-reactor-netty-4.0.6.jar;D:\MavenRepo\io\projectreactor\netty\reactor-netty-http\1.3.5\reactor-netty-http-1.3.5.jar;D:\MavenRepo\io\netty\netty-codec-http3\4.2.12.Final\netty-codec-http3-4.2.12.Final.jar;D:\MavenRepo\io\netty\netty-codec-classes-quic\4.2.12.Final\netty-codec-classes-quic-4.2.12.Final.jar;D:\MavenRepo\io\netty\netty-codec-native-quic\4.2.12.Final\netty-codec-native-quic-4.2.12.Final-linux-x86_64.jar;D:\MavenRepo\io\netty\netty-codec-native-quic\4.2.12.Final\netty-codec-native-quic-4.2.12.Final-linux-aarch_64.jar;D:\MavenRepo\io\netty\netty-codec-native-quic\4.2.12.Final\netty-codec-native-quic-4.2.12.Final-osx-x86_64.jar;D:\MavenRepo\io\netty\netty-codec-native-quic\4.2.12.Final\netty-codec-native-quic-4.2.12.Final-osx-aarch_64.jar;D:\MavenRepo\io\netty\netty-codec-native-quic\4.2.12.Final\netty-codec-native-quic-4.2.12.Final-windows-x86_64.jar;D:\MavenRepo\io\netty\netty-resolver-dns\4.2.12.Final\netty-resolver-dns-4.2.12.Final.jar;D:\MavenRepo\io\netty\netty-codec-dns\4.2.12.Final\netty-codec-dns-4.2.12.Final.jar;D:\MavenRepo\io\netty\netty-resolver-dns-native-macos\4.2.12.Final\netty-resolver-dns-native-macos-4.2.12.Final-osx-x86_64.jar;D:\MavenRepo\io\netty\netty-resolver-dns-classes-macos\4.2.12.Final\netty-resolver-dns-classes-macos-4.2.12.Final.jar;D:\MavenRepo\io\netty\netty-transport-native-epoll\4.2.12.Final\netty-transport-native-epoll-4.2.12.Final-linux-x86_64.jar;D:\MavenRepo\io\projectreactor\netty\reactor-netty-core\1.3.5\reactor-netty-core-1.3.5.jar;D:\MavenRepo\io\netty\netty-handler-proxy\4.2.12.Final\netty-handler-proxy-4.2.12.Final.jar;D:\MavenRepo\io\netty\netty-codec-socks\4.2.12.Final\netty-codec-socks-4.2.12.Final.jar;D:\MavenRepo\org\springframework\boot\spring-boot-netty\4.0.6\spring-boot-netty-4.0.6.jar;D:\MavenRepo\org\springframework\boot\spring-boot-reactor\4.0.6\spring-boot-reactor-4.0.6.jar;D:\MavenRepo\io\projectreactor\reactor-core\3.8.5\reactor-core-3.8.5.jar;D:\MavenRepo\org\springframework\boot\spring-boot-webflux\4.0.6\spring-boot-webflux-4.0.6.jar;D:\MavenRepo\org\springframework\boot\spring-boot-http-codec\4.0.6\spring-boot-http-codec-4.0.6.jar;D:\MavenRepo\org\springframework\spring-webflux\7.0.7\spring-webflux-7.0.7.jar;D:\MavenRepo\org\springframework\boot\spring-boot-web-server\4.0.6\spring-boot-web-server-4.0.6.jar;D:\MavenRepo\jakarta\xml\bind\jakarta.xml.bind-api\4.0.4\jakarta.xml.bind-api-4.0.4.jar;D:\MavenRepo\jakarta\activation\jakarta.activation-api\2.1.4\jakarta.activation-api-2.1.4.jar;D:\MavenRepo\net\bytebuddy\byte-buddy\1.17.8\byte-buddy-1.17.8.jar;D:\MavenRepo\org\springframework\cloud\spring-cloud-starter-netflix-eureka-client\5.0.1\spring-cloud-starter-netflix-eureka-client-5.0.1.jar;D:\MavenRepo\org\springframework\cloud\spring-cloud-starter\5.0.1\spring-cloud-starter-5.0.1.jar;D:\MavenRepo\org\springframework\cloud\spring-cloud-context\5.0.1\spring-cloud-context-5.0.1.jar;D:\MavenRepo\org\springframework\boot\spring-boot-restclient\4.0.6\spring-boot-restclient-4.0.6.jar;D:\MavenRepo\org\springframework\boot\spring-boot-http-client\4.0.6\spring-boot-http-client-4.0.6.jar;D:\MavenRepo\org\bouncycastle\bcprov-jdk18on\1.81\bcprov-jdk18on-1.81.jar;D:\MavenRepo\org\springframework\cloud\spring-cloud-netflix-eureka-client\5.0.1\spring-cloud-netflix-eureka-client-5.0.1.jar;D:\MavenRepo\org\springframework\boot\spring-boot-jackson2\4.0.6\spring-boot-jackson2-4.0.6.jar;D:\MavenRepo\com\fasterxml\jackson\datatype\jackson-datatype-jdk8\2.21.2\jackson-datatype-jdk8-2.21.2.jar;D:\MavenRepo\com\fasterxml\jackson\datatype\jackson-datatype-jsr310\2.21.2\jackson-datatype-jsr310-2.21.2.jar;D:\MavenRepo\com\fasterxml\jackson\module\jackson-module-parameter-names\2.21.2\jackson-module-parameter-names-2.21.2.jar;D:\MavenRepo\org\apache\httpcomponents\client5\httpclient5\5.5.2\httpclient5-5.5.2.jar;D:\MavenRepo\org\apache\httpcomponents\core5\httpcore5\5.3.6\httpcore5-5.3.6.jar;D:\MavenRepo\org\apache\httpcomponents\core5\httpcore5-h2\5.3.6\httpcore5-h2-5.3.6.jar;D:\MavenRepo\com\netflix\eureka\eureka-client\2.0.5\eureka-client-2.0.5.jar;D:\MavenRepo\com\thoughtworks\xstream\xstream\1.4.21\xstream-1.4.21.jar;D:\MavenRepo\io\github\x-stream\mxparser\1.2.2\mxparser-1.2.2.jar;D:\MavenRepo\xmlpull\xmlpull\1.1.3.1\xmlpull-1.1.3.1.jar;D:\MavenRepo\jakarta\ws\rs\jakarta.ws.rs-api\4.0.0\jakarta.ws.rs-api-4.0.0.jar;D:\MavenRepo\jakarta\inject\jakarta.inject-api\2.0.1\jakarta.inject-api-2.0.1.jar;D:\MavenRepo\com\netflix\spectator\spectator-api\1.7.3\spectator-api-1.7.3.jar;D:\MavenRepo\commons-configuration\commons-configuration\1.10\commons-configuration-1.10.jar;D:\MavenRepo\commons-lang\commons-lang\2.6\commons-lang-2.6.jar;D:\MavenRepo\com\netflix\netflix-commons\netflix-eventbus\0.3.0\netflix-eventbus-0.3.0.jar;D:\MavenRepo\com\netflix\netflix-commons\netflix-infix\0.3.0\netflix-infix-0.3.0.jar;D:\MavenRepo\commons-jxpath\commons-jxpath\1.3\commons-jxpath-1.3.jar;D:\MavenRepo\joda-time\joda-time\2.3\joda-time-2.3.jar;D:\MavenRepo\org\antlr\antlr-runtime\3.4\antlr-runtime-3.4.jar;D:\MavenRepo\org\antlr\stringtemplate\3.2.1\stringtemplate-3.2.1.jar;D:\MavenRepo\antlr\antlr\2.7.7\antlr-2.7.7.jar;D:\MavenRepo\com\google\code\gson\gson\2.13.2\gson-2.13.2.jar;D:\MavenRepo\com\google\errorprone\error_prone_annotations\2.41.0\error_prone_annotations-2.41.0.jar;D:\MavenRepo\com\netflix\servo\servo-core\0.5.3\servo-core-0.5.3.jar;D:\MavenRepo\org\apache\commons\commons-math\2.2\commons-math-2.2.jar;D:\MavenRepo\javax\annotation\javax.annotation-api\1.2\javax.annotation-api-1.2.jar;D:\MavenRepo\org\codehaus\jettison\jettison\1.5.4\jettison-1.5.4.jar;D:\MavenRepo\org\springframework\cloud\spring-cloud-starter-loadbalancer\5.0.1\spring-cloud-starter-loadbalancer-5.0.1.jar;D:\MavenRepo\org\springframework\cloud\spring-cloud-loadbalancer\5.0.1\spring-cloud-loadbalancer-5.0.1.jar;D:\MavenRepo\io\projectreactor\addons\reactor-extra\3.6.0\reactor-extra-3.6.0.jar;D:\MavenRepo\org\springframework\boot\spring-boot-starter-cache\4.0.6\spring-boot-starter-cache-4.0.6.jar;D:\MavenRepo\org\springframework\boot\spring-boot-cache\4.0.6\spring-boot-cache-4.0.6.jar;D:\MavenRepo\org\springframework\spring-context-support\7.0.7\spring-context-support-7.0.7.jar;D:\MavenRepo\com\stoyanr\evictor\1.0.0\evictor-1.0.0.jar;D:\MavenRepo\org\springframework\cloud\spring-cloud-starter-openfeign\5.0.1\spring-cloud-starter-openfeign-5.0.1.jar;D:\MavenRepo\org\springframework\cloud\spring-cloud-openfeign-core\5.0.1\spring-cloud-openfeign-core-5.0.1.jar;D:\MavenRepo\org\jspecify\jspecify\1.0.0\jspecify-1.0.0.jar;D:\MavenRepo\io\github\openfeign\feign-form-spring\13.6\feign-form-spring-13.6.jar;D:\MavenRepo\org\apache\commons\commons-text\1.13.0\commons-text-1.13.0.jar;D:\MavenRepo\org\apache\commons\commons-lang3\3.19.0\commons-lang3-3.19.0.jar;D:\MavenRepo\io\github\openfeign\feign-form\13.6\feign-form-13.6.jar;D:\MavenRepo\commons-fileupload\commons-fileupload\1.5\commons-fileupload-1.5.jar;D:\MavenRepo\org\springframework\spring-web\7.0.7\spring-web-7.0.7.jar;D:\MavenRepo\io\micrometer\micrometer-observation\1.16.5\micrometer-observation-1.16.5.jar;D:\MavenRepo\io\micrometer\micrometer-commons\1.16.5\micrometer-commons-1.16.5.jar;D:\MavenRepo\org\springframework\cloud\spring-cloud-commons\5.0.1\spring-cloud-commons-5.0.1.jar;D:\MavenRepo\org\springframework\security\spring-security-crypto\7.0.5\spring-security-crypto-7.0.5.jar;D:\MavenRepo\io\github\openfeign\feign-core\13.6\feign-core-13.6.jar;D:\MavenRepo\io\github\openfeign\feign-slf4j\13.6\feign-slf4j-13.6.jar;D:\MavenRepo\jakarta\validation\jakarta.validation-api\3.1.1\jakarta.validation-api-3.1.1.jar;D:\MavenRepo\org\springframework\cloud\spring-cloud-starter-circuitbreaker-resilience4j\5.0.1\spring-cloud-starter-circuitbreaker-resilience4j-5.0.1.jar;D:\MavenRepo\org\springframework\cloud\spring-cloud-circuitbreaker-resilience4j\5.0.1\spring-cloud-circuitbreaker-resilience4j-5.0.1.jar;D:\MavenRepo\io\github\resilience4j\resilience4j-spring-boot3\2.3.0\resilience4j-spring-boot3-2.3.0.jar;D:\MavenRepo\io\github\resilience4j\resilience4j-spring6\2.3.0\resilience4j-spring6-2.3.0.jar;D:\MavenRepo\io\github\resilience4j\resilience4j-annotations\2.3.0\resilience4j-annotations-2.3.0.jar;D:\MavenRepo\io\github\resilience4j\resilience4j-consumer\2.3.0\resilience4j-consumer-2.3.0.jar;D:\MavenRepo\io\github\resilience4j\resilience4j-circularbuffer\2.3.0\resilience4j-circularbuffer-2.3.0.jar;D:\MavenRepo\io\github\resilience4j\resilience4j-framework-common\2.3.0\resilience4j-framework-common-2.3.0.jar;D:\MavenRepo\io\github\resilience4j\resilience4j-micrometer\2.3.0\resilience4j-micrometer-2.3.0.jar;D:\MavenRepo\io\micrometer\micrometer-core\1.16.5\micrometer-core-1.16.5.jar;D:\MavenRepo\org\hdrhistogram\HdrHistogram\2.2.2\HdrHistogram-2.2.2.jar;D:\MavenRepo\org\latencyutils\LatencyUtils\2.0.3\LatencyUtils-2.0.3.jar;D:\MavenRepo\io\github\resilience4j\resilience4j-retry\2.3.0\resilience4j-retry-2.3.0.jar;D:\MavenRepo\io\github\resilience4j\resilience4j-ratelimiter\2.3.0\resilience4j-ratelimiter-2.3.0.jar;D:\MavenRepo\org\springframework\boot\spring-boot-configuration-processor\4.0.6\spring-boot-configuration-processor-4.0.6.jar;D:\MavenRepo\io\github\resilience4j\resilience4j-circuitbreaker\2.3.0\resilience4j-circuitbreaker-2.3.0.jar;D:\MavenRepo\io\github\resilience4j\resilience4j-core\2.3.0\resilience4j-core-2.3.0.jar;D:\MavenRepo\org\jetbrains\kotlin\kotlin-stdlib-jdk8\2.2.21\kotlin-stdlib-jdk8-2.2.21.jar;D:\MavenRepo\org\jetbrains\kotlin\kotlin-stdlib\2.2.21\kotlin-stdlib-2.2.21.jar;D:\MavenRepo\org\jetbrains\annotations\13.0\annotations-13.0.jar;D:\MavenRepo\org\jetbrains\kotlin\kotlin-stdlib-jdk7\2.2.21\kotlin-stdlib-jdk7-2.2.21.jar;D:\MavenRepo\io\github\resilience4j\resilience4j-timelimiter\2.3.0\resilience4j-timelimiter-2.3.0.jar
Launcher Type: SUN_STANDARD

[Global flags]
     intx CICompilerCount                          = 4                                         {product} {ergonomic}
     uint ConcGCThreads                            = 2                                         {product} {ergonomic}
     uint G1ConcRefinementThreads                  = 8                                         {product} {ergonomic}
   size_t G1HeapRegionSize                         = 1048576                                   {product} {ergonomic}
    uintx GCDrainStackTargetSize                   = 64                                        {product} {ergonomic}
   size_t InitialHeapSize                          = 132120576                                 {product} {ergonomic}
   size_t MarkStackSize                            = 4194304                                   {product} {ergonomic}
   size_t MaxHeapSize                              = 2107637760                                {product} {ergonomic}
   size_t MaxNewSize                               = 1264582656                                {product} {ergonomic}
   size_t MinHeapDeltaBytes                        = 1048576                                   {product} {ergonomic}
   size_t MinHeapSize                              = 8388608                                   {product} {ergonomic}
    uintx NonNMethodCodeHeapSize                   = 5839372                                {pd product} {ergonomic}
    uintx NonProfiledCodeHeapSize                  = 122909434                              {pd product} {ergonomic}
    uintx ProfiledCodeHeapSize                     = 122909434                              {pd product} {ergonomic}
    uintx ReservedCodeCacheSize                    = 251658240                              {pd product} {ergonomic}
     bool SegmentedCodeCache                       = true                                      {product} {ergonomic}
   size_t SoftMaxHeapSize                          = 2107637760                             {manageable} {ergonomic}
     bool UseCompressedOops                        = true                           {product lp64_product} {ergonomic}
     bool UseG1GC                                  = true                                      {product} {ergonomic}
     bool UseLargePagesIndividualAllocation        = false                                  {pd product} {ergonomic}

Logging:
Log output configuration:
 #0: stdout all=warning uptime,level,tags foldmultilines=false
 #1: stderr all=off uptime,level,tags foldmultilines=false

Environment Variables:
JAVA_HOME=C:\Program Files\Java\jdk-17
PATH=D:\NodeJs\;C:\Users\PC\AppData\Local\Microsoft\WindowsApps;C:\Users\PC\AppData\Local\Programs\Microsoft VS Code\bin;C:\apache-maven-3.9.11\bin;C:\Program Files\Java\jdk-17\bin;C:\Program Files\PostgreSQL\18\bin;C:\Windows\System32;C:\Users\PC\AppData\Roaming\npm;D:\Antigravity IDE\bin
USERNAME=PC
OS=Windows_NT
PROCESSOR_IDENTIFIER=Intel64 Family 6 Model 142 Stepping 10, GenuineIntel
TMP=C:\Users\PC\AppData\Local\Temp
TEMP=C:\Users\PC\AppData\Local\Temp




Periodic native trim disabled

---------------  S Y S T E M  ---------------

OS:
 Windows 10 , 64 bit Build 19041 (10.0.19041.7181)
OS uptime: 0 days 2:01 hours

CPU: total 8 (initial active 8) (4 cores per cpu, 2 threads per core) family 6 model 142 stepping 10 microcode 0xf6, cx8, cmov, fxsr, ht, mmx, 3dnowpref, sse, sse2, sse3, ssse3, sse4.1, sse4.2, popcnt, lzcnt, tsc, tscinvbit, avx, avx2, aes, erms, clmul, bmi1, bmi2, adx, fma, vzeroupper, clflush, clflushopt, rdtscp, f16c
Processor Information for all 8 processors :
  Max Mhz: 1800, Current Mhz: 1600, Mhz Limit: 1584

Memory: 4k page, system-wide physical 8035M (736M free)
TotalPageFile size 12847M (AvailPageFile size 61M)
current process WorkingSet (physical memory assigned to process): 347M, peak: 382M
current process commit charge ("private bytes"): 445M, peak: 550M

vm_info: Java HotSpot(TM) 64-Bit Server VM (21.0.7+8-LTS-245) for windows-amd64 JRE (21.0.7+8-LTS-245), built on 2025-02-21T05:11:27Z by "mach5one" with MS VC++ 17.6 (VS2022)

END.
